Command line invocation:
    /Applications/Xcode.app/Contents/Developer/usr/bin/xcodebuild -workspace ios/Choona.xcworkspace -scheme ChoonaDev -configuration Debug -sdk iphonesimulator -arch arm64 build

Build settings from command line:
    ARCHS = arm64
    SDKROOT = iphonesimulator26.1

--- xcodebuild: WARNING: Using the first of multiple matching destinations:
{ platform:iOS Simulator, id:dvtdevice-DVTiOSDeviceSimulatorPlaceholder-iphonesimulator:placeholder, name:Any iOS Simulator Device }
{ platform:iOS Simulator, arch:arm64, id:9224B1FC-9124-4725-8F2B-72201BF58BBD, OS:26.1, name:iPhone 14 }
{ platform:iOS Simulator, arch:arm64, id:2F946904-90C4-4888-8F92-2079A4C2AC2B, OS:26.1, name:iPhone 16 }
{ platform:iOS Simulator, arch:arm64, id:BDF5FED9-B5EA-40B9-BF9E-712F2675526B, OS:26.1, name:iPhone 16 Pro Max }
{ platform:iOS Simulator, arch:arm64, id:7CD6C664-3CF6-4909-9619-0EE1FEA506D5, OS:26.1, name:iPhone 17 Pro }
{ platform:macOS, arch:arm64, variant:Designed for [iPad,iPhone], id:00008103-001904D21A3B001E, name:My Mac }
{ platform:iOS, id:dvtdevice-DVTiPhonePlaceholder-iphoneos:placeholder, name:Any iOS Device }
{ platform:iOS, id:b7aef5413309bd5f5ab2b9902a200f751d71f961, name:itech-iphone-10-(white), error:itech-iphone-10-(white) is not connected Xcode will continue when itech-iphone-10-(white) is connected and unlocked. }
{ platform:iOS, arch:arm64, id:00008120-001C61C404C14032, name:iPad }
{ platform:iOS, arch:arm64, id:00008101-00193CA83AB9003A, name:iPhone 12 blue }
Run pre-actions

SchemeAction Run\ Script /var/folders/ff/n1gxxz3133vbjkgtw1p49zgm0000gn/T/SchemeScriptAction-I0bP9Y.sh
    cd /var/folders/ff/n1gxxz3133vbjkgtw1p49zgm0000gn/T/
    export ANDROID_HOME=/Users/itechnolabs/Library/Android/sdk
    export ANTIGRAVITY_AGENT=1
    export ANTIGRAVITY_CLI_ALIAS=agy
    export BUN_INSTALL=/Users/itechnolabs/.bun
    export COLORTERM=truecolor
    export COMMAND_MODE=unix2003
    export CONDA_DEFAULT_ENV=base
    export CONDA_EXE=/Users/itechnolabs/miniconda3/bin/conda
    export CONDA_PREFIX=/Users/itechnolabs/miniconda3
    export CONDA_PROMPT_MODIFIER="(base) "
    export CONDA_PYTHON_EXE=/Users/itechnolabs/miniconda3/bin/python
    export CONDA_SHLVL=1
    export DEVICE_NAME="Any iOS Simulator Device"
    export DISPLAY="/private/tmp/com.apple.launchd.NUn4jh76VB/org.xquartz:0"
    export GIT_ASKPASS=/Applications/Antigravity.app/Contents/Resources/app/extensions/git/dist/askpass.sh
    export HOME=/Users/itechnolabs
    export HOMEBREW_CELLAR=/opt/homebrew/Cellar
    export HOMEBREW_PREFIX=/opt/homebrew
    export HOMEBREW_REPOSITORY=/opt/homebrew
    export INFOPATH="/opt/homebrew/share/info:/opt/homebrew/share/info:/opt/homebrew/share/info:/opt/homebrew/share/info:"
    export LANG=C.UTF-8
    export LESS=-R
    export LOGNAME=itechnolabs
    export LSCOLORS=Gxfxcxdxbxegedabagacad
    export LS_COLORS="di=1;36:ln=35:so=32:pi=33:ex=31:bd=34;46:cd=34;43:su=30;41:sg=30;46:tw=30;42:ow=30;43"
    export MANPATH="/Applications/Xcode.app/Contents/Developer/Platforms/MacOSX.platform/Developer/SDKs/MacOSX.sdk/usr/share/man:/Applications/Xcode.app/Contents/Developer/Platforms/MacOSX.platform/usr/share/man:/Applications/Xcode.app/Contents/Developer/usr/share/man:/Applications/Xcode.app/Contents/Developer/Toolchains/XcodeDefault.xctoolchain/usr/share/man:"
    export MallocNanoZone=0
    export NVM_BIN=/Users/itechnolabs/.nvm/versions/node/v22.21.1/bin
    export NVM_CD_FLAGS=-q
    export NVM_DIR=/Users/itechnolabs/.nvm
    export NVM_INC=/Users/itechnolabs/.nvm/versions/node/v22.21.1/include/node
    export OLDPWD=/Users/itechnolabs/Documents/Vijay/choona
    export OSLogRateLimit=64
    export PAGER=cat
    export PATH="/Applications/Xcode.app/Contents/Developer/usr/bin:/Users/itechnolabs/.antigravity/antigravity/bin:/Users/itechnolabs/.bun/bin:/opt/homebrew/opt/ruby@3.1/bin:/Users/itechnolabs/.yarn/bin:/Users/itechnolabs/.config/yarn/global/node_modules/.bin:/Users/itechnolabs/.nvm/versions/node/v22.21.1/bin:/Library/Frameworks/Python.framework/Versions/3.13/bin:/opt/homebrew/bin:/opt/homebrew/sbin:/Users/itechnolabs/.rbenv/shims:/Users/itechnolabs/.rbenv/bin:/usr/local/bin:/System/Cryptexes/App/usr/bin:/usr/bin:/bin:/usr/sbin:/sbin:/var/run/com.apple.security.cryptexd/codex.system/bootstrap/usr/local/bin:/var/run/com.apple.security.cryptexd/codex.system/bootstrap/usr/bin:/var/run/com.apple.security.cryptexd/codex.system/bootstrap/usr/appleinternal/bin:/opt/X11/bin:/Library/Apple/usr/bin:/Users/itechnolabs/.antigravity/antigravity/bin:/Users/itechnolabs/miniconda3/bin:/Users/itechnolabs/miniconda3/condabin:/Users/itechnolabs/.bun/bin:/opt/homebrew/opt/ruby@3.1/bin:/Users/itechnolabs/.yarn/bin:/Users/itechnolabs/.config/yarn/global/node_modules/.bin:/Users/itechnolabs/.nvm/versions/node/v22.21.1/bin:/Library/Frameworks/Python.framework/Versions/3.13/bin:/Users/itechnolabs/Library/Android/sdk/emulator:/Users/itechnolabs/Library/Android/sdk/platform-tools:/Users/itechnolabs/.rvm/bin:/Users/itechnolabs/Library/Android/sdk/emulator:/Users/itechnolabs/Library/Android/sdk/platform-tools"
    export PWD=/Users/itechnolabs/Documents/Vijay/choona
    export RBENV_SHELL=zsh
    export RUN_DESTINATION_DEVICE_NAME="Any iOS Simulator Device"
    export RUN_DESTINATION_DEVICE_PLATFORM_IDENTIFIER=com.apple.platform.iphonesimulator
    export RUN_DESTINATION_DEVICE_PLATFORM_NAME=iphonesimulator
    export RUN_DESTINATION_DEVICE_UDID="dvtdevice-DVTiOSDeviceSimulatorPlaceholder-iphonesimulator:placeholder"
    export SCHEME_ACTION_NAME="Run Script"
    export SCHEME_NAME=ChoonaDev
    export SHELL=/bin/zsh
    export SHLVL=1
    export SSH_AUTH_SOCK=/private/tmp/com.apple.launchd.ywP3j3DdFM/Listeners
    export TERM=xterm-256color
    export TERM_PROGRAM=vscode
    export TERM_PROGRAM_VERSION=1.107.0
    export TMPDIR=/var/folders/ff/n1gxxz3133vbjkgtw1p49zgm0000gn/T/
    export USER=itechnolabs
    export USER_ZDOTDIR=/Users/itechnolabs
    export VSCODE_GIT_ASKPASS_EXTRA_ARGS=
    export VSCODE_GIT_ASKPASS_MAIN=/Applications/Antigravity.app/Contents/Resources/app/extensions/git/dist/askpass-main.js
    export VSCODE_GIT_ASKPASS_NODE="/Applications/Antigravity.app/Contents/Frameworks/Antigravity Helper (Plugin).app/Contents/MacOS/Antigravity Helper (Plugin)"
    export VSCODE_GIT_IPC_HANDLE=/var/folders/ff/n1gxxz3133vbjkgtw1p49zgm0000gn/T/vscode-git-0cfa5aae27.sock
    export VSCODE_INJECTION=1
    export VSCODE_PROFILE_INITIALIZED=1
    export VSCODE_PYTHON_AUTOACTIVATE_GUARD=1
    export WORKSPACE_PATH=/Users/itechnolabs/Documents/Vijay/choona/ios/Choona.xcworkspace
    export XPC_FLAGS=0x0
    export XPC_SERVICE_NAME=0
    export ZDOTDIR=/Users/itechnolabs
    export ZSH=/Users/itechnolabs/.oh-my-zsh
    export _=/usr/bin/xcodebuild
    export _CE_CONDA=
    export _CE_M=
    export _CONDA_EXE=/Users/itechnolabs/miniconda3/bin/conda
    export _CONDA_ROOT=/Users/itechnolabs/miniconda3
    export __CFBundleIdentifier=com.google.antigravity
    export __CF_USER_TEXT_ENCODING="0x1F5:0x0:0x0"
    export rvm_alias_expanded=
    export rvm_bin_flag=
    export rvm_bin_path=/Users/itechnolabs/.rvm/bin
    export rvm_delete_flag=0
    export rvm_docs_type=
    export rvm_file_name=
    export rvm_gemstone_package_file=
    export rvm_gemstone_url=
    export rvm_hook=
    export rvm_niceness=
    export rvm_nightly_flag=
    export rvm_only_path_flag=
    export rvm_path=/Users/itechnolabs/.rvm
    export rvm_prefix=/Users/itechnolabs
    export rvm_pretty_print_flag=auto
    export rvm_proxy=
    export rvm_quiet_flag=
    export rvm_recommended_ruby="rvm install ruby-2.7.5"
    export rvm_ruby_alias=
    export rvm_ruby_bits=
    export rvm_ruby_file=
    export rvm_ruby_make=
    export rvm_ruby_make_install=
    export rvm_ruby_mode=
    export rvm_script_name=
    export rvm_sdk=
    export rvm_silent_flag=
    export rvm_sticky_flag=
    export rvm_system_flag=
    export rvm_use_flag=
    export rvm_user_flag=
    export rvm_version="1.29.12 (latest)"
    /bin/sh -c /var/folders/ff/n1gxxz3133vbjkgtw1p49zgm0000gn/T/SchemeScriptAction-I0bP9Y.sh

ComputePackagePrebuildTargetDependencyGraph

Prepare packages

CreateBuildRequest

SendProjectDescription

CreateBuildOperation

ComputeTargetDependencyGraph
note: Building targets in dependency order
note: Target dependency graph (75 targets)
    Target 'ChoonaDev' in project 'Choona'
        ➜ Implicit dependency on target 'Pods-Choona-ChoonaDev' in project 'Pods' via file 'libPods-Choona-ChoonaDev.a' in build phase 'Link Binary'
        ➜ Implicit dependency on target 'AppAuth' in project 'Pods' via options '-lAppAuth' in build setting 'OTHER_LDFLAGS'
        ➜ Implicit dependency on target 'BVLinearGradient' in project 'Pods' via options '-lBVLinearGradient' in build setting 'OTHER_LDFLAGS'
        ➜ Implicit dependency on target 'DoubleConversion' in project 'Pods' via options '-lDoubleConversion' in build setting 'OTHER_LDFLAGS'
        ➜ Implicit dependency on target 'FBReactNativeSpec' in project 'Pods' via options '-lFBReactNativeSpec' in build setting 'OTHER_LDFLAGS'
        ➜ Implicit dependency on target 'FirebaseCore' in project 'Pods' via options '-lFirebaseCore' in build setting 'OTHER_LDFLAGS'
        ➜ Implicit dependency on target 'FirebaseCoreDiagnostics' in project 'Pods' via options '-lFirebaseCoreDiagnostics' in build setting 'OTHER_LDFLAGS'
        ➜ Implicit dependency on target 'FirebaseDatabase' in project 'Pods' via options '-lFirebaseDatabase' in build setting 'OTHER_LDFLAGS'
        ➜ Implicit dependency on target 'FirebaseInstallations' in project 'Pods' via options '-lFirebaseInstallations' in build setting 'OTHER_LDFLAGS'
        ➜ Implicit dependency on target 'FirebaseInstanceID' in project 'Pods' via options '-lFirebaseInstanceID' in build setting 'OTHER_LDFLAGS'
        ➜ Implicit dependency on target 'FirebaseMessaging' in project 'Pods' via options '-lFirebaseMessaging' in build setting 'OTHER_LDFLAGS'
        ➜ Implicit dependency on target 'GoogleDataTransport' in project 'Pods' via options '-lGoogleDataTransport' in build setting 'OTHER_LDFLAGS'
        ➜ Implicit dependency on target 'GoogleUtilities' in project 'Pods' via options '-lGoogleUtilities' in build setting 'OTHER_LDFLAGS'
        ➜ Implicit dependency on target 'PromisesObjC' in project 'Pods' via options '-lPromisesObjC' in build setting 'OTHER_LDFLAGS'
        ➜ Implicit dependency on target 'Protobuf' in project 'Pods' via options '-lProtobuf' in build setting 'OTHER_LDFLAGS'
        ➜ Implicit dependency on target 'RCT-Folly' in project 'Pods' via options '-lRCT-Folly' in build setting 'OTHER_LDFLAGS'
        ➜ Implicit dependency on target 'RCTTypeSafety' in project 'Pods' via options '-lRCTTypeSafety' in build setting 'OTHER_LDFLAGS'
        ➜ Implicit dependency on target 'RNAppleAuthentication' in project 'Pods' via options '-lRNAppleAuthentication' in build setting 'OTHER_LDFLAGS'
        ➜ Implicit dependency on target 'RNCAsyncStorage' in project 'Pods' via options '-lRNCAsyncStorage' in build setting 'OTHER_LDFLAGS'
        ➜ Implicit dependency on target 'RNCMaskedView' in project 'Pods' via options '-lRNCMaskedView' in build setting 'OTHER_LDFLAGS'
        ➜ Implicit dependency on target 'RNDeviceInfo' in project 'Pods' via options '-lRNDeviceInfo' in build setting 'OTHER_LDFLAGS'
        ➜ Implicit dependency on target 'RNFBApp' in project 'Pods' via options '-lRNFBApp' in build setting 'OTHER_LDFLAGS'
        ➜ Implicit dependency on target 'RNFBDatabase' in project 'Pods' via options '-lRNFBDatabase' in build setting 'OTHER_LDFLAGS'
        ➜ Implicit dependency on target 'RNFBMessaging' in project 'Pods' via options '-lRNFBMessaging' in build setting 'OTHER_LDFLAGS'
        ➜ Implicit dependency on target 'RNGestureHandler' in project 'Pods' via options '-lRNGestureHandler' in build setting 'OTHER_LDFLAGS'
        ➜ Implicit dependency on target 'RNImageCropPicker' in project 'Pods' via options '-lRNImageCropPicker' in build setting 'OTHER_LDFLAGS'
        ➜ Implicit dependency on target 'RNPermissions' in project 'Pods' via options '-lRNPermissions' in build setting 'OTHER_LDFLAGS'
        ➜ Implicit dependency on target 'RNReanimated' in project 'Pods' via options '-lRNReanimated' in build setting 'OTHER_LDFLAGS'
        ➜ Implicit dependency on target 'RNScreens' in project 'Pods' via options '-lRNScreens' in build setting 'OTHER_LDFLAGS'
        ➜ Implicit dependency on target 'RNSound' in project 'Pods' via options '-lRNSound' in build setting 'OTHER_LDFLAGS'
        ➜ Implicit dependency on target 'RSKImageCropper' in project 'Pods' via options '-lRSKImageCropper' in build setting 'OTHER_LDFLAGS'
        ➜ Implicit dependency on target 'React-Core' in project 'Pods' via options '-lReact-Core' in build setting 'OTHER_LDFLAGS'
        ➜ Implicit dependency on target 'React-CoreModules' in project 'Pods' via options '-lReact-CoreModules' in build setting 'OTHER_LDFLAGS'
        ➜ Implicit dependency on target 'React-RCTAnimation' in project 'Pods' via options '-lReact-RCTAnimation' in build setting 'OTHER_LDFLAGS'
        ➜ Implicit dependency on target 'React-RCTBlob' in project 'Pods' via options '-lReact-RCTBlob' in build setting 'OTHER_LDFLAGS'
        ➜ Implicit dependency on target 'React-RCTImage' in project 'Pods' via options '-lReact-RCTImage' in build setting 'OTHER_LDFLAGS'
        ➜ Implicit dependency on target 'React-RCTLinking' in project 'Pods' via options '-lReact-RCTLinking' in build setting 'OTHER_LDFLAGS'
        ➜ Implicit dependency on target 'React-RCTNetwork' in project 'Pods' via options '-lReact-RCTNetwork' in build setting 'OTHER_LDFLAGS'
        ➜ Implicit dependency on target 'React-RCTSettings' in project 'Pods' via options '-lReact-RCTSettings' in build setting 'OTHER_LDFLAGS'
        ➜ Implicit dependency on target 'React-RCTText' in project 'Pods' via options '-lReact-RCTText' in build setting 'OTHER_LDFLAGS'
        ➜ Implicit dependency on target 'React-RCTVibration' in project 'Pods' via options '-lReact-RCTVibration' in build setting 'OTHER_LDFLAGS'
        ➜ Implicit dependency on target 'React-cxxreact' in project 'Pods' via options '-lReact-cxxreact' in build setting 'OTHER_LDFLAGS'
        ➜ Implicit dependency on target 'React-jsi' in project 'Pods' via options '-lReact-jsi' in build setting 'OTHER_LDFLAGS'
        ➜ Implicit dependency on target 'React-jsiexecutor' in project 'Pods' via options '-lReact-jsiexecutor' in build setting 'OTHER_LDFLAGS'
        ➜ Implicit dependency on target 'React-jsinspector' in project 'Pods' via options '-lReact-jsinspector' in build setting 'OTHER_LDFLAGS'
        ➜ Implicit dependency on target 'React-perflogger' in project 'Pods' via options '-lReact-perflogger' in build setting 'OTHER_LDFLAGS'
        ➜ Implicit dependency on target 'ReactCommon' in project 'Pods' via options '-lReactCommon' in build setting 'OTHER_LDFLAGS'
        ➜ Implicit dependency on target 'Toast' in project 'Pods' via options '-lToast' in build setting 'OTHER_LDFLAGS'
        ➜ Implicit dependency on target 'Yoga' in project 'Pods' via options '-lYoga' in build setting 'OTHER_LDFLAGS'
        ➜ Implicit dependency on target 'glog' in project 'Pods' via options '-lglog' in build setting 'OTHER_LDFLAGS'
        ➜ Implicit dependency on target 'leveldb-library' in project 'Pods' via options '-lleveldb-library' in build setting 'OTHER_LDFLAGS'
        ➜ Implicit dependency on target 'nanopb' in project 'Pods' via options '-lnanopb' in build setting 'OTHER_LDFLAGS'
        ➜ Implicit dependency on target 'react-native-app-auth' in project 'Pods' via options '-lreact-native-app-auth' in build setting 'OTHER_LDFLAGS'
        ➜ Implicit dependency on target 'react-native-config' in project 'Pods' via options '-lreact-native-config' in build setting 'OTHER_LDFLAGS'
        ➜ Implicit dependency on target 'react-native-contacts' in project 'Pods' via options '-lreact-native-contacts' in build setting 'OTHER_LDFLAGS'
        ➜ Implicit dependency on target 'react-native-netinfo' in project 'Pods' via options '-lreact-native-netinfo' in build setting 'OTHER_LDFLAGS'
        ➜ Implicit dependency on target 'react-native-onesignal' in project 'Pods' via options '-lreact-native-onesignal' in build setting 'OTHER_LDFLAGS'
        ➜ Implicit dependency on target 'react-native-safe-area-context' in project 'Pods' via options '-lreact-native-safe-area-context' in build setting 'OTHER_LDFLAGS'
        ➜ Implicit dependency on target 'react-native-simple-toast' in project 'Pods' via options '-lreact-native-simple-toast' in build setting 'OTHER_LDFLAGS'
        ➜ Implicit dependency on target 'react-native-version-info' in project 'Pods' via options '-lreact-native-version-info' in build setting 'OTHER_LDFLAGS'
        ➜ Implicit dependency on target 'react-native-webview' in project 'Pods' via options '-lreact-native-webview' in build setting 'OTHER_LDFLAGS'
    Target 'Pods-Choona-ChoonaDev' in project 'Pods'
        ➜ Explicit dependency on target 'AppAuth' in project 'Pods'
        ➜ Explicit dependency on target 'BVLinearGradient' in project 'Pods'
        ➜ Explicit dependency on target 'DoubleConversion' in project 'Pods'
        ➜ Explicit dependency on target 'FBLazyVector' in project 'Pods'
        ➜ Explicit dependency on target 'FBReactNativeSpec' in project 'Pods'
        ➜ Explicit dependency on target 'Firebase' in project 'Pods'
        ➜ Explicit dependency on target 'FirebaseCore' in project 'Pods'
        ➜ Explicit dependency on target 'FirebaseCoreDiagnostics' in project 'Pods'
        ➜ Explicit dependency on target 'FirebaseDatabase' in project 'Pods'
        ➜ Explicit dependency on target 'FirebaseInstallations' in project 'Pods'
        ➜ Explicit dependency on target 'FirebaseInstanceID' in project 'Pods'
        ➜ Explicit dependency on target 'FirebaseMessaging' in project 'Pods'
        ➜ Explicit dependency on target 'GoogleDataTransport' in project 'Pods'
        ➜ Explicit dependency on target 'GoogleUtilities' in project 'Pods'
        ➜ Explicit dependency on target 'OneSignalXCFramework' in project 'Pods'
        ➜ Explicit dependency on target 'PromisesObjC' in project 'Pods'
        ➜ Explicit dependency on target 'Protobuf' in project 'Pods'
        ➜ Explicit dependency on target 'RCT-Folly' in project 'Pods'
        ➜ Explicit dependency on target 'RCTRequired' in project 'Pods'
        ➜ Explicit dependency on target 'RCTTypeSafety' in project 'Pods'
        ➜ Explicit dependency on target 'RNAppleAuthentication' in project 'Pods'
        ➜ Explicit dependency on target 'RNCAsyncStorage' in project 'Pods'
        ➜ Explicit dependency on target 'RNCMaskedView' in project 'Pods'
        ➜ Explicit dependency on target 'RNDeviceInfo' in project 'Pods'
        ➜ Explicit dependency on target 'RNFBApp' in project 'Pods'
        ➜ Explicit dependency on target 'RNFBDatabase' in project 'Pods'
        ➜ Explicit dependency on target 'RNFBMessaging' in project 'Pods'
        ➜ Explicit dependency on target 'RNGestureHandler' in project 'Pods'
        ➜ Explicit dependency on target 'RNImageCropPicker' in project 'Pods'
        ➜ Explicit dependency on target 'RNPermissions' in project 'Pods'
        ➜ Explicit dependency on target 'RNReanimated' in project 'Pods'
        ➜ Explicit dependency on target 'RNScreens' in project 'Pods'
        ➜ Explicit dependency on target 'RNSound' in project 'Pods'
        ➜ Explicit dependency on target 'RSKImageCropper' in project 'Pods'
        ➜ Explicit dependency on target 'React' in project 'Pods'
        ➜ Explicit dependency on target 'React-Core' in project 'Pods'
        ➜ Explicit dependency on target 'React-CoreModules' in project 'Pods'
        ➜ Explicit dependency on target 'React-RCTActionSheet' in project 'Pods'
        ➜ Explicit dependency on target 'React-RCTAnimation' in project 'Pods'
        ➜ Explicit dependency on target 'React-RCTBlob' in project 'Pods'
        ➜ Explicit dependency on target 'React-RCTImage' in project 'Pods'
        ➜ Explicit dependency on target 'React-RCTLinking' in project 'Pods'
        ➜ Explicit dependency on target 'React-RCTNetwork' in project 'Pods'
        ➜ Explicit dependency on target 'React-RCTSettings' in project 'Pods'
        ➜ Explicit dependency on target 'React-RCTText' in project 'Pods'
        ➜ Explicit dependency on target 'React-RCTVibration' in project 'Pods'
        ➜ Explicit dependency on target 'React-callinvoker' in project 'Pods'
        ➜ Explicit dependency on target 'React-cxxreact' in project 'Pods'
        ➜ Explicit dependency on target 'React-jsi' in project 'Pods'
        ➜ Explicit dependency on target 'React-jsiexecutor' in project 'Pods'
        ➜ Explicit dependency on target 'React-jsinspector' in project 'Pods'
        ➜ Explicit dependency on target 'React-perflogger' in project 'Pods'
        ➜ Explicit dependency on target 'React-runtimeexecutor' in project 'Pods'
        ➜ Explicit dependency on target 'ReactCommon' in project 'Pods'
        ➜ Explicit dependency on target 'Toast' in project 'Pods'
        ➜ Explicit dependency on target 'Yoga' in project 'Pods'
        ➜ Explicit dependency on target 'boost-for-react-native' in project 'Pods'
        ➜ Explicit dependency on target 'glog' in project 'Pods'
        ➜ Explicit dependency on target 'leveldb-library' in project 'Pods'
        ➜ Explicit dependency on target 'nanopb' in project 'Pods'
        ➜ Explicit dependency on target 'react-native-app-auth' in project 'Pods'
        ➜ Explicit dependency on target 'react-native-config' in project 'Pods'
        ➜ Explicit dependency on target 'react-native-contacts' in project 'Pods'
        ➜ Explicit dependency on target 'react-native-netinfo' in project 'Pods'
        ➜ Explicit dependency on target 'react-native-onesignal' in project 'Pods'
        ➜ Explicit dependency on target 'react-native-safe-area-context' in project 'Pods'
        ➜ Explicit dependency on target 'react-native-simple-toast' in project 'Pods'
        ➜ Explicit dependency on target 'react-native-version-info' in project 'Pods'
        ➜ Explicit dependency on target 'react-native-webview' in project 'Pods'
    Target 'react-native-webview' in project 'Pods'
        ➜ Explicit dependency on target 'React-Core' in project 'Pods'
    Target 'react-native-version-info' in project 'Pods'
        ➜ Explicit dependency on target 'React-Core' in project 'Pods'
    Target 'react-native-simple-toast' in project 'Pods'
        ➜ Explicit dependency on target 'React-Core' in project 'Pods'
        ➜ Explicit dependency on target 'Toast' in project 'Pods'
    Target 'react-native-safe-area-context' in project 'Pods'
        ➜ Explicit dependency on target 'React' in project 'Pods'
    Target 'react-native-onesignal' in project 'Pods'
        ➜ Explicit dependency on target 'OneSignalXCFramework' in project 'Pods'
        ➜ Explicit dependency on target 'React' in project 'Pods'
    Target 'react-native-netinfo' in project 'Pods'
        ➜ Explicit dependency on target 'React-Core' in project 'Pods'
    Target 'react-native-contacts' in project 'Pods'
        ➜ Explicit dependency on target 'React-Core' in project 'Pods'
    Target 'react-native-config' in project 'Pods'
        ➜ Explicit dependency on target 'React-Core' in project 'Pods'
    Target 'react-native-app-auth' in project 'Pods'
        ➜ Explicit dependency on target 'AppAuth' in project 'Pods'
        ➜ Explicit dependency on target 'React' in project 'Pods'
    Target 'Toast' in project 'Pods' (no dependencies)
    Target 'RNSound' in project 'Pods'
        ➜ Explicit dependency on target 'React-Core' in project 'Pods'
    Target 'RNScreens' in project 'Pods'
        ➜ Explicit dependency on target 'React-Core' in project 'Pods'
    Target 'RNReanimated' in project 'Pods'
        ➜ Explicit dependency on target 'DoubleConversion' in project 'Pods'
        ➜ Explicit dependency on target 'FBLazyVector' in project 'Pods'
        ➜ Explicit dependency on target 'FBReactNativeSpec' in project 'Pods'
        ➜ Explicit dependency on target 'RCT-Folly' in project 'Pods'
        ➜ Explicit dependency on target 'RCTRequired' in project 'Pods'
        ➜ Explicit dependency on target 'RCTTypeSafety' in project 'Pods'
        ➜ Explicit dependency on target 'React' in project 'Pods'
        ➜ Explicit dependency on target 'React-Core' in project 'Pods'
        ➜ Explicit dependency on target 'React-CoreModules' in project 'Pods'
        ➜ Explicit dependency on target 'React-RCTActionSheet' in project 'Pods'
        ➜ Explicit dependency on target 'React-RCTAnimation' in project 'Pods'
        ➜ Explicit dependency on target 'React-RCTBlob' in project 'Pods'
        ➜ Explicit dependency on target 'React-RCTImage' in project 'Pods'
        ➜ Explicit dependency on target 'React-RCTLinking' in project 'Pods'
        ➜ Explicit dependency on target 'React-RCTNetwork' in project 'Pods'
        ➜ Explicit dependency on target 'React-RCTSettings' in project 'Pods'
        ➜ Explicit dependency on target 'React-RCTText' in project 'Pods'
        ➜ Explicit dependency on target 'React-RCTVibration' in project 'Pods'
        ➜ Explicit dependency on target 'React-callinvoker' in project 'Pods'
        ➜ Explicit dependency on target 'React-cxxreact' in project 'Pods'
        ➜ Explicit dependency on target 'React-jsi' in project 'Pods'
        ➜ Explicit dependency on target 'React-jsiexecutor' in project 'Pods'
        ➜ Explicit dependency on target 'React-jsinspector' in project 'Pods'
        ➜ Explicit dependency on target 'ReactCommon' in project 'Pods'
        ➜ Explicit dependency on target 'Yoga' in project 'Pods'
        ➜ Explicit dependency on target 'glog' in project 'Pods'
    Target 'React-CoreModules' in project 'Pods'
        ➜ Explicit dependency on target 'FBReactNativeSpec' in project 'Pods'
        ➜ Explicit dependency on target 'RCT-Folly' in project 'Pods'
        ➜ Explicit dependency on target 'RCTTypeSafety' in project 'Pods'
        ➜ Explicit dependency on target 'React-Core' in project 'Pods'
        ➜ Explicit dependency on target 'React-RCTImage' in project 'Pods'
        ➜ Explicit dependency on target 'React-jsi' in project 'Pods'
        ➜ Explicit dependency on target 'ReactCommon' in project 'Pods'
    Target 'RNPermissions' in project 'Pods'
        ➜ Explicit dependency on target 'React-Core' in project 'Pods'
    Target 'RNImageCropPicker' in project 'Pods'
        ➜ Explicit dependency on target 'RNImageCropPicker-QBImagePicker' in project 'Pods'
        ➜ Explicit dependency on target 'RSKImageCropper' in project 'Pods'
        ➜ Explicit dependency on target 'React-Core' in project 'Pods'
        ➜ Explicit dependency on target 'React-RCTImage' in project 'Pods'
    Target 'RSKImageCropper' in project 'Pods' (no dependencies)
    Target 'RNImageCropPicker-QBImagePicker' in project 'Pods' (no dependencies)
    Target 'RNGestureHandler' in project 'Pods'
        ➜ Explicit dependency on target 'React-Core' in project 'Pods'
    Target 'RNFBMessaging' in project 'Pods'
        ➜ Explicit dependency on target 'Firebase' in project 'Pods'
        ➜ Explicit dependency on target 'RNFBApp' in project 'Pods'
        ➜ Explicit dependency on target 'React-Core' in project 'Pods'
    Target 'RNFBDatabase' in project 'Pods'
        ➜ Explicit dependency on target 'Firebase' in project 'Pods'
        ➜ Explicit dependency on target 'RNFBApp' in project 'Pods'
        ➜ Explicit dependency on target 'React-Core' in project 'Pods'
    Target 'RNFBApp' in project 'Pods'
        ➜ Explicit dependency on target 'Firebase' in project 'Pods'
        ➜ Explicit dependency on target 'React-Core' in project 'Pods'
    Target 'RNDeviceInfo' in project 'Pods'
        ➜ Explicit dependency on target 'React-Core' in project 'Pods'
    Target 'RNCMaskedView' in project 'Pods'
        ➜ Explicit dependency on target 'React' in project 'Pods'
    Target 'RNCAsyncStorage' in project 'Pods'
        ➜ Explicit dependency on target 'React-Core' in project 'Pods'
    Target 'RNAppleAuthentication' in project 'Pods'
        ➜ Explicit dependency on target 'React' in project 'Pods'
    Target 'React' in project 'Pods'
        ➜ Explicit dependency on target 'React-Core' in project 'Pods'
        ➜ Explicit dependency on target 'React-RCTActionSheet' in project 'Pods'
        ➜ Explicit dependency on target 'React-RCTAnimation' in project 'Pods'
        ➜ Explicit dependency on target 'React-RCTBlob' in project 'Pods'
        ➜ Explicit dependency on target 'React-RCTImage' in project 'Pods'
        ➜ Explicit dependency on target 'React-RCTLinking' in project 'Pods'
        ➜ Explicit dependency on target 'React-RCTNetwork' in project 'Pods'
        ➜ Explicit dependency on target 'React-RCTSettings' in project 'Pods'
        ➜ Explicit dependency on target 'React-RCTText' in project 'Pods'
        ➜ Explicit dependency on target 'React-RCTVibration' in project 'Pods'
    Target 'React-RCTVibration' in project 'Pods'
        ➜ Explicit dependency on target 'FBReactNativeSpec' in project 'Pods'
        ➜ Explicit dependency on target 'RCT-Folly' in project 'Pods'
        ➜ Explicit dependency on target 'React-Core' in project 'Pods'
        ➜ Explicit dependency on target 'React-jsi' in project 'Pods'
        ➜ Explicit dependency on target 'ReactCommon' in project 'Pods'
    Target 'React-RCTText' in project 'Pods'
        ➜ Explicit dependency on target 'React-Core' in project 'Pods'
    Target 'React-RCTSettings' in project 'Pods'
        ➜ Explicit dependency on target 'FBReactNativeSpec' in project 'Pods'
        ➜ Explicit dependency on target 'RCT-Folly' in project 'Pods'
        ➜ Explicit dependency on target 'RCTTypeSafety' in project 'Pods'
        ➜ Explicit dependency on target 'React-Core' in project 'Pods'
        ➜ Explicit dependency on target 'React-jsi' in project 'Pods'
        ➜ Explicit dependency on target 'ReactCommon' in project 'Pods'
    Target 'React-RCTLinking' in project 'Pods'
        ➜ Explicit dependency on target 'FBReactNativeSpec' in project 'Pods'
        ➜ Explicit dependency on target 'React-Core' in project 'Pods'
        ➜ Explicit dependency on target 'React-jsi' in project 'Pods'
        ➜ Explicit dependency on target 'ReactCommon' in project 'Pods'
    Target 'React-RCTImage' in project 'Pods'
        ➜ Explicit dependency on target 'FBReactNativeSpec' in project 'Pods'
        ➜ Explicit dependency on target 'RCT-Folly' in project 'Pods'
        ➜ Explicit dependency on target 'RCTTypeSafety' in project 'Pods'
        ➜ Explicit dependency on target 'React-Core' in project 'Pods'
        ➜ Explicit dependency on target 'React-RCTNetwork' in project 'Pods'
        ➜ Explicit dependency on target 'React-jsi' in project 'Pods'
        ➜ Explicit dependency on target 'ReactCommon' in project 'Pods'
    Target 'React-RCTBlob' in project 'Pods'
        ➜ Explicit dependency on target 'FBReactNativeSpec' in project 'Pods'
        ➜ Explicit dependency on target 'RCT-Folly' in project 'Pods'
        ➜ Explicit dependency on target 'React-Core' in project 'Pods'
        ➜ Explicit dependency on target 'React-RCTNetwork' in project 'Pods'
        ➜ Explicit dependency on target 'React-jsi' in project 'Pods'
        ➜ Explicit dependency on target 'ReactCommon' in project 'Pods'
    Target 'React-RCTNetwork' in project 'Pods'
        ➜ Explicit dependency on target 'FBReactNativeSpec' in project 'Pods'
        ➜ Explicit dependency on target 'RCT-Folly' in project 'Pods'
        ➜ Explicit dependency on target 'RCTTypeSafety' in project 'Pods'
        ➜ Explicit dependency on target 'React-Core' in project 'Pods'
        ➜ Explicit dependency on target 'React-jsi' in project 'Pods'
        ➜ Explicit dependency on target 'ReactCommon' in project 'Pods'
    Target 'React-RCTAnimation' in project 'Pods'
        ➜ Explicit dependency on target 'FBReactNativeSpec' in project 'Pods'
        ➜ Explicit dependency on target 'RCT-Folly' in project 'Pods'
        ➜ Explicit dependency on target 'RCTTypeSafety' in project 'Pods'
        ➜ Explicit dependency on target 'React-Core' in project 'Pods'
        ➜ Explicit dependency on target 'React-jsi' in project 'Pods'
        ➜ Explicit dependency on target 'ReactCommon' in project 'Pods'
    Target 'React-RCTActionSheet' in project 'Pods'
        ➜ Explicit dependency on target 'React-Core' in project 'Pods'
    Target 'OneSignalXCFramework' in project 'Pods' (no dependencies)
    Target 'Firebase' in project 'Pods'
        ➜ Explicit dependency on target 'FirebaseCore' in project 'Pods'
        ➜ Explicit dependency on target 'FirebaseDatabase' in project 'Pods'
        ➜ Explicit dependency on target 'FirebaseMessaging' in project 'Pods'
    Target 'FirebaseMessaging' in project 'Pods'
        ➜ Explicit dependency on target 'FirebaseCore' in project 'Pods'
        ➜ Explicit dependency on target 'FirebaseInstanceID' in project 'Pods'
        ➜ Explicit dependency on target 'GoogleUtilities' in project 'Pods'
        ➜ Explicit dependency on target 'Protobuf' in project 'Pods'
    Target 'Protobuf' in project 'Pods'
        ➜ Explicit dependency on target 'Protobuf-Protobuf_Privacy' in project 'Pods'
    Target 'Protobuf-Protobuf_Privacy' in project 'Pods' (no dependencies)
    Target 'FirebaseInstanceID' in project 'Pods'
        ➜ Explicit dependency on target 'FirebaseCore' in project 'Pods'
        ➜ Explicit dependency on target 'FirebaseInstallations' in project 'Pods'
        ➜ Explicit dependency on target 'GoogleUtilities' in project 'Pods'
    Target 'FirebaseInstallations' in project 'Pods'
        ➜ Explicit dependency on target 'FirebaseCore' in project 'Pods'
        ➜ Explicit dependency on target 'GoogleUtilities' in project 'Pods'
        ➜ Explicit dependency on target 'PromisesObjC' in project 'Pods'
    Target 'FirebaseDatabase' in project 'Pods'
        ➜ Explicit dependency on target 'FirebaseCore' in project 'Pods'
        ➜ Explicit dependency on target 'leveldb-library' in project 'Pods'
    Target 'leveldb-library' in project 'Pods'
        ➜ Explicit dependency on target 'leveldb-library-leveldb_Privacy' in project 'Pods'
    Target 'leveldb-library-leveldb_Privacy' in project 'Pods' (no dependencies)
    Target 'FirebaseCore' in project 'Pods'
        ➜ Explicit dependency on target 'FirebaseCoreDiagnostics' in project 'Pods'
        ➜ Explicit dependency on target 'GoogleUtilities' in project 'Pods'
    Target 'FirebaseCoreDiagnostics' in project 'Pods'
        ➜ Explicit dependency on target 'GoogleDataTransport' in project 'Pods'
        ➜ Explicit dependency on target 'GoogleUtilities' in project 'Pods'
        ➜ Explicit dependency on target 'nanopb' in project 'Pods'
    Target 'GoogleUtilities' in project 'Pods'
        ➜ Explicit dependency on target 'PromisesObjC' in project 'Pods'
    Target 'PromisesObjC' in project 'Pods' (no dependencies)
    Target 'GoogleDataTransport' in project 'Pods'
        ➜ Explicit dependency on target 'nanopb' in project 'Pods'
    Target 'nanopb' in project 'Pods' (no dependencies)
    Target 'FBReactNativeSpec' in project 'Pods'
        ➜ Explicit dependency on target 'RCT-Folly' in project 'Pods'
        ➜ Explicit dependency on target 'RCTRequired' in project 'Pods'
        ➜ Explicit dependency on target 'RCTTypeSafety' in project 'Pods'
        ➜ Explicit dependency on target 'React-Core' in project 'Pods'
        ➜ Explicit dependency on target 'React-jsi' in project 'Pods'
        ➜ Explicit dependency on target 'ReactCommon' in project 'Pods'
    Target 'ReactCommon' in project 'Pods'
        ➜ Explicit dependency on target 'DoubleConversion' in project 'Pods'
        ➜ Explicit dependency on target 'RCT-Folly' in project 'Pods'
        ➜ Explicit dependency on target 'React-Core' in project 'Pods'
        ➜ Explicit dependency on target 'React-callinvoker' in project 'Pods'
        ➜ Explicit dependency on target 'React-cxxreact' in project 'Pods'
        ➜ Explicit dependency on target 'React-jsi' in project 'Pods'
        ➜ Explicit dependency on target 'React-perflogger' in project 'Pods'
        ➜ Explicit dependency on target 'glog' in project 'Pods'
    Target 'RCTTypeSafety' in project 'Pods'
        ➜ Explicit dependency on target 'FBLazyVector' in project 'Pods'
        ➜ Explicit dependency on target 'RCT-Folly' in project 'Pods'
        ➜ Explicit dependency on target 'RCTRequired' in project 'Pods'
        ➜ Explicit dependency on target 'React-Core' in project 'Pods'
    Target 'RCTRequired' in project 'Pods' (no dependencies)
    Target 'FBLazyVector' in project 'Pods' (no dependencies)
    Target 'BVLinearGradient' in project 'Pods'
        ➜ Explicit dependency on target 'React-Core' in project 'Pods'
    Target 'React-Core' in project 'Pods'
        ➜ Explicit dependency on target 'RCT-Folly' in project 'Pods'
        ➜ Explicit dependency on target 'React-Core-AccessibilityResources' in project 'Pods'
        ➜ Explicit dependency on target 'React-cxxreact' in project 'Pods'
        ➜ Explicit dependency on target 'React-jsi' in project 'Pods'
        ➜ Explicit dependency on target 'React-jsiexecutor' in project 'Pods'
        ➜ Explicit dependency on target 'React-jsinspector' in project 'Pods'
        ➜ Explicit dependency on target 'React-perflogger' in project 'Pods'
        ➜ Explicit dependency on target 'Yoga' in project 'Pods'
        ➜ Explicit dependency on target 'glog' in project 'Pods'
    Target 'Yoga' in project 'Pods' (no dependencies)
    Target 'React-jsiexecutor' in project 'Pods'
        ➜ Explicit dependency on target 'DoubleConversion' in project 'Pods'
        ➜ Explicit dependency on target 'RCT-Folly' in project 'Pods'
        ➜ Explicit dependency on target 'React-cxxreact' in project 'Pods'
        ➜ Explicit dependency on target 'React-jsi' in project 'Pods'
        ➜ Explicit dependency on target 'React-perflogger' in project 'Pods'
        ➜ Explicit dependency on target 'glog' in project 'Pods'
    Target 'React-cxxreact' in project 'Pods'
        ➜ Explicit dependency on target 'DoubleConversion' in project 'Pods'
        ➜ Explicit dependency on target 'RCT-Folly' in project 'Pods'
        ➜ Explicit dependency on target 'React-callinvoker' in project 'Pods'
        ➜ Explicit dependency on target 'React-jsi' in project 'Pods'
        ➜ Explicit dependency on target 'React-jsinspector' in project 'Pods'
        ➜ Explicit dependency on target 'React-perflogger' in project 'Pods'
        ➜ Explicit dependency on target 'React-runtimeexecutor' in project 'Pods'
        ➜ Explicit dependency on target 'boost-for-react-native' in project 'Pods'
        ➜ Explicit dependency on target 'glog' in project 'Pods'
    Target 'React-runtimeexecutor' in project 'Pods'
        ➜ Explicit dependency on target 'React-jsi' in project 'Pods'
    Target 'React-perflogger' in project 'Pods' (no dependencies)
    Target 'React-jsinspector' in project 'Pods' (no dependencies)
    Target 'React-jsi' in project 'Pods'
        ➜ Explicit dependency on target 'DoubleConversion' in project 'Pods'
        ➜ Explicit dependency on target 'RCT-Folly' in project 'Pods'
        ➜ Explicit dependency on target 'boost-for-react-native' in project 'Pods'
        ➜ Explicit dependency on target 'glog' in project 'Pods'
    Target 'React-callinvoker' in project 'Pods' (no dependencies)
    Target 'React-Core-AccessibilityResources' in project 'Pods' (no dependencies)
    Target 'RCT-Folly' in project 'Pods'
        ➜ Explicit dependency on target 'DoubleConversion' in project 'Pods'
        ➜ Explicit dependency on target 'boost-for-react-native' in project 'Pods'
        ➜ Explicit dependency on target 'glog' in project 'Pods'
    Target 'glog' in project 'Pods' (no dependencies)
    Target 'boost-for-react-native' in project 'Pods' (no dependencies)
    Target 'DoubleConversion' in project 'Pods' (no dependencies)
    Target 'AppAuth' in project 'Pods' (no dependencies)

GatherProvisioningInputs

CreateBuildDescription

ExecuteExternalTool /Applications/Xcode.app/Contents/Developer/Toolchains/XcodeDefault.xctoolchain/usr/bin/clang -v -E -dM -arch arm64 -isysroot /Applications/Xcode.app/Contents/Developer/Platforms/iPhoneSimulator.platform/Developer/SDKs/iPhoneSimulator26.1.sdk -x objective-c -c /dev/null

ExecuteExternalTool /Applications/Xcode.app/Contents/Developer/Toolchains/XcodeDefault.xctoolchain/usr/bin/clang -v -E -dM -arch arm64 -isysroot /Applications/Xcode.app/Contents/Developer/Platforms/iPhoneSimulator.platform/Developer/SDKs/iPhoneSimulator26.1.sdk -x c++ -c /dev/null

ExecuteExternalTool /Applications/Xcode.app/Contents/Developer/Toolchains/XcodeDefault.xctoolchain/usr/bin/clang -v -E -dM -isysroot /Applications/Xcode.app/Contents/Developer/Platforms/iPhoneSimulator.platform/Developer/SDKs/iPhoneSimulator26.1.sdk -x c -c /dev/null

ExecuteExternalTool /Applications/Xcode.app/Contents/Developer/Toolchains/XcodeDefault.xctoolchain/usr/bin/clang -v -E -dM -arch arm64 -isysroot /Applications/Xcode.app/Contents/Developer/Platforms/iPhoneSimulator.platform/Developer/SDKs/iPhoneSimulator26.1.sdk -x objective-c++ -c /dev/null

ExecuteExternalTool /Applications/Xcode.app/Contents/Developer/Toolchains/XcodeDefault.xctoolchain/usr/bin/clang -v -E -dM -arch arm64 -isysroot /Applications/Xcode.app/Contents/Developer/Platforms/iPhoneSimulator.platform/Developer/SDKs/iPhoneSimulator26.1.sdk -x c -c /dev/null

ExecuteExternalTool /Applications/Xcode.app/Contents/Developer/Toolchains/XcodeDefault.xctoolchain/usr/bin/libtool -V

ExecuteExternalTool /Applications/Xcode.app/Contents/Developer/usr/bin/ibtool --version --output-format xml1

ExecuteExternalTool /Applications/Xcode.app/Contents/Developer/usr/bin/actool --print-asset-tag-combinations --output-format xml1 /Users/itechnolabs/Documents/Vijay/choona/ios/Choona/Images.xcassets

ExecuteExternalTool /Applications/Xcode.app/Contents/Developer/usr/bin/actool --version --output-format xml1

ExecuteExternalTool /Applications/Xcode.app/Contents/Developer/Toolchains/XcodeDefault.xctoolchain/usr/bin/clang -v -E -dM -arch arm64 -isysroot /Applications/Xcode.app/Contents/Developer/Platforms/iPhoneSimulator.platform/Developer/SDKs/iPhoneSimulator26.1.sdk -x assembler-with-cpp -c /dev/null

ExecuteExternalTool /Applications/Xcode.app/Contents/Developer/Toolchains/XcodeDefault.xctoolchain/usr/bin/swiftc --version

ExecuteExternalTool /Applications/Xcode.app/Contents/Developer/Toolchains/XcodeDefault.xctoolchain/usr/bin/ld -version_details

Build description signature: 4e5c14e7813ea2f160d3c7d7bb462c42
Build description path: /Users/itechnolabs/Library/Developer/Xcode/DerivedData/Choona-dnghcflyrszrcwfmpfesqspssftx/Build/Intermediates.noindex/XCBuildData/4e5c14e7813ea2f160d3c7d7bb462c42.xcbuilddata
ClangStatCache /Applications/Xcode.app/Contents/Developer/Toolchains/XcodeDefault.xctoolchain/usr/bin/clang-stat-cache /Applications/Xcode.app/Contents/Developer/Platforms/iPhoneSimulator.platform/Developer/SDKs/iPhoneSimulator26.1.sdk /Users/itechnolabs/Library/Developer/Xcode/DerivedData/SDKStatCaches.noindex/iphonesimulator26.1-23B77-90cf18a4295e390e64c810bc6bd7acbc.sdkstatcache
    cd /Users/itechnolabs/Documents/Vijay/choona/ios
    /Applications/Xcode.app/Contents/Developer/Toolchains/XcodeDefault.xctoolchain/usr/bin/clang-stat-cache /Applications/Xcode.app/Contents/Developer/Platforms/iPhoneSimulator.platform/Developer/SDKs/iPhoneSimulator26.1.sdk -o /Users/itechnolabs/Library/Developer/Xcode/DerivedData/SDKStatCaches.noindex/iphonesimulator26.1-23B77-90cf18a4295e390e64c810bc6bd7acbc.sdkstatcache

ProcessInfoPlistFile /Users/itechnolabs/Library/Developer/Xcode/DerivedData/Choona-dnghcflyrszrcwfmpfesqspssftx/Build/Products/Debug-iphonesimulator/leveldb-library/leveldb_Privacy.bundle/Info.plist /Users/itechnolabs/Documents/Vijay/choona/ios/Pods/Target\ Support\ Files/leveldb-library/ResourceBundle-leveldb_Privacy-leveldb-library-Info.plist (in target 'leveldb-library-leveldb_Privacy' from project 'Pods')
    cd /Users/itechnolabs/Documents/Vijay/choona/ios/Pods
    builtin-infoPlistUtility /Users/itechnolabs/Documents/Vijay/choona/ios/Pods/Target\ Support\ Files/leveldb-library/ResourceBundle-leveldb_Privacy-leveldb-library-Info.plist -producttype com.apple.product-type.bundle -expandbuildsettings -format binary -platform iphonesimulator -o /Users/itechnolabs/Library/Developer/Xcode/DerivedData/Choona-dnghcflyrszrcwfmpfesqspssftx/Build/Products/Debug-iphonesimulator/leveldb-library/leveldb_Privacy.bundle/Info.plist

ProcessInfoPlistFile /Users/itechnolabs/Library/Developer/Xcode/DerivedData/Choona-dnghcflyrszrcwfmpfesqspssftx/Build/Products/Debug-iphonesimulator/React-Core/AccessibilityResources.bundle/Info.plist /Users/itechnolabs/Documents/Vijay/choona/ios/Pods/Target\ Support\ Files/React-Core/ResourceBundle-AccessibilityResources-React-Core-Info.plist (in target 'React-Core-AccessibilityResources' from project 'Pods')
    cd /Users/itechnolabs/Documents/Vijay/choona/ios/Pods
    builtin-infoPlistUtility /Users/itechnolabs/Documents/Vijay/choona/ios/Pods/Target\ Support\ Files/React-Core/ResourceBundle-AccessibilityResources-React-Core-Info.plist -producttype com.apple.product-type.bundle -expandbuildsettings -format binary -platform iphonesimulator -o /Users/itechnolabs/Library/Developer/Xcode/DerivedData/Choona-dnghcflyrszrcwfmpfesqspssftx/Build/Products/Debug-iphonesimulator/React-Core/AccessibilityResources.bundle/Info.plist

ProcessInfoPlistFile /Users/itechnolabs/Library/Developer/Xcode/DerivedData/Choona-dnghcflyrszrcwfmpfesqspssftx/Build/Products/Debug-iphonesimulator/Protobuf/Protobuf_Privacy.bundle/Info.plist /Users/itechnolabs/Documents/Vijay/choona/ios/Pods/Target\ Support\ Files/Protobuf/ResourceBundle-Protobuf_Privacy-Protobuf-Info.plist (in target 'Protobuf-Protobuf_Privacy' from project 'Pods')
    cd /Users/itechnolabs/Documents/Vijay/choona/ios/Pods
    builtin-infoPlistUtility /Users/itechnolabs/Documents/Vijay/choona/ios/Pods/Target\ Support\ Files/Protobuf/ResourceBundle-Protobuf_Privacy-Protobuf-Info.plist -producttype com.apple.product-type.bundle -expandbuildsettings -format binary -platform iphonesimulator -o /Users/itechnolabs/Library/Developer/Xcode/DerivedData/Choona-dnghcflyrszrcwfmpfesqspssftx/Build/Products/Debug-iphonesimulator/Protobuf/Protobuf_Privacy.bundle/Info.plist

ProcessInfoPlistFile /Users/itechnolabs/Library/Developer/Xcode/DerivedData/Choona-dnghcflyrszrcwfmpfesqspssftx/Build/Products/Debug-iphonesimulator/RNImageCropPicker/QBImagePicker.bundle/Info.plist /Users/itechnolabs/Documents/Vijay/choona/ios/Pods/Target\ Support\ Files/RNImageCropPicker/ResourceBundle-QBImagePicker-RNImageCropPicker-Info.plist (in target 'RNImageCropPicker-QBImagePicker' from project 'Pods')
    cd /Users/itechnolabs/Documents/Vijay/choona/ios/Pods
    builtin-infoPlistUtility /Users/itechnolabs/Documents/Vijay/choona/ios/Pods/Target\ Support\ Files/RNImageCropPicker/ResourceBundle-QBImagePicker-RNImageCropPicker-Info.plist -producttype com.apple.product-type.bundle -expandbuildsettings -format binary -platform iphonesimulator -additionalcontentfile /Users/itechnolabs/Library/Developer/Xcode/DerivedData/Choona-dnghcflyrszrcwfmpfesqspssftx/Build/Intermediates.noindex/Pods.build/Debug-iphonesimulator/RNImageCropPicker-QBImagePicker.build/QBImagePicker-SBPartialInfo.plist -o /Users/itechnolabs/Library/Developer/Xcode/DerivedData/Choona-dnghcflyrszrcwfmpfesqspssftx/Build/Products/Debug-iphonesimulator/RNImageCropPicker/QBImagePicker.bundle/Info.plist

PhaseScriptExecution [CP]\ Copy\ XCFrameworks /Users/itechnolabs/Library/Developer/Xcode/DerivedData/Choona-dnghcflyrszrcwfmpfesqspssftx/Build/Intermediates.noindex/Pods.build/Debug-iphonesimulator/OneSignalXCFramework.build/Script-EA76480A2872A2F39118770249311760.sh (in target 'OneSignalXCFramework' from project 'Pods')
    cd /Users/itechnolabs/Documents/Vijay/choona/ios/Pods
    /bin/sh -c /Users/itechnolabs/Library/Developer/Xcode/DerivedData/Choona-dnghcflyrszrcwfmpfesqspssftx/Build/Intermediates.noindex/Pods.build/Debug-iphonesimulator/OneSignalXCFramework.build/Script-EA76480A2872A2F39118770249311760.sh
Selected xcframework slice ios-arm64_x86_64-simulator
rsync --delete -av --filter P .*.?????? --links --filter "- CVS/" --filter "- .svn/" --filter "- .git/" --filter "- .hg/" "/Users/itechnolabs/Documents/Vijay/choona/ios/Pods/OneSignalXCFramework/iOS_SDK/OneSignalSDK/OneSignal_XCFramework/OneSignal.xcframework/ios-arm64_x86_64-simulator/*" "/Users/itechnolabs/Library/Developer/Xcode/DerivedData/Choona-dnghcflyrszrcwfmpfesqspssftx/Build/Products/Debug-iphonesimulator/XCFrameworkIntermediates/OneSignalXCFramework"
Transfer starting: 10 files

sent 704 bytes  received 20 bytes  344761 bytes/sec
total size is 1561355  speedup is 2156.56
Copied /Users/itechnolabs/Documents/Vijay/choona/ios/Pods/OneSignalXCFramework/iOS_SDK/OneSignalSDK/OneSignal_XCFramework/OneSignal.xcframework/ios-arm64_x86_64-simulator to /Users/itechnolabs/Library/Developer/Xcode/DerivedData/Choona-dnghcflyrszrcwfmpfesqspssftx/Build/Products/Debug-iphonesimulator/XCFrameworkIntermediates/OneSignalXCFramework
Selected xcframework slice ios-arm64_x86_64-simulator
rsync --delete -av --filter P .*.?????? --links --filter "- CVS/" --filter "- .svn/" --filter "- .git/" --filter "- .hg/" "/Users/itechnolabs/Documents/Vijay/choona/ios/Pods/OneSignalXCFramework/iOS_SDK/OneSignalSDK/OneSignal_Core/OneSignalCore.xcframework/ios-arm64_x86_64-simulator/*" "/Users/itechnolabs/Library/Developer/Xcode/DerivedData/Choona-dnghcflyrszrcwfmpfesqspssftx/Build/Products/Debug-iphonesimulator/XCFrameworkIntermediates/OneSignalXCFramework/OneSignalCore"
Transfer starting: 26 files

sent 1981 bytes  received 20 bytes  392352 bytes/sec
total size is 449274  speedup is 224.52
Copied /Users/itechnolabs/Documents/Vijay/choona/ios/Pods/OneSignalXCFramework/iOS_SDK/OneSignalSDK/OneSignal_Core/OneSignalCore.xcframework/ios-arm64_x86_64-simulator to /Users/itechnolabs/Library/Developer/Xcode/DerivedData/Choona-dnghcflyrszrcwfmpfesqspssftx/Build/Products/Debug-iphonesimulator/XCFrameworkIntermediates/OneSignalXCFramework/OneSignalCore
Selected xcframework slice ios-arm64_x86_64-simulator
rsync --delete -av --filter P .*.?????? --links --filter "- CVS/" --filter "- .svn/" --filter "- .git/" --filter "- .hg/" "/Users/itechnolabs/Documents/Vijay/choona/ios/Pods/OneSignalXCFramework/iOS_SDK/OneSignalSDK/OneSignal_Extension/OneSignalExtension.xcframework/ios-arm64_x86_64-simulator/*" "/Users/itechnolabs/Library/Developer/Xcode/DerivedData/Choona-dnghcflyrszrcwfmpfesqspssftx/Build/Products/Debug-iphonesimulator/XCFrameworkIntermediates/OneSignalXCFramework/OneSignalExtension"
Transfer starting: 14 files

sent 1202 bytes  received 20 bytes  239607 bytes/sec
total size is 258856  speedup is 211.83
Copied /Users/itechnolabs/Documents/Vijay/choona/ios/Pods/OneSignalXCFramework/iOS_SDK/OneSignalSDK/OneSignal_Extension/OneSignalExtension.xcframework/ios-arm64_x86_64-simulator to /Users/itechnolabs/Library/Developer/Xcode/DerivedData/Choona-dnghcflyrszrcwfmpfesqspssftx/Build/Products/Debug-iphonesimulator/XCFrameworkIntermediates/OneSignalXCFramework/OneSignalExtension
Selected xcframework slice ios-arm64_x86_64-simulator
rsync --delete -av --filter P .*.?????? --links --filter "- CVS/" --filter "- .svn/" --filter "- .git/" --filter "- .hg/" "/Users/itechnolabs/Documents/Vijay/choona/ios/Pods/OneSignalXCFramework/iOS_SDK/OneSignalSDK/OneSignal_Outcomes/OneSignalOutcomes.xcframework/ios-arm64_x86_64-simulator/*" "/Users/itechnolabs/Library/Developer/Xcode/DerivedData/Choona-dnghcflyrszrcwfmpfesqspssftx/Build/Products/Debug-iphonesimulator/XCFrameworkIntermediates/OneSignalXCFramework/OneSignalOutcomes"
Transfer starting: 27 files

sent 2205 bytes  received 20 bytes  313380 bytes/sec
total size is 388832  speedup is 174.76
Copied /Users/itechnolabs/Documents/Vijay/choona/ios/Pods/OneSignalXCFramework/iOS_SDK/OneSignalSDK/OneSignal_Outcomes/OneSignalOutcomes.xcframework/ios-arm64_x86_64-simulator to /Users/itechnolabs/Library/Developer/Xcode/DerivedData/Choona-dnghcflyrszrcwfmpfesqspssftx/Build/Products/Debug-iphonesimulator/XCFrameworkIntermediates/OneSignalXCFramework/OneSignalOutcomes

warning: Run script build phase '[CP-User] Config codegen' will be run during every build because it does not specify any outputs. To address this issue, either add output dependencies to the script phase, or configure it to run in every build by unchecking "Based on dependency analysis" in the script phase. (in target 'react-native-config' from project 'Pods')
PhaseScriptExecution [CP-User]\ Config\ codegen /Users/itechnolabs/Library/Developer/Xcode/DerivedData/Choona-dnghcflyrszrcwfmpfesqspssftx/Build/Intermediates.noindex/Pods.build/Debug-iphonesimulator/react-native-config.build/Script-97D8018E739DEEE24C1AAAD1713AD3DC.sh (in target 'react-native-config' from project 'Pods')
    cd /Users/itechnolabs/Documents/Vijay/choona/ios/Pods
    export ACTION\=build
    export AD_HOC_CODE_SIGNING_ALLOWED\=YES
    export ALLOW_BUILD_REQUEST_OVERRIDES\=NO
    export ALLOW_TARGET_PLATFORM_SPECIALIZATION\=NO
    export ALTERNATE_GROUP\=staff
    export ALTERNATE_MODE\=u+w,go-w,a+rX
    export ALTERNATE_OWNER\=itechnolabs
    export ALTERNATIVE_DISTRIBUTION_WEB\=NO
    export ALWAYS_EMBED_SWIFT_STANDARD_LIBRARIES\=NO
    export ALWAYS_SEARCH_USER_PATHS\=NO
    export ALWAYS_USE_SEPARATE_HEADERMAPS\=NO
    export ANDROID_DEPLOYMENT_TARGET\=21.0
    export APPLICATION_EXTENSION_API_ONLY\=NO
    export APPLY_RULES_IN_COPY_FILES\=NO
    export APPLY_RULES_IN_COPY_HEADERS\=NO
    export APP_SHORTCUTS_ENABLE_FLEXIBLE_MATCHING\=YES
    export ARCHS\=arm64
    export ARCHS_STANDARD\=arm64\ x86_64
    export ARCHS_STANDARD_32_64_BIT\=arm64\ x86_64
    export ARCHS_STANDARD_64_BIT\=arm64\ x86_64
    export ARCHS_STANDARD_INCLUDING_64_BIT\=arm64\ x86_64
    export ARCHS_UNIVERSAL_IPHONE_OS\=arm64\ x86_64
    export ASSETCATALOG_COMPILER_GENERATE_SWIFT_ASSET_SYMBOL_EXTENSIONS\=NO
    export AUTOMATICALLY_MERGE_DEPENDENCIES\=NO
    export AUTOMATION_APPLE_EVENTS\=NO
    export AVAILABLE_PLATFORMS\=android\ appletvos\ appletvsimulator\ driverkit\ iphoneos\ iphonesimulator\ macosx\ qnx\ watchos\ watchsimulator\ webassembly\ xros\ xrsimulator
    export BUILD_ACTIVE_RESOURCES_ONLY\=NO
    export BUILD_COMPONENTS\=headers\ build
    export BUILD_DIR\=/Users/itechnolabs/Library/Developer/Xcode/DerivedData/Choona-dnghcflyrszrcwfmpfesqspssftx/Build/Products
    export BUILD_LIBRARY_FOR_DISTRIBUTION\=NO
    export BUILD_ROOT\=/Users/itechnolabs/Library/Developer/Xcode/DerivedData/Choona-dnghcflyrszrcwfmpfesqspssftx/Build/Products
    export BUILD_STYLE\=
    export BUILD_VARIANTS\=normal
    export BUILT_PRODUCTS_DIR\=/Users/itechnolabs/Library/Developer/Xcode/DerivedData/Choona-dnghcflyrszrcwfmpfesqspssftx/Build/Products/Debug-iphonesimulator/react-native-config
    export BUNDLE_CONTENTS_FOLDER_PATH_deep\=Contents/
    export BUNDLE_EXECUTABLE_FOLDER_NAME_deep\=MacOS
    export BUNDLE_EXTENSIONS_FOLDER_PATH\=Extensions
    export BUNDLE_FORMAT\=shallow
    export BUNDLE_FRAMEWORKS_FOLDER_PATH\=Frameworks
    export BUNDLE_PLUGINS_FOLDER_PATH\=PlugIns
    export BUNDLE_PRIVATE_HEADERS_FOLDER_PATH\=PrivateHeaders
    export BUNDLE_PUBLIC_HEADERS_FOLDER_PATH\=Headers
    export CACHE_ROOT\=/var/folders/ff/n1gxxz3133vbjkgtw1p49zgm0000gn/C/com.apple.DeveloperTools/26.1-17B55/Xcode
    export CCHROOT\=/var/folders/ff/n1gxxz3133vbjkgtw1p49zgm0000gn/C/com.apple.DeveloperTools/26.1-17B55/Xcode
    export CHMOD\=/bin/chmod
    export CHOWN\=/usr/sbin/chown
    export CLANG_ANALYZER_LOCALIZABILITY_NONLOCALIZED\=YES
    export CLANG_ANALYZER_NONNULL\=YES
    export CLANG_ANALYZER_NUMBER_OBJECT_CONVERSION\=YES_AGGRESSIVE
    export CLANG_CACHE_FINE_GRAINED_OUTPUTS\=YES
    export CLANG_CXX_LANGUAGE_STANDARD\=gnu++14
    export CLANG_CXX_LIBRARY\=libc++
    export CLANG_ENABLE_EXPLICIT_MODULES\=YES
    export CLANG_ENABLE_MODULES\=YES
    export CLANG_ENABLE_MODULE_DEBUGGING\=NO
    export CLANG_ENABLE_OBJC_ARC\=YES
    export CLANG_ENABLE_OBJC_WEAK\=YES
    export CLANG_MODULES_BUILD_SESSION_FILE\=/Users/itechnolabs/Library/Developer/Xcode/DerivedData/ModuleCache.noindex/Session.modulevalidation
    export CLANG_WARN_BLOCK_CAPTURE_AUTORELEASING\=YES
    export CLANG_WARN_BOOL_CONVERSION\=YES
    export CLANG_WARN_COMMA\=YES
    export CLANG_WARN_CONSTANT_CONVERSION\=YES
    export CLANG_WARN_DEPRECATED_OBJC_IMPLEMENTATIONS\=YES
    export CLANG_WARN_DIRECT_OBJC_ISA_USAGE\=YES_ERROR
    export CLANG_WARN_DOCUMENTATION_COMMENTS\=YES
    export CLANG_WARN_EMPTY_BODY\=YES
    export CLANG_WARN_ENUM_CONVERSION\=YES
    export CLANG_WARN_INFINITE_RECURSION\=YES
    export CLANG_WARN_INT_CONVERSION\=YES
    export CLANG_WARN_NON_LITERAL_NULL_CONVERSION\=YES
    export CLANG_WARN_OBJC_IMPLICIT_RETAIN_SELF\=YES
    export CLANG_WARN_OBJC_LITERAL_CONVERSION\=YES
    export CLANG_WARN_OBJC_ROOT_CLASS\=YES_ERROR
    export CLANG_WARN_QUOTED_INCLUDE_IN_FRAMEWORK_HEADER\=NO
    export CLANG_WARN_RANGE_LOOP_ANALYSIS\=YES
    export CLANG_WARN_STRICT_PROTOTYPES\=YES
    export CLANG_WARN_SUSPICIOUS_MOVE\=YES
    export CLANG_WARN_UNGUARDED_AVAILABILITY\=YES_AGGRESSIVE
    export CLANG_WARN_UNREACHABLE_CODE\=YES
    export CLANG_WARN__DUPLICATE_METHOD_MATCH\=YES
    export CLASS_FILE_DIR\=/Users/itechnolabs/Library/Developer/Xcode/DerivedData/Choona-dnghcflyrszrcwfmpfesqspssftx/Build/Intermediates.noindex/Pods.build/Debug-iphonesimulator/react-native-config.build/JavaClasses
    export CLEAN_PRECOMPS\=YES
    export CLONE_HEADERS\=NO
    export CODESIGNING_FOLDER_PATH\=/Users/itechnolabs/Library/Developer/Xcode/DerivedData/Choona-dnghcflyrszrcwfmpfesqspssftx/Build/Products/Debug-iphonesimulator/react-native-config/libreact-native-config.a
    export CODE_SIGNING_ALLOWED\=NO
    export CODE_SIGNING_REQUIRED\=YES
    export CODE_SIGN_CONTEXT_CLASS\=XCiPhoneSimulatorCodeSignContext
    export CODE_SIGN_IDENTITY\=-
    export CODE_SIGN_INJECT_BASE_ENTITLEMENTS\=YES
    export COLOR_DIAGNOSTICS\=NO
    export COMBINE_HIDPI_IMAGES\=NO
    export COMPILATION_CACHE_CAS_PATH\=/Users/itechnolabs/Library/Developer/Xcode/DerivedData/CompilationCache.noindex
    export COMPILATION_CACHE_KEEP_CAS_DIRECTORY\=YES
    export COMPILER_INDEX_STORE_ENABLE\=Default
    export COMPOSITE_SDK_DIRS\=/Users/itechnolabs/Library/Developer/Xcode/DerivedData/Choona-dnghcflyrszrcwfmpfesqspssftx/Build/Intermediates.noindex/CompositeSDKs
    export COMPRESS_PNG_FILES\=YES
    export CONFIGURATION\=Debug
    export CONFIGURATION_BUILD_DIR\=/Users/itechnolabs/Library/Developer/Xcode/DerivedData/Choona-dnghcflyrszrcwfmpfesqspssftx/Build/Products/Debug-iphonesimulator/react-native-config
    export CONFIGURATION_TEMP_DIR\=/Users/itechnolabs/Library/Developer/Xcode/DerivedData/Choona-dnghcflyrszrcwfmpfesqspssftx/Build/Intermediates.noindex/Pods.build/Debug-iphonesimulator
    export COPYING_PRESERVES_HFS_DATA\=NO
    export COPY_HEADERS_RUN_UNIFDEF\=NO
    export COPY_PHASE_STRIP\=NO
    export CORRESPONDING_DEVICE_PLATFORM_DIR\=/Applications/Xcode.app/Contents/Developer/Platforms/iPhoneOS.platform
    export CORRESPONDING_DEVICE_PLATFORM_NAME\=iphoneos
    export CORRESPONDING_DEVICE_SDK_DIR\=/Applications/Xcode.app/Contents/Developer/Platforms/iPhoneOS.platform/Developer/SDKs/iPhoneOS26.1.sdk
    export CORRESPONDING_DEVICE_SDK_NAME\=iphoneos26.1
    export CP\=/bin/cp
    export CREATE_INFOPLIST_SECTION_IN_BINARY\=NO
    export CURRENT_ARCH\=undefined_arch
    export CURRENT_VARIANT\=normal
    export DEAD_CODE_STRIPPING\=YES
    export DEBUGGING_SYMBOLS\=YES
    export DEBUG_INFORMATION_FORMAT\=dwarf
    export DEBUG_INFORMATION_VERSION\=compiler-default
    export DEFAULT_COMPILER\=com.apple.compilers.llvm.clang.1_0
    export DEFAULT_DEXT_INSTALL_PATH\=/System/Library/DriverExtensions
    export DEFAULT_KEXT_INSTALL_PATH\=/System/Library/Extensions
    export DEFINES_MODULE\=NO
    export DEPLOYMENT_LOCATION\=NO
    export DEPLOYMENT_POSTPROCESSING\=NO
    export DEPLOYMENT_TARGET_SETTING_NAME\=IPHONEOS_DEPLOYMENT_TARGET
    export DEPLOYMENT_TARGET_SUGGESTED_VALUES\=12.0\ 12.1\ 12.2\ 12.3\ 12.4\ 13.0\ 13.1\ 13.2\ 13.3\ 13.4\ 13.5\ 13.6\ 14.0\ 14.1\ 14.2\ 14.3\ 14.4\ 14.5\ 14.6\ 14.7\ 15.0\ 15.1\ 15.2\ 15.3\ 15.4\ 15.5\ 15.6\ 16.0\ 16.1\ 16.2\ 16.3\ 16.4\ 16.5\ 16.6\ 17.0\ 17.1\ 17.2\ 17.3\ 17.4\ 17.5\ 17.6\ 18.0\ 18.1\ 18.2\ 18.3\ 18.4\ 18.5\ 18.6\ 26.0\ 26.1
    export DERIVED_FILES_DIR\=/Users/itechnolabs/Library/Developer/Xcode/DerivedData/Choona-dnghcflyrszrcwfmpfesqspssftx/Build/Intermediates.noindex/Pods.build/Debug-iphonesimulator/react-native-config.build/DerivedSources
    export DERIVED_FILE_DIR\=/Users/itechnolabs/Library/Developer/Xcode/DerivedData/Choona-dnghcflyrszrcwfmpfesqspssftx/Build/Intermediates.noindex/Pods.build/Debug-iphonesimulator/react-native-config.build/DerivedSources
    export DERIVED_SOURCES_DIR\=/Users/itechnolabs/Library/Developer/Xcode/DerivedData/Choona-dnghcflyrszrcwfmpfesqspssftx/Build/Intermediates.noindex/Pods.build/Debug-iphonesimulator/react-native-config.build/DerivedSources
    export DEVELOPER_APPLICATIONS_DIR\=/Applications/Xcode.app/Contents/Developer/Applications
    export DEVELOPER_BIN_DIR\=/Applications/Xcode.app/Contents/Developer/usr/bin
    export DEVELOPER_DIR\=/Applications/Xcode.app/Contents/Developer
    export DEVELOPER_FRAMEWORKS_DIR\=/Applications/Xcode.app/Contents/Developer/Library/Frameworks
    export DEVELOPER_FRAMEWORKS_DIR_QUOTED\=/Applications/Xcode.app/Contents/Developer/Library/Frameworks
    export DEVELOPER_LIBRARY_DIR\=/Applications/Xcode.app/Contents/Developer/Library
    export DEVELOPER_SDK_DIR\=/Applications/Xcode.app/Contents/Developer/Platforms/MacOSX.platform/Developer/SDKs
    export DEVELOPER_TOOLS_DIR\=/Applications/Xcode.app/Contents/Developer/Tools
    export DEVELOPER_USR_DIR\=/Applications/Xcode.app/Contents/Developer/usr
    export DEVELOPMENT_LANGUAGE\=en
    export DIAGNOSE_MISSING_TARGET_DEPENDENCIES\=YES
    export DIFF\=/usr/bin/diff
    export DONT_GENERATE_INFOPLIST_FILE\=NO
    export DSTROOT\=/tmp/Pods.dst
    export DT_TOOLCHAIN_DIR\=/Applications/Xcode.app/Contents/Developer/Toolchains/XcodeDefault.xctoolchain
    export DWARF_DSYM_FILE_NAME\=libreact-native-config.a.dSYM
    export DWARF_DSYM_FILE_SHOULD_ACCOMPANY_PRODUCT\=NO
    export DWARF_DSYM_FOLDER_PATH\=/Users/itechnolabs/Library/Developer/Xcode/DerivedData/Choona-dnghcflyrszrcwfmpfesqspssftx/Build/Products/Debug-iphonesimulator/react-native-config
    export DYNAMIC_LIBRARY_EXTENSION\=dylib
    export EAGER_COMPILATION_ALLOW_SCRIPTS\=NO
    export EAGER_LINKING\=NO
    export EFFECTIVE_PLATFORM_NAME\=-iphonesimulator
    export EMBEDDED_CONTENT_CONTAINS_SWIFT\=NO
    export EMBED_ASSET_PACKS_IN_PRODUCT_BUNDLE\=NO
    export ENABLE_APP_SANDBOX\=NO
    export ENABLE_CODE_COVERAGE\=YES
    export ENABLE_CPLUSPLUS_BOUNDS_SAFE_BUFFERS\=NO
    export ENABLE_C_BOUNDS_SAFETY\=NO
    export ENABLE_DEFAULT_HEADER_SEARCH_PATHS\=YES
    export ENABLE_DEFAULT_SEARCH_PATHS\=YES
    export ENABLE_ENHANCED_SECURITY\=NO
    export ENABLE_HARDENED_RUNTIME\=NO
    export ENABLE_HEADER_DEPENDENCIES\=YES
    export ENABLE_INCOMING_NETWORK_CONNECTIONS\=NO
    export ENABLE_MODULE_VERIFIER\=NO
    export ENABLE_ON_DEMAND_RESOURCES\=NO
    export ENABLE_OUTGOING_NETWORK_CONNECTIONS\=NO
    export ENABLE_POINTER_AUTHENTICATION\=NO
    export ENABLE_PREVIEWS\=NO
    export ENABLE_RESOURCE_ACCESS_AUDIO_INPUT\=NO
    export ENABLE_RESOURCE_ACCESS_BLUETOOTH\=NO
    export ENABLE_RESOURCE_ACCESS_CALENDARS\=NO
    export ENABLE_RESOURCE_ACCESS_CAMERA\=NO
    export ENABLE_RESOURCE_ACCESS_CONTACTS\=NO
    export ENABLE_RESOURCE_ACCESS_LOCATION\=NO
    export ENABLE_RESOURCE_ACCESS_PHOTO_LIBRARY\=NO
    export ENABLE_RESOURCE_ACCESS_PRINTING\=NO
    export ENABLE_RESOURCE_ACCESS_USB\=NO
    export ENABLE_SDK_IMPORTS\=NO
    export ENABLE_SECURITY_COMPILER_WARNINGS\=NO
    export ENABLE_STRICT_OBJC_MSGSEND\=YES
    export ENABLE_TESTABILITY\=YES
    export ENABLE_TESTING_SEARCH_PATHS\=NO
    export ENABLE_USER_SCRIPT_SANDBOXING\=NO
    export ENABLE_XOJIT_PREVIEWS\=YES
    export ENFORCE_VALID_ARCHS\=YES
    export ENTITLEMENTS_DESTINATION\=__entitlements
    export ENTITLEMENTS_REQUIRED\=YES
    export EXCLUDED_INSTALLSRC_SUBDIRECTORY_PATTERNS\=.DS_Store\ .svn\ .git\ .hg\ CVS
    export EXCLUDED_RECURSIVE_SEARCH_PATH_SUBDIRECTORIES\=\*.nib\ \*.lproj\ \*.framework\ \*.gch\ \*.xcode\*\ \*.xcassets\ \*.icon\ \(\*\)\ .DS_Store\ CVS\ .svn\ .git\ .hg\ \*.pbproj\ \*.pbxproj
    export EXECUTABLE_EXTENSION\=a
    export EXECUTABLE_NAME\=libreact-native-config.a
    export EXECUTABLE_PATH\=libreact-native-config.a
    export EXECUTABLE_PREFIX\=lib
    export EXECUTABLE_SUFFIX\=.a
    export FILE_LIST\=/Users/itechnolabs/Library/Developer/Xcode/DerivedData/Choona-dnghcflyrszrcwfmpfesqspssftx/Build/Intermediates.noindex/Pods.build/Debug-iphonesimulator/react-native-config.build/Objects/LinkFileList
    export FIXED_FILES_DIR\=/Users/itechnolabs/Library/Developer/Xcode/DerivedData/Choona-dnghcflyrszrcwfmpfesqspssftx/Build/Intermediates.noindex/Pods.build/Debug-iphonesimulator/react-native-config.build/FixedFiles
    export FRAMEWORK_FLAG_PREFIX\=-framework
    export FRAMEWORK_SEARCH_PATHS\=/Users/itechnolabs/Library/Developer/Xcode/DerivedData/Choona-dnghcflyrszrcwfmpfesqspssftx/Build/Products/Debug-iphonesimulator/react-native-config\ 
    export FRAMEWORK_VERSION\=A
    export FULL_PRODUCT_NAME\=libreact-native-config.a
    export FUSE_BUILD_PHASES\=YES
    export FUSE_BUILD_SCRIPT_PHASES\=NO
    export GCC3_VERSION\=3.3
    export GCC_C_LANGUAGE_STANDARD\=gnu11
    export GCC_DYNAMIC_NO_PIC\=NO
    export GCC_NO_COMMON_BLOCKS\=YES
    export GCC_OBJC_LEGACY_DISPATCH\=YES
    export GCC_OPTIMIZATION_LEVEL\=0
    export GCC_PFE_FILE_C_DIALECTS\=c\ objective-c\ c++\ objective-c++
    export GCC_PREFIX_HEADER\=Target\ Support\ Files/react-native-config/react-native-config-prefix.pch
    export GCC_PREPROCESSOR_DEFINITIONS\=POD_CONFIGURATION_DEBUG\=1\ DEBUG\=1\ \ COCOAPODS\=1
    export GCC_TREAT_WARNINGS_AS_ERRORS\=NO
    export GCC_VERSION\=com.apple.compilers.llvm.clang.1_0
    export GCC_VERSION_IDENTIFIER\=com_apple_compilers_llvm_clang_1_0
    export GCC_WARN_64_TO_32_BIT_CONVERSION\=YES
    export GCC_WARN_ABOUT_RETURN_TYPE\=YES_ERROR
    export GCC_WARN_UNDECLARED_SELECTOR\=YES
    export GCC_WARN_UNINITIALIZED_AUTOS\=YES_AGGRESSIVE
    export GCC_WARN_UNUSED_FUNCTION\=YES
    export GCC_WARN_UNUSED_VARIABLE\=YES
    export GENERATED_MODULEMAP_DIR\=/Users/itechnolabs/Library/Developer/Xcode/DerivedData/Choona-dnghcflyrszrcwfmpfesqspssftx/Build/Intermediates.noindex/GeneratedModuleMaps-iphonesimulator
    export GENERATE_INFOPLIST_FILE\=NO
    export GENERATE_INTERMEDIATE_TEXT_BASED_STUBS\=YES
    export GENERATE_PKGINFO_FILE\=NO
    export GENERATE_PRELINK_OBJECT_FILE\=NO
    export GENERATE_PROFILING_CODE\=NO
    export GENERATE_TEXT_BASED_STUBS\=NO
    export GID\=20
    export GROUP\=staff
    export HEADERMAP_INCLUDES_FLAT_ENTRIES_FOR_TARGET_BEING_BUILT\=YES
    export HEADERMAP_INCLUDES_FRAMEWORK_ENTRIES_FOR_ALL_PRODUCT_TYPES\=YES
    export HEADERMAP_INCLUDES_FRAMEWORK_ENTRIES_FOR_TARGETS_NOT_BEING_BUILT\=YES
    export HEADERMAP_INCLUDES_NONPUBLIC_NONPRIVATE_HEADERS\=YES
    export HEADERMAP_INCLUDES_PROJECT_HEADERS\=YES
    export HEADERMAP_USES_FRAMEWORK_PREFIX_ENTRIES\=YES
    export HEADERMAP_USES_VFS\=NO
    export HEADER_SEARCH_PATHS\=/Users/itechnolabs/Library/Developer/Xcode/DerivedData/Choona-dnghcflyrszrcwfmpfesqspssftx/Build/Products/Debug-iphonesimulator/react-native-config/include\ \ \"/Users/itechnolabs/Documents/Vijay/choona/ios/Pods/Headers/Private\"\ \"/Users/itechnolabs/Documents/Vijay/choona/ios/Pods/Headers/Private/react-native-config\"\ \"/Users/itechnolabs/Documents/Vijay/choona/ios/Pods/Headers/Public\"\ \"/Users/itechnolabs/Documents/Vijay/choona/ios/Pods/Headers/Public/DoubleConversion\"\ \"/Users/itechnolabs/Documents/Vijay/choona/ios/Pods/Headers/Public/RCT-Folly\"\ \"/Users/itechnolabs/Documents/Vijay/choona/ios/Pods/Headers/Public/React-Core\"\ \"/Users/itechnolabs/Documents/Vijay/choona/ios/Pods/Headers/Public/React-callinvoker\"\ \"/Users/itechnolabs/Documents/Vijay/choona/ios/Pods/Headers/Public/React-cxxreact\"\ \"/Users/itechnolabs/Documents/Vijay/choona/ios/Pods/Headers/Public/React-jsi\"\ \"/Users/itechnolabs/Documents/Vijay/choona/ios/Pods/Headers/Public/React-jsiexecutor\"\ \"/Users/itechnolabs/Documents/Vijay/choona/ios/Pods/Headers/Public/React-jsinspector\"\ \"/Users/itechnolabs/Documents/Vijay/choona/ios/Pods/Headers/Public/React-perflogger\"\ \"/Users/itechnolabs/Documents/Vijay/choona/ios/Pods/Headers/Public/React-runtimeexecutor\"\ \"/Users/itechnolabs/Documents/Vijay/choona/ios/Pods/Headers/Public/Yoga\"\ \"/Users/itechnolabs/Documents/Vijay/choona/ios/Pods/Headers/Public/glog\"\ \"/Users/itechnolabs/Documents/Vijay/choona/ios/Pods/Headers/Public/react-native-config\"
    export HOME\=/Users/itechnolabs
    export HOST_ARCH\=arm64
    export HOST_PLATFORM\=macosx
    export ICONV\=/usr/bin/iconv
    export IMPLICIT_DEPENDENCY_DOMAIN\=default
    export INFOPLIST_ENABLE_CFBUNDLEICONS_MERGE\=YES
    export INFOPLIST_EXPAND_BUILD_SETTINGS\=YES
    export INFOPLIST_OUTPUT_FORMAT\=binary
    export INFOPLIST_PREPROCESS\=NO
    export INLINE_PRIVATE_FRAMEWORKS\=NO
    export INSTALLAPI_IGNORE_SKIP_INSTALL\=YES
    export INSTALLHDRS_COPY_PHASE\=NO
    export INSTALLHDRS_SCRIPT_PHASE\=NO
    export INSTALL_DIR\=/tmp/Pods.dst/usr/local/lib
    export INSTALL_GROUP\=staff
    export INSTALL_MODE_FLAG\=u+w,go-w,a+rX
    export INSTALL_OWNER\=itechnolabs
    export INSTALL_PATH\=/usr/local/lib
    export INSTALL_ROOT\=/tmp/Pods.dst
    export IPHONEOS_DEPLOYMENT_TARGET\=13.0
    export IS_UNOPTIMIZED_BUILD\=YES
    export JAVAC_DEFAULT_FLAGS\=-J-Xms64m\ -J-XX:NewSize\=4M\ -J-Dfile.encoding\=UTF8
    export JAVA_APP_STUB\=/System/Library/Frameworks/JavaVM.framework/Resources/MacOS/JavaApplicationStub
    export JAVA_ARCHIVE_CLASSES\=YES
    export JAVA_ARCHIVE_TYPE\=JAR
    export JAVA_COMPILER\=/usr/bin/javac
    export JAVA_FRAMEWORK_RESOURCES_DIRS\=Resources
    export JAVA_JAR_FLAGS\=cv
    export JAVA_SOURCE_SUBDIR\=.
    export JAVA_USE_DEPENDENCIES\=YES
    export JAVA_ZIP_FLAGS\=-urg
    export JIKES_DEFAULT_FLAGS\=+E\ +OLDCSO
    export KEEP_PRIVATE_EXTERNS\=NO
    export LD_DEPENDENCY_INFO_FILE\=/Users/itechnolabs/Library/Developer/Xcode/DerivedData/Choona-dnghcflyrszrcwfmpfesqspssftx/Build/Intermediates.noindex/Pods.build/Debug-iphonesimulator/react-native-config.build/Objects-normal/undefined_arch/react-native-config_dependency_info.dat
    export LD_EXPORT_SYMBOLS\=YES
    export LD_GENERATE_MAP_FILE\=NO
    export LD_MAP_FILE_PATH\=/Users/itechnolabs/Library/Developer/Xcode/DerivedData/Choona-dnghcflyrszrcwfmpfesqspssftx/Build/Intermediates.noindex/Pods.build/Debug-iphonesimulator/react-native-config.build/react-native-config-LinkMap-normal-undefined_arch.txt
    export LD_NO_PIE\=NO
    export LD_QUOTE_LINKER_ARGUMENTS_FOR_COMPILER_DRIVER\=YES
    export LD_RUNPATH_SEARCH_PATHS\=\ @loader_path/Frameworks\ @executable_path/Frameworks\ /usr/lib/swift
    export LD_SHARED_CACHE_ELIGIBLE\=Automatic
    export LD_WARN_DUPLICATE_LIBRARIES\=NO
    export LD_WARN_UNUSED_DYLIBS\=NO
    export LEGACY_DEVELOPER_DIR\=/Applications/Xcode.app/Contents/PlugIns/Xcode3Core.ideplugin/Contents/SharedSupport/Developer
    export LEX\=lex
    export LIBRARY_DEXT_INSTALL_PATH\=/Library/DriverExtensions
    export LIBRARY_FLAG_NOSPACE\=YES
    export LIBRARY_FLAG_PREFIX\=-l
    export LIBRARY_KEXT_INSTALL_PATH\=/Library/Extensions
    export LIBRARY_SEARCH_PATHS\=/Users/itechnolabs/Library/Developer/Xcode/DerivedData/Choona-dnghcflyrszrcwfmpfesqspssftx/Build/Products/Debug-iphonesimulator/react-native-config\ \ \"/Applications/Xcode.app/Contents/Developer/Platforms/iPhoneSimulator.platform/Developer/SDKs/iPhoneSimulator26.1.sdk/usr/lib/swift\"\ /Applications/Xcode.app/Contents/Developer/Platforms/iPhoneSimulator.platform/Developer/SDKs/iPhoneSimulator26.1.sdk/usr/lib/swift
    export LINKER_DISPLAYS_MANGLED_NAMES\=NO
    export LINK_FILE_LIST_normal_arm64\=/Users/itechnolabs/Library/Developer/Xcode/DerivedData/Choona-dnghcflyrszrcwfmpfesqspssftx/Build/Intermediates.noindex/Pods.build/Debug-iphonesimulator/react-native-config.build/Objects-normal/arm64/react-native-config.LinkFileList
    export LINK_OBJC_RUNTIME\=YES
    export LINK_WITH_STANDARD_LIBRARIES\=YES
    export LLVM_TARGET_TRIPLE_OS_VERSION\=ios13.0
    export LLVM_TARGET_TRIPLE_SUFFIX\=-simulator
    export LLVM_TARGET_TRIPLE_VENDOR\=apple
    export LM_AUX_CONST_METADATA_LIST_PATH_normal_arm64\=/Users/itechnolabs/Library/Developer/Xcode/DerivedData/Choona-dnghcflyrszrcwfmpfesqspssftx/Build/Intermediates.noindex/Pods.build/Debug-iphonesimulator/react-native-config.build/Objects-normal/arm64/react-native-config.SwiftConstValuesFileList
    export LOCALIZATION_EXPORT_SUPPORTED\=YES
    export LOCALIZATION_PREFERS_STRING_CATALOGS\=NO
    export LOCALIZED_STRING_MACRO_NAMES\=NSLocalizedString\ CFCopyLocalizedString
    export LOCALIZED_STRING_SWIFTUI_SUPPORT\=YES
    export LOCAL_ADMIN_APPS_DIR\=/Applications/Utilities
    export LOCAL_APPS_DIR\=/Applications
    export LOCAL_DEVELOPER_DIR\=/Library/Developer
    export LOCAL_LIBRARY_DIR\=/Library
    export LOCROOT\=/Users/itechnolabs/Documents/Vijay/choona/ios/Pods
    export LOCSYMROOT\=/Users/itechnolabs/Documents/Vijay/choona/ios/Pods
    export MACH_O_TYPE\=staticlib
    export MAC_OS_X_PRODUCT_BUILD_VERSION\=25A362
    export MAC_OS_X_VERSION_ACTUAL\=260001
    export MAC_OS_X_VERSION_MAJOR\=260000
    export MAC_OS_X_VERSION_MINOR\=260000
    export MAKE_MERGEABLE\=NO
    export MERGEABLE_LIBRARY\=NO
    export MERGED_BINARY_TYPE\=none
    export MERGE_LINKED_LIBRARIES\=NO
    export METAL_LIBRARY_FILE_BASE\=default
    export METAL_LIBRARY_OUTPUT_DIR\=/Users/itechnolabs/Library/Developer/Xcode/DerivedData/Choona-dnghcflyrszrcwfmpfesqspssftx/Build/Products/Debug-iphonesimulator/react-native-config/
    export MODULE_CACHE_DIR\=/Users/itechnolabs/Library/Developer/Xcode/DerivedData/ModuleCache.noindex
    export MTL_ENABLE_DEBUG_INFO\=INCLUDE_SOURCE
    export MTL_FAST_MATH\=YES
    export NATIVE_ARCH\=arm64
    export NATIVE_ARCH_32_BIT\=arm
    export NATIVE_ARCH_64_BIT\=arm64
    export NATIVE_ARCH_ACTUAL\=arm64
    export NO_COMMON\=YES
    export OBJC_ABI_VERSION\=2
    export OBJECT_FILE_DIR\=/Users/itechnolabs/Library/Developer/Xcode/DerivedData/Choona-dnghcflyrszrcwfmpfesqspssftx/Build/Intermediates.noindex/Pods.build/Debug-iphonesimulator/react-native-config.build/Objects
    export OBJECT_FILE_DIR_normal\=/Users/itechnolabs/Library/Developer/Xcode/DerivedData/Choona-dnghcflyrszrcwfmpfesqspssftx/Build/Intermediates.noindex/Pods.build/Debug-iphonesimulator/react-native-config.build/Objects-normal
    export OBJROOT\=/Users/itechnolabs/Library/Developer/Xcode/DerivedData/Choona-dnghcflyrszrcwfmpfesqspssftx/Build/Intermediates.noindex
    export ONLY_ACTIVE_ARCH\=NO
    export OS\=MACOS
    export OSAC\=/usr/bin/osacompile
    export OTHER_CFLAGS\=\ -fmodule-map-file\=\"/Users/itechnolabs/Documents/Vijay/choona/ios/Pods/Headers/Public/React/React-Core.modulemap\"\ -fmodule-map-file\=\"/Users/itechnolabs/Documents/Vijay/choona/ios/Pods/Headers/Public/yoga/Yoga.modulemap\"\ -Wno-strict-prototypes\ -Wno-error\ -Wno-deprecated-declarations\ -Wno-implicit-function-declaration
    export OTHER_CPLUSPLUSFLAGS\=\ -fmodule-map-file\=\"/Users/itechnolabs/Documents/Vijay/choona/ios/Pods/Headers/Public/React/React-Core.modulemap\"\ -fmodule-map-file\=\"/Users/itechnolabs/Documents/Vijay/choona/ios/Pods/Headers/Public/yoga/Yoga.modulemap\"\ -Wno-strict-prototypes\ -Wno-error\ -Wno-deprecated-declarations\ -Wno-implicit-function-declaration\ -Wno-bitwise-instead-of-logical\ -Wno-error
    export PACKAGE_TYPE\=com.apple.package-type.static-library
    export PASCAL_STRINGS\=YES
    export PATH\=/Applications/Xcode.app/Contents/SharedFrameworks/SwiftBuild.framework/Versions/A/PlugIns/SWBBuildService.bundle/Contents/PlugIns/SWBUniversalPlatformPlugin.bundle/Contents/Frameworks/SWBUniversalPlatform.framework/Resources:/Applications/Xcode.app/Contents/Developer/Toolchains/XcodeDefault.xctoolchain/usr/bin:/Applications/Xcode.app/Contents/Developer/Toolchains/XcodeDefault.xctoolchain/usr/local/bin:/Applications/Xcode.app/Contents/Developer/Toolchains/XcodeDefault.xctoolchain/usr/libexec:/Applications/Xcode.app/Contents/Developer/Platforms/iPhoneSimulator.platform/usr/bin:/Applications/Xcode.app/Contents/Developer/Platforms/iPhoneSimulator.platform/usr/local/bin:/Applications/Xcode.app/Contents/Developer/Platforms/iPhoneSimulator.platform/Developer/usr/bin:/Applications/Xcode.app/Contents/Developer/Platforms/iPhoneSimulator.platform/Developer/usr/local/bin:/Applications/Xcode.app/Contents/Developer/usr/bin:/Applications/Xcode.app/Contents/Developer/usr/local/bin:/Users/itechnolabs/.antigravity/antigravity/bin:/Users/itechnolabs/.bun/bin:/opt/homebrew/opt/ruby@3.1/bin:/Users/itechnolabs/.yarn/bin:/Users/itechnolabs/.config/yarn/global/node_modules/.bin:/Users/itechnolabs/.nvm/versions/node/v22.21.1/bin:/Library/Frameworks/Python.framework/Versions/3.13/bin:/opt/homebrew/bin:/opt/homebrew/sbin:/Users/itechnolabs/.rbenv/shims:/Users/itechnolabs/.rbenv/bin:/usr/local/bin:/System/Cryptexes/App/usr/bin:/usr/bin:/bin:/usr/sbin:/sbin:/var/run/com.apple.security.cryptexd/codex.system/bootstrap/usr/local/bin:/var/run/com.apple.security.cryptexd/codex.system/bootstrap/usr/bin:/var/run/com.apple.security.cryptexd/codex.system/bootstrap/usr/appleinternal/bin:/opt/X11/bin:/Library/Apple/usr/bin:/Users/itechnolabs/miniconda3/bin:/Users/itechnolabs/miniconda3/condabin:/Users/itechnolabs/Library/Android/sdk/emulator:/Users/itechnolabs/Library/Android/sdk/platform-tools:/Users/itechnolabs/.rvm/bin
    export PATH_PREFIXES_EXCLUDED_FROM_HEADER_DEPENDENCIES\=/usr/include\ /usr/local/include\ /System/Library/Frameworks\ /System/Library/PrivateFrameworks\ /Applications/Xcode.app/Contents/Developer/Headers\ /Applications/Xcode.app/Contents/Developer/SDKs\ /Applications/Xcode.app/Contents/Developer/Platforms
    export PER_ARCH_MODULE_FILE_DIR\=/Users/itechnolabs/Library/Developer/Xcode/DerivedData/Choona-dnghcflyrszrcwfmpfesqspssftx/Build/Intermediates.noindex/Pods.build/Debug-iphonesimulator/react-native-config.build/Objects-normal/undefined_arch
    export PER_ARCH_OBJECT_FILE_DIR\=/Users/itechnolabs/Library/Developer/Xcode/DerivedData/Choona-dnghcflyrszrcwfmpfesqspssftx/Build/Intermediates.noindex/Pods.build/Debug-iphonesimulator/react-native-config.build/Objects-normal/undefined_arch
    export PER_VARIANT_OBJECT_FILE_DIR\=/Users/itechnolabs/Library/Developer/Xcode/DerivedData/Choona-dnghcflyrszrcwfmpfesqspssftx/Build/Intermediates.noindex/Pods.build/Debug-iphonesimulator/react-native-config.build/Objects-normal
    export PKGINFO_FILE_PATH\=/Users/itechnolabs/Library/Developer/Xcode/DerivedData/Choona-dnghcflyrszrcwfmpfesqspssftx/Build/Intermediates.noindex/Pods.build/Debug-iphonesimulator/react-native-config.build/PkgInfo
    export PLATFORM_DEVELOPER_APPLICATIONS_DIR\=/Applications/Xcode.app/Contents/Developer/Platforms/iPhoneSimulator.platform/Developer/Applications
    export PLATFORM_DEVELOPER_BIN_DIR\=/Applications/Xcode.app/Contents/Developer/Platforms/iPhoneSimulator.platform/Developer/usr/bin
    export PLATFORM_DEVELOPER_LIBRARY_DIR\=/Applications/Xcode.app/Contents/Developer/Platforms/iPhoneSimulator.platform/Developer/Library
    export PLATFORM_DEVELOPER_SDK_DIR\=/Applications/Xcode.app/Contents/Developer/Platforms/iPhoneSimulator.platform/Developer/SDKs
    export PLATFORM_DEVELOPER_TOOLS_DIR\=/Applications/Xcode.app/Contents/Developer/Platforms/iPhoneSimulator.platform/Developer/Tools
    export PLATFORM_DEVELOPER_USR_DIR\=/Applications/Xcode.app/Contents/Developer/Platforms/iPhoneSimulator.platform/Developer/usr
    export PLATFORM_DIR\=/Applications/Xcode.app/Contents/Developer/Platforms/iPhoneSimulator.platform
    export PLATFORM_DISPLAY_NAME\=iOS\ Simulator
    export PLATFORM_FAMILY_NAME\=iOS
    export PLATFORM_NAME\=iphonesimulator
    export PLATFORM_PREFERRED_ARCH\=x86_64
    export PLATFORM_PRODUCT_BUILD_VERSION\=23B77
    export PLATFORM_REQUIRES_SWIFT_AUTOLINK_EXTRACT\=NO
    export PLATFORM_REQUIRES_SWIFT_MODULEWRAP\=NO
    export PLIST_FILE_OUTPUT_FORMAT\=binary
    export PODS_BUILD_DIR\=/Users/itechnolabs/Library/Developer/Xcode/DerivedData/Choona-dnghcflyrszrcwfmpfesqspssftx/Build/Products
    export PODS_CONFIGURATION_BUILD_DIR\=/Users/itechnolabs/Library/Developer/Xcode/DerivedData/Choona-dnghcflyrszrcwfmpfesqspssftx/Build/Products/Debug-iphonesimulator
    export PODS_DEVELOPMENT_LANGUAGE\=en
    export PODS_ROOT\=/Users/itechnolabs/Documents/Vijay/choona/ios/Pods
    export PODS_TARGET_SRCROOT\=/Users/itechnolabs/Documents/Vijay/choona/ios/Pods/../../node_modules/react-native-config
    export PODS_XCFRAMEWORKS_BUILD_DIR\=/Users/itechnolabs/Library/Developer/Xcode/DerivedData/Choona-dnghcflyrszrcwfmpfesqspssftx/Build/Products/Debug-iphonesimulator/XCFrameworkIntermediates
    export PRECOMPS_INCLUDE_HEADERS_FROM_BUILT_PRODUCTS_DIR\=YES
    export PRECOMP_DESTINATION_DIR\=/Users/itechnolabs/Library/Developer/Xcode/DerivedData/Choona-dnghcflyrszrcwfmpfesqspssftx/Build/Intermediates.noindex/Pods.build/Debug-iphonesimulator/react-native-config.build/PrefixHeaders
    export PROCESSED_INFOPLIST_PATH\=/Users/itechnolabs/Library/Developer/Xcode/DerivedData/Choona-dnghcflyrszrcwfmpfesqspssftx/Build/Intermediates.noindex/Pods.build/Debug-iphonesimulator/react-native-config.build/Objects-normal/undefined_arch/Processed-Info.plist
    export PRODUCT_BUNDLE_IDENTIFIER\=org.cocoapods.react-native-config
    export PRODUCT_MODULE_NAME\=react_native_config
    export PRODUCT_NAME\=react-native-config
    export PRODUCT_SETTINGS_PATH\=
    export PRODUCT_TYPE\=com.apple.product-type.library.static
    export PROFILING_CODE\=NO
    export PROJECT\=Pods
    export PROJECT_DERIVED_FILE_DIR\=/Users/itechnolabs/Library/Developer/Xcode/DerivedData/Choona-dnghcflyrszrcwfmpfesqspssftx/Build/Intermediates.noindex/Pods.build/DerivedSources
    export PROJECT_DIR\=/Users/itechnolabs/Documents/Vijay/choona/ios/Pods
    export PROJECT_FILE_PATH\=/Users/itechnolabs/Documents/Vijay/choona/ios/Pods/Pods.xcodeproj
    export PROJECT_GUID\=8699adb1dd336b26511df848a716bd42
    export PROJECT_NAME\=Pods
    export PROJECT_TEMP_DIR\=/Users/itechnolabs/Library/Developer/Xcode/DerivedData/Choona-dnghcflyrszrcwfmpfesqspssftx/Build/Intermediates.noindex/Pods.build
    export PROJECT_TEMP_ROOT\=/Users/itechnolabs/Library/Developer/Xcode/DerivedData/Choona-dnghcflyrszrcwfmpfesqspssftx/Build/Intermediates.noindex
    export RECOMMENDED_IPHONEOS_DEPLOYMENT_TARGET\=15.0
    export RECURSIVE_SEARCH_PATHS_FOLLOW_SYMLINKS\=YES
    export REMOVE_CVS_FROM_RESOURCES\=YES
    export REMOVE_GIT_FROM_RESOURCES\=YES
    export REMOVE_HEADERS_FROM_EMBEDDED_BUNDLES\=YES
    export REMOVE_HG_FROM_RESOURCES\=YES
    export REMOVE_STATIC_EXECUTABLES_FROM_EMBEDDED_BUNDLES\=YES
    export REMOVE_SVN_FROM_RESOURCES\=YES
    export RESCHEDULE_INDEPENDENT_HEADERS_PHASES\=YES
    export REZ_COLLECTOR_DIR\=/Users/itechnolabs/Library/Developer/Xcode/DerivedData/Choona-dnghcflyrszrcwfmpfesqspssftx/Build/Intermediates.noindex/Pods.build/Debug-iphonesimulator/react-native-config.build/ResourceManagerResources
    export REZ_EXECUTABLE\=YES
    export REZ_OBJECTS_DIR\=/Users/itechnolabs/Library/Developer/Xcode/DerivedData/Choona-dnghcflyrszrcwfmpfesqspssftx/Build/Intermediates.noindex/Pods.build/Debug-iphonesimulator/react-native-config.build/ResourceManagerResources/Objects
    export REZ_SEARCH_PATHS\=/Users/itechnolabs/Library/Developer/Xcode/DerivedData/Choona-dnghcflyrszrcwfmpfesqspssftx/Build/Products/Debug-iphonesimulator/react-native-config\ 
    export RUNTIME_EXCEPTION_ALLOW_DYLD_ENVIRONMENT_VARIABLES\=NO
    export RUNTIME_EXCEPTION_ALLOW_JIT\=NO
    export RUNTIME_EXCEPTION_ALLOW_UNSIGNED_EXECUTABLE_MEMORY\=NO
    export RUNTIME_EXCEPTION_DEBUGGING_TOOL\=NO
    export RUNTIME_EXCEPTION_DISABLE_EXECUTABLE_PAGE_PROTECTION\=NO
    export RUNTIME_EXCEPTION_DISABLE_LIBRARY_VALIDATION\=NO
    export SCAN_ALL_SOURCE_FILES_FOR_INCLUDES\=NO
    export SCRIPT_INPUT_FILE_0\=/Users/itechnolabs/Documents/Vijay/choona/node_modules/react-native-config/ios/ReactNativeConfig/BuildDotenvConfig.rb
    export SCRIPT_INPUT_FILE_COUNT\=1
    export SCRIPT_INPUT_FILE_LIST_COUNT\=0
    export SCRIPT_OUTPUT_FILE_COUNT\=0
    export SCRIPT_OUTPUT_FILE_LIST_COUNT\=0
    export SDKROOT\=/Applications/Xcode.app/Contents/Developer/Platforms/iPhoneSimulator.platform/Developer/SDKs/iPhoneSimulator26.1.sdk
    export SDK_DIR\=/Applications/Xcode.app/Contents/Developer/Platforms/iPhoneSimulator.platform/Developer/SDKs/iPhoneSimulator26.1.sdk
    export SDK_DIR_iphonesimulator\=/Applications/Xcode.app/Contents/Developer/Platforms/iPhoneSimulator.platform/Developer/SDKs/iPhoneSimulator26.1.sdk
    export SDK_DIR_iphonesimulator26_1\=/Applications/Xcode.app/Contents/Developer/Platforms/iPhoneSimulator.platform/Developer/SDKs/iPhoneSimulator26.1.sdk
    export SDK_NAME\=iphonesimulator26.1
    export SDK_NAMES\=iphonesimulator26.1
    export SDK_PRODUCT_BUILD_VERSION\=23B77
    export SDK_STAT_CACHE_DIR\=/Users/itechnolabs/Library/Developer/Xcode/DerivedData
    export SDK_STAT_CACHE_ENABLE\=YES
    export SDK_STAT_CACHE_PATH\=/Users/itechnolabs/Library/Developer/Xcode/DerivedData/SDKStatCaches.noindex/iphonesimulator26.1-23B77-90cf18a4295e390e64c810bc6bd7acbc.sdkstatcache
    export SDK_VERSION\=26.1
    export SDK_VERSION_ACTUAL\=260100
    export SDK_VERSION_MAJOR\=260000
    export SDK_VERSION_MINOR\=260100
    export SED\=/usr/bin/sed
    export SEPARATE_STRIP\=NO
    export SEPARATE_SYMBOL_EDIT\=NO
    export SET_DIR_MODE_OWNER_GROUP\=YES
    export SET_FILE_MODE_OWNER_GROUP\=NO
    export SHALLOW_BUNDLE\=NO
    export SHARED_DERIVED_FILE_DIR\=/Users/itechnolabs/Library/Developer/Xcode/DerivedData/Choona-dnghcflyrszrcwfmpfesqspssftx/Build/Products/Debug-iphonesimulator/react-native-config/DerivedSources
    export SHARED_PRECOMPS_DIR\=/Users/itechnolabs/Library/Developer/Xcode/DerivedData/Choona-dnghcflyrszrcwfmpfesqspssftx/Build/Intermediates.noindex/PrecompiledHeaders
    export SKIP_INSTALL\=YES
    export SOURCE_ROOT\=/Users/itechnolabs/Documents/Vijay/choona/ios/Pods
    export SRCROOT\=/Users/itechnolabs/Documents/Vijay/choona/ios/Pods
    export STRINGSDATA_DIR\=/Users/itechnolabs/Library/Developer/Xcode/DerivedData/Choona-dnghcflyrszrcwfmpfesqspssftx/Build/Intermediates.noindex/Pods.build/Debug-iphonesimulator/react-native-config.build/Objects-normal/undefined_arch
    export STRINGSDATA_ROOT\=/Users/itechnolabs/Library/Developer/Xcode/DerivedData/Choona-dnghcflyrszrcwfmpfesqspssftx/Build/Intermediates.noindex/Pods.build/Debug-iphonesimulator/react-native-config.build
    export STRINGS_FILE_INFOPLIST_RENAME\=YES
    export STRINGS_FILE_OUTPUT_ENCODING\=binary
    export STRING_CATALOG_GENERATE_SYMBOLS\=NO
    export STRIP_BITCODE_FROM_COPIED_FILES\=NO
    export STRIP_INSTALLED_PRODUCT\=NO
    export STRIP_STYLE\=debugging
    export STRIP_SWIFT_SYMBOLS\=YES
    export SUPPORTED_DEVICE_FAMILIES\=1,2
    export SUPPORTED_PLATFORMS\=iphoneos\ iphonesimulator
    export SUPPORTS_TEXT_BASED_API\=NO
    export SUPPRESS_WARNINGS\=NO
    export SWIFT_ACTIVE_COMPILATION_CONDITIONS\=DEBUG\ 
    export SWIFT_EMIT_CONST_VALUE_PROTOCOLS\=AppIntent\ EntityQuery\ AppEntity\ TransientEntity\ AppEnum\ AppShortcutProviding\ AppShortcutsProvider\ AnyResolverProviding\ AppIntentsPackage\ DynamicOptionsProvider\ _IntentValueRepresentable\ _AssistantIntentsProvider\ _GenerativeFunctionExtractable\ IntentValueQuery\ Resolver\ AppExtension\ ExtensionPointDefining
    export SWIFT_EMIT_LOC_STRINGS\=NO
    export SWIFT_ENABLE_EXPLICIT_MODULES\=YES
    export SWIFT_INSTALL_OBJC_HEADER\=YES
    export SWIFT_OPTIMIZATION_LEVEL\=-Onone
    export SWIFT_PLATFORM_TARGET_PREFIX\=ios
    export SWIFT_RESPONSE_FILE_PATH_normal_arm64\=/Users/itechnolabs/Library/Developer/Xcode/DerivedData/Choona-dnghcflyrszrcwfmpfesqspssftx/Build/Intermediates.noindex/Pods.build/Debug-iphonesimulator/react-native-config.build/Objects-normal/arm64/react-native-config.SwiftFileList
    export SWIFT_VERSION\=5.0
    export SYMROOT\=/Users/itechnolabs/Library/Developer/Xcode/DerivedData/Choona-dnghcflyrszrcwfmpfesqspssftx/Build/Products
    export SYSTEM_ADMIN_APPS_DIR\=/Applications/Utilities
    export SYSTEM_APPS_DIR\=/Applications
    export SYSTEM_CORE_SERVICES_DIR\=/System/Library/CoreServices
    export SYSTEM_DEMOS_DIR\=/Applications/Extras
    export SYSTEM_DEVELOPER_APPS_DIR\=/Applications/Xcode.app/Contents/Developer/Applications
    export SYSTEM_DEVELOPER_BIN_DIR\=/Applications/Xcode.app/Contents/Developer/usr/bin
    export SYSTEM_DEVELOPER_DEMOS_DIR\=/Applications/Xcode.app/Contents/Developer/Applications/Utilities/Built\ Examples
    export SYSTEM_DEVELOPER_DIR\=/Applications/Xcode.app/Contents/Developer
    export SYSTEM_DEVELOPER_DOC_DIR\=/Applications/Xcode.app/Contents/Developer/ADC\ Reference\ Library
    export SYSTEM_DEVELOPER_GRAPHICS_TOOLS_DIR\=/Applications/Xcode.app/Contents/Developer/Applications/Graphics\ Tools
    export SYSTEM_DEVELOPER_JAVA_TOOLS_DIR\=/Applications/Xcode.app/Contents/Developer/Applications/Java\ Tools
    export SYSTEM_DEVELOPER_PERFORMANCE_TOOLS_DIR\=/Applications/Xcode.app/Contents/Developer/Applications/Performance\ Tools
    export SYSTEM_DEVELOPER_RELEASENOTES_DIR\=/Applications/Xcode.app/Contents/Developer/ADC\ Reference\ Library/releasenotes
    export SYSTEM_DEVELOPER_TOOLS\=/Applications/Xcode.app/Contents/Developer/Tools
    export SYSTEM_DEVELOPER_TOOLS_DOC_DIR\=/Applications/Xcode.app/Contents/Developer/ADC\ Reference\ Library/documentation/DeveloperTools
    export SYSTEM_DEVELOPER_TOOLS_RELEASENOTES_DIR\=/Applications/Xcode.app/Contents/Developer/ADC\ Reference\ Library/releasenotes/DeveloperTools
    export SYSTEM_DEVELOPER_USR_DIR\=/Applications/Xcode.app/Contents/Developer/usr
    export SYSTEM_DEVELOPER_UTILITIES_DIR\=/Applications/Xcode.app/Contents/Developer/Applications/Utilities
    export SYSTEM_DEXT_INSTALL_PATH\=/System/Library/DriverExtensions
    export SYSTEM_DOCUMENTATION_DIR\=/Library/Documentation
    export SYSTEM_KEXT_INSTALL_PATH\=/System/Library/Extensions
    export SYSTEM_LIBRARY_DIR\=/System/Library
    export TAPI_DEMANGLE\=YES
    export TAPI_ENABLE_PROJECT_HEADERS\=NO
    export TAPI_LANGUAGE\=objective-c
    export TAPI_LANGUAGE_STANDARD\=compiler-default
    export TAPI_USE_SRCROOT\=YES
    export TAPI_VERIFY_MODE\=Pedantic
    export TARGETED_DEVICE_FAMILY\=1,2
    export TARGETNAME\=react-native-config
    export TARGET_BUILD_DIR\=/Users/itechnolabs/Library/Developer/Xcode/DerivedData/Choona-dnghcflyrszrcwfmpfesqspssftx/Build/Products/Debug-iphonesimulator/react-native-config
    export TARGET_NAME\=react-native-config
    export TARGET_TEMP_DIR\=/Users/itechnolabs/Library/Developer/Xcode/DerivedData/Choona-dnghcflyrszrcwfmpfesqspssftx/Build/Intermediates.noindex/Pods.build/Debug-iphonesimulator/react-native-config.build
    export TEMP_DIR\=/Users/itechnolabs/Library/Developer/Xcode/DerivedData/Choona-dnghcflyrszrcwfmpfesqspssftx/Build/Intermediates.noindex/Pods.build/Debug-iphonesimulator/react-native-config.build
    export TEMP_FILES_DIR\=/Users/itechnolabs/Library/Developer/Xcode/DerivedData/Choona-dnghcflyrszrcwfmpfesqspssftx/Build/Intermediates.noindex/Pods.build/Debug-iphonesimulator/react-native-config.build
    export TEMP_FILE_DIR\=/Users/itechnolabs/Library/Developer/Xcode/DerivedData/Choona-dnghcflyrszrcwfmpfesqspssftx/Build/Intermediates.noindex/Pods.build/Debug-iphonesimulator/react-native-config.build
    export TEMP_ROOT\=/Users/itechnolabs/Library/Developer/Xcode/DerivedData/Choona-dnghcflyrszrcwfmpfesqspssftx/Build/Intermediates.noindex
    export TEMP_SANDBOX_DIR\=/Users/itechnolabs/Library/Developer/Xcode/DerivedData/Choona-dnghcflyrszrcwfmpfesqspssftx/Build/Intermediates.noindex/TemporaryTaskSandboxes
    export TEST_FRAMEWORK_SEARCH_PATHS\=\ /Applications/Xcode.app/Contents/Developer/Platforms/iPhoneSimulator.platform/Developer/Library/Frameworks\ /Applications/Xcode.app/Contents/Developer/Platforms/iPhoneSimulator.platform/Developer/SDKs/iPhoneSimulator26.1.sdk/Developer/Library/Frameworks
    export TEST_LIBRARY_SEARCH_PATHS\=\ /Applications/Xcode.app/Contents/Developer/Platforms/iPhoneSimulator.platform/Developer/usr/lib
    export TOOLCHAINS\=com.apple.dt.toolchain.XcodeDefault
    export TOOLCHAIN_DIR\=/Applications/Xcode.app/Contents/Developer/Toolchains/XcodeDefault.xctoolchain
    export TREAT_MISSING_BASELINES_AS_TEST_FAILURES\=NO
    export TREAT_MISSING_SCRIPT_PHASE_OUTPUTS_AS_ERRORS\=NO
    export UID\=501
    export UNINSTALLED_PRODUCTS_DIR\=/Users/itechnolabs/Library/Developer/Xcode/DerivedData/Choona-dnghcflyrszrcwfmpfesqspssftx/Build/Intermediates.noindex/UninstalledProducts
    export UNSTRIPPED_PRODUCT\=NO
    export USER\=itechnolabs
    export USER_APPS_DIR\=/Users/itechnolabs/Applications
    export USER_LIBRARY_DIR\=/Users/itechnolabs/Library
    export USE_DYNAMIC_NO_PIC\=YES
    export USE_HEADERMAP\=YES
    export USE_HEADER_SYMLINKS\=NO
    export USE_RECURSIVE_SCRIPT_INPUTS_IN_SCRIPT_PHASES\=YES
    export VALIDATE_DEVELOPMENT_ASSET_PATHS\=YES_ERROR
    export VALIDATE_PRODUCT\=NO
    export VALID_ARCHS\=arm64\ x86_64
    export VERBOSE_PBXCP\=NO
    export VERSION_INFO_BUILDER\=itechnolabs
    export VERSION_INFO_FILE\=react-native-config_vers.c
    export VERSION_INFO_STRING\=\"@\(\#\)PROGRAM:react-native-config\ \ PROJECT:Pods-\"
    export WORKSPACE_DIR\=/Users/itechnolabs/Documents/Vijay/choona/ios
    export WRAP_ASSET_PACKS_IN_SEPARATE_DIRECTORIES\=NO
    export XCODE_APP_SUPPORT_DIR\=/Applications/Xcode.app/Contents/Developer/Library/Xcode
    export XCODE_PRODUCT_BUILD_VERSION\=17B55
    export XCODE_VERSION_ACTUAL\=2610
    export XCODE_VERSION_MAJOR\=2600
    export XCODE_VERSION_MINOR\=2610
    export XPCSERVICES_FOLDER_PATH\=/XPCServices
    export YACC\=yacc
    export _DISCOVER_COMMAND_LINE_LINKER_INPUTS\=YES
    export _DISCOVER_COMMAND_LINE_LINKER_INPUTS_INCLUDE_WL\=YES
    export _LD_MULTIARCH\=YES
    export __DIAGNOSE_DEPRECATED_ARCHS\=YES
    export arch\=undefined_arch
    export variant\=normal
    /bin/sh -c /Users/itechnolabs/Library/Developer/Xcode/DerivedData/Choona-dnghcflyrszrcwfmpfesqspssftx/Build/Intermediates.noindex/Pods.build/Debug-iphonesimulator/react-native-config.build/Script-97D8018E739DEEE24C1AAAD1713AD3DC.sh
+ HOST_PATH=/Users/itechnolabs/Documents/Vijay/choona/ios/Pods/../..
+ /Users/itechnolabs/Documents/Vijay/choona/ios/Pods/../../node_modules/react-native-config/ios/ReactNativeConfig/BuildDotenvConfig.rb /Users/itechnolabs/Documents/Vijay/choona/ios/Pods/../.. /Users/itechnolabs/Documents/Vijay/choona/ios/Pods/../../node_modules/react-native-config/ios/ReactNativeConfig
reading env file from /Users/itechnolabs/Documents/Vijay/choona/ios/Pods/../.. and writing .m to /Users/itechnolabs/Documents/Vijay/choona/ios/Pods/../../node_modules/react-native-config/ios/ReactNativeConfig
going to read env file from root folder /Users/itechnolabs/Documents/Vijay/choona/ios/Pods/../..
read dotenv {"IS_PRODUCTION"=>"false", "API_HOST"=>"https://staging-api.choona.co", "SPOTIFY_CLIENT_ID"=>"afb6471d71db4c29bf71f0b745e3bb69", "SPOTIFY_CLIENT_SECRET"=>"695757ba75a14d2c9e83f35954f2bf1d"}
Wrote to /Users/itechnolabs/Library/Developer/Xcode/DerivedData/Choona-dnghcflyrszrcwfmpfesqspssftx/Build/Products/GeneratedInfoPlistDotEnv.h

PhaseScriptExecution Copy\ generated\ compatibility\ header /Users/itechnolabs/Library/Developer/Xcode/DerivedData/Choona-dnghcflyrszrcwfmpfesqspssftx/Build/Intermediates.noindex/Pods.build/Debug-iphonesimulator/Protobuf.build/Script-B90D75BE89D5E435CA1823443054E7BD.sh (in target 'Protobuf' from project 'Pods')
    cd /Users/itechnolabs/Documents/Vijay/choona/ios/Pods
    export ACTION\=build
    export AD_HOC_CODE_SIGNING_ALLOWED\=YES
    export ALLOW_BUILD_REQUEST_OVERRIDES\=NO
    export ALLOW_TARGET_PLATFORM_SPECIALIZATION\=NO
    export ALTERNATE_GROUP\=staff
    export ALTERNATE_MODE\=u+w,go-w,a+rX
    export ALTERNATE_OWNER\=itechnolabs
    export ALTERNATIVE_DISTRIBUTION_WEB\=NO
    export ALWAYS_EMBED_SWIFT_STANDARD_LIBRARIES\=NO
    export ALWAYS_SEARCH_USER_PATHS\=NO
    export ALWAYS_USE_SEPARATE_HEADERMAPS\=NO
    export ANDROID_DEPLOYMENT_TARGET\=21.0
    export APPLICATION_EXTENSION_API_ONLY\=NO
    export APPLY_RULES_IN_COPY_FILES\=NO
    export APPLY_RULES_IN_COPY_HEADERS\=NO
    export APP_SHORTCUTS_ENABLE_FLEXIBLE_MATCHING\=YES
    export ARCHS\=arm64
    export ARCHS_STANDARD\=arm64\ x86_64
    export ARCHS_STANDARD_32_64_BIT\=arm64\ x86_64
    export ARCHS_STANDARD_64_BIT\=arm64\ x86_64
    export ARCHS_STANDARD_INCLUDING_64_BIT\=arm64\ x86_64
    export ARCHS_UNIVERSAL_IPHONE_OS\=arm64\ x86_64
    export ASSETCATALOG_COMPILER_GENERATE_SWIFT_ASSET_SYMBOL_EXTENSIONS\=NO
    export AUTOMATICALLY_MERGE_DEPENDENCIES\=NO
    export AUTOMATION_APPLE_EVENTS\=NO
    export AVAILABLE_PLATFORMS\=android\ appletvos\ appletvsimulator\ driverkit\ iphoneos\ iphonesimulator\ macosx\ qnx\ watchos\ watchsimulator\ webassembly\ xros\ xrsimulator
    export BUILD_ACTIVE_RESOURCES_ONLY\=NO
    export BUILD_COMPONENTS\=headers\ build
    export BUILD_DIR\=/Users/itechnolabs/Library/Developer/Xcode/DerivedData/Choona-dnghcflyrszrcwfmpfesqspssftx/Build/Products
    export BUILD_LIBRARY_FOR_DISTRIBUTION\=NO
    export BUILD_ROOT\=/Users/itechnolabs/Library/Developer/Xcode/DerivedData/Choona-dnghcflyrszrcwfmpfesqspssftx/Build/Products
    export BUILD_STYLE\=
    export BUILD_VARIANTS\=normal
    export BUILT_PRODUCTS_DIR\=/Users/itechnolabs/Library/Developer/Xcode/DerivedData/Choona-dnghcflyrszrcwfmpfesqspssftx/Build/Products/Debug-iphonesimulator/Protobuf
    export BUNDLE_CONTENTS_FOLDER_PATH_deep\=Contents/
    export BUNDLE_EXECUTABLE_FOLDER_NAME_deep\=MacOS
    export BUNDLE_EXTENSIONS_FOLDER_PATH\=Extensions
    export BUNDLE_FORMAT\=shallow
    export BUNDLE_FRAMEWORKS_FOLDER_PATH\=Frameworks
    export BUNDLE_PLUGINS_FOLDER_PATH\=PlugIns
    export BUNDLE_PRIVATE_HEADERS_FOLDER_PATH\=PrivateHeaders
    export BUNDLE_PUBLIC_HEADERS_FOLDER_PATH\=Headers
    export CACHE_ROOT\=/var/folders/ff/n1gxxz3133vbjkgtw1p49zgm0000gn/C/com.apple.DeveloperTools/26.1-17B55/Xcode
    export CCHROOT\=/var/folders/ff/n1gxxz3133vbjkgtw1p49zgm0000gn/C/com.apple.DeveloperTools/26.1-17B55/Xcode
    export CHMOD\=/bin/chmod
    export CHOWN\=/usr/sbin/chown
    export CLANG_ANALYZER_LOCALIZABILITY_NONLOCALIZED\=YES
    export CLANG_ANALYZER_NONNULL\=YES
    export CLANG_ANALYZER_NUMBER_OBJECT_CONVERSION\=YES_AGGRESSIVE
    export CLANG_CACHE_FINE_GRAINED_OUTPUTS\=YES
    export CLANG_CXX_LANGUAGE_STANDARD\=gnu++14
    export CLANG_CXX_LIBRARY\=libc++
    export CLANG_ENABLE_EXPLICIT_MODULES\=YES
    export CLANG_ENABLE_MODULES\=YES
    export CLANG_ENABLE_MODULE_DEBUGGING\=NO
    export CLANG_ENABLE_OBJC_ARC\=YES
    export CLANG_ENABLE_OBJC_WEAK\=NO
    export CLANG_MODULES_BUILD_SESSION_FILE\=/Users/itechnolabs/Library/Developer/Xcode/DerivedData/ModuleCache.noindex/Session.modulevalidation
    export CLANG_WARN_BLOCK_CAPTURE_AUTORELEASING\=YES
    export CLANG_WARN_BOOL_CONVERSION\=YES
    export CLANG_WARN_COMMA\=YES
    export CLANG_WARN_CONSTANT_CONVERSION\=YES
    export CLANG_WARN_DEPRECATED_OBJC_IMPLEMENTATIONS\=YES
    export CLANG_WARN_DIRECT_OBJC_ISA_USAGE\=YES_ERROR
    export CLANG_WARN_DOCUMENTATION_COMMENTS\=YES
    export CLANG_WARN_EMPTY_BODY\=YES
    export CLANG_WARN_ENUM_CONVERSION\=YES
    export CLANG_WARN_INFINITE_RECURSION\=YES
    export CLANG_WARN_INT_CONVERSION\=YES
    export CLANG_WARN_NON_LITERAL_NULL_CONVERSION\=YES
    export CLANG_WARN_OBJC_IMPLICIT_RETAIN_SELF\=YES
    export CLANG_WARN_OBJC_LITERAL_CONVERSION\=YES
    export CLANG_WARN_OBJC_ROOT_CLASS\=YES_ERROR
    export CLANG_WARN_QUOTED_INCLUDE_IN_FRAMEWORK_HEADER\=NO
    export CLANG_WARN_RANGE_LOOP_ANALYSIS\=YES
    export CLANG_WARN_STRICT_PROTOTYPES\=YES
    export CLANG_WARN_SUSPICIOUS_MOVE\=YES
    export CLANG_WARN_UNGUARDED_AVAILABILITY\=YES_AGGRESSIVE
    export CLANG_WARN_UNREACHABLE_CODE\=YES
    export CLANG_WARN__DUPLICATE_METHOD_MATCH\=YES
    export CLASS_FILE_DIR\=/Users/itechnolabs/Library/Developer/Xcode/DerivedData/Choona-dnghcflyrszrcwfmpfesqspssftx/Build/Intermediates.noindex/Pods.build/Debug-iphonesimulator/Protobuf.build/JavaClasses
    export CLEAN_PRECOMPS\=YES
    export CLONE_HEADERS\=NO
    export CODESIGNING_FOLDER_PATH\=/Users/itechnolabs/Library/Developer/Xcode/DerivedData/Choona-dnghcflyrszrcwfmpfesqspssftx/Build/Products/Debug-iphonesimulator/Protobuf/libProtobuf.a
    export CODE_SIGNING_ALLOWED\=NO
    export CODE_SIGNING_REQUIRED\=YES
    export CODE_SIGN_CONTEXT_CLASS\=XCiPhoneSimulatorCodeSignContext
    export CODE_SIGN_IDENTITY\=-
    export CODE_SIGN_INJECT_BASE_ENTITLEMENTS\=YES
    export COLOR_DIAGNOSTICS\=NO
    export COMBINE_HIDPI_IMAGES\=NO
    export COMPILATION_CACHE_CAS_PATH\=/Users/itechnolabs/Library/Developer/Xcode/DerivedData/CompilationCache.noindex
    export COMPILATION_CACHE_KEEP_CAS_DIRECTORY\=YES
    export COMPILER_INDEX_STORE_ENABLE\=Default
    export COMPOSITE_SDK_DIRS\=/Users/itechnolabs/Library/Developer/Xcode/DerivedData/Choona-dnghcflyrszrcwfmpfesqspssftx/Build/Intermediates.noindex/CompositeSDKs
    export COMPRESS_PNG_FILES\=YES
    export CONFIGURATION\=Debug
    export CONFIGURATION_BUILD_DIR\=/Users/itechnolabs/Library/Developer/Xcode/DerivedData/Choona-dnghcflyrszrcwfmpfesqspssftx/Build/Products/Debug-iphonesimulator/Protobuf
    export CONFIGURATION_TEMP_DIR\=/Users/itechnolabs/Library/Developer/Xcode/DerivedData/Choona-dnghcflyrszrcwfmpfesqspssftx/Build/Intermediates.noindex/Pods.build/Debug-iphonesimulator
    export COPYING_PRESERVES_HFS_DATA\=NO
    export COPY_HEADERS_RUN_UNIFDEF\=NO
    export COPY_PHASE_STRIP\=NO
    export CORRESPONDING_DEVICE_PLATFORM_DIR\=/Applications/Xcode.app/Contents/Developer/Platforms/iPhoneOS.platform
    export CORRESPONDING_DEVICE_PLATFORM_NAME\=iphoneos
    export CORRESPONDING_DEVICE_SDK_DIR\=/Applications/Xcode.app/Contents/Developer/Platforms/iPhoneOS.platform/Developer/SDKs/iPhoneOS26.1.sdk
    export CORRESPONDING_DEVICE_SDK_NAME\=iphoneos26.1
    export CP\=/bin/cp
    export CREATE_INFOPLIST_SECTION_IN_BINARY\=NO
    export CURRENT_ARCH\=undefined_arch
    export CURRENT_VARIANT\=normal
    export DEAD_CODE_STRIPPING\=YES
    export DEBUGGING_SYMBOLS\=YES
    export DEBUG_INFORMATION_FORMAT\=dwarf
    export DEBUG_INFORMATION_VERSION\=compiler-default
    export DEFAULT_COMPILER\=com.apple.compilers.llvm.clang.1_0
    export DEFAULT_DEXT_INSTALL_PATH\=/System/Library/DriverExtensions
    export DEFAULT_KEXT_INSTALL_PATH\=/System/Library/Extensions
    export DEFINES_MODULE\=NO
    export DEPLOYMENT_LOCATION\=NO
    export DEPLOYMENT_POSTPROCESSING\=NO
    export DEPLOYMENT_TARGET_SETTING_NAME\=IPHONEOS_DEPLOYMENT_TARGET
    export DEPLOYMENT_TARGET_SUGGESTED_VALUES\=12.0\ 12.1\ 12.2\ 12.3\ 12.4\ 13.0\ 13.1\ 13.2\ 13.3\ 13.4\ 13.5\ 13.6\ 14.0\ 14.1\ 14.2\ 14.3\ 14.4\ 14.5\ 14.6\ 14.7\ 15.0\ 15.1\ 15.2\ 15.3\ 15.4\ 15.5\ 15.6\ 16.0\ 16.1\ 16.2\ 16.3\ 16.4\ 16.5\ 16.6\ 17.0\ 17.1\ 17.2\ 17.3\ 17.4\ 17.5\ 17.6\ 18.0\ 18.1\ 18.2\ 18.3\ 18.4\ 18.5\ 18.6\ 26.0\ 26.1
    export DERIVED_FILES_DIR\=/Users/itechnolabs/Library/Developer/Xcode/DerivedData/Choona-dnghcflyrszrcwfmpfesqspssftx/Build/Intermediates.noindex/Pods.build/Debug-iphonesimulator/Protobuf.build/DerivedSources
    export DERIVED_FILE_DIR\=/Users/itechnolabs/Library/Developer/Xcode/DerivedData/Choona-dnghcflyrszrcwfmpfesqspssftx/Build/Intermediates.noindex/Pods.build/Debug-iphonesimulator/Protobuf.build/DerivedSources
    export DERIVED_SOURCES_DIR\=/Users/itechnolabs/Library/Developer/Xcode/DerivedData/Choona-dnghcflyrszrcwfmpfesqspssftx/Build/Intermediates.noindex/Pods.build/Debug-iphonesimulator/Protobuf.build/DerivedSources
    export DEVELOPER_APPLICATIONS_DIR\=/Applications/Xcode.app/Contents/Developer/Applications
    export DEVELOPER_BIN_DIR\=/Applications/Xcode.app/Contents/Developer/usr/bin
    export DEVELOPER_DIR\=/Applications/Xcode.app/Contents/Developer
    export DEVELOPER_FRAMEWORKS_DIR\=/Applications/Xcode.app/Contents/Developer/Library/Frameworks
    export DEVELOPER_FRAMEWORKS_DIR_QUOTED\=/Applications/Xcode.app/Contents/Developer/Library/Frameworks
    export DEVELOPER_LIBRARY_DIR\=/Applications/Xcode.app/Contents/Developer/Library
    export DEVELOPER_SDK_DIR\=/Applications/Xcode.app/Contents/Developer/Platforms/MacOSX.platform/Developer/SDKs
    export DEVELOPER_TOOLS_DIR\=/Applications/Xcode.app/Contents/Developer/Tools
    export DEVELOPER_USR_DIR\=/Applications/Xcode.app/Contents/Developer/usr
    export DEVELOPMENT_LANGUAGE\=en
    export DIAGNOSE_MISSING_TARGET_DEPENDENCIES\=YES
    export DIFF\=/usr/bin/diff
    export DONT_GENERATE_INFOPLIST_FILE\=NO
    export DSTROOT\=/tmp/Pods.dst
    export DT_TOOLCHAIN_DIR\=/Applications/Xcode.app/Contents/Developer/Toolchains/XcodeDefault.xctoolchain
    export DWARF_DSYM_FILE_NAME\=libProtobuf.a.dSYM
    export DWARF_DSYM_FILE_SHOULD_ACCOMPANY_PRODUCT\=NO
    export DWARF_DSYM_FOLDER_PATH\=/Users/itechnolabs/Library/Developer/Xcode/DerivedData/Choona-dnghcflyrszrcwfmpfesqspssftx/Build/Products/Debug-iphonesimulator/Protobuf
    export DYNAMIC_LIBRARY_EXTENSION\=dylib
    export EAGER_COMPILATION_ALLOW_SCRIPTS\=NO
    export EAGER_LINKING\=NO
    export EFFECTIVE_PLATFORM_NAME\=-iphonesimulator
    export EMBEDDED_CONTENT_CONTAINS_SWIFT\=NO
    export EMBED_ASSET_PACKS_IN_PRODUCT_BUNDLE\=NO
    export ENABLE_APP_SANDBOX\=NO
    export ENABLE_CODE_COVERAGE\=YES
    export ENABLE_CPLUSPLUS_BOUNDS_SAFE_BUFFERS\=NO
    export ENABLE_C_BOUNDS_SAFETY\=NO
    export ENABLE_DEFAULT_HEADER_SEARCH_PATHS\=YES
    export ENABLE_DEFAULT_SEARCH_PATHS\=YES
    export ENABLE_ENHANCED_SECURITY\=NO
    export ENABLE_HARDENED_RUNTIME\=NO
    export ENABLE_HEADER_DEPENDENCIES\=YES
    export ENABLE_INCOMING_NETWORK_CONNECTIONS\=NO
    export ENABLE_MODULE_VERIFIER\=NO
    export ENABLE_ON_DEMAND_RESOURCES\=NO
    export ENABLE_OUTGOING_NETWORK_CONNECTIONS\=NO
    export ENABLE_POINTER_AUTHENTICATION\=NO
    export ENABLE_PREVIEWS\=NO
    export ENABLE_RESOURCE_ACCESS_AUDIO_INPUT\=NO
    export ENABLE_RESOURCE_ACCESS_BLUETOOTH\=NO
    export ENABLE_RESOURCE_ACCESS_CALENDARS\=NO
    export ENABLE_RESOURCE_ACCESS_CAMERA\=NO
    export ENABLE_RESOURCE_ACCESS_CONTACTS\=NO
    export ENABLE_RESOURCE_ACCESS_LOCATION\=NO
    export ENABLE_RESOURCE_ACCESS_PHOTO_LIBRARY\=NO
    export ENABLE_RESOURCE_ACCESS_PRINTING\=NO
    export ENABLE_RESOURCE_ACCESS_USB\=NO
    export ENABLE_SDK_IMPORTS\=NO
    export ENABLE_SECURITY_COMPILER_WARNINGS\=NO
    export ENABLE_STRICT_OBJC_MSGSEND\=YES
    export ENABLE_TESTABILITY\=YES
    export ENABLE_TESTING_SEARCH_PATHS\=NO
    export ENABLE_USER_SCRIPT_SANDBOXING\=NO
    export ENABLE_XOJIT_PREVIEWS\=YES
    export ENFORCE_VALID_ARCHS\=YES
    export ENTITLEMENTS_DESTINATION\=__entitlements
    export ENTITLEMENTS_REQUIRED\=YES
    export EXCLUDED_INSTALLSRC_SUBDIRECTORY_PATTERNS\=.DS_Store\ .svn\ .git\ .hg\ CVS
    export EXCLUDED_RECURSIVE_SEARCH_PATH_SUBDIRECTORIES\=\*.nib\ \*.lproj\ \*.framework\ \*.gch\ \*.xcode\*\ \*.xcassets\ \*.icon\ \(\*\)\ .DS_Store\ CVS\ .svn\ .git\ .hg\ \*.pbproj\ \*.pbxproj
    export EXECUTABLE_EXTENSION\=a
    export EXECUTABLE_NAME\=libProtobuf.a
    export EXECUTABLE_PATH\=libProtobuf.a
    export EXECUTABLE_PREFIX\=lib
    export EXECUTABLE_SUFFIX\=.a
    export FILE_LIST\=/Users/itechnolabs/Library/Developer/Xcode/DerivedData/Choona-dnghcflyrszrcwfmpfesqspssftx/Build/Intermediates.noindex/Pods.build/Debug-iphonesimulator/Protobuf.build/Objects/LinkFileList
    export FIXED_FILES_DIR\=/Users/itechnolabs/Library/Developer/Xcode/DerivedData/Choona-dnghcflyrszrcwfmpfesqspssftx/Build/Intermediates.noindex/Pods.build/Debug-iphonesimulator/Protobuf.build/FixedFiles
    export FRAMEWORK_FLAG_PREFIX\=-framework
    export FRAMEWORK_SEARCH_PATHS\=/Users/itechnolabs/Library/Developer/Xcode/DerivedData/Choona-dnghcflyrszrcwfmpfesqspssftx/Build/Products/Debug-iphonesimulator/Protobuf\ 
    export FRAMEWORK_VERSION\=A
    export FULL_PRODUCT_NAME\=libProtobuf.a
    export FUSE_BUILD_PHASES\=YES
    export FUSE_BUILD_SCRIPT_PHASES\=NO
    export GCC3_VERSION\=3.3
    export GCC_C_LANGUAGE_STANDARD\=gnu11
    export GCC_DYNAMIC_NO_PIC\=NO
    export GCC_NO_COMMON_BLOCKS\=YES
    export GCC_OBJC_LEGACY_DISPATCH\=YES
    export GCC_OPTIMIZATION_LEVEL\=0
    export GCC_PFE_FILE_C_DIALECTS\=c\ objective-c\ c++\ objective-c++
    export GCC_PREFIX_HEADER\=Target\ Support\ Files/Protobuf/Protobuf-prefix.pch
    export GCC_PREPROCESSOR_DEFINITIONS\=POD_CONFIGURATION_DEBUG\=1\ DEBUG\=1\ \ COCOAPODS\=1\ POD_CONFIGURATION_DEBUG\=1\ DEBUG\=1\ \ GPB_USE_PROTOBUF_FRAMEWORK_IMPORTS\=1
    export GCC_TREAT_WARNINGS_AS_ERRORS\=NO
    export GCC_VERSION\=com.apple.compilers.llvm.clang.1_0
    export GCC_VERSION_IDENTIFIER\=com_apple_compilers_llvm_clang_1_0
    export GCC_WARN_64_TO_32_BIT_CONVERSION\=YES
    export GCC_WARN_ABOUT_RETURN_TYPE\=YES_ERROR
    export GCC_WARN_UNDECLARED_SELECTOR\=YES
    export GCC_WARN_UNINITIALIZED_AUTOS\=YES_AGGRESSIVE
    export GCC_WARN_UNUSED_FUNCTION\=YES
    export GCC_WARN_UNUSED_VARIABLE\=YES
    export GENERATED_MODULEMAP_DIR\=/Users/itechnolabs/Library/Developer/Xcode/DerivedData/Choona-dnghcflyrszrcwfmpfesqspssftx/Build/Intermediates.noindex/GeneratedModuleMaps-iphonesimulator
    export GENERATE_INFOPLIST_FILE\=NO
    export GENERATE_INTERMEDIATE_TEXT_BASED_STUBS\=YES
    export GENERATE_PKGINFO_FILE\=NO
    export GENERATE_PRELINK_OBJECT_FILE\=NO
    export GENERATE_PROFILING_CODE\=NO
    export GENERATE_TEXT_BASED_STUBS\=NO
    export GID\=20
    export GROUP\=staff
    export HEADERMAP_INCLUDES_FLAT_ENTRIES_FOR_TARGET_BEING_BUILT\=YES
    export HEADERMAP_INCLUDES_FRAMEWORK_ENTRIES_FOR_ALL_PRODUCT_TYPES\=YES
    export HEADERMAP_INCLUDES_FRAMEWORK_ENTRIES_FOR_TARGETS_NOT_BEING_BUILT\=YES
    export HEADERMAP_INCLUDES_NONPUBLIC_NONPRIVATE_HEADERS\=YES
    export HEADERMAP_INCLUDES_PROJECT_HEADERS\=YES
    export HEADERMAP_USES_FRAMEWORK_PREFIX_ENTRIES\=YES
    export HEADERMAP_USES_VFS\=NO
    export HEADER_SEARCH_PATHS\=/Users/itechnolabs/Library/Developer/Xcode/DerivedData/Choona-dnghcflyrszrcwfmpfesqspssftx/Build/Products/Debug-iphonesimulator/Protobuf/include\ \ \"/Users/itechnolabs/Documents/Vijay/choona/ios/Pods/Headers/Private\"\ \"/Users/itechnolabs/Documents/Vijay/choona/ios/Pods/Headers/Private/Protobuf\"\ \"/Users/itechnolabs/Documents/Vijay/choona/ios/Pods/Headers/Public\"
    export HOME\=/Users/itechnolabs
    export HOST_ARCH\=arm64
    export HOST_PLATFORM\=macosx
    export ICONV\=/usr/bin/iconv
    export IMPLICIT_DEPENDENCY_DOMAIN\=default
    export INFOPLIST_ENABLE_CFBUNDLEICONS_MERGE\=YES
    export INFOPLIST_EXPAND_BUILD_SETTINGS\=YES
    export INFOPLIST_OUTPUT_FORMAT\=binary
    export INFOPLIST_PREPROCESS\=NO
    export INLINE_PRIVATE_FRAMEWORKS\=NO
    export INSTALLAPI_IGNORE_SKIP_INSTALL\=YES
    export INSTALLHDRS_COPY_PHASE\=NO
    export INSTALLHDRS_SCRIPT_PHASE\=NO
    export INSTALL_DIR\=/tmp/Pods.dst/usr/local/lib
    export INSTALL_GROUP\=staff
    export INSTALL_MODE_FLAG\=u+w,go-w,a+rX
    export INSTALL_OWNER\=itechnolabs
    export INSTALL_PATH\=/usr/local/lib
    export INSTALL_ROOT\=/tmp/Pods.dst
    export IPHONEOS_DEPLOYMENT_TARGET\=13.0
    export IS_UNOPTIMIZED_BUILD\=YES
    export JAVAC_DEFAULT_FLAGS\=-J-Xms64m\ -J-XX:NewSize\=4M\ -J-Dfile.encoding\=UTF8
    export JAVA_APP_STUB\=/System/Library/Frameworks/JavaVM.framework/Resources/MacOS/JavaApplicationStub
    export JAVA_ARCHIVE_CLASSES\=YES
    export JAVA_ARCHIVE_TYPE\=JAR
    export JAVA_COMPILER\=/usr/bin/javac
    export JAVA_FRAMEWORK_RESOURCES_DIRS\=Resources
    export JAVA_JAR_FLAGS\=cv
    export JAVA_SOURCE_SUBDIR\=.
    export JAVA_USE_DEPENDENCIES\=YES
    export JAVA_ZIP_FLAGS\=-urg
    export JIKES_DEFAULT_FLAGS\=+E\ +OLDCSO
    export KEEP_PRIVATE_EXTERNS\=NO
    export LD_DEPENDENCY_INFO_FILE\=/Users/itechnolabs/Library/Developer/Xcode/DerivedData/Choona-dnghcflyrszrcwfmpfesqspssftx/Build/Intermediates.noindex/Pods.build/Debug-iphonesimulator/Protobuf.build/Objects-normal/undefined_arch/Protobuf_dependency_info.dat
    export LD_EXPORT_SYMBOLS\=YES
    export LD_GENERATE_MAP_FILE\=NO
    export LD_MAP_FILE_PATH\=/Users/itechnolabs/Library/Developer/Xcode/DerivedData/Choona-dnghcflyrszrcwfmpfesqspssftx/Build/Intermediates.noindex/Pods.build/Debug-iphonesimulator/Protobuf.build/Protobuf-LinkMap-normal-undefined_arch.txt
    export LD_NO_PIE\=NO
    export LD_QUOTE_LINKER_ARGUMENTS_FOR_COMPILER_DRIVER\=YES
    export LD_RUNPATH_SEARCH_PATHS\=\ @loader_path/Frameworks\ @executable_path/Frameworks\ /usr/lib/swift
    export LD_SHARED_CACHE_ELIGIBLE\=Automatic
    export LD_WARN_DUPLICATE_LIBRARIES\=NO
    export LD_WARN_UNUSED_DYLIBS\=NO
    export LEGACY_DEVELOPER_DIR\=/Applications/Xcode.app/Contents/PlugIns/Xcode3Core.ideplugin/Contents/SharedSupport/Developer
    export LEX\=lex
    export LIBRARY_DEXT_INSTALL_PATH\=/Library/DriverExtensions
    export LIBRARY_FLAG_NOSPACE\=YES
    export LIBRARY_FLAG_PREFIX\=-l
    export LIBRARY_KEXT_INSTALL_PATH\=/Library/Extensions
    export LIBRARY_SEARCH_PATHS\=/Users/itechnolabs/Library/Developer/Xcode/DerivedData/Choona-dnghcflyrszrcwfmpfesqspssftx/Build/Products/Debug-iphonesimulator/Protobuf\ \ \"/Applications/Xcode.app/Contents/Developer/Platforms/iPhoneSimulator.platform/Developer/SDKs/iPhoneSimulator26.1.sdk/usr/lib/swift\"\ /Applications/Xcode.app/Contents/Developer/Platforms/iPhoneSimulator.platform/Developer/SDKs/iPhoneSimulator26.1.sdk/usr/lib/swift
    export LINKER_DISPLAYS_MANGLED_NAMES\=NO
    export LINK_FILE_LIST_normal_arm64\=/Users/itechnolabs/Library/Developer/Xcode/DerivedData/Choona-dnghcflyrszrcwfmpfesqspssftx/Build/Intermediates.noindex/Pods.build/Debug-iphonesimulator/Protobuf.build/Objects-normal/arm64/Protobuf.LinkFileList
    export LINK_OBJC_RUNTIME\=YES
    export LINK_WITH_STANDARD_LIBRARIES\=YES
    export LLVM_TARGET_TRIPLE_OS_VERSION\=ios13.0
    export LLVM_TARGET_TRIPLE_SUFFIX\=-simulator
    export LLVM_TARGET_TRIPLE_VENDOR\=apple
    export LM_AUX_CONST_METADATA_LIST_PATH_normal_arm64\=/Users/itechnolabs/Library/Developer/Xcode/DerivedData/Choona-dnghcflyrszrcwfmpfesqspssftx/Build/Intermediates.noindex/Pods.build/Debug-iphonesimulator/Protobuf.build/Objects-normal/arm64/Protobuf.SwiftConstValuesFileList
    export LOCALIZATION_EXPORT_SUPPORTED\=YES
    export LOCALIZATION_PREFERS_STRING_CATALOGS\=NO
    export LOCALIZED_STRING_MACRO_NAMES\=NSLocalizedString\ CFCopyLocalizedString
    export LOCALIZED_STRING_SWIFTUI_SUPPORT\=YES
    export LOCAL_ADMIN_APPS_DIR\=/Applications/Utilities
    export LOCAL_APPS_DIR\=/Applications
    export LOCAL_DEVELOPER_DIR\=/Library/Developer
    export LOCAL_LIBRARY_DIR\=/Library
    export LOCROOT\=/Users/itechnolabs/Documents/Vijay/choona/ios/Pods
    export LOCSYMROOT\=/Users/itechnolabs/Documents/Vijay/choona/ios/Pods
    export MACH_O_TYPE\=staticlib
    export MAC_OS_X_PRODUCT_BUILD_VERSION\=25A362
    export MAC_OS_X_VERSION_ACTUAL\=260001
    export MAC_OS_X_VERSION_MAJOR\=260000
    export MAC_OS_X_VERSION_MINOR\=260000
    export MAKE_MERGEABLE\=NO
    export MERGEABLE_LIBRARY\=NO
    export MERGED_BINARY_TYPE\=none
    export MERGE_LINKED_LIBRARIES\=NO
    export METAL_LIBRARY_FILE_BASE\=default
    export METAL_LIBRARY_OUTPUT_DIR\=/Users/itechnolabs/Library/Developer/Xcode/DerivedData/Choona-dnghcflyrszrcwfmpfesqspssftx/Build/Products/Debug-iphonesimulator/Protobuf/
    export MODULEMAP_FILE\=Headers/Public/Protobuf/Protobuf.modulemap
    export MODULE_CACHE_DIR\=/Users/itechnolabs/Library/Developer/Xcode/DerivedData/ModuleCache.noindex
    export MTL_ENABLE_DEBUG_INFO\=INCLUDE_SOURCE
    export MTL_FAST_MATH\=YES
    export NATIVE_ARCH\=arm64
    export NATIVE_ARCH_32_BIT\=arm
    export NATIVE_ARCH_64_BIT\=arm64
    export NATIVE_ARCH_ACTUAL\=arm64
    export NO_COMMON\=YES
    export OBJC_ABI_VERSION\=2
    export OBJECT_FILE_DIR\=/Users/itechnolabs/Library/Developer/Xcode/DerivedData/Choona-dnghcflyrszrcwfmpfesqspssftx/Build/Intermediates.noindex/Pods.build/Debug-iphonesimulator/Protobuf.build/Objects
    export OBJECT_FILE_DIR_normal\=/Users/itechnolabs/Library/Developer/Xcode/DerivedData/Choona-dnghcflyrszrcwfmpfesqspssftx/Build/Intermediates.noindex/Pods.build/Debug-iphonesimulator/Protobuf.build/Objects-normal
    export OBJROOT\=/Users/itechnolabs/Library/Developer/Xcode/DerivedData/Choona-dnghcflyrszrcwfmpfesqspssftx/Build/Intermediates.noindex
    export ONLY_ACTIVE_ARCH\=NO
    export OS\=MACOS
    export OSAC\=/usr/bin/osacompile
    export OTHER_CFLAGS\=\ -Wno-error\ -Wno-deprecated-declarations\ -Wno-conflicting-declarations\ -Wno-strict-prototypes\ -Wno-implicit-function-declaration
    export OTHER_CPLUSPLUSFLAGS\=\ -Wno-error\ -Wno-deprecated-declarations\ -Wno-conflicting-declarations\ -Wno-strict-prototypes\ -Wno-implicit-function-declaration\ -Wno-bitwise-instead-of-logical\ -Wno-error
    export OTHER_SWIFT_FLAGS\=\ -D\ COCOAPODS\ -import-underlying-module\ -Xcc\ -fmodule-map-file\=\"/Users/itechnolabs/Documents/Vijay/choona/ios/Pods/Headers/Public/Protobuf/Protobuf.modulemap\"
    export PACKAGE_TYPE\=com.apple.package-type.static-library
    export PASCAL_STRINGS\=YES
    export PATH\=/Applications/Xcode.app/Contents/SharedFrameworks/SwiftBuild.framework/Versions/A/PlugIns/SWBBuildService.bundle/Contents/PlugIns/SWBUniversalPlatformPlugin.bundle/Contents/Frameworks/SWBUniversalPlatform.framework/Resources:/Applications/Xcode.app/Contents/Developer/Toolchains/XcodeDefault.xctoolchain/usr/bin:/Applications/Xcode.app/Contents/Developer/Toolchains/XcodeDefault.xctoolchain/usr/local/bin:/Applications/Xcode.app/Contents/Developer/Toolchains/XcodeDefault.xctoolchain/usr/libexec:/Applications/Xcode.app/Contents/Developer/Platforms/iPhoneSimulator.platform/usr/bin:/Applications/Xcode.app/Contents/Developer/Platforms/iPhoneSimulator.platform/usr/local/bin:/Applications/Xcode.app/Contents/Developer/Platforms/iPhoneSimulator.platform/Developer/usr/bin:/Applications/Xcode.app/Contents/Developer/Platforms/iPhoneSimulator.platform/Developer/usr/local/bin:/Applications/Xcode.app/Contents/Developer/usr/bin:/Applications/Xcode.app/Contents/Developer/usr/local/bin:/Users/itechnolabs/.antigravity/antigravity/bin:/Users/itechnolabs/.bun/bin:/opt/homebrew/opt/ruby@3.1/bin:/Users/itechnolabs/.yarn/bin:/Users/itechnolabs/.config/yarn/global/node_modules/.bin:/Users/itechnolabs/.nvm/versions/node/v22.21.1/bin:/Library/Frameworks/Python.framework/Versions/3.13/bin:/opt/homebrew/bin:/opt/homebrew/sbin:/Users/itechnolabs/.rbenv/shims:/Users/itechnolabs/.rbenv/bin:/usr/local/bin:/System/Cryptexes/App/usr/bin:/usr/bin:/bin:/usr/sbin:/sbin:/var/run/com.apple.security.cryptexd/codex.system/bootstrap/usr/local/bin:/var/run/com.apple.security.cryptexd/codex.system/bootstrap/usr/bin:/var/run/com.apple.security.cryptexd/codex.system/bootstrap/usr/appleinternal/bin:/opt/X11/bin:/Library/Apple/usr/bin:/Users/itechnolabs/miniconda3/bin:/Users/itechnolabs/miniconda3/condabin:/Users/itechnolabs/Library/Android/sdk/emulator:/Users/itechnolabs/Library/Android/sdk/platform-tools:/Users/itechnolabs/.rvm/bin
    export PATH_PREFIXES_EXCLUDED_FROM_HEADER_DEPENDENCIES\=/usr/include\ /usr/local/include\ /System/Library/Frameworks\ /System/Library/PrivateFrameworks\ /Applications/Xcode.app/Contents/Developer/Headers\ /Applications/Xcode.app/Contents/Developer/SDKs\ /Applications/Xcode.app/Contents/Developer/Platforms
    export PER_ARCH_MODULE_FILE_DIR\=/Users/itechnolabs/Library/Developer/Xcode/DerivedData/Choona-dnghcflyrszrcwfmpfesqspssftx/Build/Intermediates.noindex/Pods.build/Debug-iphonesimulator/Protobuf.build/Objects-normal/undefined_arch
    export PER_ARCH_OBJECT_FILE_DIR\=/Users/itechnolabs/Library/Developer/Xcode/DerivedData/Choona-dnghcflyrszrcwfmpfesqspssftx/Build/Intermediates.noindex/Pods.build/Debug-iphonesimulator/Protobuf.build/Objects-normal/undefined_arch
    export PER_VARIANT_OBJECT_FILE_DIR\=/Users/itechnolabs/Library/Developer/Xcode/DerivedData/Choona-dnghcflyrszrcwfmpfesqspssftx/Build/Intermediates.noindex/Pods.build/Debug-iphonesimulator/Protobuf.build/Objects-normal
    export PKGINFO_FILE_PATH\=/Users/itechnolabs/Library/Developer/Xcode/DerivedData/Choona-dnghcflyrszrcwfmpfesqspssftx/Build/Intermediates.noindex/Pods.build/Debug-iphonesimulator/Protobuf.build/PkgInfo
    export PLATFORM_DEVELOPER_APPLICATIONS_DIR\=/Applications/Xcode.app/Contents/Developer/Platforms/iPhoneSimulator.platform/Developer/Applications
    export PLATFORM_DEVELOPER_BIN_DIR\=/Applications/Xcode.app/Contents/Developer/Platforms/iPhoneSimulator.platform/Developer/usr/bin
    export PLATFORM_DEVELOPER_LIBRARY_DIR\=/Applications/Xcode.app/Contents/Developer/Platforms/iPhoneSimulator.platform/Developer/Library
    export PLATFORM_DEVELOPER_SDK_DIR\=/Applications/Xcode.app/Contents/Developer/Platforms/iPhoneSimulator.platform/Developer/SDKs
    export PLATFORM_DEVELOPER_TOOLS_DIR\=/Applications/Xcode.app/Contents/Developer/Platforms/iPhoneSimulator.platform/Developer/Tools
    export PLATFORM_DEVELOPER_USR_DIR\=/Applications/Xcode.app/Contents/Developer/Platforms/iPhoneSimulator.platform/Developer/usr
    export PLATFORM_DIR\=/Applications/Xcode.app/Contents/Developer/Platforms/iPhoneSimulator.platform
    export PLATFORM_DISPLAY_NAME\=iOS\ Simulator
    export PLATFORM_FAMILY_NAME\=iOS
    export PLATFORM_NAME\=iphonesimulator
    export PLATFORM_PREFERRED_ARCH\=x86_64
    export PLATFORM_PRODUCT_BUILD_VERSION\=23B77
    export PLATFORM_REQUIRES_SWIFT_AUTOLINK_EXTRACT\=NO
    export PLATFORM_REQUIRES_SWIFT_MODULEWRAP\=NO
    export PLIST_FILE_OUTPUT_FORMAT\=binary
    export PODS_BUILD_DIR\=/Users/itechnolabs/Library/Developer/Xcode/DerivedData/Choona-dnghcflyrszrcwfmpfesqspssftx/Build/Products
    export PODS_CONFIGURATION_BUILD_DIR\=/Users/itechnolabs/Library/Developer/Xcode/DerivedData/Choona-dnghcflyrszrcwfmpfesqspssftx/Build/Products/Debug-iphonesimulator
    export PODS_DEVELOPMENT_LANGUAGE\=en
    export PODS_ROOT\=/Users/itechnolabs/Documents/Vijay/choona/ios/Pods
    export PODS_TARGET_SRCROOT\=/Users/itechnolabs/Documents/Vijay/choona/ios/Pods/Protobuf
    export PODS_XCFRAMEWORKS_BUILD_DIR\=/Users/itechnolabs/Library/Developer/Xcode/DerivedData/Choona-dnghcflyrszrcwfmpfesqspssftx/Build/Products/Debug-iphonesimulator/XCFrameworkIntermediates
    export PRECOMPS_INCLUDE_HEADERS_FROM_BUILT_PRODUCTS_DIR\=YES
    export PRECOMP_DESTINATION_DIR\=/Users/itechnolabs/Library/Developer/Xcode/DerivedData/Choona-dnghcflyrszrcwfmpfesqspssftx/Build/Intermediates.noindex/Pods.build/Debug-iphonesimulator/Protobuf.build/PrefixHeaders
    export PROCESSED_INFOPLIST_PATH\=/Users/itechnolabs/Library/Developer/Xcode/DerivedData/Choona-dnghcflyrszrcwfmpfesqspssftx/Build/Intermediates.noindex/Pods.build/Debug-iphonesimulator/Protobuf.build/Objects-normal/undefined_arch/Processed-Info.plist
    export PRODUCT_BUNDLE_IDENTIFIER\=org.cocoapods.Protobuf
    export PRODUCT_MODULE_NAME\=Protobuf
    export PRODUCT_NAME\=Protobuf
    export PRODUCT_SETTINGS_PATH\=
    export PRODUCT_TYPE\=com.apple.product-type.library.static
    export PROFILING_CODE\=NO
    export PROJECT\=Pods
    export PROJECT_DERIVED_FILE_DIR\=/Users/itechnolabs/Library/Developer/Xcode/DerivedData/Choona-dnghcflyrszrcwfmpfesqspssftx/Build/Intermediates.noindex/Pods.build/DerivedSources
    export PROJECT_DIR\=/Users/itechnolabs/Documents/Vijay/choona/ios/Pods
    export PROJECT_FILE_PATH\=/Users/itechnolabs/Documents/Vijay/choona/ios/Pods/Pods.xcodeproj
    export PROJECT_GUID\=8699adb1dd336b26511df848a716bd42
    export PROJECT_NAME\=Pods
    export PROJECT_TEMP_DIR\=/Users/itechnolabs/Library/Developer/Xcode/DerivedData/Choona-dnghcflyrszrcwfmpfesqspssftx/Build/Intermediates.noindex/Pods.build
    export PROJECT_TEMP_ROOT\=/Users/itechnolabs/Library/Developer/Xcode/DerivedData/Choona-dnghcflyrszrcwfmpfesqspssftx/Build/Intermediates.noindex
    export RECOMMENDED_IPHONEOS_DEPLOYMENT_TARGET\=15.0
    export RECURSIVE_SEARCH_PATHS_FOLLOW_SYMLINKS\=YES
    export REMOVE_CVS_FROM_RESOURCES\=YES
    export REMOVE_GIT_FROM_RESOURCES\=YES
    export REMOVE_HEADERS_FROM_EMBEDDED_BUNDLES\=YES
    export REMOVE_HG_FROM_RESOURCES\=YES
    export REMOVE_STATIC_EXECUTABLES_FROM_EMBEDDED_BUNDLES\=YES
    export REMOVE_SVN_FROM_RESOURCES\=YES
    export RESCHEDULE_INDEPENDENT_HEADERS_PHASES\=YES
    export REZ_COLLECTOR_DIR\=/Users/itechnolabs/Library/Developer/Xcode/DerivedData/Choona-dnghcflyrszrcwfmpfesqspssftx/Build/Intermediates.noindex/Pods.build/Debug-iphonesimulator/Protobuf.build/ResourceManagerResources
    export REZ_EXECUTABLE\=YES
    export REZ_OBJECTS_DIR\=/Users/itechnolabs/Library/Developer/Xcode/DerivedData/Choona-dnghcflyrszrcwfmpfesqspssftx/Build/Intermediates.noindex/Pods.build/Debug-iphonesimulator/Protobuf.build/ResourceManagerResources/Objects
    export REZ_SEARCH_PATHS\=/Users/itechnolabs/Library/Developer/Xcode/DerivedData/Choona-dnghcflyrszrcwfmpfesqspssftx/Build/Products/Debug-iphonesimulator/Protobuf\ 
    export RUNTIME_EXCEPTION_ALLOW_DYLD_ENVIRONMENT_VARIABLES\=NO
    export RUNTIME_EXCEPTION_ALLOW_JIT\=NO
    export RUNTIME_EXCEPTION_ALLOW_UNSIGNED_EXECUTABLE_MEMORY\=NO
    export RUNTIME_EXCEPTION_DEBUGGING_TOOL\=NO
    export RUNTIME_EXCEPTION_DISABLE_EXECUTABLE_PAGE_PROTECTION\=NO
    export RUNTIME_EXCEPTION_DISABLE_LIBRARY_VALIDATION\=NO
    export SCAN_ALL_SOURCE_FILES_FOR_INCLUDES\=NO
    export SCRIPT_INPUT_FILE_0\=/Users/itechnolabs/Library/Developer/Xcode/DerivedData/Choona-dnghcflyrszrcwfmpfesqspssftx/Build/Intermediates.noindex/Pods.build/Debug-iphonesimulator/Protobuf.build/DerivedSources/Protobuf-Swift.h
    export SCRIPT_INPUT_FILE_1\=/Users/itechnolabs/Documents/Vijay/choona/ios/Pods/Headers/Public/Protobuf/Protobuf.modulemap
    export SCRIPT_INPUT_FILE_2\=/Users/itechnolabs/Documents/Vijay/choona/ios/Pods/Headers/Public/Protobuf/Protobuf-umbrella.h
    export SCRIPT_INPUT_FILE_COUNT\=3
    export SCRIPT_INPUT_FILE_LIST_COUNT\=0
    export SCRIPT_OUTPUT_FILE_0\=/Users/itechnolabs/Library/Developer/Xcode/DerivedData/Choona-dnghcflyrszrcwfmpfesqspssftx/Build/Products/Debug-iphonesimulator/Protobuf/Protobuf.modulemap
    export SCRIPT_OUTPUT_FILE_1\=/Users/itechnolabs/Library/Developer/Xcode/DerivedData/Choona-dnghcflyrszrcwfmpfesqspssftx/Build/Products/Debug-iphonesimulator/Protobuf/Protobuf-umbrella.h
    export SCRIPT_OUTPUT_FILE_2\=/Users/itechnolabs/Library/Developer/Xcode/DerivedData/Choona-dnghcflyrszrcwfmpfesqspssftx/Build/Products/Debug-iphonesimulator/Protobuf/Swift\ Compatibility\ Header/Protobuf-Swift.h
    export SCRIPT_OUTPUT_FILE_COUNT\=3
    export SCRIPT_OUTPUT_FILE_LIST_COUNT\=0
    export SDKROOT\=/Applications/Xcode.app/Contents/Developer/Platforms/iPhoneSimulator.platform/Developer/SDKs/iPhoneSimulator26.1.sdk
    export SDK_DIR\=/Applications/Xcode.app/Contents/Developer/Platforms/iPhoneSimulator.platform/Developer/SDKs/iPhoneSimulator26.1.sdk
    export SDK_DIR_iphonesimulator\=/Applications/Xcode.app/Contents/Developer/Platforms/iPhoneSimulator.platform/Developer/SDKs/iPhoneSimulator26.1.sdk
    export SDK_DIR_iphonesimulator26_1\=/Applications/Xcode.app/Contents/Developer/Platforms/iPhoneSimulator.platform/Developer/SDKs/iPhoneSimulator26.1.sdk
    export SDK_NAME\=iphonesimulator26.1
    export SDK_NAMES\=iphonesimulator26.1
    export SDK_PRODUCT_BUILD_VERSION\=23B77
    export SDK_STAT_CACHE_DIR\=/Users/itechnolabs/Library/Developer/Xcode/DerivedData
    export SDK_STAT_CACHE_ENABLE\=YES
    export SDK_STAT_CACHE_PATH\=/Users/itechnolabs/Library/Developer/Xcode/DerivedData/SDKStatCaches.noindex/iphonesimulator26.1-23B77-90cf18a4295e390e64c810bc6bd7acbc.sdkstatcache
    export SDK_VERSION\=26.1
    export SDK_VERSION_ACTUAL\=260100
    export SDK_VERSION_MAJOR\=260000
    export SDK_VERSION_MINOR\=260100
    export SED\=/usr/bin/sed
    export SEPARATE_STRIP\=NO
    export SEPARATE_SYMBOL_EDIT\=NO
    export SET_DIR_MODE_OWNER_GROUP\=YES
    export SET_FILE_MODE_OWNER_GROUP\=NO
    export SHALLOW_BUNDLE\=NO
    export SHARED_DERIVED_FILE_DIR\=/Users/itechnolabs/Library/Developer/Xcode/DerivedData/Choona-dnghcflyrszrcwfmpfesqspssftx/Build/Products/Debug-iphonesimulator/Protobuf/DerivedSources
    export SHARED_PRECOMPS_DIR\=/Users/itechnolabs/Library/Developer/Xcode/DerivedData/Choona-dnghcflyrszrcwfmpfesqspssftx/Build/Intermediates.noindex/PrecompiledHeaders
    export SKIP_INSTALL\=YES
    export SOURCE_ROOT\=/Users/itechnolabs/Documents/Vijay/choona/ios/Pods
    export SRCROOT\=/Users/itechnolabs/Documents/Vijay/choona/ios/Pods
    export STRINGSDATA_DIR\=/Users/itechnolabs/Library/Developer/Xcode/DerivedData/Choona-dnghcflyrszrcwfmpfesqspssftx/Build/Intermediates.noindex/Pods.build/Debug-iphonesimulator/Protobuf.build/Objects-normal/undefined_arch
    export STRINGSDATA_ROOT\=/Users/itechnolabs/Library/Developer/Xcode/DerivedData/Choona-dnghcflyrszrcwfmpfesqspssftx/Build/Intermediates.noindex/Pods.build/Debug-iphonesimulator/Protobuf.build
    export STRINGS_FILE_INFOPLIST_RENAME\=YES
    export STRINGS_FILE_OUTPUT_ENCODING\=binary
    export STRING_CATALOG_GENERATE_SYMBOLS\=NO
    export STRIP_BITCODE_FROM_COPIED_FILES\=NO
    export STRIP_INSTALLED_PRODUCT\=NO
    export STRIP_STYLE\=debugging
    export STRIP_SWIFT_SYMBOLS\=YES
    export SUPPORTED_DEVICE_FAMILIES\=1,2
    export SUPPORTED_PLATFORMS\=iphoneos\ iphonesimulator
    export SUPPORTS_TEXT_BASED_API\=NO
    export SUPPRESS_WARNINGS\=NO
    export SWIFT_ACTIVE_COMPILATION_CONDITIONS\=DEBUG\ 
    export SWIFT_EMIT_CONST_VALUE_PROTOCOLS\=AppIntent\ EntityQuery\ AppEntity\ TransientEntity\ AppEnum\ AppShortcutProviding\ AppShortcutsProvider\ AnyResolverProviding\ AppIntentsPackage\ DynamicOptionsProvider\ _IntentValueRepresentable\ _AssistantIntentsProvider\ _GenerativeFunctionExtractable\ IntentValueQuery\ Resolver\ AppExtension\ ExtensionPointDefining
    export SWIFT_EMIT_LOC_STRINGS\=NO
    export SWIFT_ENABLE_EXPLICIT_MODULES\=YES
    export SWIFT_INSTALL_OBJC_HEADER\=YES
    export SWIFT_OPTIMIZATION_LEVEL\=-Onone
    export SWIFT_PLATFORM_TARGET_PREFIX\=ios
    export SWIFT_RESPONSE_FILE_PATH_normal_arm64\=/Users/itechnolabs/Library/Developer/Xcode/DerivedData/Choona-dnghcflyrszrcwfmpfesqspssftx/Build/Intermediates.noindex/Pods.build/Debug-iphonesimulator/Protobuf.build/Objects-normal/arm64/Protobuf.SwiftFileList
    export SWIFT_VERSION\=5.0
    export SYMROOT\=/Users/itechnolabs/Library/Developer/Xcode/DerivedData/Choona-dnghcflyrszrcwfmpfesqspssftx/Build/Products
    export SYSTEM_ADMIN_APPS_DIR\=/Applications/Utilities
    export SYSTEM_APPS_DIR\=/Applications
    export SYSTEM_CORE_SERVICES_DIR\=/System/Library/CoreServices
    export SYSTEM_DEMOS_DIR\=/Applications/Extras
    export SYSTEM_DEVELOPER_APPS_DIR\=/Applications/Xcode.app/Contents/Developer/Applications
    export SYSTEM_DEVELOPER_BIN_DIR\=/Applications/Xcode.app/Contents/Developer/usr/bin
    export SYSTEM_DEVELOPER_DEMOS_DIR\=/Applications/Xcode.app/Contents/Developer/Applications/Utilities/Built\ Examples
    export SYSTEM_DEVELOPER_DIR\=/Applications/Xcode.app/Contents/Developer
    export SYSTEM_DEVELOPER_DOC_DIR\=/Applications/Xcode.app/Contents/Developer/ADC\ Reference\ Library
    export SYSTEM_DEVELOPER_GRAPHICS_TOOLS_DIR\=/Applications/Xcode.app/Contents/Developer/Applications/Graphics\ Tools
    export SYSTEM_DEVELOPER_JAVA_TOOLS_DIR\=/Applications/Xcode.app/Contents/Developer/Applications/Java\ Tools
    export SYSTEM_DEVELOPER_PERFORMANCE_TOOLS_DIR\=/Applications/Xcode.app/Contents/Developer/Applications/Performance\ Tools
    export SYSTEM_DEVELOPER_RELEASENOTES_DIR\=/Applications/Xcode.app/Contents/Developer/ADC\ Reference\ Library/releasenotes
    export SYSTEM_DEVELOPER_TOOLS\=/Applications/Xcode.app/Contents/Developer/Tools
    export SYSTEM_DEVELOPER_TOOLS_DOC_DIR\=/Applications/Xcode.app/Contents/Developer/ADC\ Reference\ Library/documentation/DeveloperTools
    export SYSTEM_DEVELOPER_TOOLS_RELEASENOTES_DIR\=/Applications/Xcode.app/Contents/Developer/ADC\ Reference\ Library/releasenotes/DeveloperTools
    export SYSTEM_DEVELOPER_USR_DIR\=/Applications/Xcode.app/Contents/Developer/usr
    export SYSTEM_DEVELOPER_UTILITIES_DIR\=/Applications/Xcode.app/Contents/Developer/Applications/Utilities
    export SYSTEM_DEXT_INSTALL_PATH\=/System/Library/DriverExtensions
    export SYSTEM_DOCUMENTATION_DIR\=/Library/Documentation
    export SYSTEM_KEXT_INSTALL_PATH\=/System/Library/Extensions
    export SYSTEM_LIBRARY_DIR\=/System/Library
    export TAPI_DEMANGLE\=YES
    export TAPI_ENABLE_PROJECT_HEADERS\=NO
    export TAPI_LANGUAGE\=objective-c
    export TAPI_LANGUAGE_STANDARD\=compiler-default
    export TAPI_USE_SRCROOT\=YES
    export TAPI_VERIFY_MODE\=Pedantic
    export TARGETED_DEVICE_FAMILY\=1,2
    export TARGETNAME\=Protobuf
    export TARGET_BUILD_DIR\=/Users/itechnolabs/Library/Developer/Xcode/DerivedData/Choona-dnghcflyrszrcwfmpfesqspssftx/Build/Products/Debug-iphonesimulator/Protobuf
    export TARGET_NAME\=Protobuf
    export TARGET_TEMP_DIR\=/Users/itechnolabs/Library/Developer/Xcode/DerivedData/Choona-dnghcflyrszrcwfmpfesqspssftx/Build/Intermediates.noindex/Pods.build/Debug-iphonesimulator/Protobuf.build
    export TEMP_DIR\=/Users/itechnolabs/Library/Developer/Xcode/DerivedData/Choona-dnghcflyrszrcwfmpfesqspssftx/Build/Intermediates.noindex/Pods.build/Debug-iphonesimulator/Protobuf.build
    export TEMP_FILES_DIR\=/Users/itechnolabs/Library/Developer/Xcode/DerivedData/Choona-dnghcflyrszrcwfmpfesqspssftx/Build/Intermediates.noindex/Pods.build/Debug-iphonesimulator/Protobuf.build
    export TEMP_FILE_DIR\=/Users/itechnolabs/Library/Developer/Xcode/DerivedData/Choona-dnghcflyrszrcwfmpfesqspssftx/Build/Intermediates.noindex/Pods.build/Debug-iphonesimulator/Protobuf.build
    export TEMP_ROOT\=/Users/itechnolabs/Library/Developer/Xcode/DerivedData/Choona-dnghcflyrszrcwfmpfesqspssftx/Build/Intermediates.noindex
    export TEMP_SANDBOX_DIR\=/Users/itechnolabs/Library/Developer/Xcode/DerivedData/Choona-dnghcflyrszrcwfmpfesqspssftx/Build/Intermediates.noindex/TemporaryTaskSandboxes
    export TEST_FRAMEWORK_SEARCH_PATHS\=\ /Applications/Xcode.app/Contents/Developer/Platforms/iPhoneSimulator.platform/Developer/Library/Frameworks\ /Applications/Xcode.app/Contents/Developer/Platforms/iPhoneSimulator.platform/Developer/SDKs/iPhoneSimulator26.1.sdk/Developer/Library/Frameworks
    export TEST_LIBRARY_SEARCH_PATHS\=\ /Applications/Xcode.app/Contents/Developer/Platforms/iPhoneSimulator.platform/Developer/usr/lib
    export TOOLCHAINS\=com.apple.dt.toolchain.XcodeDefault
    export TOOLCHAIN_DIR\=/Applications/Xcode.app/Contents/Developer/Toolchains/XcodeDefault.xctoolchain
    export TREAT_MISSING_BASELINES_AS_TEST_FAILURES\=NO
    export TREAT_MISSING_SCRIPT_PHASE_OUTPUTS_AS_ERRORS\=NO
    export UID\=501
    export UNINSTALLED_PRODUCTS_DIR\=/Users/itechnolabs/Library/Developer/Xcode/DerivedData/Choona-dnghcflyrszrcwfmpfesqspssftx/Build/Intermediates.noindex/UninstalledProducts
    export UNSTRIPPED_PRODUCT\=NO
    export USER\=itechnolabs
    export USER_APPS_DIR\=/Users/itechnolabs/Applications
    export USER_LIBRARY_DIR\=/Users/itechnolabs/Library
    export USE_DYNAMIC_NO_PIC\=YES
    export USE_HEADERMAP\=YES
    export USE_HEADER_SYMLINKS\=NO
    export USE_RECURSIVE_SCRIPT_INPUTS_IN_SCRIPT_PHASES\=YES
    export VALIDATE_DEVELOPMENT_ASSET_PATHS\=YES_ERROR
    export VALIDATE_PRODUCT\=NO
    export VALID_ARCHS\=arm64\ x86_64
    export VERBOSE_PBXCP\=NO
    export VERSION_INFO_BUILDER\=itechnolabs
    export VERSION_INFO_FILE\=Protobuf_vers.c
    export VERSION_INFO_STRING\=\"@\(\#\)PROGRAM:Protobuf\ \ PROJECT:Pods-\"
    export WORKSPACE_DIR\=/Users/itechnolabs/Documents/Vijay/choona/ios
    export WRAP_ASSET_PACKS_IN_SEPARATE_DIRECTORIES\=NO
    export XCODE_APP_SUPPORT_DIR\=/Applications/Xcode.app/Contents/Developer/Library/Xcode
    export XCODE_PRODUCT_BUILD_VERSION\=17B55
    export XCODE_VERSION_ACTUAL\=2610
    export XCODE_VERSION_MAJOR\=2600
    export XCODE_VERSION_MINOR\=2610
    export XPCSERVICES_FOLDER_PATH\=/XPCServices
    export YACC\=yacc
    export _DISCOVER_COMMAND_LINE_LINKER_INPUTS\=YES
    export _DISCOVER_COMMAND_LINE_LINKER_INPUTS_INCLUDE_WL\=YES
    export _LD_MULTIARCH\=YES
    export __DIAGNOSE_DEPRECATED_ARCHS\=YES
    export arch\=undefined_arch
    export variant\=normal
    /bin/sh -c /Users/itechnolabs/Library/Developer/Xcode/DerivedData/Choona-dnghcflyrszrcwfmpfesqspssftx/Build/Intermediates.noindex/Pods.build/Debug-iphonesimulator/Protobuf.build/Script-B90D75BE89D5E435CA1823443054E7BD.sh
ditto: Cannot get the real path for source '/Users/itechnolabs/Library/Developer/Xcode/DerivedData/Choona-dnghcflyrszrcwfmpfesqspssftx/Build/Intermediates.noindex/Pods.build/Debug-iphonesimulator/Protobuf.build/DerivedSources/Protobuf-Swift.h'

PhaseScriptExecution [CP-User]\ Generate\ Specs /Users/itechnolabs/Library/Developer/Xcode/DerivedData/Choona-dnghcflyrszrcwfmpfesqspssftx/Build/Intermediates.noindex/Pods.build/Debug-iphonesimulator/FBReactNativeSpec.build/Script-84B1B8CAE13DACF4DD2FF5FF7478372C.sh (in target 'FBReactNativeSpec' from project 'Pods')
    cd /Users/itechnolabs/Documents/Vijay/choona/ios/Pods
    export ACTION\=build
    export AD_HOC_CODE_SIGNING_ALLOWED\=YES
    export ALLOW_BUILD_REQUEST_OVERRIDES\=NO
    export ALLOW_TARGET_PLATFORM_SPECIALIZATION\=NO
    export ALTERNATE_GROUP\=staff
    export ALTERNATE_MODE\=u+w,go-w,a+rX
    export ALTERNATE_OWNER\=itechnolabs
    export ALTERNATIVE_DISTRIBUTION_WEB\=NO
    export ALWAYS_EMBED_SWIFT_STANDARD_LIBRARIES\=NO
    export ALWAYS_SEARCH_USER_PATHS\=NO
    export ALWAYS_USE_SEPARATE_HEADERMAPS\=NO
    export ANDROID_DEPLOYMENT_TARGET\=21.0
    export APPLICATION_EXTENSION_API_ONLY\=NO
    export APPLY_RULES_IN_COPY_FILES\=NO
    export APPLY_RULES_IN_COPY_HEADERS\=NO
    export APP_SHORTCUTS_ENABLE_FLEXIBLE_MATCHING\=YES
    export ARCHS\=arm64
    export ARCHS_STANDARD\=arm64\ x86_64
    export ARCHS_STANDARD_32_64_BIT\=arm64\ x86_64
    export ARCHS_STANDARD_64_BIT\=arm64\ x86_64
    export ARCHS_STANDARD_INCLUDING_64_BIT\=arm64\ x86_64
    export ARCHS_UNIVERSAL_IPHONE_OS\=arm64\ x86_64
    export ASSETCATALOG_COMPILER_GENERATE_SWIFT_ASSET_SYMBOL_EXTENSIONS\=NO
    export AUTOMATICALLY_MERGE_DEPENDENCIES\=NO
    export AUTOMATION_APPLE_EVENTS\=NO
    export AVAILABLE_PLATFORMS\=android\ appletvos\ appletvsimulator\ driverkit\ iphoneos\ iphonesimulator\ macosx\ qnx\ watchos\ watchsimulator\ webassembly\ xros\ xrsimulator
    export BUILD_ACTIVE_RESOURCES_ONLY\=NO
    export BUILD_COMPONENTS\=headers\ build
    export BUILD_DIR\=/Users/itechnolabs/Library/Developer/Xcode/DerivedData/Choona-dnghcflyrszrcwfmpfesqspssftx/Build/Products
    export BUILD_LIBRARY_FOR_DISTRIBUTION\=NO
    export BUILD_ROOT\=/Users/itechnolabs/Library/Developer/Xcode/DerivedData/Choona-dnghcflyrszrcwfmpfesqspssftx/Build/Products
    export BUILD_STYLE\=
    export BUILD_VARIANTS\=normal
    export BUILT_PRODUCTS_DIR\=/Users/itechnolabs/Library/Developer/Xcode/DerivedData/Choona-dnghcflyrszrcwfmpfesqspssftx/Build/Products/Debug-iphonesimulator/FBReactNativeSpec
    export BUNDLE_CONTENTS_FOLDER_PATH_deep\=Contents/
    export BUNDLE_EXECUTABLE_FOLDER_NAME_deep\=MacOS
    export BUNDLE_EXTENSIONS_FOLDER_PATH\=Extensions
    export BUNDLE_FORMAT\=shallow
    export BUNDLE_FRAMEWORKS_FOLDER_PATH\=Frameworks
    export BUNDLE_PLUGINS_FOLDER_PATH\=PlugIns
    export BUNDLE_PRIVATE_HEADERS_FOLDER_PATH\=PrivateHeaders
    export BUNDLE_PUBLIC_HEADERS_FOLDER_PATH\=Headers
    export CACHE_ROOT\=/var/folders/ff/n1gxxz3133vbjkgtw1p49zgm0000gn/C/com.apple.DeveloperTools/26.1-17B55/Xcode
    export CCHROOT\=/var/folders/ff/n1gxxz3133vbjkgtw1p49zgm0000gn/C/com.apple.DeveloperTools/26.1-17B55/Xcode
    export CHMOD\=/bin/chmod
    export CHOWN\=/usr/sbin/chown
    export CLANG_ANALYZER_LOCALIZABILITY_NONLOCALIZED\=YES
    export CLANG_ANALYZER_NONNULL\=YES
    export CLANG_ANALYZER_NUMBER_OBJECT_CONVERSION\=YES_AGGRESSIVE
    export CLANG_CACHE_FINE_GRAINED_OUTPUTS\=YES
    export CLANG_CXX_LANGUAGE_STANDARD\=c++14
    export CLANG_CXX_LIBRARY\=libc++
    export CLANG_ENABLE_EXPLICIT_MODULES\=YES
    export CLANG_ENABLE_MODULES\=YES
    export CLANG_ENABLE_MODULE_DEBUGGING\=NO
    export CLANG_ENABLE_OBJC_ARC\=YES
    export CLANG_ENABLE_OBJC_WEAK\=NO
    export CLANG_MODULES_BUILD_SESSION_FILE\=/Users/itechnolabs/Library/Developer/Xcode/DerivedData/ModuleCache.noindex/Session.modulevalidation
    export CLANG_WARN_BLOCK_CAPTURE_AUTORELEASING\=YES
    export CLANG_WARN_BOOL_CONVERSION\=YES
    export CLANG_WARN_COMMA\=YES
    export CLANG_WARN_CONSTANT_CONVERSION\=YES
    export CLANG_WARN_DEPRECATED_OBJC_IMPLEMENTATIONS\=YES
    export CLANG_WARN_DIRECT_OBJC_ISA_USAGE\=YES_ERROR
    export CLANG_WARN_DOCUMENTATION_COMMENTS\=YES
    export CLANG_WARN_EMPTY_BODY\=YES
    export CLANG_WARN_ENUM_CONVERSION\=YES
    export CLANG_WARN_INFINITE_RECURSION\=YES
    export CLANG_WARN_INT_CONVERSION\=YES
    export CLANG_WARN_NON_LITERAL_NULL_CONVERSION\=YES
    export CLANG_WARN_OBJC_IMPLICIT_RETAIN_SELF\=YES
    export CLANG_WARN_OBJC_LITERAL_CONVERSION\=YES
    export CLANG_WARN_OBJC_ROOT_CLASS\=YES_ERROR
    export CLANG_WARN_QUOTED_INCLUDE_IN_FRAMEWORK_HEADER\=NO
    export CLANG_WARN_RANGE_LOOP_ANALYSIS\=YES
    export CLANG_WARN_STRICT_PROTOTYPES\=YES
    export CLANG_WARN_SUSPICIOUS_MOVE\=YES
    export CLANG_WARN_UNGUARDED_AVAILABILITY\=YES_AGGRESSIVE
    export CLANG_WARN_UNREACHABLE_CODE\=YES
    export CLANG_WARN__DUPLICATE_METHOD_MATCH\=YES
    export CLASS_FILE_DIR\=/Users/itechnolabs/Library/Developer/Xcode/DerivedData/Choona-dnghcflyrszrcwfmpfesqspssftx/Build/Intermediates.noindex/Pods.build/Debug-iphonesimulator/FBReactNativeSpec.build/JavaClasses
    export CLEAN_PRECOMPS\=YES
    export CLONE_HEADERS\=NO
    export CODESIGNING_FOLDER_PATH\=/Users/itechnolabs/Library/Developer/Xcode/DerivedData/Choona-dnghcflyrszrcwfmpfesqspssftx/Build/Products/Debug-iphonesimulator/FBReactNativeSpec/libFBReactNativeSpec.a
    export CODE_SIGNING_ALLOWED\=NO
    export CODE_SIGNING_REQUIRED\=YES
    export CODE_SIGN_CONTEXT_CLASS\=XCiPhoneSimulatorCodeSignContext
    export CODE_SIGN_IDENTITY\=-
    export CODE_SIGN_INJECT_BASE_ENTITLEMENTS\=YES
    export COLOR_DIAGNOSTICS\=NO
    export COMBINE_HIDPI_IMAGES\=NO
    export COMPILATION_CACHE_CAS_PATH\=/Users/itechnolabs/Library/Developer/Xcode/DerivedData/CompilationCache.noindex
    export COMPILATION_CACHE_KEEP_CAS_DIRECTORY\=YES
    export COMPILER_INDEX_STORE_ENABLE\=Default
    export COMPOSITE_SDK_DIRS\=/Users/itechnolabs/Library/Developer/Xcode/DerivedData/Choona-dnghcflyrszrcwfmpfesqspssftx/Build/Intermediates.noindex/CompositeSDKs
    export COMPRESS_PNG_FILES\=YES
    export CONFIGURATION\=Debug
    export CONFIGURATION_BUILD_DIR\=/Users/itechnolabs/Library/Developer/Xcode/DerivedData/Choona-dnghcflyrszrcwfmpfesqspssftx/Build/Products/Debug-iphonesimulator/FBReactNativeSpec
    export CONFIGURATION_TEMP_DIR\=/Users/itechnolabs/Library/Developer/Xcode/DerivedData/Choona-dnghcflyrszrcwfmpfesqspssftx/Build/Intermediates.noindex/Pods.build/Debug-iphonesimulator
    export COPYING_PRESERVES_HFS_DATA\=NO
    export COPY_HEADERS_RUN_UNIFDEF\=NO
    export COPY_PHASE_STRIP\=NO
    export CORRESPONDING_DEVICE_PLATFORM_DIR\=/Applications/Xcode.app/Contents/Developer/Platforms/iPhoneOS.platform
    export CORRESPONDING_DEVICE_PLATFORM_NAME\=iphoneos
    export CORRESPONDING_DEVICE_SDK_DIR\=/Applications/Xcode.app/Contents/Developer/Platforms/iPhoneOS.platform/Developer/SDKs/iPhoneOS26.1.sdk
    export CORRESPONDING_DEVICE_SDK_NAME\=iphoneos26.1
    export CP\=/bin/cp
    export CREATE_INFOPLIST_SECTION_IN_BINARY\=NO
    export CURRENT_ARCH\=undefined_arch
    export CURRENT_VARIANT\=normal
    export DEAD_CODE_STRIPPING\=YES
    export DEBUGGING_SYMBOLS\=YES
    export DEBUG_INFORMATION_FORMAT\=dwarf
    export DEBUG_INFORMATION_VERSION\=compiler-default
    export DEFAULT_COMPILER\=com.apple.compilers.llvm.clang.1_0
    export DEFAULT_DEXT_INSTALL_PATH\=/System/Library/DriverExtensions
    export DEFAULT_KEXT_INSTALL_PATH\=/System/Library/Extensions
    export DEFINES_MODULE\=NO
    export DEPLOYMENT_LOCATION\=NO
    export DEPLOYMENT_POSTPROCESSING\=NO
    export DEPLOYMENT_TARGET_SETTING_NAME\=IPHONEOS_DEPLOYMENT_TARGET
    export DEPLOYMENT_TARGET_SUGGESTED_VALUES\=12.0\ 12.1\ 12.2\ 12.3\ 12.4\ 13.0\ 13.1\ 13.2\ 13.3\ 13.4\ 13.5\ 13.6\ 14.0\ 14.1\ 14.2\ 14.3\ 14.4\ 14.5\ 14.6\ 14.7\ 15.0\ 15.1\ 15.2\ 15.3\ 15.4\ 15.5\ 15.6\ 16.0\ 16.1\ 16.2\ 16.3\ 16.4\ 16.5\ 16.6\ 17.0\ 17.1\ 17.2\ 17.3\ 17.4\ 17.5\ 17.6\ 18.0\ 18.1\ 18.2\ 18.3\ 18.4\ 18.5\ 18.6\ 26.0\ 26.1
    export DERIVED_FILES_DIR\=/Users/itechnolabs/Library/Developer/Xcode/DerivedData/Choona-dnghcflyrszrcwfmpfesqspssftx/Build/Intermediates.noindex/Pods.build/Debug-iphonesimulator/FBReactNativeSpec.build/DerivedSources
    export DERIVED_FILE_DIR\=/Users/itechnolabs/Library/Developer/Xcode/DerivedData/Choona-dnghcflyrszrcwfmpfesqspssftx/Build/Intermediates.noindex/Pods.build/Debug-iphonesimulator/FBReactNativeSpec.build/DerivedSources
    export DERIVED_SOURCES_DIR\=/Users/itechnolabs/Library/Developer/Xcode/DerivedData/Choona-dnghcflyrszrcwfmpfesqspssftx/Build/Intermediates.noindex/Pods.build/Debug-iphonesimulator/FBReactNativeSpec.build/DerivedSources
    export DEVELOPER_APPLICATIONS_DIR\=/Applications/Xcode.app/Contents/Developer/Applications
    export DEVELOPER_BIN_DIR\=/Applications/Xcode.app/Contents/Developer/usr/bin
    export DEVELOPER_DIR\=/Applications/Xcode.app/Contents/Developer
    export DEVELOPER_FRAMEWORKS_DIR\=/Applications/Xcode.app/Contents/Developer/Library/Frameworks
    export DEVELOPER_FRAMEWORKS_DIR_QUOTED\=/Applications/Xcode.app/Contents/Developer/Library/Frameworks
    export DEVELOPER_LIBRARY_DIR\=/Applications/Xcode.app/Contents/Developer/Library
    export DEVELOPER_SDK_DIR\=/Applications/Xcode.app/Contents/Developer/Platforms/MacOSX.platform/Developer/SDKs
    export DEVELOPER_TOOLS_DIR\=/Applications/Xcode.app/Contents/Developer/Tools
    export DEVELOPER_USR_DIR\=/Applications/Xcode.app/Contents/Developer/usr
    export DEVELOPMENT_LANGUAGE\=en
    export DIAGNOSE_MISSING_TARGET_DEPENDENCIES\=YES
    export DIFF\=/usr/bin/diff
    export DONT_GENERATE_INFOPLIST_FILE\=NO
    export DSTROOT\=/tmp/Pods.dst
    export DT_TOOLCHAIN_DIR\=/Applications/Xcode.app/Contents/Developer/Toolchains/XcodeDefault.xctoolchain
    export DWARF_DSYM_FILE_NAME\=libFBReactNativeSpec.a.dSYM
    export DWARF_DSYM_FILE_SHOULD_ACCOMPANY_PRODUCT\=NO
    export DWARF_DSYM_FOLDER_PATH\=/Users/itechnolabs/Library/Developer/Xcode/DerivedData/Choona-dnghcflyrszrcwfmpfesqspssftx/Build/Products/Debug-iphonesimulator/FBReactNativeSpec
    export DYNAMIC_LIBRARY_EXTENSION\=dylib
    export EAGER_COMPILATION_ALLOW_SCRIPTS\=NO
    export EAGER_LINKING\=NO
    export EFFECTIVE_PLATFORM_NAME\=-iphonesimulator
    export EMBEDDED_CONTENT_CONTAINS_SWIFT\=NO
    export EMBED_ASSET_PACKS_IN_PRODUCT_BUNDLE\=NO
    export ENABLE_APP_SANDBOX\=NO
    export ENABLE_CODE_COVERAGE\=YES
    export ENABLE_CPLUSPLUS_BOUNDS_SAFE_BUFFERS\=NO
    export ENABLE_C_BOUNDS_SAFETY\=NO
    export ENABLE_DEFAULT_HEADER_SEARCH_PATHS\=YES
    export ENABLE_DEFAULT_SEARCH_PATHS\=YES
    export ENABLE_ENHANCED_SECURITY\=NO
    export ENABLE_HARDENED_RUNTIME\=NO
    export ENABLE_HEADER_DEPENDENCIES\=YES
    export ENABLE_INCOMING_NETWORK_CONNECTIONS\=NO
    export ENABLE_MODULE_VERIFIER\=NO
    export ENABLE_ON_DEMAND_RESOURCES\=NO
    export ENABLE_OUTGOING_NETWORK_CONNECTIONS\=NO
    export ENABLE_POINTER_AUTHENTICATION\=NO
    export ENABLE_PREVIEWS\=NO
    export ENABLE_RESOURCE_ACCESS_AUDIO_INPUT\=NO
    export ENABLE_RESOURCE_ACCESS_BLUETOOTH\=NO
    export ENABLE_RESOURCE_ACCESS_CALENDARS\=NO
    export ENABLE_RESOURCE_ACCESS_CAMERA\=NO
    export ENABLE_RESOURCE_ACCESS_CONTACTS\=NO
    export ENABLE_RESOURCE_ACCESS_LOCATION\=NO
    export ENABLE_RESOURCE_ACCESS_PHOTO_LIBRARY\=NO
    export ENABLE_RESOURCE_ACCESS_PRINTING\=NO
    export ENABLE_RESOURCE_ACCESS_USB\=NO
    export ENABLE_SDK_IMPORTS\=NO
    export ENABLE_SECURITY_COMPILER_WARNINGS\=NO
    export ENABLE_STRICT_OBJC_MSGSEND\=YES
    export ENABLE_TESTABILITY\=YES
    export ENABLE_TESTING_SEARCH_PATHS\=NO
    export ENABLE_USER_SCRIPT_SANDBOXING\=NO
    export ENABLE_XOJIT_PREVIEWS\=YES
    export ENFORCE_VALID_ARCHS\=YES
    export ENTITLEMENTS_DESTINATION\=__entitlements
    export ENTITLEMENTS_REQUIRED\=YES
    export EXCLUDED_INSTALLSRC_SUBDIRECTORY_PATTERNS\=.DS_Store\ .svn\ .git\ .hg\ CVS
    export EXCLUDED_RECURSIVE_SEARCH_PATH_SUBDIRECTORIES\=\*.nib\ \*.lproj\ \*.framework\ \*.gch\ \*.xcode\*\ \*.xcassets\ \*.icon\ \(\*\)\ .DS_Store\ CVS\ .svn\ .git\ .hg\ \*.pbproj\ \*.pbxproj
    export EXECUTABLE_EXTENSION\=a
    export EXECUTABLE_NAME\=libFBReactNativeSpec.a
    export EXECUTABLE_PATH\=libFBReactNativeSpec.a
    export EXECUTABLE_PREFIX\=lib
    export EXECUTABLE_SUFFIX\=.a
    export FILE_LIST\=/Users/itechnolabs/Library/Developer/Xcode/DerivedData/Choona-dnghcflyrszrcwfmpfesqspssftx/Build/Intermediates.noindex/Pods.build/Debug-iphonesimulator/FBReactNativeSpec.build/Objects/LinkFileList
    export FIXED_FILES_DIR\=/Users/itechnolabs/Library/Developer/Xcode/DerivedData/Choona-dnghcflyrszrcwfmpfesqspssftx/Build/Intermediates.noindex/Pods.build/Debug-iphonesimulator/FBReactNativeSpec.build/FixedFiles
    export FRAMEWORK_FLAG_PREFIX\=-framework
    export FRAMEWORK_SEARCH_PATHS\=/Users/itechnolabs/Library/Developer/Xcode/DerivedData/Choona-dnghcflyrszrcwfmpfesqspssftx/Build/Products/Debug-iphonesimulator/FBReactNativeSpec\ 
    export FRAMEWORK_VERSION\=A
    export FULL_PRODUCT_NAME\=libFBReactNativeSpec.a
    export FUSE_BUILD_PHASES\=YES
    export FUSE_BUILD_SCRIPT_PHASES\=NO
    export GCC3_VERSION\=3.3
    export GCC_C_LANGUAGE_STANDARD\=gnu11
    export GCC_DYNAMIC_NO_PIC\=NO
    export GCC_NO_COMMON_BLOCKS\=YES
    export GCC_OBJC_LEGACY_DISPATCH\=YES
    export GCC_OPTIMIZATION_LEVEL\=0
    export GCC_PFE_FILE_C_DIALECTS\=c\ objective-c\ c++\ objective-c++
    export GCC_PREFIX_HEADER\=Target\ Support\ Files/FBReactNativeSpec/FBReactNativeSpec-prefix.pch
    export GCC_PREPROCESSOR_DEFINITIONS\=POD_CONFIGURATION_DEBUG\=1\ DEBUG\=1\ \ COCOAPODS\=1
    export GCC_TREAT_WARNINGS_AS_ERRORS\=NO
    export GCC_VERSION\=com.apple.compilers.llvm.clang.1_0
    export GCC_VERSION_IDENTIFIER\=com_apple_compilers_llvm_clang_1_0
    export GCC_WARN_64_TO_32_BIT_CONVERSION\=YES
    export GCC_WARN_ABOUT_RETURN_TYPE\=YES_ERROR
    export GCC_WARN_UNDECLARED_SELECTOR\=YES
    export GCC_WARN_UNINITIALIZED_AUTOS\=YES_AGGRESSIVE
    export GCC_WARN_UNUSED_FUNCTION\=YES
    export GCC_WARN_UNUSED_VARIABLE\=YES
    export GENERATED_MODULEMAP_DIR\=/Users/itechnolabs/Library/Developer/Xcode/DerivedData/Choona-dnghcflyrszrcwfmpfesqspssftx/Build/Intermediates.noindex/GeneratedModuleMaps-iphonesimulator
    export GENERATE_INFOPLIST_FILE\=NO
    export GENERATE_INTERMEDIATE_TEXT_BASED_STUBS\=YES
    export GENERATE_PKGINFO_FILE\=NO
    export GENERATE_PRELINK_OBJECT_FILE\=NO
    export GENERATE_PROFILING_CODE\=NO
    export GENERATE_TEXT_BASED_STUBS\=NO
    export GID\=20
    export GROUP\=staff
    export HEADERMAP_INCLUDES_FLAT_ENTRIES_FOR_TARGET_BEING_BUILT\=YES
    export HEADERMAP_INCLUDES_FRAMEWORK_ENTRIES_FOR_ALL_PRODUCT_TYPES\=YES
    export HEADERMAP_INCLUDES_FRAMEWORK_ENTRIES_FOR_TARGETS_NOT_BEING_BUILT\=YES
    export HEADERMAP_INCLUDES_NONPUBLIC_NONPRIVATE_HEADERS\=YES
    export HEADERMAP_INCLUDES_PROJECT_HEADERS\=YES
    export HEADERMAP_USES_FRAMEWORK_PREFIX_ENTRIES\=YES
    export HEADERMAP_USES_VFS\=NO
    export HEADER_SEARCH_PATHS\=/Users/itechnolabs/Library/Developer/Xcode/DerivedData/Choona-dnghcflyrszrcwfmpfesqspssftx/Build/Products/Debug-iphonesimulator/FBReactNativeSpec/include\ \ \"/Users/itechnolabs/Documents/Vijay/choona/ios/Pods/Headers/Private\"\ \"/Users/itechnolabs/Documents/Vijay/choona/ios/Pods/Headers/Private/FBReactNativeSpec\"\ \"/Users/itechnolabs/Documents/Vijay/choona/ios/Pods/Headers/Public\"\ \"/Users/itechnolabs/Documents/Vijay/choona/ios/Pods/Headers/Public/DoubleConversion\"\ \"/Users/itechnolabs/Documents/Vijay/choona/ios/Pods/Headers/Public/FBLazyVector\"\ \"/Users/itechnolabs/Documents/Vijay/choona/ios/Pods/Headers/Public/FBReactNativeSpec\"\ \"/Users/itechnolabs/Documents/Vijay/choona/ios/Pods/Headers/Public/RCT-Folly\"\ \"/Users/itechnolabs/Documents/Vijay/choona/ios/Pods/Headers/Public/RCTRequired\"\ \"/Users/itechnolabs/Documents/Vijay/choona/ios/Pods/Headers/Public/RCTTypeSafety\"\ \"/Users/itechnolabs/Documents/Vijay/choona/ios/Pods/Headers/Public/React-Core\"\ \"/Users/itechnolabs/Documents/Vijay/choona/ios/Pods/Headers/Public/React-callinvoker\"\ \"/Users/itechnolabs/Documents/Vijay/choona/ios/Pods/Headers/Public/React-cxxreact\"\ \"/Users/itechnolabs/Documents/Vijay/choona/ios/Pods/Headers/Public/React-jsi\"\ \"/Users/itechnolabs/Documents/Vijay/choona/ios/Pods/Headers/Public/React-jsiexecutor\"\ \"/Users/itechnolabs/Documents/Vijay/choona/ios/Pods/Headers/Public/React-jsinspector\"\ \"/Users/itechnolabs/Documents/Vijay/choona/ios/Pods/Headers/Public/React-perflogger\"\ \"/Users/itechnolabs/Documents/Vijay/choona/ios/Pods/Headers/Public/React-runtimeexecutor\"\ \"/Users/itechnolabs/Documents/Vijay/choona/ios/Pods/Headers/Public/ReactCommon\"\ \"/Users/itechnolabs/Documents/Vijay/choona/ios/Pods/Headers/Public/Yoga\"\ \"/Users/itechnolabs/Documents/Vijay/choona/ios/Pods/Headers/Public/glog\"\ \"/Users/itechnolabs/Documents/Vijay/choona/ios/Pods/../../node_modules/react-native/React/FBReactNativeSpec/React/FBReactNativeSpec\"\ \"/Users/itechnolabs/Documents/Vijay/choona/ios/Pods/RCT-Folly\"
    export HOME\=/Users/itechnolabs
    export HOST_ARCH\=arm64
    export HOST_PLATFORM\=macosx
    export ICONV\=/usr/bin/iconv
    export IMPLICIT_DEPENDENCY_DOMAIN\=default
    export INFOPLIST_ENABLE_CFBUNDLEICONS_MERGE\=YES
    export INFOPLIST_EXPAND_BUILD_SETTINGS\=YES
    export INFOPLIST_OUTPUT_FORMAT\=binary
    export INFOPLIST_PREPROCESS\=NO
    export INLINE_PRIVATE_FRAMEWORKS\=NO
    export INSTALLAPI_IGNORE_SKIP_INSTALL\=YES
    export INSTALLHDRS_COPY_PHASE\=NO
    export INSTALLHDRS_SCRIPT_PHASE\=NO
    export INSTALL_DIR\=/tmp/Pods.dst/usr/local/lib
    export INSTALL_GROUP\=staff
    export INSTALL_MODE_FLAG\=u+w,go-w,a+rX
    export INSTALL_OWNER\=itechnolabs
    export INSTALL_PATH\=/usr/local/lib
    export INSTALL_ROOT\=/tmp/Pods.dst
    export IPHONEOS_DEPLOYMENT_TARGET\=13.0
    export IS_UNOPTIMIZED_BUILD\=YES
    export JAVAC_DEFAULT_FLAGS\=-J-Xms64m\ -J-XX:NewSize\=4M\ -J-Dfile.encoding\=UTF8
    export JAVA_APP_STUB\=/System/Library/Frameworks/JavaVM.framework/Resources/MacOS/JavaApplicationStub
    export JAVA_ARCHIVE_CLASSES\=YES
    export JAVA_ARCHIVE_TYPE\=JAR
    export JAVA_COMPILER\=/usr/bin/javac
    export JAVA_FRAMEWORK_RESOURCES_DIRS\=Resources
    export JAVA_JAR_FLAGS\=cv
    export JAVA_SOURCE_SUBDIR\=.
    export JAVA_USE_DEPENDENCIES\=YES
    export JAVA_ZIP_FLAGS\=-urg
    export JIKES_DEFAULT_FLAGS\=+E\ +OLDCSO
    export KEEP_PRIVATE_EXTERNS\=NO
    export LD_DEPENDENCY_INFO_FILE\=/Users/itechnolabs/Library/Developer/Xcode/DerivedData/Choona-dnghcflyrszrcwfmpfesqspssftx/Build/Intermediates.noindex/Pods.build/Debug-iphonesimulator/FBReactNativeSpec.build/Objects-normal/undefined_arch/FBReactNativeSpec_dependency_info.dat
    export LD_EXPORT_SYMBOLS\=YES
    export LD_GENERATE_MAP_FILE\=NO
    export LD_MAP_FILE_PATH\=/Users/itechnolabs/Library/Developer/Xcode/DerivedData/Choona-dnghcflyrszrcwfmpfesqspssftx/Build/Intermediates.noindex/Pods.build/Debug-iphonesimulator/FBReactNativeSpec.build/FBReactNativeSpec-LinkMap-normal-undefined_arch.txt
    export LD_NO_PIE\=NO
    export LD_QUOTE_LINKER_ARGUMENTS_FOR_COMPILER_DRIVER\=YES
    export LD_RUNPATH_SEARCH_PATHS\=\ @loader_path/Frameworks\ @executable_path/Frameworks\ /usr/lib/swift
    export LD_SHARED_CACHE_ELIGIBLE\=Automatic
    export LD_WARN_DUPLICATE_LIBRARIES\=NO
    export LD_WARN_UNUSED_DYLIBS\=NO
    export LEGACY_DEVELOPER_DIR\=/Applications/Xcode.app/Contents/PlugIns/Xcode3Core.ideplugin/Contents/SharedSupport/Developer
    export LEX\=lex
    export LIBRARY_DEXT_INSTALL_PATH\=/Library/DriverExtensions
    export LIBRARY_FLAG_NOSPACE\=YES
    export LIBRARY_FLAG_PREFIX\=-l
    export LIBRARY_KEXT_INSTALL_PATH\=/Library/Extensions
    export LIBRARY_SEARCH_PATHS\=/Users/itechnolabs/Library/Developer/Xcode/DerivedData/Choona-dnghcflyrszrcwfmpfesqspssftx/Build/Products/Debug-iphonesimulator/FBReactNativeSpec\ \ \"/Applications/Xcode.app/Contents/Developer/Platforms/iPhoneSimulator.platform/Developer/SDKs/iPhoneSimulator26.1.sdk/usr/lib/swift\"\ /Applications/Xcode.app/Contents/Developer/Platforms/iPhoneSimulator.platform/Developer/SDKs/iPhoneSimulator26.1.sdk/usr/lib/swift
    export LINKER_DISPLAYS_MANGLED_NAMES\=NO
    export LINK_FILE_LIST_normal_arm64\=/Users/itechnolabs/Library/Developer/Xcode/DerivedData/Choona-dnghcflyrszrcwfmpfesqspssftx/Build/Intermediates.noindex/Pods.build/Debug-iphonesimulator/FBReactNativeSpec.build/Objects-normal/arm64/FBReactNativeSpec.LinkFileList
    export LINK_OBJC_RUNTIME\=YES
    export LINK_WITH_STANDARD_LIBRARIES\=YES
    export LLVM_TARGET_TRIPLE_OS_VERSION\=ios13.0
    export LLVM_TARGET_TRIPLE_SUFFIX\=-simulator
    export LLVM_TARGET_TRIPLE_VENDOR\=apple
    export LM_AUX_CONST_METADATA_LIST_PATH_normal_arm64\=/Users/itechnolabs/Library/Developer/Xcode/DerivedData/Choona-dnghcflyrszrcwfmpfesqspssftx/Build/Intermediates.noindex/Pods.build/Debug-iphonesimulator/FBReactNativeSpec.build/Objects-normal/arm64/FBReactNativeSpec.SwiftConstValuesFileList
    export LOCALIZATION_EXPORT_SUPPORTED\=YES
    export LOCALIZATION_PREFERS_STRING_CATALOGS\=NO
    export LOCALIZED_STRING_MACRO_NAMES\=NSLocalizedString\ CFCopyLocalizedString
    export LOCALIZED_STRING_SWIFTUI_SUPPORT\=YES
    export LOCAL_ADMIN_APPS_DIR\=/Applications/Utilities
    export LOCAL_APPS_DIR\=/Applications
    export LOCAL_DEVELOPER_DIR\=/Library/Developer
    export LOCAL_LIBRARY_DIR\=/Library
    export LOCROOT\=/Users/itechnolabs/Documents/Vijay/choona/ios/Pods
    export LOCSYMROOT\=/Users/itechnolabs/Documents/Vijay/choona/ios/Pods
    export MACH_O_TYPE\=staticlib
    export MAC_OS_X_PRODUCT_BUILD_VERSION\=25A362
    export MAC_OS_X_VERSION_ACTUAL\=260001
    export MAC_OS_X_VERSION_MAJOR\=260000
    export MAC_OS_X_VERSION_MINOR\=260000
    export MAKE_MERGEABLE\=NO
    export MERGEABLE_LIBRARY\=NO
    export MERGED_BINARY_TYPE\=none
    export MERGE_LINKED_LIBRARIES\=NO
    export METAL_LIBRARY_FILE_BASE\=default
    export METAL_LIBRARY_OUTPUT_DIR\=/Users/itechnolabs/Library/Developer/Xcode/DerivedData/Choona-dnghcflyrszrcwfmpfesqspssftx/Build/Products/Debug-iphonesimulator/FBReactNativeSpec/
    export MODULE_CACHE_DIR\=/Users/itechnolabs/Library/Developer/Xcode/DerivedData/ModuleCache.noindex
    export MTL_ENABLE_DEBUG_INFO\=INCLUDE_SOURCE
    export MTL_FAST_MATH\=YES
    export NATIVE_ARCH\=arm64
    export NATIVE_ARCH_32_BIT\=arm
    export NATIVE_ARCH_64_BIT\=arm64
    export NATIVE_ARCH_ACTUAL\=arm64
    export NO_COMMON\=YES
    export OBJC_ABI_VERSION\=2
    export OBJECT_FILE_DIR\=/Users/itechnolabs/Library/Developer/Xcode/DerivedData/Choona-dnghcflyrszrcwfmpfesqspssftx/Build/Intermediates.noindex/Pods.build/Debug-iphonesimulator/FBReactNativeSpec.build/Objects
    export OBJECT_FILE_DIR_normal\=/Users/itechnolabs/Library/Developer/Xcode/DerivedData/Choona-dnghcflyrszrcwfmpfesqspssftx/Build/Intermediates.noindex/Pods.build/Debug-iphonesimulator/FBReactNativeSpec.build/Objects-normal
    export OBJROOT\=/Users/itechnolabs/Library/Developer/Xcode/DerivedData/Choona-dnghcflyrszrcwfmpfesqspssftx/Build/Intermediates.noindex
    export ONLY_ACTIVE_ARCH\=NO
    export OS\=MACOS
    export OSAC\=/usr/bin/osacompile
    export OTHER_CFLAGS\=\ -fmodule-map-file\=\"/Users/itechnolabs/Documents/Vijay/choona/ios/Pods/Headers/Public/React/React-Core.modulemap\"\ -fmodule-map-file\=\"/Users/itechnolabs/Documents/Vijay/choona/ios/Pods/Headers/Public/yoga/Yoga.modulemap\"\ -Wno-strict-prototypes\ -Wno-error\ -Wno-deprecated-declarations\ -Wno-implicit-function-declaration
    export OTHER_CPLUSPLUSFLAGS\=\ -fmodule-map-file\=\"/Users/itechnolabs/Documents/Vijay/choona/ios/Pods/Headers/Public/React/React-Core.modulemap\"\ -fmodule-map-file\=\"/Users/itechnolabs/Documents/Vijay/choona/ios/Pods/Headers/Public/yoga/Yoga.modulemap\"\ -Wno-strict-prototypes\ -Wno-error\ -Wno-deprecated-declarations\ -Wno-implicit-function-declaration\ -Wno-bitwise-instead-of-logical\ -Wno-error
    export PACKAGE_TYPE\=com.apple.package-type.static-library
    export PASCAL_STRINGS\=YES
    export PATH\=/Applications/Xcode.app/Contents/SharedFrameworks/SwiftBuild.framework/Versions/A/PlugIns/SWBBuildService.bundle/Contents/PlugIns/SWBUniversalPlatformPlugin.bundle/Contents/Frameworks/SWBUniversalPlatform.framework/Resources:/Applications/Xcode.app/Contents/Developer/Toolchains/XcodeDefault.xctoolchain/usr/bin:/Applications/Xcode.app/Contents/Developer/Toolchains/XcodeDefault.xctoolchain/usr/local/bin:/Applications/Xcode.app/Contents/Developer/Toolchains/XcodeDefault.xctoolchain/usr/libexec:/Applications/Xcode.app/Contents/Developer/Platforms/iPhoneSimulator.platform/usr/bin:/Applications/Xcode.app/Contents/Developer/Platforms/iPhoneSimulator.platform/usr/local/bin:/Applications/Xcode.app/Contents/Developer/Platforms/iPhoneSimulator.platform/Developer/usr/bin:/Applications/Xcode.app/Contents/Developer/Platforms/iPhoneSimulator.platform/Developer/usr/local/bin:/Applications/Xcode.app/Contents/Developer/usr/bin:/Applications/Xcode.app/Contents/Developer/usr/local/bin:/Users/itechnolabs/.antigravity/antigravity/bin:/Users/itechnolabs/.bun/bin:/opt/homebrew/opt/ruby@3.1/bin:/Users/itechnolabs/.yarn/bin:/Users/itechnolabs/.config/yarn/global/node_modules/.bin:/Users/itechnolabs/.nvm/versions/node/v22.21.1/bin:/Library/Frameworks/Python.framework/Versions/3.13/bin:/opt/homebrew/bin:/opt/homebrew/sbin:/Users/itechnolabs/.rbenv/shims:/Users/itechnolabs/.rbenv/bin:/usr/local/bin:/System/Cryptexes/App/usr/bin:/usr/bin:/bin:/usr/sbin:/sbin:/var/run/com.apple.security.cryptexd/codex.system/bootstrap/usr/local/bin:/var/run/com.apple.security.cryptexd/codex.system/bootstrap/usr/bin:/var/run/com.apple.security.cryptexd/codex.system/bootstrap/usr/appleinternal/bin:/opt/X11/bin:/Library/Apple/usr/bin:/Users/itechnolabs/miniconda3/bin:/Users/itechnolabs/miniconda3/condabin:/Users/itechnolabs/Library/Android/sdk/emulator:/Users/itechnolabs/Library/Android/sdk/platform-tools:/Users/itechnolabs/.rvm/bin
    export PATH_PREFIXES_EXCLUDED_FROM_HEADER_DEPENDENCIES\=/usr/include\ /usr/local/include\ /System/Library/Frameworks\ /System/Library/PrivateFrameworks\ /Applications/Xcode.app/Contents/Developer/Headers\ /Applications/Xcode.app/Contents/Developer/SDKs\ /Applications/Xcode.app/Contents/Developer/Platforms
    export PER_ARCH_MODULE_FILE_DIR\=/Users/itechnolabs/Library/Developer/Xcode/DerivedData/Choona-dnghcflyrszrcwfmpfesqspssftx/Build/Intermediates.noindex/Pods.build/Debug-iphonesimulator/FBReactNativeSpec.build/Objects-normal/undefined_arch
    export PER_ARCH_OBJECT_FILE_DIR\=/Users/itechnolabs/Library/Developer/Xcode/DerivedData/Choona-dnghcflyrszrcwfmpfesqspssftx/Build/Intermediates.noindex/Pods.build/Debug-iphonesimulator/FBReactNativeSpec.build/Objects-normal/undefined_arch
    export PER_VARIANT_OBJECT_FILE_DIR\=/Users/itechnolabs/Library/Developer/Xcode/DerivedData/Choona-dnghcflyrszrcwfmpfesqspssftx/Build/Intermediates.noindex/Pods.build/Debug-iphonesimulator/FBReactNativeSpec.build/Objects-normal
    export PKGINFO_FILE_PATH\=/Users/itechnolabs/Library/Developer/Xcode/DerivedData/Choona-dnghcflyrszrcwfmpfesqspssftx/Build/Intermediates.noindex/Pods.build/Debug-iphonesimulator/FBReactNativeSpec.build/PkgInfo
    export PLATFORM_DEVELOPER_APPLICATIONS_DIR\=/Applications/Xcode.app/Contents/Developer/Platforms/iPhoneSimulator.platform/Developer/Applications
    export PLATFORM_DEVELOPER_BIN_DIR\=/Applications/Xcode.app/Contents/Developer/Platforms/iPhoneSimulator.platform/Developer/usr/bin
    export PLATFORM_DEVELOPER_LIBRARY_DIR\=/Applications/Xcode.app/Contents/Developer/Platforms/iPhoneSimulator.platform/Developer/Library
    export PLATFORM_DEVELOPER_SDK_DIR\=/Applications/Xcode.app/Contents/Developer/Platforms/iPhoneSimulator.platform/Developer/SDKs
    export PLATFORM_DEVELOPER_TOOLS_DIR\=/Applications/Xcode.app/Contents/Developer/Platforms/iPhoneSimulator.platform/Developer/Tools
    export PLATFORM_DEVELOPER_USR_DIR\=/Applications/Xcode.app/Contents/Developer/Platforms/iPhoneSimulator.platform/Developer/usr
    export PLATFORM_DIR\=/Applications/Xcode.app/Contents/Developer/Platforms/iPhoneSimulator.platform
    export PLATFORM_DISPLAY_NAME\=iOS\ Simulator
    export PLATFORM_FAMILY_NAME\=iOS
    export PLATFORM_NAME\=iphonesimulator
    export PLATFORM_PREFERRED_ARCH\=x86_64
    export PLATFORM_PRODUCT_BUILD_VERSION\=23B77
    export PLATFORM_REQUIRES_SWIFT_AUTOLINK_EXTRACT\=NO
    export PLATFORM_REQUIRES_SWIFT_MODULEWRAP\=NO
    export PLIST_FILE_OUTPUT_FORMAT\=binary
    export PODS_BUILD_DIR\=/Users/itechnolabs/Library/Developer/Xcode/DerivedData/Choona-dnghcflyrszrcwfmpfesqspssftx/Build/Products
    export PODS_CONFIGURATION_BUILD_DIR\=/Users/itechnolabs/Library/Developer/Xcode/DerivedData/Choona-dnghcflyrszrcwfmpfesqspssftx/Build/Products/Debug-iphonesimulator
    export PODS_DEVELOPMENT_LANGUAGE\=en
    export PODS_ROOT\=/Users/itechnolabs/Documents/Vijay/choona/ios/Pods
    export PODS_TARGET_SRCROOT\=/Users/itechnolabs/Documents/Vijay/choona/ios/Pods/../../node_modules/react-native/React/FBReactNativeSpec
    export PODS_XCFRAMEWORKS_BUILD_DIR\=/Users/itechnolabs/Library/Developer/Xcode/DerivedData/Choona-dnghcflyrszrcwfmpfesqspssftx/Build/Products/Debug-iphonesimulator/XCFrameworkIntermediates
    export PRECOMPS_INCLUDE_HEADERS_FROM_BUILT_PRODUCTS_DIR\=YES
    export PRECOMP_DESTINATION_DIR\=/Users/itechnolabs/Library/Developer/Xcode/DerivedData/Choona-dnghcflyrszrcwfmpfesqspssftx/Build/Intermediates.noindex/Pods.build/Debug-iphonesimulator/FBReactNativeSpec.build/PrefixHeaders
    export PROCESSED_INFOPLIST_PATH\=/Users/itechnolabs/Library/Developer/Xcode/DerivedData/Choona-dnghcflyrszrcwfmpfesqspssftx/Build/Intermediates.noindex/Pods.build/Debug-iphonesimulator/FBReactNativeSpec.build/Objects-normal/undefined_arch/Processed-Info.plist
    export PRODUCT_BUNDLE_IDENTIFIER\=org.cocoapods.FBReactNativeSpec
    export PRODUCT_MODULE_NAME\=FBReactNativeSpec
    export PRODUCT_NAME\=FBReactNativeSpec
    export PRODUCT_SETTINGS_PATH\=
    export PRODUCT_TYPE\=com.apple.product-type.library.static
    export PROFILING_CODE\=NO
    export PROJECT\=Pods
    export PROJECT_DERIVED_FILE_DIR\=/Users/itechnolabs/Library/Developer/Xcode/DerivedData/Choona-dnghcflyrszrcwfmpfesqspssftx/Build/Intermediates.noindex/Pods.build/DerivedSources
    export PROJECT_DIR\=/Users/itechnolabs/Documents/Vijay/choona/ios/Pods
    export PROJECT_FILE_PATH\=/Users/itechnolabs/Documents/Vijay/choona/ios/Pods/Pods.xcodeproj
    export PROJECT_GUID\=8699adb1dd336b26511df848a716bd42
    export PROJECT_NAME\=Pods
    export PROJECT_TEMP_DIR\=/Users/itechnolabs/Library/Developer/Xcode/DerivedData/Choona-dnghcflyrszrcwfmpfesqspssftx/Build/Intermediates.noindex/Pods.build
    export PROJECT_TEMP_ROOT\=/Users/itechnolabs/Library/Developer/Xcode/DerivedData/Choona-dnghcflyrszrcwfmpfesqspssftx/Build/Intermediates.noindex
    export RECOMMENDED_IPHONEOS_DEPLOYMENT_TARGET\=15.0
    export RECURSIVE_SEARCH_PATHS_FOLLOW_SYMLINKS\=YES
    export REMOVE_CVS_FROM_RESOURCES\=YES
    export REMOVE_GIT_FROM_RESOURCES\=YES
    export REMOVE_HEADERS_FROM_EMBEDDED_BUNDLES\=YES
    export REMOVE_HG_FROM_RESOURCES\=YES
    export REMOVE_STATIC_EXECUTABLES_FROM_EMBEDDED_BUNDLES\=YES
    export REMOVE_SVN_FROM_RESOURCES\=YES
    export RESCHEDULE_INDEPENDENT_HEADERS_PHASES\=YES
    export REZ_COLLECTOR_DIR\=/Users/itechnolabs/Library/Developer/Xcode/DerivedData/Choona-dnghcflyrszrcwfmpfesqspssftx/Build/Intermediates.noindex/Pods.build/Debug-iphonesimulator/FBReactNativeSpec.build/ResourceManagerResources
    export REZ_EXECUTABLE\=YES
    export REZ_OBJECTS_DIR\=/Users/itechnolabs/Library/Developer/Xcode/DerivedData/Choona-dnghcflyrszrcwfmpfesqspssftx/Build/Intermediates.noindex/Pods.build/Debug-iphonesimulator/FBReactNativeSpec.build/ResourceManagerResources/Objects
    export REZ_SEARCH_PATHS\=/Users/itechnolabs/Library/Developer/Xcode/DerivedData/Choona-dnghcflyrszrcwfmpfesqspssftx/Build/Products/Debug-iphonesimulator/FBReactNativeSpec\ 
    export RUNTIME_EXCEPTION_ALLOW_DYLD_ENVIRONMENT_VARIABLES\=NO
    export RUNTIME_EXCEPTION_ALLOW_JIT\=NO
    export RUNTIME_EXCEPTION_ALLOW_UNSIGNED_EXECUTABLE_MEMORY\=NO
    export RUNTIME_EXCEPTION_DEBUGGING_TOOL\=NO
    export RUNTIME_EXCEPTION_DISABLE_EXECUTABLE_PAGE_PROTECTION\=NO
    export RUNTIME_EXCEPTION_DISABLE_LIBRARY_VALIDATION\=NO
    export SCAN_ALL_SOURCE_FILES_FOR_INCLUDES\=NO
    export SCRIPT_INPUT_FILE_0\=/Users/itechnolabs/Documents/Vijay/choona/node_modules/react-native/Libraries
    export SCRIPT_INPUT_FILE_COUNT\=1
    export SCRIPT_INPUT_FILE_LIST_COUNT\=0
    export SCRIPT_OUTPUT_FILE_0\=/Users/itechnolabs/Library/Developer/Xcode/DerivedData/Choona-dnghcflyrszrcwfmpfesqspssftx/Build/Intermediates.noindex/Pods.build/Debug-iphonesimulator/FBReactNativeSpec.build/DerivedSources/codegen-FBReactNativeSpec.log
    export SCRIPT_OUTPUT_FILE_1\=/Users/itechnolabs/Documents/Vijay/choona/node_modules/react-native/React/FBReactNativeSpec/FBReactNativeSpec/FBReactNativeSpec.h
    export SCRIPT_OUTPUT_FILE_2\=/Users/itechnolabs/Documents/Vijay/choona/node_modules/react-native/React/FBReactNativeSpec/FBReactNativeSpec/FBReactNativeSpec-generated.mm
    export SCRIPT_OUTPUT_FILE_COUNT\=3
    export SCRIPT_OUTPUT_FILE_LIST_COUNT\=0
    export SDKROOT\=/Applications/Xcode.app/Contents/Developer/Platforms/iPhoneSimulator.platform/Developer/SDKs/iPhoneSimulator26.1.sdk
    export SDK_DIR\=/Applications/Xcode.app/Contents/Developer/Platforms/iPhoneSimulator.platform/Developer/SDKs/iPhoneSimulator26.1.sdk
    export SDK_DIR_iphonesimulator\=/Applications/Xcode.app/Contents/Developer/Platforms/iPhoneSimulator.platform/Developer/SDKs/iPhoneSimulator26.1.sdk
    export SDK_DIR_iphonesimulator26_1\=/Applications/Xcode.app/Contents/Developer/Platforms/iPhoneSimulator.platform/Developer/SDKs/iPhoneSimulator26.1.sdk
    export SDK_NAME\=iphonesimulator26.1
    export SDK_NAMES\=iphonesimulator26.1
    export SDK_PRODUCT_BUILD_VERSION\=23B77
    export SDK_STAT_CACHE_DIR\=/Users/itechnolabs/Library/Developer/Xcode/DerivedData
    export SDK_STAT_CACHE_ENABLE\=YES
    export SDK_STAT_CACHE_PATH\=/Users/itechnolabs/Library/Developer/Xcode/DerivedData/SDKStatCaches.noindex/iphonesimulator26.1-23B77-90cf18a4295e390e64c810bc6bd7acbc.sdkstatcache
    export SDK_VERSION\=26.1
    export SDK_VERSION_ACTUAL\=260100
    export SDK_VERSION_MAJOR\=260000
    export SDK_VERSION_MINOR\=260100
    export SED\=/usr/bin/sed
    export SEPARATE_STRIP\=NO
    export SEPARATE_SYMBOL_EDIT\=NO
    export SET_DIR_MODE_OWNER_GROUP\=YES
    export SET_FILE_MODE_OWNER_GROUP\=NO
    export SHALLOW_BUNDLE\=NO
    export SHARED_DERIVED_FILE_DIR\=/Users/itechnolabs/Library/Developer/Xcode/DerivedData/Choona-dnghcflyrszrcwfmpfesqspssftx/Build/Products/Debug-iphonesimulator/FBReactNativeSpec/DerivedSources
    export SHARED_PRECOMPS_DIR\=/Users/itechnolabs/Library/Developer/Xcode/DerivedData/Choona-dnghcflyrszrcwfmpfesqspssftx/Build/Intermediates.noindex/PrecompiledHeaders
    export SKIP_INSTALL\=YES
    export SOURCE_ROOT\=/Users/itechnolabs/Documents/Vijay/choona/ios/Pods
    export SRCROOT\=/Users/itechnolabs/Documents/Vijay/choona/ios/Pods
    export STRINGSDATA_DIR\=/Users/itechnolabs/Library/Developer/Xcode/DerivedData/Choona-dnghcflyrszrcwfmpfesqspssftx/Build/Intermediates.noindex/Pods.build/Debug-iphonesimulator/FBReactNativeSpec.build/Objects-normal/undefined_arch
    export STRINGSDATA_ROOT\=/Users/itechnolabs/Library/Developer/Xcode/DerivedData/Choona-dnghcflyrszrcwfmpfesqspssftx/Build/Intermediates.noindex/Pods.build/Debug-iphonesimulator/FBReactNativeSpec.build
    export STRINGS_FILE_INFOPLIST_RENAME\=YES
    export STRINGS_FILE_OUTPUT_ENCODING\=binary
    export STRING_CATALOG_GENERATE_SYMBOLS\=NO
    export STRIP_BITCODE_FROM_COPIED_FILES\=NO
    export STRIP_INSTALLED_PRODUCT\=NO
    export STRIP_STYLE\=debugging
    export STRIP_SWIFT_SYMBOLS\=YES
    export SUPPORTED_DEVICE_FAMILIES\=1,2
    export SUPPORTED_PLATFORMS\=iphoneos\ iphonesimulator
    export SUPPORTS_TEXT_BASED_API\=NO
    export SUPPRESS_WARNINGS\=NO
    export SWIFT_ACTIVE_COMPILATION_CONDITIONS\=DEBUG\ 
    export SWIFT_EMIT_CONST_VALUE_PROTOCOLS\=AppIntent\ EntityQuery\ AppEntity\ TransientEntity\ AppEnum\ AppShortcutProviding\ AppShortcutsProvider\ AnyResolverProviding\ AppIntentsPackage\ DynamicOptionsProvider\ _IntentValueRepresentable\ _AssistantIntentsProvider\ _GenerativeFunctionExtractable\ IntentValueQuery\ Resolver\ AppExtension\ ExtensionPointDefining
    export SWIFT_EMIT_LOC_STRINGS\=NO
    export SWIFT_ENABLE_EXPLICIT_MODULES\=YES
    export SWIFT_INSTALL_OBJC_HEADER\=YES
    export SWIFT_OPTIMIZATION_LEVEL\=-Onone
    export SWIFT_PLATFORM_TARGET_PREFIX\=ios
    export SWIFT_RESPONSE_FILE_PATH_normal_arm64\=/Users/itechnolabs/Library/Developer/Xcode/DerivedData/Choona-dnghcflyrszrcwfmpfesqspssftx/Build/Intermediates.noindex/Pods.build/Debug-iphonesimulator/FBReactNativeSpec.build/Objects-normal/arm64/FBReactNativeSpec.SwiftFileList
    export SWIFT_VERSION\=5.0
    export SYMROOT\=/Users/itechnolabs/Library/Developer/Xcode/DerivedData/Choona-dnghcflyrszrcwfmpfesqspssftx/Build/Products
    export SYSTEM_ADMIN_APPS_DIR\=/Applications/Utilities
    export SYSTEM_APPS_DIR\=/Applications
    export SYSTEM_CORE_SERVICES_DIR\=/System/Library/CoreServices
    export SYSTEM_DEMOS_DIR\=/Applications/Extras
    export SYSTEM_DEVELOPER_APPS_DIR\=/Applications/Xcode.app/Contents/Developer/Applications
    export SYSTEM_DEVELOPER_BIN_DIR\=/Applications/Xcode.app/Contents/Developer/usr/bin
    export SYSTEM_DEVELOPER_DEMOS_DIR\=/Applications/Xcode.app/Contents/Developer/Applications/Utilities/Built\ Examples
    export SYSTEM_DEVELOPER_DIR\=/Applications/Xcode.app/Contents/Developer
    export SYSTEM_DEVELOPER_DOC_DIR\=/Applications/Xcode.app/Contents/Developer/ADC\ Reference\ Library
    export SYSTEM_DEVELOPER_GRAPHICS_TOOLS_DIR\=/Applications/Xcode.app/Contents/Developer/Applications/Graphics\ Tools
    export SYSTEM_DEVELOPER_JAVA_TOOLS_DIR\=/Applications/Xcode.app/Contents/Developer/Applications/Java\ Tools
    export SYSTEM_DEVELOPER_PERFORMANCE_TOOLS_DIR\=/Applications/Xcode.app/Contents/Developer/Applications/Performance\ Tools
    export SYSTEM_DEVELOPER_RELEASENOTES_DIR\=/Applications/Xcode.app/Contents/Developer/ADC\ Reference\ Library/releasenotes
    export SYSTEM_DEVELOPER_TOOLS\=/Applications/Xcode.app/Contents/Developer/Tools
    export SYSTEM_DEVELOPER_TOOLS_DOC_DIR\=/Applications/Xcode.app/Contents/Developer/ADC\ Reference\ Library/documentation/DeveloperTools
    export SYSTEM_DEVELOPER_TOOLS_RELEASENOTES_DIR\=/Applications/Xcode.app/Contents/Developer/ADC\ Reference\ Library/releasenotes/DeveloperTools
    export SYSTEM_DEVELOPER_USR_DIR\=/Applications/Xcode.app/Contents/Developer/usr
    export SYSTEM_DEVELOPER_UTILITIES_DIR\=/Applications/Xcode.app/Contents/Developer/Applications/Utilities
    export SYSTEM_DEXT_INSTALL_PATH\=/System/Library/DriverExtensions
    export SYSTEM_DOCUMENTATION_DIR\=/Library/Documentation
    export SYSTEM_KEXT_INSTALL_PATH\=/System/Library/Extensions
    export SYSTEM_LIBRARY_DIR\=/System/Library
    export TAPI_DEMANGLE\=YES
    export TAPI_ENABLE_PROJECT_HEADERS\=NO
    export TAPI_LANGUAGE\=objective-c
    export TAPI_LANGUAGE_STANDARD\=compiler-default
    export TAPI_USE_SRCROOT\=YES
    export TAPI_VERIFY_MODE\=Pedantic
    export TARGETED_DEVICE_FAMILY\=1,2
    export TARGETNAME\=FBReactNativeSpec
    export TARGET_BUILD_DIR\=/Users/itechnolabs/Library/Developer/Xcode/DerivedData/Choona-dnghcflyrszrcwfmpfesqspssftx/Build/Products/Debug-iphonesimulator/FBReactNativeSpec
    export TARGET_NAME\=FBReactNativeSpec
    export TARGET_TEMP_DIR\=/Users/itechnolabs/Library/Developer/Xcode/DerivedData/Choona-dnghcflyrszrcwfmpfesqspssftx/Build/Intermediates.noindex/Pods.build/Debug-iphonesimulator/FBReactNativeSpec.build
    export TEMP_DIR\=/Users/itechnolabs/Library/Developer/Xcode/DerivedData/Choona-dnghcflyrszrcwfmpfesqspssftx/Build/Intermediates.noindex/Pods.build/Debug-iphonesimulator/FBReactNativeSpec.build
    export TEMP_FILES_DIR\=/Users/itechnolabs/Library/Developer/Xcode/DerivedData/Choona-dnghcflyrszrcwfmpfesqspssftx/Build/Intermediates.noindex/Pods.build/Debug-iphonesimulator/FBReactNativeSpec.build
    export TEMP_FILE_DIR\=/Users/itechnolabs/Library/Developer/Xcode/DerivedData/Choona-dnghcflyrszrcwfmpfesqspssftx/Build/Intermediates.noindex/Pods.build/Debug-iphonesimulator/FBReactNativeSpec.build
    export TEMP_ROOT\=/Users/itechnolabs/Library/Developer/Xcode/DerivedData/Choona-dnghcflyrszrcwfmpfesqspssftx/Build/Intermediates.noindex
    export TEMP_SANDBOX_DIR\=/Users/itechnolabs/Library/Developer/Xcode/DerivedData/Choona-dnghcflyrszrcwfmpfesqspssftx/Build/Intermediates.noindex/TemporaryTaskSandboxes
    export TEST_FRAMEWORK_SEARCH_PATHS\=\ /Applications/Xcode.app/Contents/Developer/Platforms/iPhoneSimulator.platform/Developer/Library/Frameworks\ /Applications/Xcode.app/Contents/Developer/Platforms/iPhoneSimulator.platform/Developer/SDKs/iPhoneSimulator26.1.sdk/Developer/Library/Frameworks
    export TEST_LIBRARY_SEARCH_PATHS\=\ /Applications/Xcode.app/Contents/Developer/Platforms/iPhoneSimulator.platform/Developer/usr/lib
    export TOOLCHAINS\=com.apple.dt.toolchain.XcodeDefault
    export TOOLCHAIN_DIR\=/Applications/Xcode.app/Contents/Developer/Toolchains/XcodeDefault.xctoolchain
    export TREAT_MISSING_BASELINES_AS_TEST_FAILURES\=NO
    export TREAT_MISSING_SCRIPT_PHASE_OUTPUTS_AS_ERRORS\=NO
    export UID\=501
    export UNINSTALLED_PRODUCTS_DIR\=/Users/itechnolabs/Library/Developer/Xcode/DerivedData/Choona-dnghcflyrszrcwfmpfesqspssftx/Build/Intermediates.noindex/UninstalledProducts
    export UNSTRIPPED_PRODUCT\=NO
    export USER\=itechnolabs
    export USER_APPS_DIR\=/Users/itechnolabs/Applications
    export USER_LIBRARY_DIR\=/Users/itechnolabs/Library
    export USE_DYNAMIC_NO_PIC\=YES
    export USE_HEADERMAP\=YES
    export USE_HEADER_SYMLINKS\=NO
    export USE_RECURSIVE_SCRIPT_INPUTS_IN_SCRIPT_PHASES\=YES
    export VALIDATE_DEVELOPMENT_ASSET_PATHS\=YES_ERROR
    export VALIDATE_PRODUCT\=NO
    export VALID_ARCHS\=arm64\ x86_64
    export VERBOSE_PBXCP\=NO
    export VERSION_INFO_BUILDER\=itechnolabs
    export VERSION_INFO_FILE\=FBReactNativeSpec_vers.c
    export VERSION_INFO_STRING\=\"@\(\#\)PROGRAM:FBReactNativeSpec\ \ PROJECT:Pods-\"
    export WORKSPACE_DIR\=/Users/itechnolabs/Documents/Vijay/choona/ios
    export WRAP_ASSET_PACKS_IN_SEPARATE_DIRECTORIES\=NO
    export XCODE_APP_SUPPORT_DIR\=/Applications/Xcode.app/Contents/Developer/Library/Xcode
    export XCODE_PRODUCT_BUILD_VERSION\=17B55
    export XCODE_VERSION_ACTUAL\=2610
    export XCODE_VERSION_MAJOR\=2600
    export XCODE_VERSION_MINOR\=2610
    export XPCSERVICES_FOLDER_PATH\=/XPCServices
    export YACC\=yacc
    export _DISCOVER_COMMAND_LINE_LINKER_INPUTS\=YES
    export _DISCOVER_COMMAND_LINE_LINKER_INPUTS_INCLUDE_WL\=YES
    export _LD_MULTIARCH\=YES
    export __DIAGNOSE_DEPRECATED_ARCHS\=YES
    export arch\=undefined_arch
    export variant\=normal
    /bin/sh -c /Users/itechnolabs/Library/Developer/Xcode/DerivedData/Choona-dnghcflyrszrcwfmpfesqspssftx/Build/Intermediates.noindex/Pods.build/Debug-iphonesimulator/FBReactNativeSpec.build/Script-84B1B8CAE13DACF4DD2FF5FF7478372C.sh
Required ruby-2.7.5 is not installed.
To install do: 'rvm install "ruby-2.7.5"'
export PATH="/usr/local/opt/ruby/bin:$PATH"


>>>>> Generating schema from flow types




>>>>> Generating native code from schema (iOS)




>>>>> Copying output to final directory


Done.

CompileC /Users/itechnolabs/Library/Developer/Xcode/DerivedData/Choona-dnghcflyrszrcwfmpfesqspssftx/Build/Intermediates.noindex/Pods.build/Debug-iphonesimulator/RNFBMessaging.build/Objects-normal/arm64/RNFBMessaging+AppDelegate.o /Users/itechnolabs/Documents/Vijay/choona/node_modules/@react-native-firebase/messaging/ios/RNFBMessaging/RNFBMessaging+AppDelegate.m normal arm64 objective-c com.apple.compilers.llvm.clang.1_0.compiler (in target 'RNFBMessaging' from project 'Pods')
    cd /Users/itechnolabs/Documents/Vijay/choona/ios/Pods
    
    Using response file: /Users/itechnolabs/Library/Developer/Xcode/DerivedData/Choona-dnghcflyrszrcwfmpfesqspssftx/Build/Intermediates.noindex/Pods.build/Debug-iphonesimulator/RNFBMessaging.build/Objects-normal/arm64/e6072d4f65d7061329687fe24e3d63a7-common-args.resp
    
    /Applications/Xcode.app/Contents/Developer/Toolchains/XcodeDefault.xctoolchain/usr/bin/clang -x objective-c -ivfsstatcache /Users/itechnolabs/Library/Developer/Xcode/DerivedData/SDKStatCaches.noindex/iphonesimulator26.1-23B77-90cf18a4295e390e64c810bc6bd7acbc.sdkstatcache -fmessage-length\=0 -fdiagnostics-show-note-include-stack -fmacro-backtrace-limit\=0 -fno-color-diagnostics -fmodules-prune-interval\=86400 -fmodules-prune-after\=345600 -fbuild-session-file\=/Users/itechnolabs/Library/Developer/Xcode/DerivedData/ModuleCache.noindex/Session.modulevalidation -fmodules-validate-once-per-build-session -Wnon-modular-include-in-framework-module -Werror\=non-modular-include-in-framework-module -Wno-trigraphs -Wno-missing-field-initializers -Wno-missing-prototypes -Werror\=return-type -Wdocumentation -Wunreachable-code -Wno-implicit-atomic-properties -Werror\=deprecated-objc-isa-usage -Wno-objc-interface-ivars -Werror\=objc-root-class -Wno-arc-repeated-use-of-weak -Wimplicit-retain-self -Wduplicate-method-match -Wno-missing-braces -Wparentheses -Wswitch -Wunused-function -Wno-unused-label -Wno-unused-parameter -Wunused-variable -Wunused-value -Wempty-body -Wuninitialized -Wconditional-uninitialized -Wno-unknown-pragmas -Wno-shadow -Wno-four-char-constants -Wno-conversion -Wconstant-conversion -Wint-conversion -Wbool-conversion -Wenum-conversion -Wno-float-conversion -Wnon-literal-null-conversion -Wobjc-literal-conversion -Wshorten-64-to-32 -Wpointer-sign -Wno-newline-eof -Wno-selector -Wno-strict-selector-match -Wundeclared-selector -Wdeprecated-implementations -Wno-implicit-fallthrough -fstrict-aliasing -Wprotocol -Wdeprecated-declarations -Wno-sign-conversion -Winfinite-recursion -Wcomma -Wblock-capture-autoreleasing -Wstrict-prototypes -Wno-semicolon-before-method-body -Wunguarded-availability -index-store-path /Users/itechnolabs/Library/Developer/Xcode/DerivedData/Choona-dnghcflyrszrcwfmpfesqspssftx/Index.noindex/DataStore -Wno-strict-prototypes -Wno-error -Wno-deprecated-declarations -Wno-implicit-function-declaration @/Users/itechnolabs/Library/Developer/Xcode/DerivedData/Choona-dnghcflyrszrcwfmpfesqspssftx/Build/Intermediates.noindex/Pods.build/Debug-iphonesimulator/RNFBMessaging.build/Objects-normal/arm64/e6072d4f65d7061329687fe24e3d63a7-common-args.resp -include /Users/itechnolabs/Documents/Vijay/choona/ios/Pods/Target\ Support\ Files/RNFBMessaging/RNFBMessaging-prefix.pch -MMD -MT dependencies -MF /Users/itechnolabs/Library/Developer/Xcode/DerivedData/Choona-dnghcflyrszrcwfmpfesqspssftx/Build/Intermediates.noindex/Pods.build/Debug-iphonesimulator/RNFBMessaging.build/Objects-normal/arm64/RNFBMessaging+AppDelegate.d --serialize-diagnostics /Users/itechnolabs/Library/Developer/Xcode/DerivedData/Choona-dnghcflyrszrcwfmpfesqspssftx/Build/Intermediates.noindex/Pods.build/Debug-iphonesimulator/RNFBMessaging.build/Objects-normal/arm64/RNFBMessaging+AppDelegate.dia -c /Users/itechnolabs/Documents/Vijay/choona/node_modules/@react-native-firebase/messaging/ios/RNFBMessaging/RNFBMessaging+AppDelegate.m -o /Users/itechnolabs/Library/Developer/Xcode/DerivedData/Choona-dnghcflyrszrcwfmpfesqspssftx/Build/Intermediates.noindex/Pods.build/Debug-iphonesimulator/RNFBMessaging.build/Objects-normal/arm64/RNFBMessaging+AppDelegate.o -index-unit-output-path /Pods.build/Debug-iphonesimulator/RNFBMessaging.build/Objects-normal/arm64/RNFBMessaging+AppDelegate.o
In file included from /Users/itechnolabs/Documents/Vijay/choona/node_modules/@react-native-firebase/messaging/ios/RNFBMessaging/RNFBMessaging+AppDelegate.m:19:
/Users/itechnolabs/Documents/Vijay/choona/ios/Pods/Headers/Private/Firebase/Firebase.h:77:10: warning: "FirebaseAnalytics.framework is not included in your target. Please add the FirebaseAnalytics dependency to your project to ensure Messaging works as intended." [-W#warnings]
   77 |         #warning "FirebaseAnalytics.framework is not included in your target. Please add the \
      |          ^
1 warning generated.

CompileC /Users/itechnolabs/Library/Developer/Xcode/DerivedData/Choona-dnghcflyrszrcwfmpfesqspssftx/Build/Intermediates.noindex/Pods.build/Debug-iphonesimulator/RNFBDatabase.build/Objects-normal/arm64/RNFBDatabase-dummy.o /Users/itechnolabs/Documents/Vijay/choona/ios/Pods/Target\ Support\ Files/RNFBDatabase/RNFBDatabase-dummy.m normal arm64 objective-c com.apple.compilers.llvm.clang.1_0.compiler (in target 'RNFBDatabase' from project 'Pods')
    cd /Users/itechnolabs/Documents/Vijay/choona/ios/Pods
    
    Using response file: /Users/itechnolabs/Library/Developer/Xcode/DerivedData/Choona-dnghcflyrszrcwfmpfesqspssftx/Build/Intermediates.noindex/Pods.build/Debug-iphonesimulator/RNFBDatabase.build/Objects-normal/arm64/e6072d4f65d7061329687fe24e3d63a7-common-args.resp
    
    /Applications/Xcode.app/Contents/Developer/Toolchains/XcodeDefault.xctoolchain/usr/bin/clang -x objective-c -ivfsstatcache /Users/itechnolabs/Library/Developer/Xcode/DerivedData/SDKStatCaches.noindex/iphonesimulator26.1-23B77-90cf18a4295e390e64c810bc6bd7acbc.sdkstatcache -fmessage-length\=0 -fdiagnostics-show-note-include-stack -fmacro-backtrace-limit\=0 -fno-color-diagnostics -fmodules-prune-interval\=86400 -fmodules-prune-after\=345600 -fbuild-session-file\=/Users/itechnolabs/Library/Developer/Xcode/DerivedData/ModuleCache.noindex/Session.modulevalidation -fmodules-validate-once-per-build-session -Wnon-modular-include-in-framework-module -Werror\=non-modular-include-in-framework-module -Wno-trigraphs -Wno-missing-field-initializers -Wno-missing-prototypes -Werror\=return-type -Wdocumentation -Wunreachable-code -Wno-implicit-atomic-properties -Werror\=deprecated-objc-isa-usage -Wno-objc-interface-ivars -Werror\=objc-root-class -Wno-arc-repeated-use-of-weak -Wimplicit-retain-self -Wduplicate-method-match -Wno-missing-braces -Wparentheses -Wswitch -Wunused-function -Wno-unused-label -Wno-unused-parameter -Wunused-variable -Wunused-value -Wempty-body -Wuninitialized -Wconditional-uninitialized -Wno-unknown-pragmas -Wno-shadow -Wno-four-char-constants -Wno-conversion -Wconstant-conversion -Wint-conversion -Wbool-conversion -Wenum-conversion -Wno-float-conversion -Wnon-literal-null-conversion -Wobjc-literal-conversion -Wshorten-64-to-32 -Wpointer-sign -Wno-newline-eof -Wno-selector -Wno-strict-selector-match -Wundeclared-selector -Wdeprecated-implementations -Wno-implicit-fallthrough -fstrict-aliasing -Wprotocol -Wdeprecated-declarations -Wno-sign-conversion -Winfinite-recursion -Wcomma -Wblock-capture-autoreleasing -Wstrict-prototypes -Wno-semicolon-before-method-body -Wunguarded-availability -index-store-path /Users/itechnolabs/Library/Developer/Xcode/DerivedData/Choona-dnghcflyrszrcwfmpfesqspssftx/Index.noindex/DataStore -Wno-strict-prototypes -Wno-error -Wno-deprecated-declarations -Wno-implicit-function-declaration @/Users/itechnolabs/Library/Developer/Xcode/DerivedData/Choona-dnghcflyrszrcwfmpfesqspssftx/Build/Intermediates.noindex/Pods.build/Debug-iphonesimulator/RNFBDatabase.build/Objects-normal/arm64/e6072d4f65d7061329687fe24e3d63a7-common-args.resp -include /Users/itechnolabs/Documents/Vijay/choona/ios/Pods/Target\ Support\ Files/RNFBDatabase/RNFBDatabase-prefix.pch -MMD -MT dependencies -MF /Users/itechnolabs/Library/Developer/Xcode/DerivedData/Choona-dnghcflyrszrcwfmpfesqspssftx/Build/Intermediates.noindex/Pods.build/Debug-iphonesimulator/RNFBDatabase.build/Objects-normal/arm64/RNFBDatabase-dummy.d --serialize-diagnostics /Users/itechnolabs/Library/Developer/Xcode/DerivedData/Choona-dnghcflyrszrcwfmpfesqspssftx/Build/Intermediates.noindex/Pods.build/Debug-iphonesimulator/RNFBDatabase.build/Objects-normal/arm64/RNFBDatabase-dummy.dia -c /Users/itechnolabs/Documents/Vijay/choona/ios/Pods/Target\ Support\ Files/RNFBDatabase/RNFBDatabase-dummy.m -o /Users/itechnolabs/Library/Developer/Xcode/DerivedData/Choona-dnghcflyrszrcwfmpfesqspssftx/Build/Intermediates.noindex/Pods.build/Debug-iphonesimulator/RNFBDatabase.build/Objects-normal/arm64/RNFBDatabase-dummy.o -index-unit-output-path /Pods.build/Debug-iphonesimulator/RNFBDatabase.build/Objects-normal/arm64/RNFBDatabase-dummy.o

CompileC /Users/itechnolabs/Library/Developer/Xcode/DerivedData/Choona-dnghcflyrszrcwfmpfesqspssftx/Build/Intermediates.noindex/Pods.build/Debug-iphonesimulator/RNFBApp.build/Objects-normal/arm64/RCTConvert+FIRApp.o /Users/itechnolabs/Documents/Vijay/choona/node_modules/@react-native-firebase/app/ios/RNFBApp/RCTConvert+FIRApp.m normal arm64 objective-c com.apple.compilers.llvm.clang.1_0.compiler (in target 'RNFBApp' from project 'Pods')
    cd /Users/itechnolabs/Documents/Vijay/choona/ios/Pods
    
    Using response file: /Users/itechnolabs/Library/Developer/Xcode/DerivedData/Choona-dnghcflyrszrcwfmpfesqspssftx/Build/Intermediates.noindex/Pods.build/Debug-iphonesimulator/RNFBApp.build/Objects-normal/arm64/e6072d4f65d7061329687fe24e3d63a7-common-args.resp
    
    /Applications/Xcode.app/Contents/Developer/Toolchains/XcodeDefault.xctoolchain/usr/bin/clang -x objective-c -ivfsstatcache /Users/itechnolabs/Library/Developer/Xcode/DerivedData/SDKStatCaches.noindex/iphonesimulator26.1-23B77-90cf18a4295e390e64c810bc6bd7acbc.sdkstatcache -fmessage-length\=0 -fdiagnostics-show-note-include-stack -fmacro-backtrace-limit\=0 -fno-color-diagnostics -fmodules-prune-interval\=86400 -fmodules-prune-after\=345600 -fbuild-session-file\=/Users/itechnolabs/Library/Developer/Xcode/DerivedData/ModuleCache.noindex/Session.modulevalidation -fmodules-validate-once-per-build-session -Wnon-modular-include-in-framework-module -Werror\=non-modular-include-in-framework-module -Wno-trigraphs -Wno-missing-field-initializers -Wno-missing-prototypes -Werror\=return-type -Wdocumentation -Wunreachable-code -Wno-implicit-atomic-properties -Werror\=deprecated-objc-isa-usage -Wno-objc-interface-ivars -Werror\=objc-root-class -Wno-arc-repeated-use-of-weak -Wimplicit-retain-self -Wduplicate-method-match -Wno-missing-braces -Wparentheses -Wswitch -Wunused-function -Wno-unused-label -Wno-unused-parameter -Wunused-variable -Wunused-value -Wempty-body -Wuninitialized -Wconditional-uninitialized -Wno-unknown-pragmas -Wno-shadow -Wno-four-char-constants -Wno-conversion -Wconstant-conversion -Wint-conversion -Wbool-conversion -Wenum-conversion -Wno-float-conversion -Wnon-literal-null-conversion -Wobjc-literal-conversion -Wshorten-64-to-32 -Wpointer-sign -Wno-newline-eof -Wno-selector -Wno-strict-selector-match -Wundeclared-selector -Wdeprecated-implementations -Wno-implicit-fallthrough -fstrict-aliasing -Wprotocol -Wdeprecated-declarations -Wno-sign-conversion -Winfinite-recursion -Wcomma -Wblock-capture-autoreleasing -Wstrict-prototypes -Wno-semicolon-before-method-body -Wunguarded-availability -index-store-path /Users/itechnolabs/Library/Developer/Xcode/DerivedData/Choona-dnghcflyrszrcwfmpfesqspssftx/Index.noindex/DataStore -Wno-strict-prototypes -Wno-error -Wno-deprecated-declarations -Wno-implicit-function-declaration @/Users/itechnolabs/Library/Developer/Xcode/DerivedData/Choona-dnghcflyrszrcwfmpfesqspssftx/Build/Intermediates.noindex/Pods.build/Debug-iphonesimulator/RNFBApp.build/Objects-normal/arm64/e6072d4f65d7061329687fe24e3d63a7-common-args.resp -include /Users/itechnolabs/Documents/Vijay/choona/ios/Pods/Target\ Support\ Files/RNFBApp/RNFBApp-prefix.pch -MMD -MT dependencies -MF /Users/itechnolabs/Library/Developer/Xcode/DerivedData/Choona-dnghcflyrszrcwfmpfesqspssftx/Build/Intermediates.noindex/Pods.build/Debug-iphonesimulator/RNFBApp.build/Objects-normal/arm64/RCTConvert+FIRApp.d --serialize-diagnostics /Users/itechnolabs/Library/Developer/Xcode/DerivedData/Choona-dnghcflyrszrcwfmpfesqspssftx/Build/Intermediates.noindex/Pods.build/Debug-iphonesimulator/RNFBApp.build/Objects-normal/arm64/RCTConvert+FIRApp.dia -c /Users/itechnolabs/Documents/Vijay/choona/node_modules/@react-native-firebase/app/ios/RNFBApp/RCTConvert+FIRApp.m -o /Users/itechnolabs/Library/Developer/Xcode/DerivedData/Choona-dnghcflyrszrcwfmpfesqspssftx/Build/Intermediates.noindex/Pods.build/Debug-iphonesimulator/RNFBApp.build/Objects-normal/arm64/RCTConvert+FIRApp.o -index-unit-output-path /Pods.build/Debug-iphonesimulator/RNFBApp.build/Objects-normal/arm64/RCTConvert+FIRApp.o

CompileC /Users/itechnolabs/Library/Developer/Xcode/DerivedData/Choona-dnghcflyrszrcwfmpfesqspssftx/Build/Intermediates.noindex/Pods.build/Debug-iphonesimulator/FirebaseMessaging.build/Objects-normal/arm64/FirebaseMessaging-dummy.o /Users/itechnolabs/Documents/Vijay/choona/ios/Pods/Target\ Support\ Files/FirebaseMessaging/FirebaseMessaging-dummy.m normal arm64 objective-c com.apple.compilers.llvm.clang.1_0.compiler (in target 'FirebaseMessaging' from project 'Pods')
    cd /Users/itechnolabs/Documents/Vijay/choona/ios/Pods
    
    Using response file: /Users/itechnolabs/Library/Developer/Xcode/DerivedData/Choona-dnghcflyrszrcwfmpfesqspssftx/Build/Intermediates.noindex/Pods.build/Debug-iphonesimulator/FirebaseMessaging.build/Objects-normal/arm64/e6072d4f65d7061329687fe24e3d63a7-common-args.resp
    
    /Applications/Xcode.app/Contents/Developer/Toolchains/XcodeDefault.xctoolchain/usr/bin/clang -x objective-c -ivfsstatcache /Users/itechnolabs/Library/Developer/Xcode/DerivedData/SDKStatCaches.noindex/iphonesimulator26.1-23B77-90cf18a4295e390e64c810bc6bd7acbc.sdkstatcache -fmessage-length\=0 -fdiagnostics-show-note-include-stack -fmacro-backtrace-limit\=0 -fno-color-diagnostics -fmodules-prune-interval\=86400 -fmodules-prune-after\=345600 -fbuild-session-file\=/Users/itechnolabs/Library/Developer/Xcode/DerivedData/ModuleCache.noindex/Session.modulevalidation -fmodules-validate-once-per-build-session -Wnon-modular-include-in-framework-module -Werror\=non-modular-include-in-framework-module -Wno-trigraphs -Wno-missing-field-initializers -Wno-missing-prototypes -Werror\=return-type -Wdocumentation -Wunreachable-code -Wno-implicit-atomic-properties -Werror\=deprecated-objc-isa-usage -Wno-objc-interface-ivars -Werror\=objc-root-class -Wno-arc-repeated-use-of-weak -Wimplicit-retain-self -Wduplicate-method-match -Wno-missing-braces -Wparentheses -Wswitch -Wunused-function -Wno-unused-label -Wno-unused-parameter -Wunused-variable -Wunused-value -Wempty-body -Wuninitialized -Wconditional-uninitialized -Wno-unknown-pragmas -Wno-shadow -Wno-four-char-constants -Wno-conversion -Wconstant-conversion -Wint-conversion -Wbool-conversion -Wenum-conversion -Wno-float-conversion -Wnon-literal-null-conversion -Wobjc-literal-conversion -Wshorten-64-to-32 -Wpointer-sign -Wno-newline-eof -Wno-selector -Wno-strict-selector-match -Wundeclared-selector -Wdeprecated-implementations -Wno-implicit-fallthrough -fstrict-aliasing -Wprotocol -Wdeprecated-declarations -Wno-sign-conversion -Winfinite-recursion -Wcomma -Wblock-capture-autoreleasing -Wstrict-prototypes -Wno-semicolon-before-method-body -Wunguarded-availability -index-store-path /Users/itechnolabs/Library/Developer/Xcode/DerivedData/Choona-dnghcflyrszrcwfmpfesqspssftx/Index.noindex/DataStore -Wno-error -Wno-deprecated-declarations -Wno-conflicting-declarations -Wno-strict-prototypes -Wno-implicit-function-declaration @/Users/itechnolabs/Library/Developer/Xcode/DerivedData/Choona-dnghcflyrszrcwfmpfesqspssftx/Build/Intermediates.noindex/Pods.build/Debug-iphonesimulator/FirebaseMessaging.build/Objects-normal/arm64/e6072d4f65d7061329687fe24e3d63a7-common-args.resp -MMD -MT dependencies -MF /Users/itechnolabs/Library/Developer/Xcode/DerivedData/Choona-dnghcflyrszrcwfmpfesqspssftx/Build/Intermediates.noindex/Pods.build/Debug-iphonesimulator/FirebaseMessaging.build/Objects-normal/arm64/FirebaseMessaging-dummy.d --serialize-diagnostics /Users/itechnolabs/Library/Developer/Xcode/DerivedData/Choona-dnghcflyrszrcwfmpfesqspssftx/Build/Intermediates.noindex/Pods.build/Debug-iphonesimulator/FirebaseMessaging.build/Objects-normal/arm64/FirebaseMessaging-dummy.dia -c /Users/itechnolabs/Documents/Vijay/choona/ios/Pods/Target\ Support\ Files/FirebaseMessaging/FirebaseMessaging-dummy.m -o /Users/itechnolabs/Library/Developer/Xcode/DerivedData/Choona-dnghcflyrszrcwfmpfesqspssftx/Build/Intermediates.noindex/Pods.build/Debug-iphonesimulator/FirebaseMessaging.build/Objects-normal/arm64/FirebaseMessaging-dummy.o -index-unit-output-path /Pods.build/Debug-iphonesimulator/FirebaseMessaging.build/Objects-normal/arm64/FirebaseMessaging-dummy.o
warning: unknown warning option '-Wno-conflicting-declarations'; did you mean '-Wno-missing-declarations'? [-Wunknown-warning-option]
1 warning generated.

ScanDependencies /Users/itechnolabs/Library/Developer/Xcode/DerivedData/Choona-dnghcflyrszrcwfmpfesqspssftx/Build/Intermediates.noindex/Pods.build/Debug-iphonesimulator/react-native-config.build/Objects-normal/arm64/GeneratedDotEnv.o /Users/itechnolabs/Documents/Vijay/choona/node_modules/react-native-config/ios/ReactNativeConfig/GeneratedDotEnv.m normal arm64 objective-c com.apple.compilers.llvm.clang.1_0.compiler (in target 'react-native-config' from project 'Pods')
    cd /Users/itechnolabs/Documents/Vijay/choona/ios/Pods
    
    Using response file: /Users/itechnolabs/Library/Developer/Xcode/DerivedData/Choona-dnghcflyrszrcwfmpfesqspssftx/Build/Intermediates.noindex/Pods.build/Debug-iphonesimulator/react-native-config.build/Objects-normal/arm64/e6072d4f65d7061329687fe24e3d63a7-common-args.resp
    
    builtin-ScanDependencies -o /Users/itechnolabs/Library/Developer/Xcode/DerivedData/Choona-dnghcflyrszrcwfmpfesqspssftx/Build/Intermediates.noindex/Pods.build/Debug-iphonesimulator/react-native-config.build/Objects-normal/arm64/GeneratedDotEnv.o.scan -- /Applications/Xcode.app/Contents/Developer/Toolchains/XcodeDefault.xctoolchain/usr/bin/clang -x objective-c -ivfsstatcache /Users/itechnolabs/Library/Developer/Xcode/DerivedData/SDKStatCaches.noindex/iphonesimulator26.1-23B77-90cf18a4295e390e64c810bc6bd7acbc.sdkstatcache -fmessage-length\=0 -fdiagnostics-show-note-include-stack -fmacro-backtrace-limit\=0 -fno-color-diagnostics -fmodules-prune-interval\=86400 -fmodules-prune-after\=345600 -fbuild-session-file\=/Users/itechnolabs/Library/Developer/Xcode/DerivedData/ModuleCache.noindex/Session.modulevalidation -fmodules-validate-once-per-build-session -Wnon-modular-include-in-framework-module -Werror\=non-modular-include-in-framework-module -Wno-trigraphs -Wno-missing-field-initializers -Wno-missing-prototypes -Werror\=return-type -Wdocumentation -Wunreachable-code -Wno-implicit-atomic-properties -Werror\=deprecated-objc-isa-usage -Wno-objc-interface-ivars -Werror\=objc-root-class -Wno-arc-repeated-use-of-weak -Wimplicit-retain-self -Wduplicate-method-match -Wno-missing-braces -Wparentheses -Wswitch -Wunused-function -Wno-unused-label -Wno-unused-parameter -Wunused-variable -Wunused-value -Wempty-body -Wuninitialized -Wconditional-uninitialized -Wno-unknown-pragmas -Wno-shadow -Wno-four-char-constants -Wno-conversion -Wconstant-conversion -Wint-conversion -Wbool-conversion -Wenum-conversion -Wno-float-conversion -Wnon-literal-null-conversion -Wobjc-literal-conversion -Wshorten-64-to-32 -Wpointer-sign -Wno-newline-eof -Wno-selector -Wno-strict-selector-match -Wundeclared-selector -Wdeprecated-implementations -Wno-implicit-fallthrough -fstrict-aliasing -Wprotocol -Wdeprecated-declarations -Wno-sign-conversion -Winfinite-recursion -Wcomma -Wblock-capture-autoreleasing -Wstrict-prototypes -Wno-semicolon-before-method-body -Wunguarded-availability -index-store-path /Users/itechnolabs/Library/Developer/Xcode/DerivedData/Choona-dnghcflyrszrcwfmpfesqspssftx/Index.noindex/DataStore -Wno-strict-prototypes -Wno-error -Wno-deprecated-declarations -Wno-implicit-function-declaration @/Users/itechnolabs/Library/Developer/Xcode/DerivedData/Choona-dnghcflyrszrcwfmpfesqspssftx/Build/Intermediates.noindex/Pods.build/Debug-iphonesimulator/react-native-config.build/Objects-normal/arm64/e6072d4f65d7061329687fe24e3d63a7-common-args.resp -include /Users/itechnolabs/Documents/Vijay/choona/ios/Pods/Target\ Support\ Files/react-native-config/react-native-config-prefix.pch -MMD -MT dependencies -MF /Users/itechnolabs/Library/Developer/Xcode/DerivedData/Choona-dnghcflyrszrcwfmpfesqspssftx/Build/Intermediates.noindex/Pods.build/Debug-iphonesimulator/react-native-config.build/Objects-normal/arm64/GeneratedDotEnv.d --serialize-diagnostics /Users/itechnolabs/Library/Developer/Xcode/DerivedData/Choona-dnghcflyrszrcwfmpfesqspssftx/Build/Intermediates.noindex/Pods.build/Debug-iphonesimulator/react-native-config.build/Objects-normal/arm64/GeneratedDotEnv.dia -c /Users/itechnolabs/Documents/Vijay/choona/node_modules/react-native-config/ios/ReactNativeConfig/GeneratedDotEnv.m -o /Users/itechnolabs/Library/Developer/Xcode/DerivedData/Choona-dnghcflyrszrcwfmpfesqspssftx/Build/Intermediates.noindex/Pods.build/Debug-iphonesimulator/react-native-config.build/Objects-normal/arm64/GeneratedDotEnv.o -index-unit-output-path /Pods.build/Debug-iphonesimulator/react-native-config.build/Objects-normal/arm64/GeneratedDotEnv.o

CompileC /Users/itechnolabs/Library/Developer/Xcode/DerivedData/Choona-dnghcflyrszrcwfmpfesqspssftx/Build/Intermediates.noindex/Pods.build/Debug-iphonesimulator/FirebaseMessaging.build/Objects-normal/arm64/FIRMessaging.o /Users/itechnolabs/Documents/Vijay/choona/ios/Pods/FirebaseMessaging/FirebaseMessaging/Sources/FIRMessaging.m normal arm64 objective-c com.apple.compilers.llvm.clang.1_0.compiler (in target 'FirebaseMessaging' from project 'Pods')
    cd /Users/itechnolabs/Documents/Vijay/choona/ios/Pods
    
    Using response file: /Users/itechnolabs/Library/Developer/Xcode/DerivedData/Choona-dnghcflyrszrcwfmpfesqspssftx/Build/Intermediates.noindex/Pods.build/Debug-iphonesimulator/FirebaseMessaging.build/Objects-normal/arm64/e6072d4f65d7061329687fe24e3d63a7-common-args.resp
    
    /Applications/Xcode.app/Contents/Developer/Toolchains/XcodeDefault.xctoolchain/usr/bin/clang -x objective-c -ivfsstatcache /Users/itechnolabs/Library/Developer/Xcode/DerivedData/SDKStatCaches.noindex/iphonesimulator26.1-23B77-90cf18a4295e390e64c810bc6bd7acbc.sdkstatcache -fmessage-length\=0 -fdiagnostics-show-note-include-stack -fmacro-backtrace-limit\=0 -fno-color-diagnostics -fmodules-prune-interval\=86400 -fmodules-prune-after\=345600 -fbuild-session-file\=/Users/itechnolabs/Library/Developer/Xcode/DerivedData/ModuleCache.noindex/Session.modulevalidation -fmodules-validate-once-per-build-session -Wnon-modular-include-in-framework-module -Werror\=non-modular-include-in-framework-module -Wno-trigraphs -Wno-missing-field-initializers -Wno-missing-prototypes -Werror\=return-type -Wdocumentation -Wunreachable-code -Wno-implicit-atomic-properties -Werror\=deprecated-objc-isa-usage -Wno-objc-interface-ivars -Werror\=objc-root-class -Wno-arc-repeated-use-of-weak -Wimplicit-retain-self -Wduplicate-method-match -Wno-missing-braces -Wparentheses -Wswitch -Wunused-function -Wno-unused-label -Wno-unused-parameter -Wunused-variable -Wunused-value -Wempty-body -Wuninitialized -Wconditional-uninitialized -Wno-unknown-pragmas -Wno-shadow -Wno-four-char-constants -Wno-conversion -Wconstant-conversion -Wint-conversion -Wbool-conversion -Wenum-conversion -Wno-float-conversion -Wnon-literal-null-conversion -Wobjc-literal-conversion -Wshorten-64-to-32 -Wpointer-sign -Wno-newline-eof -Wno-selector -Wno-strict-selector-match -Wundeclared-selector -Wdeprecated-implementations -Wno-implicit-fallthrough -fstrict-aliasing -Wprotocol -Wdeprecated-declarations -Wno-sign-conversion -Winfinite-recursion -Wcomma -Wblock-capture-autoreleasing -Wstrict-prototypes -Wno-semicolon-before-method-body -Wunguarded-availability -index-store-path /Users/itechnolabs/Library/Developer/Xcode/DerivedData/Choona-dnghcflyrszrcwfmpfesqspssftx/Index.noindex/DataStore -Wno-error -Wno-deprecated-declarations -Wno-conflicting-declarations -Wno-strict-prototypes -Wno-implicit-function-declaration @/Users/itechnolabs/Library/Developer/Xcode/DerivedData/Choona-dnghcflyrszrcwfmpfesqspssftx/Build/Intermediates.noindex/Pods.build/Debug-iphonesimulator/FirebaseMessaging.build/Objects-normal/arm64/e6072d4f65d7061329687fe24e3d63a7-common-args.resp -MMD -MT dependencies -MF /Users/itechnolabs/Library/Developer/Xcode/DerivedData/Choona-dnghcflyrszrcwfmpfesqspssftx/Build/Intermediates.noindex/Pods.build/Debug-iphonesimulator/FirebaseMessaging.build/Objects-normal/arm64/FIRMessaging.d --serialize-diagnostics /Users/itechnolabs/Library/Developer/Xcode/DerivedData/Choona-dnghcflyrszrcwfmpfesqspssftx/Build/Intermediates.noindex/Pods.build/Debug-iphonesimulator/FirebaseMessaging.build/Objects-normal/arm64/FIRMessaging.dia -c /Users/itechnolabs/Documents/Vijay/choona/ios/Pods/FirebaseMessaging/FirebaseMessaging/Sources/FIRMessaging.m -o /Users/itechnolabs/Library/Developer/Xcode/DerivedData/Choona-dnghcflyrszrcwfmpfesqspssftx/Build/Intermediates.noindex/Pods.build/Debug-iphonesimulator/FirebaseMessaging.build/Objects-normal/arm64/FIRMessaging.o -index-unit-output-path /Pods.build/Debug-iphonesimulator/FirebaseMessaging.build/Objects-normal/arm64/FIRMessaging.o
warning: unknown warning option '-Wno-conflicting-declarations'; did you mean '-Wno-missing-declarations'? [-Wunknown-warning-option]
1 warning generated.

CompileC /Users/itechnolabs/Library/Developer/Xcode/DerivedData/Choona-dnghcflyrszrcwfmpfesqspssftx/Build/Intermediates.noindex/Pods.build/Debug-iphonesimulator/FirebaseMessaging.build/Objects-normal/arm64/NSError+FIRMessaging.o /Users/itechnolabs/Documents/Vijay/choona/ios/Pods/FirebaseMessaging/FirebaseMessaging/Sources/NSError+FIRMessaging.m normal arm64 objective-c com.apple.compilers.llvm.clang.1_0.compiler (in target 'FirebaseMessaging' from project 'Pods')
    cd /Users/itechnolabs/Documents/Vijay/choona/ios/Pods
    
    Using response file: /Users/itechnolabs/Library/Developer/Xcode/DerivedData/Choona-dnghcflyrszrcwfmpfesqspssftx/Build/Intermediates.noindex/Pods.build/Debug-iphonesimulator/FirebaseMessaging.build/Objects-normal/arm64/e6072d4f65d7061329687fe24e3d63a7-common-args.resp
    
    /Applications/Xcode.app/Contents/Developer/Toolchains/XcodeDefault.xctoolchain/usr/bin/clang -x objective-c -ivfsstatcache /Users/itechnolabs/Library/Developer/Xcode/DerivedData/SDKStatCaches.noindex/iphonesimulator26.1-23B77-90cf18a4295e390e64c810bc6bd7acbc.sdkstatcache -fmessage-length\=0 -fdiagnostics-show-note-include-stack -fmacro-backtrace-limit\=0 -fno-color-diagnostics -fmodules-prune-interval\=86400 -fmodules-prune-after\=345600 -fbuild-session-file\=/Users/itechnolabs/Library/Developer/Xcode/DerivedData/ModuleCache.noindex/Session.modulevalidation -fmodules-validate-once-per-build-session -Wnon-modular-include-in-framework-module -Werror\=non-modular-include-in-framework-module -Wno-trigraphs -Wno-missing-field-initializers -Wno-missing-prototypes -Werror\=return-type -Wdocumentation -Wunreachable-code -Wno-implicit-atomic-properties -Werror\=deprecated-objc-isa-usage -Wno-objc-interface-ivars -Werror\=objc-root-class -Wno-arc-repeated-use-of-weak -Wimplicit-retain-self -Wduplicate-method-match -Wno-missing-braces -Wparentheses -Wswitch -Wunused-function -Wno-unused-label -Wno-unused-parameter -Wunused-variable -Wunused-value -Wempty-body -Wuninitialized -Wconditional-uninitialized -Wno-unknown-pragmas -Wno-shadow -Wno-four-char-constants -Wno-conversion -Wconstant-conversion -Wint-conversion -Wbool-conversion -Wenum-conversion -Wno-float-conversion -Wnon-literal-null-conversion -Wobjc-literal-conversion -Wshorten-64-to-32 -Wpointer-sign -Wno-newline-eof -Wno-selector -Wno-strict-selector-match -Wundeclared-selector -Wdeprecated-implementations -Wno-implicit-fallthrough -fstrict-aliasing -Wprotocol -Wdeprecated-declarations -Wno-sign-conversion -Winfinite-recursion -Wcomma -Wblock-capture-autoreleasing -Wstrict-prototypes -Wno-semicolon-before-method-body -Wunguarded-availability -index-store-path /Users/itechnolabs/Library/Developer/Xcode/DerivedData/Choona-dnghcflyrszrcwfmpfesqspssftx/Index.noindex/DataStore -Wno-error -Wno-deprecated-declarations -Wno-conflicting-declarations -Wno-strict-prototypes -Wno-implicit-function-declaration @/Users/itechnolabs/Library/Developer/Xcode/DerivedData/Choona-dnghcflyrszrcwfmpfesqspssftx/Build/Intermediates.noindex/Pods.build/Debug-iphonesimulator/FirebaseMessaging.build/Objects-normal/arm64/e6072d4f65d7061329687fe24e3d63a7-common-args.resp -MMD -MT dependencies -MF /Users/itechnolabs/Library/Developer/Xcode/DerivedData/Choona-dnghcflyrszrcwfmpfesqspssftx/Build/Intermediates.noindex/Pods.build/Debug-iphonesimulator/FirebaseMessaging.build/Objects-normal/arm64/NSError+FIRMessaging.d --serialize-diagnostics /Users/itechnolabs/Library/Developer/Xcode/DerivedData/Choona-dnghcflyrszrcwfmpfesqspssftx/Build/Intermediates.noindex/Pods.build/Debug-iphonesimulator/FirebaseMessaging.build/Objects-normal/arm64/NSError+FIRMessaging.dia -c /Users/itechnolabs/Documents/Vijay/choona/ios/Pods/FirebaseMessaging/FirebaseMessaging/Sources/NSError+FIRMessaging.m -o /Users/itechnolabs/Library/Developer/Xcode/DerivedData/Choona-dnghcflyrszrcwfmpfesqspssftx/Build/Intermediates.noindex/Pods.build/Debug-iphonesimulator/FirebaseMessaging.build/Objects-normal/arm64/NSError+FIRMessaging.o -index-unit-output-path /Pods.build/Debug-iphonesimulator/FirebaseMessaging.build/Objects-normal/arm64/NSError+FIRMessaging.o
warning: unknown warning option '-Wno-conflicting-declarations'; did you mean '-Wno-missing-declarations'? [-Wunknown-warning-option]
1 warning generated.

CompileC /Users/itechnolabs/Library/Developer/Xcode/DerivedData/Choona-dnghcflyrszrcwfmpfesqspssftx/Build/Intermediates.noindex/Pods.build/Debug-iphonesimulator/FirebaseMessaging.build/Objects-normal/arm64/NSDictionary+FIRMessaging.o /Users/itechnolabs/Documents/Vijay/choona/ios/Pods/FirebaseMessaging/FirebaseMessaging/Sources/NSDictionary+FIRMessaging.m normal arm64 objective-c com.apple.compilers.llvm.clang.1_0.compiler (in target 'FirebaseMessaging' from project 'Pods')
    cd /Users/itechnolabs/Documents/Vijay/choona/ios/Pods
    
    Using response file: /Users/itechnolabs/Library/Developer/Xcode/DerivedData/Choona-dnghcflyrszrcwfmpfesqspssftx/Build/Intermediates.noindex/Pods.build/Debug-iphonesimulator/FirebaseMessaging.build/Objects-normal/arm64/e6072d4f65d7061329687fe24e3d63a7-common-args.resp
    
    /Applications/Xcode.app/Contents/Developer/Toolchains/XcodeDefault.xctoolchain/usr/bin/clang -x objective-c -ivfsstatcache /Users/itechnolabs/Library/Developer/Xcode/DerivedData/SDKStatCaches.noindex/iphonesimulator26.1-23B77-90cf18a4295e390e64c810bc6bd7acbc.sdkstatcache -fmessage-length\=0 -fdiagnostics-show-note-include-stack -fmacro-backtrace-limit\=0 -fno-color-diagnostics -fmodules-prune-interval\=86400 -fmodules-prune-after\=345600 -fbuild-session-file\=/Users/itechnolabs/Library/Developer/Xcode/DerivedData/ModuleCache.noindex/Session.modulevalidation -fmodules-validate-once-per-build-session -Wnon-modular-include-in-framework-module -Werror\=non-modular-include-in-framework-module -Wno-trigraphs -Wno-missing-field-initializers -Wno-missing-prototypes -Werror\=return-type -Wdocumentation -Wunreachable-code -Wno-implicit-atomic-properties -Werror\=deprecated-objc-isa-usage -Wno-objc-interface-ivars -Werror\=objc-root-class -Wno-arc-repeated-use-of-weak -Wimplicit-retain-self -Wduplicate-method-match -Wno-missing-braces -Wparentheses -Wswitch -Wunused-function -Wno-unused-label -Wno-unused-parameter -Wunused-variable -Wunused-value -Wempty-body -Wuninitialized -Wconditional-uninitialized -Wno-unknown-pragmas -Wno-shadow -Wno-four-char-constants -Wno-conversion -Wconstant-conversion -Wint-conversion -Wbool-conversion -Wenum-conversion -Wno-float-conversion -Wnon-literal-null-conversion -Wobjc-literal-conversion -Wshorten-64-to-32 -Wpointer-sign -Wno-newline-eof -Wno-selector -Wno-strict-selector-match -Wundeclared-selector -Wdeprecated-implementations -Wno-implicit-fallthrough -fstrict-aliasing -Wprotocol -Wdeprecated-declarations -Wno-sign-conversion -Winfinite-recursion -Wcomma -Wblock-capture-autoreleasing -Wstrict-prototypes -Wno-semicolon-before-method-body -Wunguarded-availability -index-store-path /Users/itechnolabs/Library/Developer/Xcode/DerivedData/Choona-dnghcflyrszrcwfmpfesqspssftx/Index.noindex/DataStore -Wno-error -Wno-deprecated-declarations -Wno-conflicting-declarations -Wno-strict-prototypes -Wno-implicit-function-declaration @/Users/itechnolabs/Library/Developer/Xcode/DerivedData/Choona-dnghcflyrszrcwfmpfesqspssftx/Build/Intermediates.noindex/Pods.build/Debug-iphonesimulator/FirebaseMessaging.build/Objects-normal/arm64/e6072d4f65d7061329687fe24e3d63a7-common-args.resp -MMD -MT dependencies -MF /Users/itechnolabs/Library/Developer/Xcode/DerivedData/Choona-dnghcflyrszrcwfmpfesqspssftx/Build/Intermediates.noindex/Pods.build/Debug-iphonesimulator/FirebaseMessaging.build/Objects-normal/arm64/NSDictionary+FIRMessaging.d --serialize-diagnostics /Users/itechnolabs/Library/Developer/Xcode/DerivedData/Choona-dnghcflyrszrcwfmpfesqspssftx/Build/Intermediates.noindex/Pods.build/Debug-iphonesimulator/FirebaseMessaging.build/Objects-normal/arm64/NSDictionary+FIRMessaging.dia -c /Users/itechnolabs/Documents/Vijay/choona/ios/Pods/FirebaseMessaging/FirebaseMessaging/Sources/NSDictionary+FIRMessaging.m -o /Users/itechnolabs/Library/Developer/Xcode/DerivedData/Choona-dnghcflyrszrcwfmpfesqspssftx/Build/Intermediates.noindex/Pods.build/Debug-iphonesimulator/FirebaseMessaging.build/Objects-normal/arm64/NSDictionary+FIRMessaging.o -index-unit-output-path /Pods.build/Debug-iphonesimulator/FirebaseMessaging.build/Objects-normal/arm64/NSDictionary+FIRMessaging.o
warning: unknown warning option '-Wno-conflicting-declarations'; did you mean '-Wno-missing-declarations'? [-Wunknown-warning-option]
1 warning generated.

CompileC /Users/itechnolabs/Library/Developer/Xcode/DerivedData/Choona-dnghcflyrszrcwfmpfesqspssftx/Build/Intermediates.noindex/Pods.build/Debug-iphonesimulator/FirebaseMessaging.build/Objects-normal/arm64/FIRMessagingVersionUtilities.o /Users/itechnolabs/Documents/Vijay/choona/ios/Pods/FirebaseMessaging/FirebaseMessaging/Sources/FIRMessagingVersionUtilities.m normal arm64 objective-c com.apple.compilers.llvm.clang.1_0.compiler (in target 'FirebaseMessaging' from project 'Pods')
    cd /Users/itechnolabs/Documents/Vijay/choona/ios/Pods
    
    Using response file: /Users/itechnolabs/Library/Developer/Xcode/DerivedData/Choona-dnghcflyrszrcwfmpfesqspssftx/Build/Intermediates.noindex/Pods.build/Debug-iphonesimulator/FirebaseMessaging.build/Objects-normal/arm64/e6072d4f65d7061329687fe24e3d63a7-common-args.resp
    
    /Applications/Xcode.app/Contents/Developer/Toolchains/XcodeDefault.xctoolchain/usr/bin/clang -x objective-c -ivfsstatcache /Users/itechnolabs/Library/Developer/Xcode/DerivedData/SDKStatCaches.noindex/iphonesimulator26.1-23B77-90cf18a4295e390e64c810bc6bd7acbc.sdkstatcache -fmessage-length\=0 -fdiagnostics-show-note-include-stack -fmacro-backtrace-limit\=0 -fno-color-diagnostics -fmodules-prune-interval\=86400 -fmodules-prune-after\=345600 -fbuild-session-file\=/Users/itechnolabs/Library/Developer/Xcode/DerivedData/ModuleCache.noindex/Session.modulevalidation -fmodules-validate-once-per-build-session -Wnon-modular-include-in-framework-module -Werror\=non-modular-include-in-framework-module -Wno-trigraphs -Wno-missing-field-initializers -Wno-missing-prototypes -Werror\=return-type -Wdocumentation -Wunreachable-code -Wno-implicit-atomic-properties -Werror\=deprecated-objc-isa-usage -Wno-objc-interface-ivars -Werror\=objc-root-class -Wno-arc-repeated-use-of-weak -Wimplicit-retain-self -Wduplicate-method-match -Wno-missing-braces -Wparentheses -Wswitch -Wunused-function -Wno-unused-label -Wno-unused-parameter -Wunused-variable -Wunused-value -Wempty-body -Wuninitialized -Wconditional-uninitialized -Wno-unknown-pragmas -Wno-shadow -Wno-four-char-constants -Wno-conversion -Wconstant-conversion -Wint-conversion -Wbool-conversion -Wenum-conversion -Wno-float-conversion -Wnon-literal-null-conversion -Wobjc-literal-conversion -Wshorten-64-to-32 -Wpointer-sign -Wno-newline-eof -Wno-selector -Wno-strict-selector-match -Wundeclared-selector -Wdeprecated-implementations -Wno-implicit-fallthrough -fstrict-aliasing -Wprotocol -Wdeprecated-declarations -Wno-sign-conversion -Winfinite-recursion -Wcomma -Wblock-capture-autoreleasing -Wstrict-prototypes -Wno-semicolon-before-method-body -Wunguarded-availability -index-store-path /Users/itechnolabs/Library/Developer/Xcode/DerivedData/Choona-dnghcflyrszrcwfmpfesqspssftx/Index.noindex/DataStore -Wno-error -Wno-deprecated-declarations -Wno-conflicting-declarations -Wno-strict-prototypes -Wno-implicit-function-declaration @/Users/itechnolabs/Library/Developer/Xcode/DerivedData/Choona-dnghcflyrszrcwfmpfesqspssftx/Build/Intermediates.noindex/Pods.build/Debug-iphonesimulator/FirebaseMessaging.build/Objects-normal/arm64/e6072d4f65d7061329687fe24e3d63a7-common-args.resp -MMD -MT dependencies -MF /Users/itechnolabs/Library/Developer/Xcode/DerivedData/Choona-dnghcflyrszrcwfmpfesqspssftx/Build/Intermediates.noindex/Pods.build/Debug-iphonesimulator/FirebaseMessaging.build/Objects-normal/arm64/FIRMessagingVersionUtilities.d --serialize-diagnostics /Users/itechnolabs/Library/Developer/Xcode/DerivedData/Choona-dnghcflyrszrcwfmpfesqspssftx/Build/Intermediates.noindex/Pods.build/Debug-iphonesimulator/FirebaseMessaging.build/Objects-normal/arm64/FIRMessagingVersionUtilities.dia -c /Users/itechnolabs/Documents/Vijay/choona/ios/Pods/FirebaseMessaging/FirebaseMessaging/Sources/FIRMessagingVersionUtilities.m -o /Users/itechnolabs/Library/Developer/Xcode/DerivedData/Choona-dnghcflyrszrcwfmpfesqspssftx/Build/Intermediates.noindex/Pods.build/Debug-iphonesimulator/FirebaseMessaging.build/Objects-normal/arm64/FIRMessagingVersionUtilities.o -index-unit-output-path /Pods.build/Debug-iphonesimulator/FirebaseMessaging.build/Objects-normal/arm64/FIRMessagingVersionUtilities.o
warning: unknown warning option '-Wno-conflicting-declarations'; did you mean '-Wno-missing-declarations'? [-Wunknown-warning-option]
1 warning generated.

CompileC /Users/itechnolabs/Library/Developer/Xcode/DerivedData/Choona-dnghcflyrszrcwfmpfesqspssftx/Build/Intermediates.noindex/Pods.build/Debug-iphonesimulator/FirebaseMessaging.build/Objects-normal/arm64/GtalkExtensions.pbobjc.o /Users/itechnolabs/Documents/Vijay/choona/ios/Pods/FirebaseMessaging/FirebaseMessaging/Sources/Protos/GtalkExtensions.pbobjc.m normal arm64 objective-c com.apple.compilers.llvm.clang.1_0.compiler (in target 'FirebaseMessaging' from project 'Pods')
    cd /Users/itechnolabs/Documents/Vijay/choona/ios/Pods
    
    Using response file: /Users/itechnolabs/Library/Developer/Xcode/DerivedData/Choona-dnghcflyrszrcwfmpfesqspssftx/Build/Intermediates.noindex/Pods.build/Debug-iphonesimulator/FirebaseMessaging.build/Objects-normal/arm64/e6072d4f65d7061329687fe24e3d63a7-common-args.resp
    
    /Applications/Xcode.app/Contents/Developer/Toolchains/XcodeDefault.xctoolchain/usr/bin/clang -x objective-c -ivfsstatcache /Users/itechnolabs/Library/Developer/Xcode/DerivedData/SDKStatCaches.noindex/iphonesimulator26.1-23B77-90cf18a4295e390e64c810bc6bd7acbc.sdkstatcache -fmessage-length\=0 -fdiagnostics-show-note-include-stack -fmacro-backtrace-limit\=0 -fno-color-diagnostics -fmodules-prune-interval\=86400 -fmodules-prune-after\=345600 -fbuild-session-file\=/Users/itechnolabs/Library/Developer/Xcode/DerivedData/ModuleCache.noindex/Session.modulevalidation -fmodules-validate-once-per-build-session -Wnon-modular-include-in-framework-module -Werror\=non-modular-include-in-framework-module -Wno-trigraphs -Wno-missing-field-initializers -Wno-missing-prototypes -Werror\=return-type -Wdocumentation -Wunreachable-code -Wno-implicit-atomic-properties -Werror\=deprecated-objc-isa-usage -Wno-objc-interface-ivars -Werror\=objc-root-class -Wno-arc-repeated-use-of-weak -Wimplicit-retain-self -Wduplicate-method-match -Wno-missing-braces -Wparentheses -Wswitch -Wunused-function -Wno-unused-label -Wno-unused-parameter -Wunused-variable -Wunused-value -Wempty-body -Wuninitialized -Wconditional-uninitialized -Wno-unknown-pragmas -Wno-shadow -Wno-four-char-constants -Wno-conversion -Wconstant-conversion -Wint-conversion -Wbool-conversion -Wenum-conversion -Wno-float-conversion -Wnon-literal-null-conversion -Wobjc-literal-conversion -Wshorten-64-to-32 -Wpointer-sign -Wno-newline-eof -Wno-selector -Wno-strict-selector-match -Wundeclared-selector -Wdeprecated-implementations -Wno-implicit-fallthrough -fstrict-aliasing -Wprotocol -Wdeprecated-declarations -Wno-sign-conversion -Winfinite-recursion -Wcomma -Wblock-capture-autoreleasing -Wstrict-prototypes -Wno-semicolon-before-method-body -Wunguarded-availability -index-store-path /Users/itechnolabs/Library/Developer/Xcode/DerivedData/Choona-dnghcflyrszrcwfmpfesqspssftx/Index.noindex/DataStore -Wno-error -Wno-deprecated-declarations -Wno-conflicting-declarations -Wno-strict-prototypes -Wno-implicit-function-declaration @/Users/itechnolabs/Library/Developer/Xcode/DerivedData/Choona-dnghcflyrszrcwfmpfesqspssftx/Build/Intermediates.noindex/Pods.build/Debug-iphonesimulator/FirebaseMessaging.build/Objects-normal/arm64/e6072d4f65d7061329687fe24e3d63a7-common-args.resp -fno-objc-arc -MMD -MT dependencies -MF /Users/itechnolabs/Library/Developer/Xcode/DerivedData/Choona-dnghcflyrszrcwfmpfesqspssftx/Build/Intermediates.noindex/Pods.build/Debug-iphonesimulator/FirebaseMessaging.build/Objects-normal/arm64/GtalkExtensions.pbobjc.d --serialize-diagnostics /Users/itechnolabs/Library/Developer/Xcode/DerivedData/Choona-dnghcflyrszrcwfmpfesqspssftx/Build/Intermediates.noindex/Pods.build/Debug-iphonesimulator/FirebaseMessaging.build/Objects-normal/arm64/GtalkExtensions.pbobjc.dia -c /Users/itechnolabs/Documents/Vijay/choona/ios/Pods/FirebaseMessaging/FirebaseMessaging/Sources/Protos/GtalkExtensions.pbobjc.m -o /Users/itechnolabs/Library/Developer/Xcode/DerivedData/Choona-dnghcflyrszrcwfmpfesqspssftx/Build/Intermediates.noindex/Pods.build/Debug-iphonesimulator/FirebaseMessaging.build/Objects-normal/arm64/GtalkExtensions.pbobjc.o -index-unit-output-path /Pods.build/Debug-iphonesimulator/FirebaseMessaging.build/Objects-normal/arm64/GtalkExtensions.pbobjc.o
warning: unknown warning option '-Wno-conflicting-declarations'; did you mean '-Wno-missing-declarations'? [-Wunknown-warning-option]
1 warning generated.

CompileC /Users/itechnolabs/Library/Developer/Xcode/DerivedData/Choona-dnghcflyrszrcwfmpfesqspssftx/Build/Intermediates.noindex/Pods.build/Debug-iphonesimulator/RNFBDatabase.build/Objects-normal/arm64/RNFBDatabaseTransactionModule.o /Users/itechnolabs/Documents/Vijay/choona/node_modules/@react-native-firebase/database/ios/RNFBDatabase/RNFBDatabaseTransactionModule.m normal arm64 objective-c com.apple.compilers.llvm.clang.1_0.compiler (in target 'RNFBDatabase' from project 'Pods')
    cd /Users/itechnolabs/Documents/Vijay/choona/ios/Pods
    
    Using response file: /Users/itechnolabs/Library/Developer/Xcode/DerivedData/Choona-dnghcflyrszrcwfmpfesqspssftx/Build/Intermediates.noindex/Pods.build/Debug-iphonesimulator/RNFBDatabase.build/Objects-normal/arm64/e6072d4f65d7061329687fe24e3d63a7-common-args.resp
    
    /Applications/Xcode.app/Contents/Developer/Toolchains/XcodeDefault.xctoolchain/usr/bin/clang -x objective-c -ivfsstatcache /Users/itechnolabs/Library/Developer/Xcode/DerivedData/SDKStatCaches.noindex/iphonesimulator26.1-23B77-90cf18a4295e390e64c810bc6bd7acbc.sdkstatcache -fmessage-length\=0 -fdiagnostics-show-note-include-stack -fmacro-backtrace-limit\=0 -fno-color-diagnostics -fmodules-prune-interval\=86400 -fmodules-prune-after\=345600 -fbuild-session-file\=/Users/itechnolabs/Library/Developer/Xcode/DerivedData/ModuleCache.noindex/Session.modulevalidation -fmodules-validate-once-per-build-session -Wnon-modular-include-in-framework-module -Werror\=non-modular-include-in-framework-module -Wno-trigraphs -Wno-missing-field-initializers -Wno-missing-prototypes -Werror\=return-type -Wdocumentation -Wunreachable-code -Wno-implicit-atomic-properties -Werror\=deprecated-objc-isa-usage -Wno-objc-interface-ivars -Werror\=objc-root-class -Wno-arc-repeated-use-of-weak -Wimplicit-retain-self -Wduplicate-method-match -Wno-missing-braces -Wparentheses -Wswitch -Wunused-function -Wno-unused-label -Wno-unused-parameter -Wunused-variable -Wunused-value -Wempty-body -Wuninitialized -Wconditional-uninitialized -Wno-unknown-pragmas -Wno-shadow -Wno-four-char-constants -Wno-conversion -Wconstant-conversion -Wint-conversion -Wbool-conversion -Wenum-conversion -Wno-float-conversion -Wnon-literal-null-conversion -Wobjc-literal-conversion -Wshorten-64-to-32 -Wpointer-sign -Wno-newline-eof -Wno-selector -Wno-strict-selector-match -Wundeclared-selector -Wdeprecated-implementations -Wno-implicit-fallthrough -fstrict-aliasing -Wprotocol -Wdeprecated-declarations -Wno-sign-conversion -Winfinite-recursion -Wcomma -Wblock-capture-autoreleasing -Wstrict-prototypes -Wno-semicolon-before-method-body -Wunguarded-availability -index-store-path /Users/itechnolabs/Library/Developer/Xcode/DerivedData/Choona-dnghcflyrszrcwfmpfesqspssftx/Index.noindex/DataStore -Wno-strict-prototypes -Wno-error -Wno-deprecated-declarations -Wno-implicit-function-declaration @/Users/itechnolabs/Library/Developer/Xcode/DerivedData/Choona-dnghcflyrszrcwfmpfesqspssftx/Build/Intermediates.noindex/Pods.build/Debug-iphonesimulator/RNFBDatabase.build/Objects-normal/arm64/e6072d4f65d7061329687fe24e3d63a7-common-args.resp -include /Users/itechnolabs/Documents/Vijay/choona/ios/Pods/Target\ Support\ Files/RNFBDatabase/RNFBDatabase-prefix.pch -MMD -MT dependencies -MF /Users/itechnolabs/Library/Developer/Xcode/DerivedData/Choona-dnghcflyrszrcwfmpfesqspssftx/Build/Intermediates.noindex/Pods.build/Debug-iphonesimulator/RNFBDatabase.build/Objects-normal/arm64/RNFBDatabaseTransactionModule.d --serialize-diagnostics /Users/itechnolabs/Library/Developer/Xcode/DerivedData/Choona-dnghcflyrszrcwfmpfesqspssftx/Build/Intermediates.noindex/Pods.build/Debug-iphonesimulator/RNFBDatabase.build/Objects-normal/arm64/RNFBDatabaseTransactionModule.dia -c /Users/itechnolabs/Documents/Vijay/choona/node_modules/@react-native-firebase/database/ios/RNFBDatabase/RNFBDatabaseTransactionModule.m -o /Users/itechnolabs/Library/Developer/Xcode/DerivedData/Choona-dnghcflyrszrcwfmpfesqspssftx/Build/Intermediates.noindex/Pods.build/Debug-iphonesimulator/RNFBDatabase.build/Objects-normal/arm64/RNFBDatabaseTransactionModule.o -index-unit-output-path /Pods.build/Debug-iphonesimulator/RNFBDatabase.build/Objects-normal/arm64/RNFBDatabaseTransactionModule.o
In file included from /Users/itechnolabs/Documents/Vijay/choona/node_modules/@react-native-firebase/database/ios/RNFBDatabase/RNFBDatabaseTransactionModule.m:19:
/Users/itechnolabs/Documents/Vijay/choona/ios/Pods/Headers/Private/Firebase/Firebase.h:77:10: warning: "FirebaseAnalytics.framework is not included in your target. Please add the FirebaseAnalytics dependency to your project to ensure Messaging works as intended." [-W#warnings]
   77 |         #warning "FirebaseAnalytics.framework is not included in your target. Please add the \
      |          ^
/Users/itechnolabs/Documents/Vijay/choona/node_modules/@react-native-firebase/database/ios/RNFBDatabase/RNFBDatabaseTransactionModule.m:71:30: warning: block implicitly retains 'self'; explicitly mention 'self' to indicate this is intended behavior [-Wimplicit-retain-self]
   71 |       dispatch_barrier_async(_transactionQueue, ^{
      |                              ^
      |                              self->
/Users/itechnolabs/Documents/Vijay/choona/node_modules/@react-native-firebase/database/ios/RNFBDatabase/RNFBDatabaseTransactionModule.m:94:30: warning: block implicitly retains 'self'; explicitly mention 'self' to indicate this is intended behavior [-Wimplicit-retain-self]
   94 |       dispatch_barrier_async(_transactionQueue, ^{
      |                              ^
      |                              self->
3 warnings generated.

CompileC /Users/itechnolabs/Library/Developer/Xcode/DerivedData/Choona-dnghcflyrszrcwfmpfesqspssftx/Build/Intermediates.noindex/Pods.build/Debug-iphonesimulator/RNFBDatabase.build/Objects-normal/arm64/RNFBDatabaseReferenceModule.o /Users/itechnolabs/Documents/Vijay/choona/node_modules/@react-native-firebase/database/ios/RNFBDatabase/RNFBDatabaseReferenceModule.m normal arm64 objective-c com.apple.compilers.llvm.clang.1_0.compiler (in target 'RNFBDatabase' from project 'Pods')
    cd /Users/itechnolabs/Documents/Vijay/choona/ios/Pods
    
    Using response file: /Users/itechnolabs/Library/Developer/Xcode/DerivedData/Choona-dnghcflyrszrcwfmpfesqspssftx/Build/Intermediates.noindex/Pods.build/Debug-iphonesimulator/RNFBDatabase.build/Objects-normal/arm64/e6072d4f65d7061329687fe24e3d63a7-common-args.resp
    
    /Applications/Xcode.app/Contents/Developer/Toolchains/XcodeDefault.xctoolchain/usr/bin/clang -x objective-c -ivfsstatcache /Users/itechnolabs/Library/Developer/Xcode/DerivedData/SDKStatCaches.noindex/iphonesimulator26.1-23B77-90cf18a4295e390e64c810bc6bd7acbc.sdkstatcache -fmessage-length\=0 -fdiagnostics-show-note-include-stack -fmacro-backtrace-limit\=0 -fno-color-diagnostics -fmodules-prune-interval\=86400 -fmodules-prune-after\=345600 -fbuild-session-file\=/Users/itechnolabs/Library/Developer/Xcode/DerivedData/ModuleCache.noindex/Session.modulevalidation -fmodules-validate-once-per-build-session -Wnon-modular-include-in-framework-module -Werror\=non-modular-include-in-framework-module -Wno-trigraphs -Wno-missing-field-initializers -Wno-missing-prototypes -Werror\=return-type -Wdocumentation -Wunreachable-code -Wno-implicit-atomic-properties -Werror\=deprecated-objc-isa-usage -Wno-objc-interface-ivars -Werror\=objc-root-class -Wno-arc-repeated-use-of-weak -Wimplicit-retain-self -Wduplicate-method-match -Wno-missing-braces -Wparentheses -Wswitch -Wunused-function -Wno-unused-label -Wno-unused-parameter -Wunused-variable -Wunused-value -Wempty-body -Wuninitialized -Wconditional-uninitialized -Wno-unknown-pragmas -Wno-shadow -Wno-four-char-constants -Wno-conversion -Wconstant-conversion -Wint-conversion -Wbool-conversion -Wenum-conversion -Wno-float-conversion -Wnon-literal-null-conversion -Wobjc-literal-conversion -Wshorten-64-to-32 -Wpointer-sign -Wno-newline-eof -Wno-selector -Wno-strict-selector-match -Wundeclared-selector -Wdeprecated-implementations -Wno-implicit-fallthrough -fstrict-aliasing -Wprotocol -Wdeprecated-declarations -Wno-sign-conversion -Winfinite-recursion -Wcomma -Wblock-capture-autoreleasing -Wstrict-prototypes -Wno-semicolon-before-method-body -Wunguarded-availability -index-store-path /Users/itechnolabs/Library/Developer/Xcode/DerivedData/Choona-dnghcflyrszrcwfmpfesqspssftx/Index.noindex/DataStore -Wno-strict-prototypes -Wno-error -Wno-deprecated-declarations -Wno-implicit-function-declaration @/Users/itechnolabs/Library/Developer/Xcode/DerivedData/Choona-dnghcflyrszrcwfmpfesqspssftx/Build/Intermediates.noindex/Pods.build/Debug-iphonesimulator/RNFBDatabase.build/Objects-normal/arm64/e6072d4f65d7061329687fe24e3d63a7-common-args.resp -include /Users/itechnolabs/Documents/Vijay/choona/ios/Pods/Target\ Support\ Files/RNFBDatabase/RNFBDatabase-prefix.pch -MMD -MT dependencies -MF /Users/itechnolabs/Library/Developer/Xcode/DerivedData/Choona-dnghcflyrszrcwfmpfesqspssftx/Build/Intermediates.noindex/Pods.build/Debug-iphonesimulator/RNFBDatabase.build/Objects-normal/arm64/RNFBDatabaseReferenceModule.d --serialize-diagnostics /Users/itechnolabs/Library/Developer/Xcode/DerivedData/Choona-dnghcflyrszrcwfmpfesqspssftx/Build/Intermediates.noindex/Pods.build/Debug-iphonesimulator/RNFBDatabase.build/Objects-normal/arm64/RNFBDatabaseReferenceModule.dia -c /Users/itechnolabs/Documents/Vijay/choona/node_modules/@react-native-firebase/database/ios/RNFBDatabase/RNFBDatabaseReferenceModule.m -o /Users/itechnolabs/Library/Developer/Xcode/DerivedData/Choona-dnghcflyrszrcwfmpfesqspssftx/Build/Intermediates.noindex/Pods.build/Debug-iphonesimulator/RNFBDatabase.build/Objects-normal/arm64/RNFBDatabaseReferenceModule.o -index-unit-output-path /Pods.build/Debug-iphonesimulator/RNFBDatabase.build/Objects-normal/arm64/RNFBDatabaseReferenceModule.o
In file included from /Users/itechnolabs/Documents/Vijay/choona/node_modules/@react-native-firebase/database/ios/RNFBDatabase/RNFBDatabaseReferenceModule.m:19:
/Users/itechnolabs/Documents/Vijay/choona/ios/Pods/Headers/Private/Firebase/Firebase.h:77:10: warning: "FirebaseAnalytics.framework is not included in your target. Please add the FirebaseAnalytics dependency to your project to ensure Messaging works as intended." [-W#warnings]
   77 |         #warning "FirebaseAnalytics.framework is not included in your target. Please add the \
      |          ^
1 warning generated.

CompileC /Users/itechnolabs/Library/Developer/Xcode/DerivedData/Choona-dnghcflyrszrcwfmpfesqspssftx/Build/Intermediates.noindex/Pods.build/Debug-iphonesimulator/RNFBDatabase.build/Objects-normal/arm64/RNFBDatabaseQueryModule.o /Users/itechnolabs/Documents/Vijay/choona/node_modules/@react-native-firebase/database/ios/RNFBDatabase/RNFBDatabaseQueryModule.m normal arm64 objective-c com.apple.compilers.llvm.clang.1_0.compiler (in target 'RNFBDatabase' from project 'Pods')
    cd /Users/itechnolabs/Documents/Vijay/choona/ios/Pods
    
    Using response file: /Users/itechnolabs/Library/Developer/Xcode/DerivedData/Choona-dnghcflyrszrcwfmpfesqspssftx/Build/Intermediates.noindex/Pods.build/Debug-iphonesimulator/RNFBDatabase.build/Objects-normal/arm64/e6072d4f65d7061329687fe24e3d63a7-common-args.resp
    
    /Applications/Xcode.app/Contents/Developer/Toolchains/XcodeDefault.xctoolchain/usr/bin/clang -x objective-c -ivfsstatcache /Users/itechnolabs/Library/Developer/Xcode/DerivedData/SDKStatCaches.noindex/iphonesimulator26.1-23B77-90cf18a4295e390e64c810bc6bd7acbc.sdkstatcache -fmessage-length\=0 -fdiagnostics-show-note-include-stack -fmacro-backtrace-limit\=0 -fno-color-diagnostics -fmodules-prune-interval\=86400 -fmodules-prune-after\=345600 -fbuild-session-file\=/Users/itechnolabs/Library/Developer/Xcode/DerivedData/ModuleCache.noindex/Session.modulevalidation -fmodules-validate-once-per-build-session -Wnon-modular-include-in-framework-module -Werror\=non-modular-include-in-framework-module -Wno-trigraphs -Wno-missing-field-initializers -Wno-missing-prototypes -Werror\=return-type -Wdocumentation -Wunreachable-code -Wno-implicit-atomic-properties -Werror\=deprecated-objc-isa-usage -Wno-objc-interface-ivars -Werror\=objc-root-class -Wno-arc-repeated-use-of-weak -Wimplicit-retain-self -Wduplicate-method-match -Wno-missing-braces -Wparentheses -Wswitch -Wunused-function -Wno-unused-label -Wno-unused-parameter -Wunused-variable -Wunused-value -Wempty-body -Wuninitialized -Wconditional-uninitialized -Wno-unknown-pragmas -Wno-shadow -Wno-four-char-constants -Wno-conversion -Wconstant-conversion -Wint-conversion -Wbool-conversion -Wenum-conversion -Wno-float-conversion -Wnon-literal-null-conversion -Wobjc-literal-conversion -Wshorten-64-to-32 -Wpointer-sign -Wno-newline-eof -Wno-selector -Wno-strict-selector-match -Wundeclared-selector -Wdeprecated-implementations -Wno-implicit-fallthrough -fstrict-aliasing -Wprotocol -Wdeprecated-declarations -Wno-sign-conversion -Winfinite-recursion -Wcomma -Wblock-capture-autoreleasing -Wstrict-prototypes -Wno-semicolon-before-method-body -Wunguarded-availability -index-store-path /Users/itechnolabs/Library/Developer/Xcode/DerivedData/Choona-dnghcflyrszrcwfmpfesqspssftx/Index.noindex/DataStore -Wno-strict-prototypes -Wno-error -Wno-deprecated-declarations -Wno-implicit-function-declaration @/Users/itechnolabs/Library/Developer/Xcode/DerivedData/Choona-dnghcflyrszrcwfmpfesqspssftx/Build/Intermediates.noindex/Pods.build/Debug-iphonesimulator/RNFBDatabase.build/Objects-normal/arm64/e6072d4f65d7061329687fe24e3d63a7-common-args.resp -include /Users/itechnolabs/Documents/Vijay/choona/ios/Pods/Target\ Support\ Files/RNFBDatabase/RNFBDatabase-prefix.pch -MMD -MT dependencies -MF /Users/itechnolabs/Library/Developer/Xcode/DerivedData/Choona-dnghcflyrszrcwfmpfesqspssftx/Build/Intermediates.noindex/Pods.build/Debug-iphonesimulator/RNFBDatabase.build/Objects-normal/arm64/RNFBDatabaseQueryModule.d --serialize-diagnostics /Users/itechnolabs/Library/Developer/Xcode/DerivedData/Choona-dnghcflyrszrcwfmpfesqspssftx/Build/Intermediates.noindex/Pods.build/Debug-iphonesimulator/RNFBDatabase.build/Objects-normal/arm64/RNFBDatabaseQueryModule.dia -c /Users/itechnolabs/Documents/Vijay/choona/node_modules/@react-native-firebase/database/ios/RNFBDatabase/RNFBDatabaseQueryModule.m -o /Users/itechnolabs/Library/Developer/Xcode/DerivedData/Choona-dnghcflyrszrcwfmpfesqspssftx/Build/Intermediates.noindex/Pods.build/Debug-iphonesimulator/RNFBDatabase.build/Objects-normal/arm64/RNFBDatabaseQueryModule.o -index-unit-output-path /Pods.build/Debug-iphonesimulator/RNFBDatabase.build/Objects-normal/arm64/RNFBDatabaseQueryModule.o
In file included from /Users/itechnolabs/Documents/Vijay/choona/node_modules/@react-native-firebase/database/ios/RNFBDatabase/RNFBDatabaseQueryModule.m:21:
In file included from /Users/itechnolabs/Documents/Vijay/choona/node_modules/@react-native-firebase/database/ios/RNFBDatabase/RNFBDatabaseCommon.h:20:
/Users/itechnolabs/Documents/Vijay/choona/ios/Pods/Headers/Private/Firebase/Firebase.h:77:10: warning: "FirebaseAnalytics.framework is not included in your target. Please add the FirebaseAnalytics dependency to your project to ensure Messaging works as intended." [-W#warnings]
   77 |         #warning "FirebaseAnalytics.framework is not included in your target. Please add the \
      |          ^
1 warning generated.

CompileC /Users/itechnolabs/Library/Developer/Xcode/DerivedData/Choona-dnghcflyrszrcwfmpfesqspssftx/Build/Intermediates.noindex/Pods.build/Debug-iphonesimulator/react-native-config.build/Objects-normal/arm64/GeneratedDotEnv.o /Users/itechnolabs/Documents/Vijay/choona/node_modules/react-native-config/ios/ReactNativeConfig/GeneratedDotEnv.m normal arm64 objective-c com.apple.compilers.llvm.clang.1_0.compiler (in target 'react-native-config' from project 'Pods')
    cd /Users/itechnolabs/Documents/Vijay/choona/ios/Pods
    
    Using response file: /Users/itechnolabs/Library/Developer/Xcode/DerivedData/Choona-dnghcflyrszrcwfmpfesqspssftx/Build/Intermediates.noindex/Pods.build/Debug-iphonesimulator/react-native-config.build/Objects-normal/arm64/e6072d4f65d7061329687fe24e3d63a7-common-args.resp
    
    /Applications/Xcode.app/Contents/Developer/Toolchains/XcodeDefault.xctoolchain/usr/bin/clang -x objective-c -ivfsstatcache /Users/itechnolabs/Library/Developer/Xcode/DerivedData/SDKStatCaches.noindex/iphonesimulator26.1-23B77-90cf18a4295e390e64c810bc6bd7acbc.sdkstatcache -fmessage-length\=0 -fdiagnostics-show-note-include-stack -fmacro-backtrace-limit\=0 -fno-color-diagnostics -fmodules-prune-interval\=86400 -fmodules-prune-after\=345600 -fbuild-session-file\=/Users/itechnolabs/Library/Developer/Xcode/DerivedData/ModuleCache.noindex/Session.modulevalidation -fmodules-validate-once-per-build-session -Wnon-modular-include-in-framework-module -Werror\=non-modular-include-in-framework-module -Wno-trigraphs -Wno-missing-field-initializers -Wno-missing-prototypes -Werror\=return-type -Wdocumentation -Wunreachable-code -Wno-implicit-atomic-properties -Werror\=deprecated-objc-isa-usage -Wno-objc-interface-ivars -Werror\=objc-root-class -Wno-arc-repeated-use-of-weak -Wimplicit-retain-self -Wduplicate-method-match -Wno-missing-braces -Wparentheses -Wswitch -Wunused-function -Wno-unused-label -Wno-unused-parameter -Wunused-variable -Wunused-value -Wempty-body -Wuninitialized -Wconditional-uninitialized -Wno-unknown-pragmas -Wno-shadow -Wno-four-char-constants -Wno-conversion -Wconstant-conversion -Wint-conversion -Wbool-conversion -Wenum-conversion -Wno-float-conversion -Wnon-literal-null-conversion -Wobjc-literal-conversion -Wshorten-64-to-32 -Wpointer-sign -Wno-newline-eof -Wno-selector -Wno-strict-selector-match -Wundeclared-selector -Wdeprecated-implementations -Wno-implicit-fallthrough -fstrict-aliasing -Wprotocol -Wdeprecated-declarations -Wno-sign-conversion -Winfinite-recursion -Wcomma -Wblock-capture-autoreleasing -Wstrict-prototypes -Wno-semicolon-before-method-body -Wunguarded-availability -index-store-path /Users/itechnolabs/Library/Developer/Xcode/DerivedData/Choona-dnghcflyrszrcwfmpfesqspssftx/Index.noindex/DataStore -Wno-strict-prototypes -Wno-error -Wno-deprecated-declarations -Wno-implicit-function-declaration @/Users/itechnolabs/Library/Developer/Xcode/DerivedData/Choona-dnghcflyrszrcwfmpfesqspssftx/Build/Intermediates.noindex/Pods.build/Debug-iphonesimulator/react-native-config.build/Objects-normal/arm64/e6072d4f65d7061329687fe24e3d63a7-common-args.resp -include /Users/itechnolabs/Documents/Vijay/choona/ios/Pods/Target\ Support\ Files/react-native-config/react-native-config-prefix.pch -MMD -MT dependencies -MF /Users/itechnolabs/Library/Developer/Xcode/DerivedData/Choona-dnghcflyrszrcwfmpfesqspssftx/Build/Intermediates.noindex/Pods.build/Debug-iphonesimulator/react-native-config.build/Objects-normal/arm64/GeneratedDotEnv.d --serialize-diagnostics /Users/itechnolabs/Library/Developer/Xcode/DerivedData/Choona-dnghcflyrszrcwfmpfesqspssftx/Build/Intermediates.noindex/Pods.build/Debug-iphonesimulator/react-native-config.build/Objects-normal/arm64/GeneratedDotEnv.dia -c /Users/itechnolabs/Documents/Vijay/choona/node_modules/react-native-config/ios/ReactNativeConfig/GeneratedDotEnv.m -o /Users/itechnolabs/Library/Developer/Xcode/DerivedData/Choona-dnghcflyrszrcwfmpfesqspssftx/Build/Intermediates.noindex/Pods.build/Debug-iphonesimulator/react-native-config.build/Objects-normal/arm64/GeneratedDotEnv.o -index-unit-output-path /Pods.build/Debug-iphonesimulator/react-native-config.build/Objects-normal/arm64/GeneratedDotEnv.o

CompileC /Users/itechnolabs/Library/Developer/Xcode/DerivedData/Choona-dnghcflyrszrcwfmpfesqspssftx/Build/Intermediates.noindex/Pods.build/Debug-iphonesimulator/RNFBDatabase.build/Objects-normal/arm64/RNFBDatabaseQuery.o /Users/itechnolabs/Documents/Vijay/choona/node_modules/@react-native-firebase/database/ios/RNFBDatabase/RNFBDatabaseQuery.m normal arm64 objective-c com.apple.compilers.llvm.clang.1_0.compiler (in target 'RNFBDatabase' from project 'Pods')
    cd /Users/itechnolabs/Documents/Vijay/choona/ios/Pods
    
    Using response file: /Users/itechnolabs/Library/Developer/Xcode/DerivedData/Choona-dnghcflyrszrcwfmpfesqspssftx/Build/Intermediates.noindex/Pods.build/Debug-iphonesimulator/RNFBDatabase.build/Objects-normal/arm64/e6072d4f65d7061329687fe24e3d63a7-common-args.resp
    
    /Applications/Xcode.app/Contents/Developer/Toolchains/XcodeDefault.xctoolchain/usr/bin/clang -x objective-c -ivfsstatcache /Users/itechnolabs/Library/Developer/Xcode/DerivedData/SDKStatCaches.noindex/iphonesimulator26.1-23B77-90cf18a4295e390e64c810bc6bd7acbc.sdkstatcache -fmessage-length\=0 -fdiagnostics-show-note-include-stack -fmacro-backtrace-limit\=0 -fno-color-diagnostics -fmodules-prune-interval\=86400 -fmodules-prune-after\=345600 -fbuild-session-file\=/Users/itechnolabs/Library/Developer/Xcode/DerivedData/ModuleCache.noindex/Session.modulevalidation -fmodules-validate-once-per-build-session -Wnon-modular-include-in-framework-module -Werror\=non-modular-include-in-framework-module -Wno-trigraphs -Wno-missing-field-initializers -Wno-missing-prototypes -Werror\=return-type -Wdocumentation -Wunreachable-code -Wno-implicit-atomic-properties -Werror\=deprecated-objc-isa-usage -Wno-objc-interface-ivars -Werror\=objc-root-class -Wno-arc-repeated-use-of-weak -Wimplicit-retain-self -Wduplicate-method-match -Wno-missing-braces -Wparentheses -Wswitch -Wunused-function -Wno-unused-label -Wno-unused-parameter -Wunused-variable -Wunused-value -Wempty-body -Wuninitialized -Wconditional-uninitialized -Wno-unknown-pragmas -Wno-shadow -Wno-four-char-constants -Wno-conversion -Wconstant-conversion -Wint-conversion -Wbool-conversion -Wenum-conversion -Wno-float-conversion -Wnon-literal-null-conversion -Wobjc-literal-conversion -Wshorten-64-to-32 -Wpointer-sign -Wno-newline-eof -Wno-selector -Wno-strict-selector-match -Wundeclared-selector -Wdeprecated-implementations -Wno-implicit-fallthrough -fstrict-aliasing -Wprotocol -Wdeprecated-declarations -Wno-sign-conversion -Winfinite-recursion -Wcomma -Wblock-capture-autoreleasing -Wstrict-prototypes -Wno-semicolon-before-method-body -Wunguarded-availability -index-store-path /Users/itechnolabs/Library/Developer/Xcode/DerivedData/Choona-dnghcflyrszrcwfmpfesqspssftx/Index.noindex/DataStore -Wno-strict-prototypes -Wno-error -Wno-deprecated-declarations -Wno-implicit-function-declaration @/Users/itechnolabs/Library/Developer/Xcode/DerivedData/Choona-dnghcflyrszrcwfmpfesqspssftx/Build/Intermediates.noindex/Pods.build/Debug-iphonesimulator/RNFBDatabase.build/Objects-normal/arm64/e6072d4f65d7061329687fe24e3d63a7-common-args.resp -include /Users/itechnolabs/Documents/Vijay/choona/ios/Pods/Target\ Support\ Files/RNFBDatabase/RNFBDatabase-prefix.pch -MMD -MT dependencies -MF /Users/itechnolabs/Library/Developer/Xcode/DerivedData/Choona-dnghcflyrszrcwfmpfesqspssftx/Build/Intermediates.noindex/Pods.build/Debug-iphonesimulator/RNFBDatabase.build/Objects-normal/arm64/RNFBDatabaseQuery.d --serialize-diagnostics /Users/itechnolabs/Library/Developer/Xcode/DerivedData/Choona-dnghcflyrszrcwfmpfesqspssftx/Build/Intermediates.noindex/Pods.build/Debug-iphonesimulator/RNFBDatabase.build/Objects-normal/arm64/RNFBDatabaseQuery.dia -c /Users/itechnolabs/Documents/Vijay/choona/node_modules/@react-native-firebase/database/ios/RNFBDatabase/RNFBDatabaseQuery.m -o /Users/itechnolabs/Library/Developer/Xcode/DerivedData/Choona-dnghcflyrszrcwfmpfesqspssftx/Build/Intermediates.noindex/Pods.build/Debug-iphonesimulator/RNFBDatabase.build/Objects-normal/arm64/RNFBDatabaseQuery.o -index-unit-output-path /Pods.build/Debug-iphonesimulator/RNFBDatabase.build/Objects-normal/arm64/RNFBDatabaseQuery.o
In file included from /Users/itechnolabs/Documents/Vijay/choona/node_modules/@react-native-firebase/database/ios/RNFBDatabase/RNFBDatabaseQuery.m:19:
In file included from /Users/itechnolabs/Documents/Vijay/choona/node_modules/@react-native-firebase/database/ios/RNFBDatabase/RNFBDatabaseQuery.h:20:
/Users/itechnolabs/Documents/Vijay/choona/ios/Pods/Headers/Private/Firebase/Firebase.h:77:10: warning: "FirebaseAnalytics.framework is not included in your target. Please add the FirebaseAnalytics dependency to your project to ensure Messaging works as intended." [-W#warnings]
   77 |         #warning "FirebaseAnalytics.framework is not included in your target. Please add the \
      |          ^
1 warning generated.

CompileC /Users/itechnolabs/Library/Developer/Xcode/DerivedData/Choona-dnghcflyrszrcwfmpfesqspssftx/Build/Intermediates.noindex/Pods.build/Debug-iphonesimulator/RNFBDatabase.build/Objects-normal/arm64/RNFBDatabaseOnDisconnectModule.o /Users/itechnolabs/Documents/Vijay/choona/node_modules/@react-native-firebase/database/ios/RNFBDatabase/RNFBDatabaseOnDisconnectModule.m normal arm64 objective-c com.apple.compilers.llvm.clang.1_0.compiler (in target 'RNFBDatabase' from project 'Pods')
    cd /Users/itechnolabs/Documents/Vijay/choona/ios/Pods
    
    Using response file: /Users/itechnolabs/Library/Developer/Xcode/DerivedData/Choona-dnghcflyrszrcwfmpfesqspssftx/Build/Intermediates.noindex/Pods.build/Debug-iphonesimulator/RNFBDatabase.build/Objects-normal/arm64/e6072d4f65d7061329687fe24e3d63a7-common-args.resp
    
    /Applications/Xcode.app/Contents/Developer/Toolchains/XcodeDefault.xctoolchain/usr/bin/clang -x objective-c -ivfsstatcache /Users/itechnolabs/Library/Developer/Xcode/DerivedData/SDKStatCaches.noindex/iphonesimulator26.1-23B77-90cf18a4295e390e64c810bc6bd7acbc.sdkstatcache -fmessage-length\=0 -fdiagnostics-show-note-include-stack -fmacro-backtrace-limit\=0 -fno-color-diagnostics -fmodules-prune-interval\=86400 -fmodules-prune-after\=345600 -fbuild-session-file\=/Users/itechnolabs/Library/Developer/Xcode/DerivedData/ModuleCache.noindex/Session.modulevalidation -fmodules-validate-once-per-build-session -Wnon-modular-include-in-framework-module -Werror\=non-modular-include-in-framework-module -Wno-trigraphs -Wno-missing-field-initializers -Wno-missing-prototypes -Werror\=return-type -Wdocumentation -Wunreachable-code -Wno-implicit-atomic-properties -Werror\=deprecated-objc-isa-usage -Wno-objc-interface-ivars -Werror\=objc-root-class -Wno-arc-repeated-use-of-weak -Wimplicit-retain-self -Wduplicate-method-match -Wno-missing-braces -Wparentheses -Wswitch -Wunused-function -Wno-unused-label -Wno-unused-parameter -Wunused-variable -Wunused-value -Wempty-body -Wuninitialized -Wconditional-uninitialized -Wno-unknown-pragmas -Wno-shadow -Wno-four-char-constants -Wno-conversion -Wconstant-conversion -Wint-conversion -Wbool-conversion -Wenum-conversion -Wno-float-conversion -Wnon-literal-null-conversion -Wobjc-literal-conversion -Wshorten-64-to-32 -Wpointer-sign -Wno-newline-eof -Wno-selector -Wno-strict-selector-match -Wundeclared-selector -Wdeprecated-implementations -Wno-implicit-fallthrough -fstrict-aliasing -Wprotocol -Wdeprecated-declarations -Wno-sign-conversion -Winfinite-recursion -Wcomma -Wblock-capture-autoreleasing -Wstrict-prototypes -Wno-semicolon-before-method-body -Wunguarded-availability -index-store-path /Users/itechnolabs/Library/Developer/Xcode/DerivedData/Choona-dnghcflyrszrcwfmpfesqspssftx/Index.noindex/DataStore -Wno-strict-prototypes -Wno-error -Wno-deprecated-declarations -Wno-implicit-function-declaration @/Users/itechnolabs/Library/Developer/Xcode/DerivedData/Choona-dnghcflyrszrcwfmpfesqspssftx/Build/Intermediates.noindex/Pods.build/Debug-iphonesimulator/RNFBDatabase.build/Objects-normal/arm64/e6072d4f65d7061329687fe24e3d63a7-common-args.resp -include /Users/itechnolabs/Documents/Vijay/choona/ios/Pods/Target\ Support\ Files/RNFBDatabase/RNFBDatabase-prefix.pch -MMD -MT dependencies -MF /Users/itechnolabs/Library/Developer/Xcode/DerivedData/Choona-dnghcflyrszrcwfmpfesqspssftx/Build/Intermediates.noindex/Pods.build/Debug-iphonesimulator/RNFBDatabase.build/Objects-normal/arm64/RNFBDatabaseOnDisconnectModule.d --serialize-diagnostics /Users/itechnolabs/Library/Developer/Xcode/DerivedData/Choona-dnghcflyrszrcwfmpfesqspssftx/Build/Intermediates.noindex/Pods.build/Debug-iphonesimulator/RNFBDatabase.build/Objects-normal/arm64/RNFBDatabaseOnDisconnectModule.dia -c /Users/itechnolabs/Documents/Vijay/choona/node_modules/@react-native-firebase/database/ios/RNFBDatabase/RNFBDatabaseOnDisconnectModule.m -o /Users/itechnolabs/Library/Developer/Xcode/DerivedData/Choona-dnghcflyrszrcwfmpfesqspssftx/Build/Intermediates.noindex/Pods.build/Debug-iphonesimulator/RNFBDatabase.build/Objects-normal/arm64/RNFBDatabaseOnDisconnectModule.o -index-unit-output-path /Pods.build/Debug-iphonesimulator/RNFBDatabase.build/Objects-normal/arm64/RNFBDatabaseOnDisconnectModule.o
In file included from /Users/itechnolabs/Documents/Vijay/choona/node_modules/@react-native-firebase/database/ios/RNFBDatabase/RNFBDatabaseOnDisconnectModule.m:19:
/Users/itechnolabs/Documents/Vijay/choona/ios/Pods/Headers/Private/Firebase/Firebase.h:77:10: warning: "FirebaseAnalytics.framework is not included in your target. Please add the FirebaseAnalytics dependency to your project to ensure Messaging works as intended." [-W#warnings]
   77 |         #warning "FirebaseAnalytics.framework is not included in your target. Please add the \
      |          ^
1 warning generated.

CompileC /Users/itechnolabs/Library/Developer/Xcode/DerivedData/Choona-dnghcflyrszrcwfmpfesqspssftx/Build/Intermediates.noindex/Pods.build/Debug-iphonesimulator/RNFBMessaging.build/Objects-normal/arm64/RNFBMessagingSerializer.o /Users/itechnolabs/Documents/Vijay/choona/node_modules/@react-native-firebase/messaging/ios/RNFBMessaging/RNFBMessagingSerializer.m normal arm64 objective-c com.apple.compilers.llvm.clang.1_0.compiler (in target 'RNFBMessaging' from project 'Pods')
    cd /Users/itechnolabs/Documents/Vijay/choona/ios/Pods
    
    Using response file: /Users/itechnolabs/Library/Developer/Xcode/DerivedData/Choona-dnghcflyrszrcwfmpfesqspssftx/Build/Intermediates.noindex/Pods.build/Debug-iphonesimulator/RNFBMessaging.build/Objects-normal/arm64/e6072d4f65d7061329687fe24e3d63a7-common-args.resp
    
    /Applications/Xcode.app/Contents/Developer/Toolchains/XcodeDefault.xctoolchain/usr/bin/clang -x objective-c -ivfsstatcache /Users/itechnolabs/Library/Developer/Xcode/DerivedData/SDKStatCaches.noindex/iphonesimulator26.1-23B77-90cf18a4295e390e64c810bc6bd7acbc.sdkstatcache -fmessage-length\=0 -fdiagnostics-show-note-include-stack -fmacro-backtrace-limit\=0 -fno-color-diagnostics -fmodules-prune-interval\=86400 -fmodules-prune-after\=345600 -fbuild-session-file\=/Users/itechnolabs/Library/Developer/Xcode/DerivedData/ModuleCache.noindex/Session.modulevalidation -fmodules-validate-once-per-build-session -Wnon-modular-include-in-framework-module -Werror\=non-modular-include-in-framework-module -Wno-trigraphs -Wno-missing-field-initializers -Wno-missing-prototypes -Werror\=return-type -Wdocumentation -Wunreachable-code -Wno-implicit-atomic-properties -Werror\=deprecated-objc-isa-usage -Wno-objc-interface-ivars -Werror\=objc-root-class -Wno-arc-repeated-use-of-weak -Wimplicit-retain-self -Wduplicate-method-match -Wno-missing-braces -Wparentheses -Wswitch -Wunused-function -Wno-unused-label -Wno-unused-parameter -Wunused-variable -Wunused-value -Wempty-body -Wuninitialized -Wconditional-uninitialized -Wno-unknown-pragmas -Wno-shadow -Wno-four-char-constants -Wno-conversion -Wconstant-conversion -Wint-conversion -Wbool-conversion -Wenum-conversion -Wno-float-conversion -Wnon-literal-null-conversion -Wobjc-literal-conversion -Wshorten-64-to-32 -Wpointer-sign -Wno-newline-eof -Wno-selector -Wno-strict-selector-match -Wundeclared-selector -Wdeprecated-implementations -Wno-implicit-fallthrough -fstrict-aliasing -Wprotocol -Wdeprecated-declarations -Wno-sign-conversion -Winfinite-recursion -Wcomma -Wblock-capture-autoreleasing -Wstrict-prototypes -Wno-semicolon-before-method-body -Wunguarded-availability -index-store-path /Users/itechnolabs/Library/Developer/Xcode/DerivedData/Choona-dnghcflyrszrcwfmpfesqspssftx/Index.noindex/DataStore -Wno-strict-prototypes -Wno-error -Wno-deprecated-declarations -Wno-implicit-function-declaration @/Users/itechnolabs/Library/Developer/Xcode/DerivedData/Choona-dnghcflyrszrcwfmpfesqspssftx/Build/Intermediates.noindex/Pods.build/Debug-iphonesimulator/RNFBMessaging.build/Objects-normal/arm64/e6072d4f65d7061329687fe24e3d63a7-common-args.resp -include /Users/itechnolabs/Documents/Vijay/choona/ios/Pods/Target\ Support\ Files/RNFBMessaging/RNFBMessaging-prefix.pch -MMD -MT dependencies -MF /Users/itechnolabs/Library/Developer/Xcode/DerivedData/Choona-dnghcflyrszrcwfmpfesqspssftx/Build/Intermediates.noindex/Pods.build/Debug-iphonesimulator/RNFBMessaging.build/Objects-normal/arm64/RNFBMessagingSerializer.d --serialize-diagnostics /Users/itechnolabs/Library/Developer/Xcode/DerivedData/Choona-dnghcflyrszrcwfmpfesqspssftx/Build/Intermediates.noindex/Pods.build/Debug-iphonesimulator/RNFBMessaging.build/Objects-normal/arm64/RNFBMessagingSerializer.dia -c /Users/itechnolabs/Documents/Vijay/choona/node_modules/@react-native-firebase/messaging/ios/RNFBMessaging/RNFBMessagingSerializer.m -o /Users/itechnolabs/Library/Developer/Xcode/DerivedData/Choona-dnghcflyrszrcwfmpfesqspssftx/Build/Intermediates.noindex/Pods.build/Debug-iphonesimulator/RNFBMessaging.build/Objects-normal/arm64/RNFBMessagingSerializer.o -index-unit-output-path /Pods.build/Debug-iphonesimulator/RNFBMessaging.build/Objects-normal/arm64/RNFBMessagingSerializer.o
In file included from /Users/itechnolabs/Documents/Vijay/choona/node_modules/@react-native-firebase/messaging/ios/RNFBMessaging/RNFBMessagingSerializer.m:19:
In file included from /Users/itechnolabs/Documents/Vijay/choona/node_modules/@react-native-firebase/messaging/ios/RNFBMessaging/RNFBMessagingSerializer.h:20:
/Users/itechnolabs/Documents/Vijay/choona/ios/Pods/Headers/Private/Firebase/Firebase.h:77:10: warning: "FirebaseAnalytics.framework is not included in your target. Please add the FirebaseAnalytics dependency to your project to ensure Messaging works as intended." [-W#warnings]
   77 |         #warning "FirebaseAnalytics.framework is not included in your target. Please add the \
      |          ^
1 warning generated.

CompileC /Users/itechnolabs/Library/Developer/Xcode/DerivedData/Choona-dnghcflyrszrcwfmpfesqspssftx/Build/Intermediates.noindex/Pods.build/Debug-iphonesimulator/RNFBMessaging.build/Objects-normal/arm64/RNFBMessagingModule.o /Users/itechnolabs/Documents/Vijay/choona/node_modules/@react-native-firebase/messaging/ios/RNFBMessaging/RNFBMessagingModule.m normal arm64 objective-c com.apple.compilers.llvm.clang.1_0.compiler (in target 'RNFBMessaging' from project 'Pods')
    cd /Users/itechnolabs/Documents/Vijay/choona/ios/Pods
    
    Using response file: /Users/itechnolabs/Library/Developer/Xcode/DerivedData/Choona-dnghcflyrszrcwfmpfesqspssftx/Build/Intermediates.noindex/Pods.build/Debug-iphonesimulator/RNFBMessaging.build/Objects-normal/arm64/e6072d4f65d7061329687fe24e3d63a7-common-args.resp
    
    /Applications/Xcode.app/Contents/Developer/Toolchains/XcodeDefault.xctoolchain/usr/bin/clang -x objective-c -ivfsstatcache /Users/itechnolabs/Library/Developer/Xcode/DerivedData/SDKStatCaches.noindex/iphonesimulator26.1-23B77-90cf18a4295e390e64c810bc6bd7acbc.sdkstatcache -fmessage-length\=0 -fdiagnostics-show-note-include-stack -fmacro-backtrace-limit\=0 -fno-color-diagnostics -fmodules-prune-interval\=86400 -fmodules-prune-after\=345600 -fbuild-session-file\=/Users/itechnolabs/Library/Developer/Xcode/DerivedData/ModuleCache.noindex/Session.modulevalidation -fmodules-validate-once-per-build-session -Wnon-modular-include-in-framework-module -Werror\=non-modular-include-in-framework-module -Wno-trigraphs -Wno-missing-field-initializers -Wno-missing-prototypes -Werror\=return-type -Wdocumentation -Wunreachable-code -Wno-implicit-atomic-properties -Werror\=deprecated-objc-isa-usage -Wno-objc-interface-ivars -Werror\=objc-root-class -Wno-arc-repeated-use-of-weak -Wimplicit-retain-self -Wduplicate-method-match -Wno-missing-braces -Wparentheses -Wswitch -Wunused-function -Wno-unused-label -Wno-unused-parameter -Wunused-variable -Wunused-value -Wempty-body -Wuninitialized -Wconditional-uninitialized -Wno-unknown-pragmas -Wno-shadow -Wno-four-char-constants -Wno-conversion -Wconstant-conversion -Wint-conversion -Wbool-conversion -Wenum-conversion -Wno-float-conversion -Wnon-literal-null-conversion -Wobjc-literal-conversion -Wshorten-64-to-32 -Wpointer-sign -Wno-newline-eof -Wno-selector -Wno-strict-selector-match -Wundeclared-selector -Wdeprecated-implementations -Wno-implicit-fallthrough -fstrict-aliasing -Wprotocol -Wdeprecated-declarations -Wno-sign-conversion -Winfinite-recursion -Wcomma -Wblock-capture-autoreleasing -Wstrict-prototypes -Wno-semicolon-before-method-body -Wunguarded-availability -index-store-path /Users/itechnolabs/Library/Developer/Xcode/DerivedData/Choona-dnghcflyrszrcwfmpfesqspssftx/Index.noindex/DataStore -Wno-strict-prototypes -Wno-error -Wno-deprecated-declarations -Wno-implicit-function-declaration @/Users/itechnolabs/Library/Developer/Xcode/DerivedData/Choona-dnghcflyrszrcwfmpfesqspssftx/Build/Intermediates.noindex/Pods.build/Debug-iphonesimulator/RNFBMessaging.build/Objects-normal/arm64/e6072d4f65d7061329687fe24e3d63a7-common-args.resp -include /Users/itechnolabs/Documents/Vijay/choona/ios/Pods/Target\ Support\ Files/RNFBMessaging/RNFBMessaging-prefix.pch -MMD -MT dependencies -MF /Users/itechnolabs/Library/Developer/Xcode/DerivedData/Choona-dnghcflyrszrcwfmpfesqspssftx/Build/Intermediates.noindex/Pods.build/Debug-iphonesimulator/RNFBMessaging.build/Objects-normal/arm64/RNFBMessagingModule.d --serialize-diagnostics /Users/itechnolabs/Library/Developer/Xcode/DerivedData/Choona-dnghcflyrszrcwfmpfesqspssftx/Build/Intermediates.noindex/Pods.build/Debug-iphonesimulator/RNFBMessaging.build/Objects-normal/arm64/RNFBMessagingModule.dia -c /Users/itechnolabs/Documents/Vijay/choona/node_modules/@react-native-firebase/messaging/ios/RNFBMessaging/RNFBMessagingModule.m -o /Users/itechnolabs/Library/Developer/Xcode/DerivedData/Choona-dnghcflyrszrcwfmpfesqspssftx/Build/Intermediates.noindex/Pods.build/Debug-iphonesimulator/RNFBMessaging.build/Objects-normal/arm64/RNFBMessagingModule.o -index-unit-output-path /Pods.build/Debug-iphonesimulator/RNFBMessaging.build/Objects-normal/arm64/RNFBMessagingModule.o
In file included from /Users/itechnolabs/Documents/Vijay/choona/node_modules/@react-native-firebase/messaging/ios/RNFBMessaging/RNFBMessagingModule.m:18:
/Users/itechnolabs/Documents/Vijay/choona/ios/Pods/Headers/Private/Firebase/Firebase.h:77:10: warning: "FirebaseAnalytics.framework is not included in your target. Please add the FirebaseAnalytics dependency to your project to ensure Messaging works as intended." [-W#warnings]
   77 |         #warning "FirebaseAnalytics.framework is not included in your target. Please add the \
      |          ^
In file included from /Users/itechnolabs/Documents/Vijay/choona/node_modules/@react-native-firebase/messaging/ios/RNFBMessaging/RNFBMessagingModule.m:23:
/Users/itechnolabs/Documents/Vijay/choona/node_modules/@react-native-firebase/messaging/ios/RNFBMessaging/RNFBMessagingModule.h:23:17: warning: pointer is missing a nullability type specifier (_Nonnull, _Nullable, or _Null_unspecified) [-Wnullability-completeness]
   23 | + (NSDictionary *)addCustomPropsToUserProps:(NSDictionary *_Nullable)userProps withLaunchOptions:(NSDictionary *_Nullable)launchOptions;
      |                 ^
/Users/itechnolabs/Documents/Vijay/choona/node_modules/@react-native-firebase/messaging/ios/RNFBMessaging/RNFBMessagingModule.h:23:17: note: insert '_Nullable' if the pointer may be null
   23 | + (NSDictionary *)addCustomPropsToUserProps:(NSDictionary *_Nullable)userProps withLaunchOptions:(NSDictionary *_Nullable)launchOptions;
      |                 ^
      |                  _Nullable
/Users/itechnolabs/Documents/Vijay/choona/node_modules/@react-native-firebase/messaging/ios/RNFBMessaging/RNFBMessagingModule.h:23:17: note: insert '_Nonnull' if the pointer should never be null
   23 | + (NSDictionary *)addCustomPropsToUserProps:(NSDictionary *_Nullable)userProps withLaunchOptions:(NSDictionary *_Nullable)launchOptions;
      |                 ^
      |                  _Nonnull
/Users/itechnolabs/Documents/Vijay/choona/node_modules/@react-native-firebase/messaging/ios/RNFBMessaging/RNFBMessagingModule.m:252:7: warning: code will never be executed [-Wunreachable-code]
  252 |   if (@available(iOS 10.0, *)) {
      |       ^~~~~~~~~~~~~~~~~~~~~~~
3 warnings generated.

CompileC /Users/itechnolabs/Library/Developer/Xcode/DerivedData/Choona-dnghcflyrszrcwfmpfesqspssftx/Build/Intermediates.noindex/Pods.build/Debug-iphonesimulator/RNFBMessaging.build/Objects-normal/arm64/RNFBMessaging-dummy.o /Users/itechnolabs/Documents/Vijay/choona/ios/Pods/Target\ Support\ Files/RNFBMessaging/RNFBMessaging-dummy.m normal arm64 objective-c com.apple.compilers.llvm.clang.1_0.compiler (in target 'RNFBMessaging' from project 'Pods')
    cd /Users/itechnolabs/Documents/Vijay/choona/ios/Pods
    
    Using response file: /Users/itechnolabs/Library/Developer/Xcode/DerivedData/Choona-dnghcflyrszrcwfmpfesqspssftx/Build/Intermediates.noindex/Pods.build/Debug-iphonesimulator/RNFBMessaging.build/Objects-normal/arm64/e6072d4f65d7061329687fe24e3d63a7-common-args.resp
    
    /Applications/Xcode.app/Contents/Developer/Toolchains/XcodeDefault.xctoolchain/usr/bin/clang -x objective-c -ivfsstatcache /Users/itechnolabs/Library/Developer/Xcode/DerivedData/SDKStatCaches.noindex/iphonesimulator26.1-23B77-90cf18a4295e390e64c810bc6bd7acbc.sdkstatcache -fmessage-length\=0 -fdiagnostics-show-note-include-stack -fmacro-backtrace-limit\=0 -fno-color-diagnostics -fmodules-prune-interval\=86400 -fmodules-prune-after\=345600 -fbuild-session-file\=/Users/itechnolabs/Library/Developer/Xcode/DerivedData/ModuleCache.noindex/Session.modulevalidation -fmodules-validate-once-per-build-session -Wnon-modular-include-in-framework-module -Werror\=non-modular-include-in-framework-module -Wno-trigraphs -Wno-missing-field-initializers -Wno-missing-prototypes -Werror\=return-type -Wdocumentation -Wunreachable-code -Wno-implicit-atomic-properties -Werror\=deprecated-objc-isa-usage -Wno-objc-interface-ivars -Werror\=objc-root-class -Wno-arc-repeated-use-of-weak -Wimplicit-retain-self -Wduplicate-method-match -Wno-missing-braces -Wparentheses -Wswitch -Wunused-function -Wno-unused-label -Wno-unused-parameter -Wunused-variable -Wunused-value -Wempty-body -Wuninitialized -Wconditional-uninitialized -Wno-unknown-pragmas -Wno-shadow -Wno-four-char-constants -Wno-conversion -Wconstant-conversion -Wint-conversion -Wbool-conversion -Wenum-conversion -Wno-float-conversion -Wnon-literal-null-conversion -Wobjc-literal-conversion -Wshorten-64-to-32 -Wpointer-sign -Wno-newline-eof -Wno-selector -Wno-strict-selector-match -Wundeclared-selector -Wdeprecated-implementations -Wno-implicit-fallthrough -fstrict-aliasing -Wprotocol -Wdeprecated-declarations -Wno-sign-conversion -Winfinite-recursion -Wcomma -Wblock-capture-autoreleasing -Wstrict-prototypes -Wno-semicolon-before-method-body -Wunguarded-availability -index-store-path /Users/itechnolabs/Library/Developer/Xcode/DerivedData/Choona-dnghcflyrszrcwfmpfesqspssftx/Index.noindex/DataStore -Wno-strict-prototypes -Wno-error -Wno-deprecated-declarations -Wno-implicit-function-declaration @/Users/itechnolabs/Library/Developer/Xcode/DerivedData/Choona-dnghcflyrszrcwfmpfesqspssftx/Build/Intermediates.noindex/Pods.build/Debug-iphonesimulator/RNFBMessaging.build/Objects-normal/arm64/e6072d4f65d7061329687fe24e3d63a7-common-args.resp -include /Users/itechnolabs/Documents/Vijay/choona/ios/Pods/Target\ Support\ Files/RNFBMessaging/RNFBMessaging-prefix.pch -MMD -MT dependencies -MF /Users/itechnolabs/Library/Developer/Xcode/DerivedData/Choona-dnghcflyrszrcwfmpfesqspssftx/Build/Intermediates.noindex/Pods.build/Debug-iphonesimulator/RNFBMessaging.build/Objects-normal/arm64/RNFBMessaging-dummy.d --serialize-diagnostics /Users/itechnolabs/Library/Developer/Xcode/DerivedData/Choona-dnghcflyrszrcwfmpfesqspssftx/Build/Intermediates.noindex/Pods.build/Debug-iphonesimulator/RNFBMessaging.build/Objects-normal/arm64/RNFBMessaging-dummy.dia -c /Users/itechnolabs/Documents/Vijay/choona/ios/Pods/Target\ Support\ Files/RNFBMessaging/RNFBMessaging-dummy.m -o /Users/itechnolabs/Library/Developer/Xcode/DerivedData/Choona-dnghcflyrszrcwfmpfesqspssftx/Build/Intermediates.noindex/Pods.build/Debug-iphonesimulator/RNFBMessaging.build/Objects-normal/arm64/RNFBMessaging-dummy.o -index-unit-output-path /Pods.build/Debug-iphonesimulator/RNFBMessaging.build/Objects-normal/arm64/RNFBMessaging-dummy.o

CompileC /Users/itechnolabs/Library/Developer/Xcode/DerivedData/Choona-dnghcflyrszrcwfmpfesqspssftx/Build/Intermediates.noindex/Pods.build/Debug-iphonesimulator/RNFBMessaging.build/Objects-normal/arm64/RNFBMessaging+UNUserNotificationCenter.o /Users/itechnolabs/Documents/Vijay/choona/node_modules/@react-native-firebase/messaging/ios/RNFBMessaging/RNFBMessaging+UNUserNotificationCenter.m normal arm64 objective-c com.apple.compilers.llvm.clang.1_0.compiler (in target 'RNFBMessaging' from project 'Pods')
    cd /Users/itechnolabs/Documents/Vijay/choona/ios/Pods
    
    Using response file: /Users/itechnolabs/Library/Developer/Xcode/DerivedData/Choona-dnghcflyrszrcwfmpfesqspssftx/Build/Intermediates.noindex/Pods.build/Debug-iphonesimulator/RNFBMessaging.build/Objects-normal/arm64/e6072d4f65d7061329687fe24e3d63a7-common-args.resp
    
    /Applications/Xcode.app/Contents/Developer/Toolchains/XcodeDefault.xctoolchain/usr/bin/clang -x objective-c -ivfsstatcache /Users/itechnolabs/Library/Developer/Xcode/DerivedData/SDKStatCaches.noindex/iphonesimulator26.1-23B77-90cf18a4295e390e64c810bc6bd7acbc.sdkstatcache -fmessage-length\=0 -fdiagnostics-show-note-include-stack -fmacro-backtrace-limit\=0 -fno-color-diagnostics -fmodules-prune-interval\=86400 -fmodules-prune-after\=345600 -fbuild-session-file\=/Users/itechnolabs/Library/Developer/Xcode/DerivedData/ModuleCache.noindex/Session.modulevalidation -fmodules-validate-once-per-build-session -Wnon-modular-include-in-framework-module -Werror\=non-modular-include-in-framework-module -Wno-trigraphs -Wno-missing-field-initializers -Wno-missing-prototypes -Werror\=return-type -Wdocumentation -Wunreachable-code -Wno-implicit-atomic-properties -Werror\=deprecated-objc-isa-usage -Wno-objc-interface-ivars -Werror\=objc-root-class -Wno-arc-repeated-use-of-weak -Wimplicit-retain-self -Wduplicate-method-match -Wno-missing-braces -Wparentheses -Wswitch -Wunused-function -Wno-unused-label -Wno-unused-parameter -Wunused-variable -Wunused-value -Wempty-body -Wuninitialized -Wconditional-uninitialized -Wno-unknown-pragmas -Wno-shadow -Wno-four-char-constants -Wno-conversion -Wconstant-conversion -Wint-conversion -Wbool-conversion -Wenum-conversion -Wno-float-conversion -Wnon-literal-null-conversion -Wobjc-literal-conversion -Wshorten-64-to-32 -Wpointer-sign -Wno-newline-eof -Wno-selector -Wno-strict-selector-match -Wundeclared-selector -Wdeprecated-implementations -Wno-implicit-fallthrough -fstrict-aliasing -Wprotocol -Wdeprecated-declarations -Wno-sign-conversion -Winfinite-recursion -Wcomma -Wblock-capture-autoreleasing -Wstrict-prototypes -Wno-semicolon-before-method-body -Wunguarded-availability -index-store-path /Users/itechnolabs/Library/Developer/Xcode/DerivedData/Choona-dnghcflyrszrcwfmpfesqspssftx/Index.noindex/DataStore -Wno-strict-prototypes -Wno-error -Wno-deprecated-declarations -Wno-implicit-function-declaration @/Users/itechnolabs/Library/Developer/Xcode/DerivedData/Choona-dnghcflyrszrcwfmpfesqspssftx/Build/Intermediates.noindex/Pods.build/Debug-iphonesimulator/RNFBMessaging.build/Objects-normal/arm64/e6072d4f65d7061329687fe24e3d63a7-common-args.resp -include /Users/itechnolabs/Documents/Vijay/choona/ios/Pods/Target\ Support\ Files/RNFBMessaging/RNFBMessaging-prefix.pch -MMD -MT dependencies -MF /Users/itechnolabs/Library/Developer/Xcode/DerivedData/Choona-dnghcflyrszrcwfmpfesqspssftx/Build/Intermediates.noindex/Pods.build/Debug-iphonesimulator/RNFBMessaging.build/Objects-normal/arm64/RNFBMessaging+UNUserNotificationCenter.d --serialize-diagnostics /Users/itechnolabs/Library/Developer/Xcode/DerivedData/Choona-dnghcflyrszrcwfmpfesqspssftx/Build/Intermediates.noindex/Pods.build/Debug-iphonesimulator/RNFBMessaging.build/Objects-normal/arm64/RNFBMessaging+UNUserNotificationCenter.dia -c /Users/itechnolabs/Documents/Vijay/choona/node_modules/@react-native-firebase/messaging/ios/RNFBMessaging/RNFBMessaging+UNUserNotificationCenter.m -o /Users/itechnolabs/Library/Developer/Xcode/DerivedData/Choona-dnghcflyrszrcwfmpfesqspssftx/Build/Intermediates.noindex/Pods.build/Debug-iphonesimulator/RNFBMessaging.build/Objects-normal/arm64/RNFBMessaging+UNUserNotificationCenter.o -index-unit-output-path /Pods.build/Debug-iphonesimulator/RNFBMessaging.build/Objects-normal/arm64/RNFBMessaging+UNUserNotificationCenter.o
In file included from /Users/itechnolabs/Documents/Vijay/choona/node_modules/@react-native-firebase/messaging/ios/RNFBMessaging/RNFBMessaging+UNUserNotificationCenter.m:20:
In file included from /Users/itechnolabs/Documents/Vijay/choona/node_modules/@react-native-firebase/messaging/ios/RNFBMessaging/RNFBMessagingSerializer.h:20:
/Users/itechnolabs/Documents/Vijay/choona/ios/Pods/Headers/Private/Firebase/Firebase.h:77:10: warning: "FirebaseAnalytics.framework is not included in your target. Please add the FirebaseAnalytics dependency to your project to ensure Messaging works as intended." [-W#warnings]
   77 |         #warning "FirebaseAnalytics.framework is not included in your target. Please add the \
      |          ^
/Users/itechnolabs/Documents/Vijay/choona/node_modules/@react-native-firebase/messaging/ios/RNFBMessaging/RNFBMessaging+UNUserNotificationCenter.m:35:42: warning: null passed to a callee that requires a non-null argument [-Wnonnull]
   35 |     sharedInstance.initialNotification = nil;
      |                                          ^~~
In module 'Foundation' imported from /Users/itechnolabs/Documents/Vijay/choona/ios/Pods/Headers/Private/RNFBApp/RNFBRCTEventEmitter.h:18:
In module 'CoreFoundation' imported from /Applications/Xcode.app/Contents/Developer/Platforms/iPhoneSimulator.platform/Developer/SDKs/iPhoneSimulator.sdk/System/Library/Frameworks/Foundation.framework/Headers/Foundation.h:6:
In module 'Darwin' imported from /Applications/Xcode.app/Contents/Developer/Platforms/iPhoneSimulator.platform/Developer/SDKs/iPhoneSimulator26.1.sdk/System/Library/Frameworks/CoreFoundation.framework/Headers/CFBase.h:75:
/Applications/Xcode.app/Contents/Developer/Platforms/iPhoneSimulator.platform/Developer/SDKs/iPhoneSimulator.sdk/usr/include/MacTypes.h:96:19: note: expanded from macro 'nil'
   96 |       #define nil __DARWIN_NULL
      |                   ^~~~~~~~~~~~~
In module 'Foundation' imported from /Users/itechnolabs/Documents/Vijay/choona/ios/Pods/Headers/Private/RNFBApp/RNFBRCTEventEmitter.h:18:
In module 'CoreFoundation' imported from /Applications/Xcode.app/Contents/Developer/Platforms/iPhoneSimulator.platform/Developer/SDKs/iPhoneSimulator.sdk/System/Library/Frameworks/Foundation.framework/Headers/Foundation.h:6:
In module '_DarwinFoundation2' imported from /Applications/Xcode.app/Contents/Developer/Platforms/iPhoneSimulator.platform/Developer/SDKs/iPhoneSimulator.sdk/System/Library/Frameworks/CoreFoundation.framework/Headers/CoreFoundation.h:18:
/Applications/Xcode.app/Contents/Developer/Platforms/iPhoneSimulator.platform/Developer/SDKs/iPhoneSimulator26.1.sdk/usr/include/sys/_types.h:52:23: note: expanded from macro '__DARWIN_NULL'
   52 | #define __DARWIN_NULL NULL
      |                       ^~~~
In module 'Foundation' imported from /Users/itechnolabs/Documents/Vijay/choona/ios/Pods/Headers/Private/RNFBApp/RNFBRCTEventEmitter.h:18:
In module 'CoreFoundation' imported from /Applications/Xcode.app/Contents/Developer/Platforms/iPhoneSimulator.platform/Developer/SDKs/iPhoneSimulator.sdk/System/Library/Frameworks/Foundation.framework/Headers/Foundation.h:6:
In module '_DarwinFoundation2' imported from /Applications/Xcode.app/Contents/Developer/Platforms/iPhoneSimulator.platform/Developer/SDKs/iPhoneSimulator.sdk/System/Library/Frameworks/CoreFoundation.framework/Headers/CoreFoundation.h:18:
In module '_Builtin_stddef' imported from /Applications/Xcode.app/Contents/Developer/Toolchains/XcodeDefault.xctoolchain/usr/lib/clang/17/include/stddef.h:93:
/Applications/Xcode.app/Contents/Developer/Toolchains/XcodeDefault.xctoolchain/usr/lib/clang/17/include/__stddef_null.h:26:14: note: expanded from macro 'NULL'
   26 | #define NULL ((void*)0)
      |              ^~~~~~~~~~
2 warnings generated.

CompileC /Users/itechnolabs/Library/Developer/Xcode/DerivedData/Choona-dnghcflyrszrcwfmpfesqspssftx/Build/Intermediates.noindex/Pods.build/Debug-iphonesimulator/RNFBMessaging.build/Objects-normal/arm64/RNFBMessaging+NSNotificationCenter.o /Users/itechnolabs/Documents/Vijay/choona/node_modules/@react-native-firebase/messaging/ios/RNFBMessaging/RNFBMessaging+NSNotificationCenter.m normal arm64 objective-c com.apple.compilers.llvm.clang.1_0.compiler (in target 'RNFBMessaging' from project 'Pods')
    cd /Users/itechnolabs/Documents/Vijay/choona/ios/Pods
    
    Using response file: /Users/itechnolabs/Library/Developer/Xcode/DerivedData/Choona-dnghcflyrszrcwfmpfesqspssftx/Build/Intermediates.noindex/Pods.build/Debug-iphonesimulator/RNFBMessaging.build/Objects-normal/arm64/e6072d4f65d7061329687fe24e3d63a7-common-args.resp
    
    /Applications/Xcode.app/Contents/Developer/Toolchains/XcodeDefault.xctoolchain/usr/bin/clang -x objective-c -ivfsstatcache /Users/itechnolabs/Library/Developer/Xcode/DerivedData/SDKStatCaches.noindex/iphonesimulator26.1-23B77-90cf18a4295e390e64c810bc6bd7acbc.sdkstatcache -fmessage-length\=0 -fdiagnostics-show-note-include-stack -fmacro-backtrace-limit\=0 -fno-color-diagnostics -fmodules-prune-interval\=86400 -fmodules-prune-after\=345600 -fbuild-session-file\=/Users/itechnolabs/Library/Developer/Xcode/DerivedData/ModuleCache.noindex/Session.modulevalidation -fmodules-validate-once-per-build-session -Wnon-modular-include-in-framework-module -Werror\=non-modular-include-in-framework-module -Wno-trigraphs -Wno-missing-field-initializers -Wno-missing-prototypes -Werror\=return-type -Wdocumentation -Wunreachable-code -Wno-implicit-atomic-properties -Werror\=deprecated-objc-isa-usage -Wno-objc-interface-ivars -Werror\=objc-root-class -Wno-arc-repeated-use-of-weak -Wimplicit-retain-self -Wduplicate-method-match -Wno-missing-braces -Wparentheses -Wswitch -Wunused-function -Wno-unused-label -Wno-unused-parameter -Wunused-variable -Wunused-value -Wempty-body -Wuninitialized -Wconditional-uninitialized -Wno-unknown-pragmas -Wno-shadow -Wno-four-char-constants -Wno-conversion -Wconstant-conversion -Wint-conversion -Wbool-conversion -Wenum-conversion -Wno-float-conversion -Wnon-literal-null-conversion -Wobjc-literal-conversion -Wshorten-64-to-32 -Wpointer-sign -Wno-newline-eof -Wno-selector -Wno-strict-selector-match -Wundeclared-selector -Wdeprecated-implementations -Wno-implicit-fallthrough -fstrict-aliasing -Wprotocol -Wdeprecated-declarations -Wno-sign-conversion -Winfinite-recursion -Wcomma -Wblock-capture-autoreleasing -Wstrict-prototypes -Wno-semicolon-before-method-body -Wunguarded-availability -index-store-path /Users/itechnolabs/Library/Developer/Xcode/DerivedData/Choona-dnghcflyrszrcwfmpfesqspssftx/Index.noindex/DataStore -Wno-strict-prototypes -Wno-error -Wno-deprecated-declarations -Wno-implicit-function-declaration @/Users/itechnolabs/Library/Developer/Xcode/DerivedData/Choona-dnghcflyrszrcwfmpfesqspssftx/Build/Intermediates.noindex/Pods.build/Debug-iphonesimulator/RNFBMessaging.build/Objects-normal/arm64/e6072d4f65d7061329687fe24e3d63a7-common-args.resp -include /Users/itechnolabs/Documents/Vijay/choona/ios/Pods/Target\ Support\ Files/RNFBMessaging/RNFBMessaging-prefix.pch -MMD -MT dependencies -MF /Users/itechnolabs/Library/Developer/Xcode/DerivedData/Choona-dnghcflyrszrcwfmpfesqspssftx/Build/Intermediates.noindex/Pods.build/Debug-iphonesimulator/RNFBMessaging.build/Objects-normal/arm64/RNFBMessaging+NSNotificationCenter.d --serialize-diagnostics /Users/itechnolabs/Library/Developer/Xcode/DerivedData/Choona-dnghcflyrszrcwfmpfesqspssftx/Build/Intermediates.noindex/Pods.build/Debug-iphonesimulator/RNFBMessaging.build/Objects-normal/arm64/RNFBMessaging+NSNotificationCenter.dia -c /Users/itechnolabs/Documents/Vijay/choona/node_modules/@react-native-firebase/messaging/ios/RNFBMessaging/RNFBMessaging+NSNotificationCenter.m -o /Users/itechnolabs/Library/Developer/Xcode/DerivedData/Choona-dnghcflyrszrcwfmpfesqspssftx/Build/Intermediates.noindex/Pods.build/Debug-iphonesimulator/RNFBMessaging.build/Objects-normal/arm64/RNFBMessaging+NSNotificationCenter.o -index-unit-output-path /Pods.build/Debug-iphonesimulator/RNFBMessaging.build/Objects-normal/arm64/RNFBMessaging+NSNotificationCenter.o
In file included from /Users/itechnolabs/Documents/Vijay/choona/node_modules/@react-native-firebase/messaging/ios/RNFBMessaging/RNFBMessaging+NSNotificationCenter.m:17:
/Users/itechnolabs/Documents/Vijay/choona/ios/Pods/Headers/Private/Firebase/Firebase.h:77:10: warning: "FirebaseAnalytics.framework is not included in your target. Please add the FirebaseAnalytics dependency to your project to ensure Messaging works as intended." [-W#warnings]
   77 |         #warning "FirebaseAnalytics.framework is not included in your target. Please add the \
      |          ^
/Users/itechnolabs/Documents/Vijay/choona/node_modules/@react-native-firebase/messaging/ios/RNFBMessaging/RNFBMessaging+NSNotificationCenter.m:189:86: warning: direct comparison of a numeric literal has undefined behavior [-Wobjc-literal-compare]
  189 |     if (rctRootView.appProperties != nil && rctRootView.appProperties[@"isHeadless"] == @(YES)) {
      |                                                                                      ^  ~~~~~~
/Users/itechnolabs/Documents/Vijay/choona/node_modules/@react-native-firebase/messaging/ios/RNFBMessaging/RNFBMessaging+NSNotificationCenter.m:189:86: note: use 'isEqual:' instead
  189 |     if (rctRootView.appProperties != nil && rctRootView.appProperties[@"isHeadless"] == @(YES)) {
      |                                                                                      ^~       
      |                                             [                                         isEqual:]
2 warnings generated.

CompileC /Users/itechnolabs/Library/Developer/Xcode/DerivedData/Choona-dnghcflyrszrcwfmpfesqspssftx/Build/Intermediates.noindex/Pods.build/Debug-iphonesimulator/RNFBMessaging.build/Objects-normal/arm64/RNFBMessaging+FIRMessagingDelegate.o /Users/itechnolabs/Documents/Vijay/choona/node_modules/@react-native-firebase/messaging/ios/RNFBMessaging/RNFBMessaging+FIRMessagingDelegate.m normal arm64 objective-c com.apple.compilers.llvm.clang.1_0.compiler (in target 'RNFBMessaging' from project 'Pods')
    cd /Users/itechnolabs/Documents/Vijay/choona/ios/Pods
    
    Using response file: /Users/itechnolabs/Library/Developer/Xcode/DerivedData/Choona-dnghcflyrszrcwfmpfesqspssftx/Build/Intermediates.noindex/Pods.build/Debug-iphonesimulator/RNFBMessaging.build/Objects-normal/arm64/e6072d4f65d7061329687fe24e3d63a7-common-args.resp
    
    /Applications/Xcode.app/Contents/Developer/Toolchains/XcodeDefault.xctoolchain/usr/bin/clang -x objective-c -ivfsstatcache /Users/itechnolabs/Library/Developer/Xcode/DerivedData/SDKStatCaches.noindex/iphonesimulator26.1-23B77-90cf18a4295e390e64c810bc6bd7acbc.sdkstatcache -fmessage-length\=0 -fdiagnostics-show-note-include-stack -fmacro-backtrace-limit\=0 -fno-color-diagnostics -fmodules-prune-interval\=86400 -fmodules-prune-after\=345600 -fbuild-session-file\=/Users/itechnolabs/Library/Developer/Xcode/DerivedData/ModuleCache.noindex/Session.modulevalidation -fmodules-validate-once-per-build-session -Wnon-modular-include-in-framework-module -Werror\=non-modular-include-in-framework-module -Wno-trigraphs -Wno-missing-field-initializers -Wno-missing-prototypes -Werror\=return-type -Wdocumentation -Wunreachable-code -Wno-implicit-atomic-properties -Werror\=deprecated-objc-isa-usage -Wno-objc-interface-ivars -Werror\=objc-root-class -Wno-arc-repeated-use-of-weak -Wimplicit-retain-self -Wduplicate-method-match -Wno-missing-braces -Wparentheses -Wswitch -Wunused-function -Wno-unused-label -Wno-unused-parameter -Wunused-variable -Wunused-value -Wempty-body -Wuninitialized -Wconditional-uninitialized -Wno-unknown-pragmas -Wno-shadow -Wno-four-char-constants -Wno-conversion -Wconstant-conversion -Wint-conversion -Wbool-conversion -Wenum-conversion -Wno-float-conversion -Wnon-literal-null-conversion -Wobjc-literal-conversion -Wshorten-64-to-32 -Wpointer-sign -Wno-newline-eof -Wno-selector -Wno-strict-selector-match -Wundeclared-selector -Wdeprecated-implementations -Wno-implicit-fallthrough -fstrict-aliasing -Wprotocol -Wdeprecated-declarations -Wno-sign-conversion -Winfinite-recursion -Wcomma -Wblock-capture-autoreleasing -Wstrict-prototypes -Wno-semicolon-before-method-body -Wunguarded-availability -index-store-path /Users/itechnolabs/Library/Developer/Xcode/DerivedData/Choona-dnghcflyrszrcwfmpfesqspssftx/Index.noindex/DataStore -Wno-strict-prototypes -Wno-error -Wno-deprecated-declarations -Wno-implicit-function-declaration @/Users/itechnolabs/Library/Developer/Xcode/DerivedData/Choona-dnghcflyrszrcwfmpfesqspssftx/Build/Intermediates.noindex/Pods.build/Debug-iphonesimulator/RNFBMessaging.build/Objects-normal/arm64/e6072d4f65d7061329687fe24e3d63a7-common-args.resp -include /Users/itechnolabs/Documents/Vijay/choona/ios/Pods/Target\ Support\ Files/RNFBMessaging/RNFBMessaging-prefix.pch -MMD -MT dependencies -MF /Users/itechnolabs/Library/Developer/Xcode/DerivedData/Choona-dnghcflyrszrcwfmpfesqspssftx/Build/Intermediates.noindex/Pods.build/Debug-iphonesimulator/RNFBMessaging.build/Objects-normal/arm64/RNFBMessaging+FIRMessagingDelegate.d --serialize-diagnostics /Users/itechnolabs/Library/Developer/Xcode/DerivedData/Choona-dnghcflyrszrcwfmpfesqspssftx/Build/Intermediates.noindex/Pods.build/Debug-iphonesimulator/RNFBMessaging.build/Objects-normal/arm64/RNFBMessaging+FIRMessagingDelegate.dia -c /Users/itechnolabs/Documents/Vijay/choona/node_modules/@react-native-firebase/messaging/ios/RNFBMessaging/RNFBMessaging+FIRMessagingDelegate.m -o /Users/itechnolabs/Library/Developer/Xcode/DerivedData/Choona-dnghcflyrszrcwfmpfesqspssftx/Build/Intermediates.noindex/Pods.build/Debug-iphonesimulator/RNFBMessaging.build/Objects-normal/arm64/RNFBMessaging+FIRMessagingDelegate.o -index-unit-output-path /Pods.build/Debug-iphonesimulator/RNFBMessaging.build/Objects-normal/arm64/RNFBMessaging+FIRMessagingDelegate.o
In file included from /Users/itechnolabs/Documents/Vijay/choona/node_modules/@react-native-firebase/messaging/ios/RNFBMessaging/RNFBMessaging+FIRMessagingDelegate.m:23:
In file included from /Users/itechnolabs/Documents/Vijay/choona/node_modules/@react-native-firebase/messaging/ios/RNFBMessaging/RNFBMessaging+FIRMessagingDelegate.h:19:
/Users/itechnolabs/Documents/Vijay/choona/ios/Pods/Headers/Private/Firebase/Firebase.h:77:10: warning: "FirebaseAnalytics.framework is not included in your target. Please add the FirebaseAnalytics dependency to your project to ensure Messaging works as intended." [-W#warnings]
   77 |         #warning "FirebaseAnalytics.framework is not included in your target. Please add the \
      |          ^
/Users/itechnolabs/Documents/Vijay/choona/node_modules/@react-native-firebase/messaging/ios/RNFBMessaging/RNFBMessaging+FIRMessagingDelegate.m:67:1: warning: implementing deprecated method [-Wdeprecated-implementations]
   67 | - (void)messaging:(nonnull FIRMessaging *)messaging didReceiveMessage:(nonnull FIRMessagingRemoteMessage *)remoteMessage {
      | ^
In file included from /Users/itechnolabs/Documents/Vijay/choona/node_modules/@react-native-firebase/messaging/ios/RNFBMessaging/RNFBMessaging+FIRMessagingDelegate.m:23:
In file included from /Users/itechnolabs/Documents/Vijay/choona/node_modules/@react-native-firebase/messaging/ios/RNFBMessaging/RNFBMessaging+FIRMessagingDelegate.h:19:
In file included from /Users/itechnolabs/Documents/Vijay/choona/ios/Pods/Headers/Private/Firebase/Firebase.h:74:
In file included from /Users/itechnolabs/Documents/Vijay/choona/ios/Pods/Headers/Private/FirebaseMessaging/FirebaseMessaging.h:17:
/Users/itechnolabs/Documents/Vijay/choona/ios/Pods/Headers/Private/FirebaseMessaging/FIRMessaging.h:253:1: note: method 'messaging:didReceiveMessage:' declared here
  253 | - (void)messaging:(FIRMessaging *)messaging
      | ^
2 warnings generated.

CompileC /Users/itechnolabs/Library/Developer/Xcode/DerivedData/Choona-dnghcflyrszrcwfmpfesqspssftx/Build/Intermediates.noindex/Pods.build/Debug-iphonesimulator/RNFBDatabase.build/Objects-normal/arm64/RNFBDatabaseModule.o /Users/itechnolabs/Documents/Vijay/choona/node_modules/@react-native-firebase/database/ios/RNFBDatabase/RNFBDatabaseModule.m normal arm64 objective-c com.apple.compilers.llvm.clang.1_0.compiler (in target 'RNFBDatabase' from project 'Pods')
    cd /Users/itechnolabs/Documents/Vijay/choona/ios/Pods
    
    Using response file: /Users/itechnolabs/Library/Developer/Xcode/DerivedData/Choona-dnghcflyrszrcwfmpfesqspssftx/Build/Intermediates.noindex/Pods.build/Debug-iphonesimulator/RNFBDatabase.build/Objects-normal/arm64/e6072d4f65d7061329687fe24e3d63a7-common-args.resp
    
    /Applications/Xcode.app/Contents/Developer/Toolchains/XcodeDefault.xctoolchain/usr/bin/clang -x objective-c -ivfsstatcache /Users/itechnolabs/Library/Developer/Xcode/DerivedData/SDKStatCaches.noindex/iphonesimulator26.1-23B77-90cf18a4295e390e64c810bc6bd7acbc.sdkstatcache -fmessage-length\=0 -fdiagnostics-show-note-include-stack -fmacro-backtrace-limit\=0 -fno-color-diagnostics -fmodules-prune-interval\=86400 -fmodules-prune-after\=345600 -fbuild-session-file\=/Users/itechnolabs/Library/Developer/Xcode/DerivedData/ModuleCache.noindex/Session.modulevalidation -fmodules-validate-once-per-build-session -Wnon-modular-include-in-framework-module -Werror\=non-modular-include-in-framework-module -Wno-trigraphs -Wno-missing-field-initializers -Wno-missing-prototypes -Werror\=return-type -Wdocumentation -Wunreachable-code -Wno-implicit-atomic-properties -Werror\=deprecated-objc-isa-usage -Wno-objc-interface-ivars -Werror\=objc-root-class -Wno-arc-repeated-use-of-weak -Wimplicit-retain-self -Wduplicate-method-match -Wno-missing-braces -Wparentheses -Wswitch -Wunused-function -Wno-unused-label -Wno-unused-parameter -Wunused-variable -Wunused-value -Wempty-body -Wuninitialized -Wconditional-uninitialized -Wno-unknown-pragmas -Wno-shadow -Wno-four-char-constants -Wno-conversion -Wconstant-conversion -Wint-conversion -Wbool-conversion -Wenum-conversion -Wno-float-conversion -Wnon-literal-null-conversion -Wobjc-literal-conversion -Wshorten-64-to-32 -Wpointer-sign -Wno-newline-eof -Wno-selector -Wno-strict-selector-match -Wundeclared-selector -Wdeprecated-implementations -Wno-implicit-fallthrough -fstrict-aliasing -Wprotocol -Wdeprecated-declarations -Wno-sign-conversion -Winfinite-recursion -Wcomma -Wblock-capture-autoreleasing -Wstrict-prototypes -Wno-semicolon-before-method-body -Wunguarded-availability -index-store-path /Users/itechnolabs/Library/Developer/Xcode/DerivedData/Choona-dnghcflyrszrcwfmpfesqspssftx/Index.noindex/DataStore -Wno-strict-prototypes -Wno-error -Wno-deprecated-declarations -Wno-implicit-function-declaration @/Users/itechnolabs/Library/Developer/Xcode/DerivedData/Choona-dnghcflyrszrcwfmpfesqspssftx/Build/Intermediates.noindex/Pods.build/Debug-iphonesimulator/RNFBDatabase.build/Objects-normal/arm64/e6072d4f65d7061329687fe24e3d63a7-common-args.resp -include /Users/itechnolabs/Documents/Vijay/choona/ios/Pods/Target\ Support\ Files/RNFBDatabase/RNFBDatabase-prefix.pch -MMD -MT dependencies -MF /Users/itechnolabs/Library/Developer/Xcode/DerivedData/Choona-dnghcflyrszrcwfmpfesqspssftx/Build/Intermediates.noindex/Pods.build/Debug-iphonesimulator/RNFBDatabase.build/Objects-normal/arm64/RNFBDatabaseModule.d --serialize-diagnostics /Users/itechnolabs/Library/Developer/Xcode/DerivedData/Choona-dnghcflyrszrcwfmpfesqspssftx/Build/Intermediates.noindex/Pods.build/Debug-iphonesimulator/RNFBDatabase.build/Objects-normal/arm64/RNFBDatabaseModule.dia -c /Users/itechnolabs/Documents/Vijay/choona/node_modules/@react-native-firebase/database/ios/RNFBDatabase/RNFBDatabaseModule.m -o /Users/itechnolabs/Library/Developer/Xcode/DerivedData/Choona-dnghcflyrszrcwfmpfesqspssftx/Build/Intermediates.noindex/Pods.build/Debug-iphonesimulator/RNFBDatabase.build/Objects-normal/arm64/RNFBDatabaseModule.o -index-unit-output-path /Pods.build/Debug-iphonesimulator/RNFBDatabase.build/Objects-normal/arm64/RNFBDatabaseModule.o
In file included from /Users/itechnolabs/Documents/Vijay/choona/node_modules/@react-native-firebase/database/ios/RNFBDatabase/RNFBDatabaseModule.m:19:
/Users/itechnolabs/Documents/Vijay/choona/ios/Pods/Headers/Private/Firebase/Firebase.h:77:10: warning: "FirebaseAnalytics.framework is not included in your target. Please add the FirebaseAnalytics dependency to your project to ensure Messaging works as intended." [-W#warnings]
   77 |         #warning "FirebaseAnalytics.framework is not included in your target. Please add the \
      |          ^
1 warning generated.

CompileC /Users/itechnolabs/Library/Developer/Xcode/DerivedData/Choona-dnghcflyrszrcwfmpfesqspssftx/Build/Intermediates.noindex/Pods.build/Debug-iphonesimulator/RNFBDatabase.build/Objects-normal/arm64/RNFBDatabaseCommon.o /Users/itechnolabs/Documents/Vijay/choona/node_modules/@react-native-firebase/database/ios/RNFBDatabase/RNFBDatabaseCommon.m normal arm64 objective-c com.apple.compilers.llvm.clang.1_0.compiler (in target 'RNFBDatabase' from project 'Pods')
    cd /Users/itechnolabs/Documents/Vijay/choona/ios/Pods
    
    Using response file: /Users/itechnolabs/Library/Developer/Xcode/DerivedData/Choona-dnghcflyrszrcwfmpfesqspssftx/Build/Intermediates.noindex/Pods.build/Debug-iphonesimulator/RNFBDatabase.build/Objects-normal/arm64/e6072d4f65d7061329687fe24e3d63a7-common-args.resp
    
    /Applications/Xcode.app/Contents/Developer/Toolchains/XcodeDefault.xctoolchain/usr/bin/clang -x objective-c -ivfsstatcache /Users/itechnolabs/Library/Developer/Xcode/DerivedData/SDKStatCaches.noindex/iphonesimulator26.1-23B77-90cf18a4295e390e64c810bc6bd7acbc.sdkstatcache -fmessage-length\=0 -fdiagnostics-show-note-include-stack -fmacro-backtrace-limit\=0 -fno-color-diagnostics -fmodules-prune-interval\=86400 -fmodules-prune-after\=345600 -fbuild-session-file\=/Users/itechnolabs/Library/Developer/Xcode/DerivedData/ModuleCache.noindex/Session.modulevalidation -fmodules-validate-once-per-build-session -Wnon-modular-include-in-framework-module -Werror\=non-modular-include-in-framework-module -Wno-trigraphs -Wno-missing-field-initializers -Wno-missing-prototypes -Werror\=return-type -Wdocumentation -Wunreachable-code -Wno-implicit-atomic-properties -Werror\=deprecated-objc-isa-usage -Wno-objc-interface-ivars -Werror\=objc-root-class -Wno-arc-repeated-use-of-weak -Wimplicit-retain-self -Wduplicate-method-match -Wno-missing-braces -Wparentheses -Wswitch -Wunused-function -Wno-unused-label -Wno-unused-parameter -Wunused-variable -Wunused-value -Wempty-body -Wuninitialized -Wconditional-uninitialized -Wno-unknown-pragmas -Wno-shadow -Wno-four-char-constants -Wno-conversion -Wconstant-conversion -Wint-conversion -Wbool-conversion -Wenum-conversion -Wno-float-conversion -Wnon-literal-null-conversion -Wobjc-literal-conversion -Wshorten-64-to-32 -Wpointer-sign -Wno-newline-eof -Wno-selector -Wno-strict-selector-match -Wundeclared-selector -Wdeprecated-implementations -Wno-implicit-fallthrough -fstrict-aliasing -Wprotocol -Wdeprecated-declarations -Wno-sign-conversion -Winfinite-recursion -Wcomma -Wblock-capture-autoreleasing -Wstrict-prototypes -Wno-semicolon-before-method-body -Wunguarded-availability -index-store-path /Users/itechnolabs/Library/Developer/Xcode/DerivedData/Choona-dnghcflyrszrcwfmpfesqspssftx/Index.noindex/DataStore -Wno-strict-prototypes -Wno-error -Wno-deprecated-declarations -Wno-implicit-function-declaration @/Users/itechnolabs/Library/Developer/Xcode/DerivedData/Choona-dnghcflyrszrcwfmpfesqspssftx/Build/Intermediates.noindex/Pods.build/Debug-iphonesimulator/RNFBDatabase.build/Objects-normal/arm64/e6072d4f65d7061329687fe24e3d63a7-common-args.resp -include /Users/itechnolabs/Documents/Vijay/choona/ios/Pods/Target\ Support\ Files/RNFBDatabase/RNFBDatabase-prefix.pch -MMD -MT dependencies -MF /Users/itechnolabs/Library/Developer/Xcode/DerivedData/Choona-dnghcflyrszrcwfmpfesqspssftx/Build/Intermediates.noindex/Pods.build/Debug-iphonesimulator/RNFBDatabase.build/Objects-normal/arm64/RNFBDatabaseCommon.d --serialize-diagnostics /Users/itechnolabs/Library/Developer/Xcode/DerivedData/Choona-dnghcflyrszrcwfmpfesqspssftx/Build/Intermediates.noindex/Pods.build/Debug-iphonesimulator/RNFBDatabase.build/Objects-normal/arm64/RNFBDatabaseCommon.dia -c /Users/itechnolabs/Documents/Vijay/choona/node_modules/@react-native-firebase/database/ios/RNFBDatabase/RNFBDatabaseCommon.m -o /Users/itechnolabs/Library/Developer/Xcode/DerivedData/Choona-dnghcflyrszrcwfmpfesqspssftx/Build/Intermediates.noindex/Pods.build/Debug-iphonesimulator/RNFBDatabase.build/Objects-normal/arm64/RNFBDatabaseCommon.o -index-unit-output-path /Pods.build/Debug-iphonesimulator/RNFBDatabase.build/Objects-normal/arm64/RNFBDatabaseCommon.o
In file included from /Users/itechnolabs/Documents/Vijay/choona/node_modules/@react-native-firebase/database/ios/RNFBDatabase/RNFBDatabaseCommon.m:18:
In file included from /Users/itechnolabs/Documents/Vijay/choona/node_modules/@react-native-firebase/database/ios/RNFBDatabase/RNFBDatabaseCommon.h:20:
/Users/itechnolabs/Documents/Vijay/choona/ios/Pods/Headers/Private/Firebase/Firebase.h:77:10: warning: "FirebaseAnalytics.framework is not included in your target. Please add the FirebaseAnalytics dependency to your project to ensure Messaging works as intended." [-W#warnings]
   77 |         #warning "FirebaseAnalytics.framework is not included in your target. Please add the \
      |          ^
1 warning generated.

CompileC /Users/itechnolabs/Library/Developer/Xcode/DerivedData/Choona-dnghcflyrszrcwfmpfesqspssftx/Build/Intermediates.noindex/Pods.build/Debug-iphonesimulator/RNFBApp.build/Objects-normal/arm64/RNFBVersion.o /Users/itechnolabs/Documents/Vijay/choona/node_modules/@react-native-firebase/app/ios/RNFBApp/RNFBVersion.m normal arm64 objective-c com.apple.compilers.llvm.clang.1_0.compiler (in target 'RNFBApp' from project 'Pods')
    cd /Users/itechnolabs/Documents/Vijay/choona/ios/Pods
    
    Using response file: /Users/itechnolabs/Library/Developer/Xcode/DerivedData/Choona-dnghcflyrszrcwfmpfesqspssftx/Build/Intermediates.noindex/Pods.build/Debug-iphonesimulator/RNFBApp.build/Objects-normal/arm64/e6072d4f65d7061329687fe24e3d63a7-common-args.resp
    
    /Applications/Xcode.app/Contents/Developer/Toolchains/XcodeDefault.xctoolchain/usr/bin/clang -x objective-c -ivfsstatcache /Users/itechnolabs/Library/Developer/Xcode/DerivedData/SDKStatCaches.noindex/iphonesimulator26.1-23B77-90cf18a4295e390e64c810bc6bd7acbc.sdkstatcache -fmessage-length\=0 -fdiagnostics-show-note-include-stack -fmacro-backtrace-limit\=0 -fno-color-diagnostics -fmodules-prune-interval\=86400 -fmodules-prune-after\=345600 -fbuild-session-file\=/Users/itechnolabs/Library/Developer/Xcode/DerivedData/ModuleCache.noindex/Session.modulevalidation -fmodules-validate-once-per-build-session -Wnon-modular-include-in-framework-module -Werror\=non-modular-include-in-framework-module -Wno-trigraphs -Wno-missing-field-initializers -Wno-missing-prototypes -Werror\=return-type -Wdocumentation -Wunreachable-code -Wno-implicit-atomic-properties -Werror\=deprecated-objc-isa-usage -Wno-objc-interface-ivars -Werror\=objc-root-class -Wno-arc-repeated-use-of-weak -Wimplicit-retain-self -Wduplicate-method-match -Wno-missing-braces -Wparentheses -Wswitch -Wunused-function -Wno-unused-label -Wno-unused-parameter -Wunused-variable -Wunused-value -Wempty-body -Wuninitialized -Wconditional-uninitialized -Wno-unknown-pragmas -Wno-shadow -Wno-four-char-constants -Wno-conversion -Wconstant-conversion -Wint-conversion -Wbool-conversion -Wenum-conversion -Wno-float-conversion -Wnon-literal-null-conversion -Wobjc-literal-conversion -Wshorten-64-to-32 -Wpointer-sign -Wno-newline-eof -Wno-selector -Wno-strict-selector-match -Wundeclared-selector -Wdeprecated-implementations -Wno-implicit-fallthrough -fstrict-aliasing -Wprotocol -Wdeprecated-declarations -Wno-sign-conversion -Winfinite-recursion -Wcomma -Wblock-capture-autoreleasing -Wstrict-prototypes -Wno-semicolon-before-method-body -Wunguarded-availability -index-store-path /Users/itechnolabs/Library/Developer/Xcode/DerivedData/Choona-dnghcflyrszrcwfmpfesqspssftx/Index.noindex/DataStore -Wno-strict-prototypes -Wno-error -Wno-deprecated-declarations -Wno-implicit-function-declaration @/Users/itechnolabs/Library/Developer/Xcode/DerivedData/Choona-dnghcflyrszrcwfmpfesqspssftx/Build/Intermediates.noindex/Pods.build/Debug-iphonesimulator/RNFBApp.build/Objects-normal/arm64/e6072d4f65d7061329687fe24e3d63a7-common-args.resp -include /Users/itechnolabs/Documents/Vijay/choona/ios/Pods/Target\ Support\ Files/RNFBApp/RNFBApp-prefix.pch -MMD -MT dependencies -MF /Users/itechnolabs/Library/Developer/Xcode/DerivedData/Choona-dnghcflyrszrcwfmpfesqspssftx/Build/Intermediates.noindex/Pods.build/Debug-iphonesimulator/RNFBApp.build/Objects-normal/arm64/RNFBVersion.d --serialize-diagnostics /Users/itechnolabs/Library/Developer/Xcode/DerivedData/Choona-dnghcflyrszrcwfmpfesqspssftx/Build/Intermediates.noindex/Pods.build/Debug-iphonesimulator/RNFBApp.build/Objects-normal/arm64/RNFBVersion.dia -c /Users/itechnolabs/Documents/Vijay/choona/node_modules/@react-native-firebase/app/ios/RNFBApp/RNFBVersion.m -o /Users/itechnolabs/Library/Developer/Xcode/DerivedData/Choona-dnghcflyrszrcwfmpfesqspssftx/Build/Intermediates.noindex/Pods.build/Debug-iphonesimulator/RNFBApp.build/Objects-normal/arm64/RNFBVersion.o -index-unit-output-path /Pods.build/Debug-iphonesimulator/RNFBApp.build/Objects-normal/arm64/RNFBVersion.o

CompileC /Users/itechnolabs/Library/Developer/Xcode/DerivedData/Choona-dnghcflyrszrcwfmpfesqspssftx/Build/Intermediates.noindex/Pods.build/Debug-iphonesimulator/RNFBApp.build/Objects-normal/arm64/RNFBUtilsModule.o /Users/itechnolabs/Documents/Vijay/choona/node_modules/@react-native-firebase/app/ios/RNFBApp/RNFBUtilsModule.m normal arm64 objective-c com.apple.compilers.llvm.clang.1_0.compiler (in target 'RNFBApp' from project 'Pods')
    cd /Users/itechnolabs/Documents/Vijay/choona/ios/Pods
    
    Using response file: /Users/itechnolabs/Library/Developer/Xcode/DerivedData/Choona-dnghcflyrszrcwfmpfesqspssftx/Build/Intermediates.noindex/Pods.build/Debug-iphonesimulator/RNFBApp.build/Objects-normal/arm64/e6072d4f65d7061329687fe24e3d63a7-common-args.resp
    
    /Applications/Xcode.app/Contents/Developer/Toolchains/XcodeDefault.xctoolchain/usr/bin/clang -x objective-c -ivfsstatcache /Users/itechnolabs/Library/Developer/Xcode/DerivedData/SDKStatCaches.noindex/iphonesimulator26.1-23B77-90cf18a4295e390e64c810bc6bd7acbc.sdkstatcache -fmessage-length\=0 -fdiagnostics-show-note-include-stack -fmacro-backtrace-limit\=0 -fno-color-diagnostics -fmodules-prune-interval\=86400 -fmodules-prune-after\=345600 -fbuild-session-file\=/Users/itechnolabs/Library/Developer/Xcode/DerivedData/ModuleCache.noindex/Session.modulevalidation -fmodules-validate-once-per-build-session -Wnon-modular-include-in-framework-module -Werror\=non-modular-include-in-framework-module -Wno-trigraphs -Wno-missing-field-initializers -Wno-missing-prototypes -Werror\=return-type -Wdocumentation -Wunreachable-code -Wno-implicit-atomic-properties -Werror\=deprecated-objc-isa-usage -Wno-objc-interface-ivars -Werror\=objc-root-class -Wno-arc-repeated-use-of-weak -Wimplicit-retain-self -Wduplicate-method-match -Wno-missing-braces -Wparentheses -Wswitch -Wunused-function -Wno-unused-label -Wno-unused-parameter -Wunused-variable -Wunused-value -Wempty-body -Wuninitialized -Wconditional-uninitialized -Wno-unknown-pragmas -Wno-shadow -Wno-four-char-constants -Wno-conversion -Wconstant-conversion -Wint-conversion -Wbool-conversion -Wenum-conversion -Wno-float-conversion -Wnon-literal-null-conversion -Wobjc-literal-conversion -Wshorten-64-to-32 -Wpointer-sign -Wno-newline-eof -Wno-selector -Wno-strict-selector-match -Wundeclared-selector -Wdeprecated-implementations -Wno-implicit-fallthrough -fstrict-aliasing -Wprotocol -Wdeprecated-declarations -Wno-sign-conversion -Winfinite-recursion -Wcomma -Wblock-capture-autoreleasing -Wstrict-prototypes -Wno-semicolon-before-method-body -Wunguarded-availability -index-store-path /Users/itechnolabs/Library/Developer/Xcode/DerivedData/Choona-dnghcflyrszrcwfmpfesqspssftx/Index.noindex/DataStore -Wno-strict-prototypes -Wno-error -Wno-deprecated-declarations -Wno-implicit-function-declaration @/Users/itechnolabs/Library/Developer/Xcode/DerivedData/Choona-dnghcflyrszrcwfmpfesqspssftx/Build/Intermediates.noindex/Pods.build/Debug-iphonesimulator/RNFBApp.build/Objects-normal/arm64/e6072d4f65d7061329687fe24e3d63a7-common-args.resp -include /Users/itechnolabs/Documents/Vijay/choona/ios/Pods/Target\ Support\ Files/RNFBApp/RNFBApp-prefix.pch -MMD -MT dependencies -MF /Users/itechnolabs/Library/Developer/Xcode/DerivedData/Choona-dnghcflyrszrcwfmpfesqspssftx/Build/Intermediates.noindex/Pods.build/Debug-iphonesimulator/RNFBApp.build/Objects-normal/arm64/RNFBUtilsModule.d --serialize-diagnostics /Users/itechnolabs/Library/Developer/Xcode/DerivedData/Choona-dnghcflyrszrcwfmpfesqspssftx/Build/Intermediates.noindex/Pods.build/Debug-iphonesimulator/RNFBApp.build/Objects-normal/arm64/RNFBUtilsModule.dia -c /Users/itechnolabs/Documents/Vijay/choona/node_modules/@react-native-firebase/app/ios/RNFBApp/RNFBUtilsModule.m -o /Users/itechnolabs/Library/Developer/Xcode/DerivedData/Choona-dnghcflyrszrcwfmpfesqspssftx/Build/Intermediates.noindex/Pods.build/Debug-iphonesimulator/RNFBApp.build/Objects-normal/arm64/RNFBUtilsModule.o -index-unit-output-path /Pods.build/Debug-iphonesimulator/RNFBApp.build/Objects-normal/arm64/RNFBUtilsModule.o
/Users/itechnolabs/Documents/Vijay/choona/node_modules/@react-native-firebase/app/ios/RNFBApp/RNFBUtilsModule.m:60:11: warning: @available does not guard availability here; use if (@available) instead [-Wunsupported-availability-guard]
   60 |       if (@available(macOS 11, *) || @available(iOS 12, *)) {
      |           ^
/Users/itechnolabs/Documents/Vijay/choona/node_modules/@react-native-firebase/app/ios/RNFBApp/RNFBUtilsModule.m:60:38: warning: @available does not guard availability here; use if (@available) instead [-Wunsupported-availability-guard]
   60 |       if (@available(macOS 11, *) || @available(iOS 12, *)) {
      |                                      ^
2 warnings generated.

CompileC /Users/itechnolabs/Library/Developer/Xcode/DerivedData/Choona-dnghcflyrszrcwfmpfesqspssftx/Build/Intermediates.noindex/Pods.build/Debug-iphonesimulator/RNFBApp.build/Objects-normal/arm64/RNFBSharedUtils.o /Users/itechnolabs/Documents/Vijay/choona/node_modules/@react-native-firebase/app/ios/RNFBApp/RNFBSharedUtils.m normal arm64 objective-c com.apple.compilers.llvm.clang.1_0.compiler (in target 'RNFBApp' from project 'Pods')
    cd /Users/itechnolabs/Documents/Vijay/choona/ios/Pods
    
    Using response file: /Users/itechnolabs/Library/Developer/Xcode/DerivedData/Choona-dnghcflyrszrcwfmpfesqspssftx/Build/Intermediates.noindex/Pods.build/Debug-iphonesimulator/RNFBApp.build/Objects-normal/arm64/e6072d4f65d7061329687fe24e3d63a7-common-args.resp
    
    /Applications/Xcode.app/Contents/Developer/Toolchains/XcodeDefault.xctoolchain/usr/bin/clang -x objective-c -ivfsstatcache /Users/itechnolabs/Library/Developer/Xcode/DerivedData/SDKStatCaches.noindex/iphonesimulator26.1-23B77-90cf18a4295e390e64c810bc6bd7acbc.sdkstatcache -fmessage-length\=0 -fdiagnostics-show-note-include-stack -fmacro-backtrace-limit\=0 -fno-color-diagnostics -fmodules-prune-interval\=86400 -fmodules-prune-after\=345600 -fbuild-session-file\=/Users/itechnolabs/Library/Developer/Xcode/DerivedData/ModuleCache.noindex/Session.modulevalidation -fmodules-validate-once-per-build-session -Wnon-modular-include-in-framework-module -Werror\=non-modular-include-in-framework-module -Wno-trigraphs -Wno-missing-field-initializers -Wno-missing-prototypes -Werror\=return-type -Wdocumentation -Wunreachable-code -Wno-implicit-atomic-properties -Werror\=deprecated-objc-isa-usage -Wno-objc-interface-ivars -Werror\=objc-root-class -Wno-arc-repeated-use-of-weak -Wimplicit-retain-self -Wduplicate-method-match -Wno-missing-braces -Wparentheses -Wswitch -Wunused-function -Wno-unused-label -Wno-unused-parameter -Wunused-variable -Wunused-value -Wempty-body -Wuninitialized -Wconditional-uninitialized -Wno-unknown-pragmas -Wno-shadow -Wno-four-char-constants -Wno-conversion -Wconstant-conversion -Wint-conversion -Wbool-conversion -Wenum-conversion -Wno-float-conversion -Wnon-literal-null-conversion -Wobjc-literal-conversion -Wshorten-64-to-32 -Wpointer-sign -Wno-newline-eof -Wno-selector -Wno-strict-selector-match -Wundeclared-selector -Wdeprecated-implementations -Wno-implicit-fallthrough -fstrict-aliasing -Wprotocol -Wdeprecated-declarations -Wno-sign-conversion -Winfinite-recursion -Wcomma -Wblock-capture-autoreleasing -Wstrict-prototypes -Wno-semicolon-before-method-body -Wunguarded-availability -index-store-path /Users/itechnolabs/Library/Developer/Xcode/DerivedData/Choona-dnghcflyrszrcwfmpfesqspssftx/Index.noindex/DataStore -Wno-strict-prototypes -Wno-error -Wno-deprecated-declarations -Wno-implicit-function-declaration @/Users/itechnolabs/Library/Developer/Xcode/DerivedData/Choona-dnghcflyrszrcwfmpfesqspssftx/Build/Intermediates.noindex/Pods.build/Debug-iphonesimulator/RNFBApp.build/Objects-normal/arm64/e6072d4f65d7061329687fe24e3d63a7-common-args.resp -include /Users/itechnolabs/Documents/Vijay/choona/ios/Pods/Target\ Support\ Files/RNFBApp/RNFBApp-prefix.pch -MMD -MT dependencies -MF /Users/itechnolabs/Library/Developer/Xcode/DerivedData/Choona-dnghcflyrszrcwfmpfesqspssftx/Build/Intermediates.noindex/Pods.build/Debug-iphonesimulator/RNFBApp.build/Objects-normal/arm64/RNFBSharedUtils.d --serialize-diagnostics /Users/itechnolabs/Library/Developer/Xcode/DerivedData/Choona-dnghcflyrszrcwfmpfesqspssftx/Build/Intermediates.noindex/Pods.build/Debug-iphonesimulator/RNFBApp.build/Objects-normal/arm64/RNFBSharedUtils.dia -c /Users/itechnolabs/Documents/Vijay/choona/node_modules/@react-native-firebase/app/ios/RNFBApp/RNFBSharedUtils.m -o /Users/itechnolabs/Library/Developer/Xcode/DerivedData/Choona-dnghcflyrszrcwfmpfesqspssftx/Build/Intermediates.noindex/Pods.build/Debug-iphonesimulator/RNFBApp.build/Objects-normal/arm64/RNFBSharedUtils.o -index-unit-output-path /Pods.build/Debug-iphonesimulator/RNFBApp.build/Objects-normal/arm64/RNFBSharedUtils.o

CompileC /Users/itechnolabs/Library/Developer/Xcode/DerivedData/Choona-dnghcflyrszrcwfmpfesqspssftx/Build/Intermediates.noindex/Pods.build/Debug-iphonesimulator/RNFBApp.build/Objects-normal/arm64/RNFBRCTEventEmitter.o /Users/itechnolabs/Documents/Vijay/choona/node_modules/@react-native-firebase/app/ios/RNFBApp/RNFBRCTEventEmitter.m normal arm64 objective-c com.apple.compilers.llvm.clang.1_0.compiler (in target 'RNFBApp' from project 'Pods')
    cd /Users/itechnolabs/Documents/Vijay/choona/ios/Pods
    
    Using response file: /Users/itechnolabs/Library/Developer/Xcode/DerivedData/Choona-dnghcflyrszrcwfmpfesqspssftx/Build/Intermediates.noindex/Pods.build/Debug-iphonesimulator/RNFBApp.build/Objects-normal/arm64/e6072d4f65d7061329687fe24e3d63a7-common-args.resp
    
    /Applications/Xcode.app/Contents/Developer/Toolchains/XcodeDefault.xctoolchain/usr/bin/clang -x objective-c -ivfsstatcache /Users/itechnolabs/Library/Developer/Xcode/DerivedData/SDKStatCaches.noindex/iphonesimulator26.1-23B77-90cf18a4295e390e64c810bc6bd7acbc.sdkstatcache -fmessage-length\=0 -fdiagnostics-show-note-include-stack -fmacro-backtrace-limit\=0 -fno-color-diagnostics -fmodules-prune-interval\=86400 -fmodules-prune-after\=345600 -fbuild-session-file\=/Users/itechnolabs/Library/Developer/Xcode/DerivedData/ModuleCache.noindex/Session.modulevalidation -fmodules-validate-once-per-build-session -Wnon-modular-include-in-framework-module -Werror\=non-modular-include-in-framework-module -Wno-trigraphs -Wno-missing-field-initializers -Wno-missing-prototypes -Werror\=return-type -Wdocumentation -Wunreachable-code -Wno-implicit-atomic-properties -Werror\=deprecated-objc-isa-usage -Wno-objc-interface-ivars -Werror\=objc-root-class -Wno-arc-repeated-use-of-weak -Wimplicit-retain-self -Wduplicate-method-match -Wno-missing-braces -Wparentheses -Wswitch -Wunused-function -Wno-unused-label -Wno-unused-parameter -Wunused-variable -Wunused-value -Wempty-body -Wuninitialized -Wconditional-uninitialized -Wno-unknown-pragmas -Wno-shadow -Wno-four-char-constants -Wno-conversion -Wconstant-conversion -Wint-conversion -Wbool-conversion -Wenum-conversion -Wno-float-conversion -Wnon-literal-null-conversion -Wobjc-literal-conversion -Wshorten-64-to-32 -Wpointer-sign -Wno-newline-eof -Wno-selector -Wno-strict-selector-match -Wundeclared-selector -Wdeprecated-implementations -Wno-implicit-fallthrough -fstrict-aliasing -Wprotocol -Wdeprecated-declarations -Wno-sign-conversion -Winfinite-recursion -Wcomma -Wblock-capture-autoreleasing -Wstrict-prototypes -Wno-semicolon-before-method-body -Wunguarded-availability -index-store-path /Users/itechnolabs/Library/Developer/Xcode/DerivedData/Choona-dnghcflyrszrcwfmpfesqspssftx/Index.noindex/DataStore -Wno-strict-prototypes -Wno-error -Wno-deprecated-declarations -Wno-implicit-function-declaration @/Users/itechnolabs/Library/Developer/Xcode/DerivedData/Choona-dnghcflyrszrcwfmpfesqspssftx/Build/Intermediates.noindex/Pods.build/Debug-iphonesimulator/RNFBApp.build/Objects-normal/arm64/e6072d4f65d7061329687fe24e3d63a7-common-args.resp -include /Users/itechnolabs/Documents/Vijay/choona/ios/Pods/Target\ Support\ Files/RNFBApp/RNFBApp-prefix.pch -MMD -MT dependencies -MF /Users/itechnolabs/Library/Developer/Xcode/DerivedData/Choona-dnghcflyrszrcwfmpfesqspssftx/Build/Intermediates.noindex/Pods.build/Debug-iphonesimulator/RNFBApp.build/Objects-normal/arm64/RNFBRCTEventEmitter.d --serialize-diagnostics /Users/itechnolabs/Library/Developer/Xcode/DerivedData/Choona-dnghcflyrszrcwfmpfesqspssftx/Build/Intermediates.noindex/Pods.build/Debug-iphonesimulator/RNFBApp.build/Objects-normal/arm64/RNFBRCTEventEmitter.dia -c /Users/itechnolabs/Documents/Vijay/choona/node_modules/@react-native-firebase/app/ios/RNFBApp/RNFBRCTEventEmitter.m -o /Users/itechnolabs/Library/Developer/Xcode/DerivedData/Choona-dnghcflyrszrcwfmpfesqspssftx/Build/Intermediates.noindex/Pods.build/Debug-iphonesimulator/RNFBApp.build/Objects-normal/arm64/RNFBRCTEventEmitter.o -index-unit-output-path /Pods.build/Debug-iphonesimulator/RNFBApp.build/Objects-normal/arm64/RNFBRCTEventEmitter.o

CompileC /Users/itechnolabs/Library/Developer/Xcode/DerivedData/Choona-dnghcflyrszrcwfmpfesqspssftx/Build/Intermediates.noindex/Pods.build/Debug-iphonesimulator/RNFBApp.build/Objects-normal/arm64/RNFBPreferences.o /Users/itechnolabs/Documents/Vijay/choona/node_modules/@react-native-firebase/app/ios/RNFBApp/RNFBPreferences.m normal arm64 objective-c com.apple.compilers.llvm.clang.1_0.compiler (in target 'RNFBApp' from project 'Pods')
    cd /Users/itechnolabs/Documents/Vijay/choona/ios/Pods
    
    Using response file: /Users/itechnolabs/Library/Developer/Xcode/DerivedData/Choona-dnghcflyrszrcwfmpfesqspssftx/Build/Intermediates.noindex/Pods.build/Debug-iphonesimulator/RNFBApp.build/Objects-normal/arm64/e6072d4f65d7061329687fe24e3d63a7-common-args.resp
    
    /Applications/Xcode.app/Contents/Developer/Toolchains/XcodeDefault.xctoolchain/usr/bin/clang -x objective-c -ivfsstatcache /Users/itechnolabs/Library/Developer/Xcode/DerivedData/SDKStatCaches.noindex/iphonesimulator26.1-23B77-90cf18a4295e390e64c810bc6bd7acbc.sdkstatcache -fmessage-length\=0 -fdiagnostics-show-note-include-stack -fmacro-backtrace-limit\=0 -fno-color-diagnostics -fmodules-prune-interval\=86400 -fmodules-prune-after\=345600 -fbuild-session-file\=/Users/itechnolabs/Library/Developer/Xcode/DerivedData/ModuleCache.noindex/Session.modulevalidation -fmodules-validate-once-per-build-session -Wnon-modular-include-in-framework-module -Werror\=non-modular-include-in-framework-module -Wno-trigraphs -Wno-missing-field-initializers -Wno-missing-prototypes -Werror\=return-type -Wdocumentation -Wunreachable-code -Wno-implicit-atomic-properties -Werror\=deprecated-objc-isa-usage -Wno-objc-interface-ivars -Werror\=objc-root-class -Wno-arc-repeated-use-of-weak -Wimplicit-retain-self -Wduplicate-method-match -Wno-missing-braces -Wparentheses -Wswitch -Wunused-function -Wno-unused-label -Wno-unused-parameter -Wunused-variable -Wunused-value -Wempty-body -Wuninitialized -Wconditional-uninitialized -Wno-unknown-pragmas -Wno-shadow -Wno-four-char-constants -Wno-conversion -Wconstant-conversion -Wint-conversion -Wbool-conversion -Wenum-conversion -Wno-float-conversion -Wnon-literal-null-conversion -Wobjc-literal-conversion -Wshorten-64-to-32 -Wpointer-sign -Wno-newline-eof -Wno-selector -Wno-strict-selector-match -Wundeclared-selector -Wdeprecated-implementations -Wno-implicit-fallthrough -fstrict-aliasing -Wprotocol -Wdeprecated-declarations -Wno-sign-conversion -Winfinite-recursion -Wcomma -Wblock-capture-autoreleasing -Wstrict-prototypes -Wno-semicolon-before-method-body -Wunguarded-availability -index-store-path /Users/itechnolabs/Library/Developer/Xcode/DerivedData/Choona-dnghcflyrszrcwfmpfesqspssftx/Index.noindex/DataStore -Wno-strict-prototypes -Wno-error -Wno-deprecated-declarations -Wno-implicit-function-declaration @/Users/itechnolabs/Library/Developer/Xcode/DerivedData/Choona-dnghcflyrszrcwfmpfesqspssftx/Build/Intermediates.noindex/Pods.build/Debug-iphonesimulator/RNFBApp.build/Objects-normal/arm64/e6072d4f65d7061329687fe24e3d63a7-common-args.resp -include /Users/itechnolabs/Documents/Vijay/choona/ios/Pods/Target\ Support\ Files/RNFBApp/RNFBApp-prefix.pch -MMD -MT dependencies -MF /Users/itechnolabs/Library/Developer/Xcode/DerivedData/Choona-dnghcflyrszrcwfmpfesqspssftx/Build/Intermediates.noindex/Pods.build/Debug-iphonesimulator/RNFBApp.build/Objects-normal/arm64/RNFBPreferences.d --serialize-diagnostics /Users/itechnolabs/Library/Developer/Xcode/DerivedData/Choona-dnghcflyrszrcwfmpfesqspssftx/Build/Intermediates.noindex/Pods.build/Debug-iphonesimulator/RNFBApp.build/Objects-normal/arm64/RNFBPreferences.dia -c /Users/itechnolabs/Documents/Vijay/choona/node_modules/@react-native-firebase/app/ios/RNFBApp/RNFBPreferences.m -o /Users/itechnolabs/Library/Developer/Xcode/DerivedData/Choona-dnghcflyrszrcwfmpfesqspssftx/Build/Intermediates.noindex/Pods.build/Debug-iphonesimulator/RNFBApp.build/Objects-normal/arm64/RNFBPreferences.o -index-unit-output-path /Pods.build/Debug-iphonesimulator/RNFBApp.build/Objects-normal/arm64/RNFBPreferences.o

CompileC /Users/itechnolabs/Library/Developer/Xcode/DerivedData/Choona-dnghcflyrszrcwfmpfesqspssftx/Build/Intermediates.noindex/Pods.build/Debug-iphonesimulator/RNFBApp.build/Objects-normal/arm64/RNFBMeta.o /Users/itechnolabs/Documents/Vijay/choona/node_modules/@react-native-firebase/app/ios/RNFBApp/RNFBMeta.m normal arm64 objective-c com.apple.compilers.llvm.clang.1_0.compiler (in target 'RNFBApp' from project 'Pods')
    cd /Users/itechnolabs/Documents/Vijay/choona/ios/Pods
    
    Using response file: /Users/itechnolabs/Library/Developer/Xcode/DerivedData/Choona-dnghcflyrszrcwfmpfesqspssftx/Build/Intermediates.noindex/Pods.build/Debug-iphonesimulator/RNFBApp.build/Objects-normal/arm64/e6072d4f65d7061329687fe24e3d63a7-common-args.resp
    
    /Applications/Xcode.app/Contents/Developer/Toolchains/XcodeDefault.xctoolchain/usr/bin/clang -x objective-c -ivfsstatcache /Users/itechnolabs/Library/Developer/Xcode/DerivedData/SDKStatCaches.noindex/iphonesimulator26.1-23B77-90cf18a4295e390e64c810bc6bd7acbc.sdkstatcache -fmessage-length\=0 -fdiagnostics-show-note-include-stack -fmacro-backtrace-limit\=0 -fno-color-diagnostics -fmodules-prune-interval\=86400 -fmodules-prune-after\=345600 -fbuild-session-file\=/Users/itechnolabs/Library/Developer/Xcode/DerivedData/ModuleCache.noindex/Session.modulevalidation -fmodules-validate-once-per-build-session -Wnon-modular-include-in-framework-module -Werror\=non-modular-include-in-framework-module -Wno-trigraphs -Wno-missing-field-initializers -Wno-missing-prototypes -Werror\=return-type -Wdocumentation -Wunreachable-code -Wno-implicit-atomic-properties -Werror\=deprecated-objc-isa-usage -Wno-objc-interface-ivars -Werror\=objc-root-class -Wno-arc-repeated-use-of-weak -Wimplicit-retain-self -Wduplicate-method-match -Wno-missing-braces -Wparentheses -Wswitch -Wunused-function -Wno-unused-label -Wno-unused-parameter -Wunused-variable -Wunused-value -Wempty-body -Wuninitialized -Wconditional-uninitialized -Wno-unknown-pragmas -Wno-shadow -Wno-four-char-constants -Wno-conversion -Wconstant-conversion -Wint-conversion -Wbool-conversion -Wenum-conversion -Wno-float-conversion -Wnon-literal-null-conversion -Wobjc-literal-conversion -Wshorten-64-to-32 -Wpointer-sign -Wno-newline-eof -Wno-selector -Wno-strict-selector-match -Wundeclared-selector -Wdeprecated-implementations -Wno-implicit-fallthrough -fstrict-aliasing -Wprotocol -Wdeprecated-declarations -Wno-sign-conversion -Winfinite-recursion -Wcomma -Wblock-capture-autoreleasing -Wstrict-prototypes -Wno-semicolon-before-method-body -Wunguarded-availability -index-store-path /Users/itechnolabs/Library/Developer/Xcode/DerivedData/Choona-dnghcflyrszrcwfmpfesqspssftx/Index.noindex/DataStore -Wno-strict-prototypes -Wno-error -Wno-deprecated-declarations -Wno-implicit-function-declaration @/Users/itechnolabs/Library/Developer/Xcode/DerivedData/Choona-dnghcflyrszrcwfmpfesqspssftx/Build/Intermediates.noindex/Pods.build/Debug-iphonesimulator/RNFBApp.build/Objects-normal/arm64/e6072d4f65d7061329687fe24e3d63a7-common-args.resp -include /Users/itechnolabs/Documents/Vijay/choona/ios/Pods/Target\ Support\ Files/RNFBApp/RNFBApp-prefix.pch -MMD -MT dependencies -MF /Users/itechnolabs/Library/Developer/Xcode/DerivedData/Choona-dnghcflyrszrcwfmpfesqspssftx/Build/Intermediates.noindex/Pods.build/Debug-iphonesimulator/RNFBApp.build/Objects-normal/arm64/RNFBMeta.d --serialize-diagnostics /Users/itechnolabs/Library/Developer/Xcode/DerivedData/Choona-dnghcflyrszrcwfmpfesqspssftx/Build/Intermediates.noindex/Pods.build/Debug-iphonesimulator/RNFBApp.build/Objects-normal/arm64/RNFBMeta.dia -c /Users/itechnolabs/Documents/Vijay/choona/node_modules/@react-native-firebase/app/ios/RNFBApp/RNFBMeta.m -o /Users/itechnolabs/Library/Developer/Xcode/DerivedData/Choona-dnghcflyrszrcwfmpfesqspssftx/Build/Intermediates.noindex/Pods.build/Debug-iphonesimulator/RNFBApp.build/Objects-normal/arm64/RNFBMeta.o -index-unit-output-path /Pods.build/Debug-iphonesimulator/RNFBApp.build/Objects-normal/arm64/RNFBMeta.o

CompileC /Users/itechnolabs/Library/Developer/Xcode/DerivedData/Choona-dnghcflyrszrcwfmpfesqspssftx/Build/Intermediates.noindex/Pods.build/Debug-iphonesimulator/RNFBApp.build/Objects-normal/arm64/RNFBJSON.o /Users/itechnolabs/Documents/Vijay/choona/node_modules/@react-native-firebase/app/ios/RNFBApp/RNFBJSON.m normal arm64 objective-c com.apple.compilers.llvm.clang.1_0.compiler (in target 'RNFBApp' from project 'Pods')
    cd /Users/itechnolabs/Documents/Vijay/choona/ios/Pods
    
    Using response file: /Users/itechnolabs/Library/Developer/Xcode/DerivedData/Choona-dnghcflyrszrcwfmpfesqspssftx/Build/Intermediates.noindex/Pods.build/Debug-iphonesimulator/RNFBApp.build/Objects-normal/arm64/e6072d4f65d7061329687fe24e3d63a7-common-args.resp
    
    /Applications/Xcode.app/Contents/Developer/Toolchains/XcodeDefault.xctoolchain/usr/bin/clang -x objective-c -ivfsstatcache /Users/itechnolabs/Library/Developer/Xcode/DerivedData/SDKStatCaches.noindex/iphonesimulator26.1-23B77-90cf18a4295e390e64c810bc6bd7acbc.sdkstatcache -fmessage-length\=0 -fdiagnostics-show-note-include-stack -fmacro-backtrace-limit\=0 -fno-color-diagnostics -fmodules-prune-interval\=86400 -fmodules-prune-after\=345600 -fbuild-session-file\=/Users/itechnolabs/Library/Developer/Xcode/DerivedData/ModuleCache.noindex/Session.modulevalidation -fmodules-validate-once-per-build-session -Wnon-modular-include-in-framework-module -Werror\=non-modular-include-in-framework-module -Wno-trigraphs -Wno-missing-field-initializers -Wno-missing-prototypes -Werror\=return-type -Wdocumentation -Wunreachable-code -Wno-implicit-atomic-properties -Werror\=deprecated-objc-isa-usage -Wno-objc-interface-ivars -Werror\=objc-root-class -Wno-arc-repeated-use-of-weak -Wimplicit-retain-self -Wduplicate-method-match -Wno-missing-braces -Wparentheses -Wswitch -Wunused-function -Wno-unused-label -Wno-unused-parameter -Wunused-variable -Wunused-value -Wempty-body -Wuninitialized -Wconditional-uninitialized -Wno-unknown-pragmas -Wno-shadow -Wno-four-char-constants -Wno-conversion -Wconstant-conversion -Wint-conversion -Wbool-conversion -Wenum-conversion -Wno-float-conversion -Wnon-literal-null-conversion -Wobjc-literal-conversion -Wshorten-64-to-32 -Wpointer-sign -Wno-newline-eof -Wno-selector -Wno-strict-selector-match -Wundeclared-selector -Wdeprecated-implementations -Wno-implicit-fallthrough -fstrict-aliasing -Wprotocol -Wdeprecated-declarations -Wno-sign-conversion -Winfinite-recursion -Wcomma -Wblock-capture-autoreleasing -Wstrict-prototypes -Wno-semicolon-before-method-body -Wunguarded-availability -index-store-path /Users/itechnolabs/Library/Developer/Xcode/DerivedData/Choona-dnghcflyrszrcwfmpfesqspssftx/Index.noindex/DataStore -Wno-strict-prototypes -Wno-error -Wno-deprecated-declarations -Wno-implicit-function-declaration @/Users/itechnolabs/Library/Developer/Xcode/DerivedData/Choona-dnghcflyrszrcwfmpfesqspssftx/Build/Intermediates.noindex/Pods.build/Debug-iphonesimulator/RNFBApp.build/Objects-normal/arm64/e6072d4f65d7061329687fe24e3d63a7-common-args.resp -include /Users/itechnolabs/Documents/Vijay/choona/ios/Pods/Target\ Support\ Files/RNFBApp/RNFBApp-prefix.pch -MMD -MT dependencies -MF /Users/itechnolabs/Library/Developer/Xcode/DerivedData/Choona-dnghcflyrszrcwfmpfesqspssftx/Build/Intermediates.noindex/Pods.build/Debug-iphonesimulator/RNFBApp.build/Objects-normal/arm64/RNFBJSON.d --serialize-diagnostics /Users/itechnolabs/Library/Developer/Xcode/DerivedData/Choona-dnghcflyrszrcwfmpfesqspssftx/Build/Intermediates.noindex/Pods.build/Debug-iphonesimulator/RNFBApp.build/Objects-normal/arm64/RNFBJSON.dia -c /Users/itechnolabs/Documents/Vijay/choona/node_modules/@react-native-firebase/app/ios/RNFBApp/RNFBJSON.m -o /Users/itechnolabs/Library/Developer/Xcode/DerivedData/Choona-dnghcflyrszrcwfmpfesqspssftx/Build/Intermediates.noindex/Pods.build/Debug-iphonesimulator/RNFBApp.build/Objects-normal/arm64/RNFBJSON.o -index-unit-output-path /Pods.build/Debug-iphonesimulator/RNFBApp.build/Objects-normal/arm64/RNFBJSON.o

CompileC /Users/itechnolabs/Library/Developer/Xcode/DerivedData/Choona-dnghcflyrszrcwfmpfesqspssftx/Build/Intermediates.noindex/Pods.build/Debug-iphonesimulator/RNFBApp.build/Objects-normal/arm64/RNFBAppModule.o /Users/itechnolabs/Documents/Vijay/choona/node_modules/@react-native-firebase/app/ios/RNFBApp/RNFBAppModule.m normal arm64 objective-c com.apple.compilers.llvm.clang.1_0.compiler (in target 'RNFBApp' from project 'Pods')
    cd /Users/itechnolabs/Documents/Vijay/choona/ios/Pods
    
    Using response file: /Users/itechnolabs/Library/Developer/Xcode/DerivedData/Choona-dnghcflyrszrcwfmpfesqspssftx/Build/Intermediates.noindex/Pods.build/Debug-iphonesimulator/RNFBApp.build/Objects-normal/arm64/e6072d4f65d7061329687fe24e3d63a7-common-args.resp
    
    /Applications/Xcode.app/Contents/Developer/Toolchains/XcodeDefault.xctoolchain/usr/bin/clang -x objective-c -ivfsstatcache /Users/itechnolabs/Library/Developer/Xcode/DerivedData/SDKStatCaches.noindex/iphonesimulator26.1-23B77-90cf18a4295e390e64c810bc6bd7acbc.sdkstatcache -fmessage-length\=0 -fdiagnostics-show-note-include-stack -fmacro-backtrace-limit\=0 -fno-color-diagnostics -fmodules-prune-interval\=86400 -fmodules-prune-after\=345600 -fbuild-session-file\=/Users/itechnolabs/Library/Developer/Xcode/DerivedData/ModuleCache.noindex/Session.modulevalidation -fmodules-validate-once-per-build-session -Wnon-modular-include-in-framework-module -Werror\=non-modular-include-in-framework-module -Wno-trigraphs -Wno-missing-field-initializers -Wno-missing-prototypes -Werror\=return-type -Wdocumentation -Wunreachable-code -Wno-implicit-atomic-properties -Werror\=deprecated-objc-isa-usage -Wno-objc-interface-ivars -Werror\=objc-root-class -Wno-arc-repeated-use-of-weak -Wimplicit-retain-self -Wduplicate-method-match -Wno-missing-braces -Wparentheses -Wswitch -Wunused-function -Wno-unused-label -Wno-unused-parameter -Wunused-variable -Wunused-value -Wempty-body -Wuninitialized -Wconditional-uninitialized -Wno-unknown-pragmas -Wno-shadow -Wno-four-char-constants -Wno-conversion -Wconstant-conversion -Wint-conversion -Wbool-conversion -Wenum-conversion -Wno-float-conversion -Wnon-literal-null-conversion -Wobjc-literal-conversion -Wshorten-64-to-32 -Wpointer-sign -Wno-newline-eof -Wno-selector -Wno-strict-selector-match -Wundeclared-selector -Wdeprecated-implementations -Wno-implicit-fallthrough -fstrict-aliasing -Wprotocol -Wdeprecated-declarations -Wno-sign-conversion -Winfinite-recursion -Wcomma -Wblock-capture-autoreleasing -Wstrict-prototypes -Wno-semicolon-before-method-body -Wunguarded-availability -index-store-path /Users/itechnolabs/Library/Developer/Xcode/DerivedData/Choona-dnghcflyrszrcwfmpfesqspssftx/Index.noindex/DataStore -Wno-strict-prototypes -Wno-error -Wno-deprecated-declarations -Wno-implicit-function-declaration @/Users/itechnolabs/Library/Developer/Xcode/DerivedData/Choona-dnghcflyrszrcwfmpfesqspssftx/Build/Intermediates.noindex/Pods.build/Debug-iphonesimulator/RNFBApp.build/Objects-normal/arm64/e6072d4f65d7061329687fe24e3d63a7-common-args.resp -include /Users/itechnolabs/Documents/Vijay/choona/ios/Pods/Target\ Support\ Files/RNFBApp/RNFBApp-prefix.pch -MMD -MT dependencies -MF /Users/itechnolabs/Library/Developer/Xcode/DerivedData/Choona-dnghcflyrszrcwfmpfesqspssftx/Build/Intermediates.noindex/Pods.build/Debug-iphonesimulator/RNFBApp.build/Objects-normal/arm64/RNFBAppModule.d --serialize-diagnostics /Users/itechnolabs/Library/Developer/Xcode/DerivedData/Choona-dnghcflyrszrcwfmpfesqspssftx/Build/Intermediates.noindex/Pods.build/Debug-iphonesimulator/RNFBApp.build/Objects-normal/arm64/RNFBAppModule.dia -c /Users/itechnolabs/Documents/Vijay/choona/node_modules/@react-native-firebase/app/ios/RNFBApp/RNFBAppModule.m -o /Users/itechnolabs/Library/Developer/Xcode/DerivedData/Choona-dnghcflyrszrcwfmpfesqspssftx/Build/Intermediates.noindex/Pods.build/Debug-iphonesimulator/RNFBApp.build/Objects-normal/arm64/RNFBAppModule.o -index-unit-output-path /Pods.build/Debug-iphonesimulator/RNFBApp.build/Objects-normal/arm64/RNFBAppModule.o
In file included from /Users/itechnolabs/Documents/Vijay/choona/node_modules/@react-native-firebase/app/ios/RNFBApp/RNFBAppModule.m:19:
/Users/itechnolabs/Documents/Vijay/choona/ios/Pods/Headers/Private/Firebase/Firebase.h:77:10: warning: "FirebaseAnalytics.framework is not included in your target. Please add the FirebaseAnalytics dependency to your project to ensure Messaging works as intended." [-W#warnings]
   77 |         #warning "FirebaseAnalytics.framework is not included in your target. Please add the \
      |          ^
/Users/itechnolabs/Documents/Vijay/choona/node_modules/@react-native-firebase/app/ios/RNFBApp/RNFBAppModule.m:58:68: warning: sending 'const NSString *__strong' to parameter of type 'NSString * _Nonnull' discards qualifiers [-Wincompatible-pointer-types-discards-qualifiers]
   58 |       [FIRApp registerLibrary:@"react-native-firebase" withVersion:RNFBVersionString];
      |                                                                    ^~~~~~~~~~~~~~~~~
In file included from /Users/itechnolabs/Documents/Vijay/choona/node_modules/@react-native-firebase/app/ios/RNFBApp/RNFBAppModule.m:30:
/Users/itechnolabs/Documents/Vijay/choona/ios/Pods/Headers/Private/FirebaseCore/FIRAppInternal.h:128:82: note: passing argument to parameter 'version' here
  128 | + (void)registerLibrary:(nonnull NSString *)name withVersion:(nonnull NSString *)version;
      |                                                                                  ^
2 warnings generated.

CompileC /Users/itechnolabs/Library/Developer/Xcode/DerivedData/Choona-dnghcflyrszrcwfmpfesqspssftx/Build/Intermediates.noindex/Pods.build/Debug-iphonesimulator/RNFBApp.build/Objects-normal/arm64/RNFBApp-dummy.o /Users/itechnolabs/Documents/Vijay/choona/ios/Pods/Target\ Support\ Files/RNFBApp/RNFBApp-dummy.m normal arm64 objective-c com.apple.compilers.llvm.clang.1_0.compiler (in target 'RNFBApp' from project 'Pods')
    cd /Users/itechnolabs/Documents/Vijay/choona/ios/Pods
    
    Using response file: /Users/itechnolabs/Library/Developer/Xcode/DerivedData/Choona-dnghcflyrszrcwfmpfesqspssftx/Build/Intermediates.noindex/Pods.build/Debug-iphonesimulator/RNFBApp.build/Objects-normal/arm64/e6072d4f65d7061329687fe24e3d63a7-common-args.resp
    
    /Applications/Xcode.app/Contents/Developer/Toolchains/XcodeDefault.xctoolchain/usr/bin/clang -x objective-c -ivfsstatcache /Users/itechnolabs/Library/Developer/Xcode/DerivedData/SDKStatCaches.noindex/iphonesimulator26.1-23B77-90cf18a4295e390e64c810bc6bd7acbc.sdkstatcache -fmessage-length\=0 -fdiagnostics-show-note-include-stack -fmacro-backtrace-limit\=0 -fno-color-diagnostics -fmodules-prune-interval\=86400 -fmodules-prune-after\=345600 -fbuild-session-file\=/Users/itechnolabs/Library/Developer/Xcode/DerivedData/ModuleCache.noindex/Session.modulevalidation -fmodules-validate-once-per-build-session -Wnon-modular-include-in-framework-module -Werror\=non-modular-include-in-framework-module -Wno-trigraphs -Wno-missing-field-initializers -Wno-missing-prototypes -Werror\=return-type -Wdocumentation -Wunreachable-code -Wno-implicit-atomic-properties -Werror\=deprecated-objc-isa-usage -Wno-objc-interface-ivars -Werror\=objc-root-class -Wno-arc-repeated-use-of-weak -Wimplicit-retain-self -Wduplicate-method-match -Wno-missing-braces -Wparentheses -Wswitch -Wunused-function -Wno-unused-label -Wno-unused-parameter -Wunused-variable -Wunused-value -Wempty-body -Wuninitialized -Wconditional-uninitialized -Wno-unknown-pragmas -Wno-shadow -Wno-four-char-constants -Wno-conversion -Wconstant-conversion -Wint-conversion -Wbool-conversion -Wenum-conversion -Wno-float-conversion -Wnon-literal-null-conversion -Wobjc-literal-conversion -Wshorten-64-to-32 -Wpointer-sign -Wno-newline-eof -Wno-selector -Wno-strict-selector-match -Wundeclared-selector -Wdeprecated-implementations -Wno-implicit-fallthrough -fstrict-aliasing -Wprotocol -Wdeprecated-declarations -Wno-sign-conversion -Winfinite-recursion -Wcomma -Wblock-capture-autoreleasing -Wstrict-prototypes -Wno-semicolon-before-method-body -Wunguarded-availability -index-store-path /Users/itechnolabs/Library/Developer/Xcode/DerivedData/Choona-dnghcflyrszrcwfmpfesqspssftx/Index.noindex/DataStore -Wno-strict-prototypes -Wno-error -Wno-deprecated-declarations -Wno-implicit-function-declaration @/Users/itechnolabs/Library/Developer/Xcode/DerivedData/Choona-dnghcflyrszrcwfmpfesqspssftx/Build/Intermediates.noindex/Pods.build/Debug-iphonesimulator/RNFBApp.build/Objects-normal/arm64/e6072d4f65d7061329687fe24e3d63a7-common-args.resp -include /Users/itechnolabs/Documents/Vijay/choona/ios/Pods/Target\ Support\ Files/RNFBApp/RNFBApp-prefix.pch -MMD -MT dependencies -MF /Users/itechnolabs/Library/Developer/Xcode/DerivedData/Choona-dnghcflyrszrcwfmpfesqspssftx/Build/Intermediates.noindex/Pods.build/Debug-iphonesimulator/RNFBApp.build/Objects-normal/arm64/RNFBApp-dummy.d --serialize-diagnostics /Users/itechnolabs/Library/Developer/Xcode/DerivedData/Choona-dnghcflyrszrcwfmpfesqspssftx/Build/Intermediates.noindex/Pods.build/Debug-iphonesimulator/RNFBApp.build/Objects-normal/arm64/RNFBApp-dummy.dia -c /Users/itechnolabs/Documents/Vijay/choona/ios/Pods/Target\ Support\ Files/RNFBApp/RNFBApp-dummy.m -o /Users/itechnolabs/Library/Developer/Xcode/DerivedData/Choona-dnghcflyrszrcwfmpfesqspssftx/Build/Intermediates.noindex/Pods.build/Debug-iphonesimulator/RNFBApp.build/Objects-normal/arm64/RNFBApp-dummy.o -index-unit-output-path /Pods.build/Debug-iphonesimulator/RNFBApp.build/Objects-normal/arm64/RNFBApp-dummy.o

CompileC /Users/itechnolabs/Library/Developer/Xcode/DerivedData/Choona-dnghcflyrszrcwfmpfesqspssftx/Build/Intermediates.noindex/Pods.build/Debug-iphonesimulator/RNFBApp.build/Objects-normal/arm64/RCTConvert+FIROptions.o /Users/itechnolabs/Documents/Vijay/choona/node_modules/@react-native-firebase/app/ios/RNFBApp/RCTConvert+FIROptions.m normal arm64 objective-c com.apple.compilers.llvm.clang.1_0.compiler (in target 'RNFBApp' from project 'Pods')
    cd /Users/itechnolabs/Documents/Vijay/choona/ios/Pods
    
    Using response file: /Users/itechnolabs/Library/Developer/Xcode/DerivedData/Choona-dnghcflyrszrcwfmpfesqspssftx/Build/Intermediates.noindex/Pods.build/Debug-iphonesimulator/RNFBApp.build/Objects-normal/arm64/e6072d4f65d7061329687fe24e3d63a7-common-args.resp
    
    /Applications/Xcode.app/Contents/Developer/Toolchains/XcodeDefault.xctoolchain/usr/bin/clang -x objective-c -ivfsstatcache /Users/itechnolabs/Library/Developer/Xcode/DerivedData/SDKStatCaches.noindex/iphonesimulator26.1-23B77-90cf18a4295e390e64c810bc6bd7acbc.sdkstatcache -fmessage-length\=0 -fdiagnostics-show-note-include-stack -fmacro-backtrace-limit\=0 -fno-color-diagnostics -fmodules-prune-interval\=86400 -fmodules-prune-after\=345600 -fbuild-session-file\=/Users/itechnolabs/Library/Developer/Xcode/DerivedData/ModuleCache.noindex/Session.modulevalidation -fmodules-validate-once-per-build-session -Wnon-modular-include-in-framework-module -Werror\=non-modular-include-in-framework-module -Wno-trigraphs -Wno-missing-field-initializers -Wno-missing-prototypes -Werror\=return-type -Wdocumentation -Wunreachable-code -Wno-implicit-atomic-properties -Werror\=deprecated-objc-isa-usage -Wno-objc-interface-ivars -Werror\=objc-root-class -Wno-arc-repeated-use-of-weak -Wimplicit-retain-self -Wduplicate-method-match -Wno-missing-braces -Wparentheses -Wswitch -Wunused-function -Wno-unused-label -Wno-unused-parameter -Wunused-variable -Wunused-value -Wempty-body -Wuninitialized -Wconditional-uninitialized -Wno-unknown-pragmas -Wno-shadow -Wno-four-char-constants -Wno-conversion -Wconstant-conversion -Wint-conversion -Wbool-conversion -Wenum-conversion -Wno-float-conversion -Wnon-literal-null-conversion -Wobjc-literal-conversion -Wshorten-64-to-32 -Wpointer-sign -Wno-newline-eof -Wno-selector -Wno-strict-selector-match -Wundeclared-selector -Wdeprecated-implementations -Wno-implicit-fallthrough -fstrict-aliasing -Wprotocol -Wdeprecated-declarations -Wno-sign-conversion -Winfinite-recursion -Wcomma -Wblock-capture-autoreleasing -Wstrict-prototypes -Wno-semicolon-before-method-body -Wunguarded-availability -index-store-path /Users/itechnolabs/Library/Developer/Xcode/DerivedData/Choona-dnghcflyrszrcwfmpfesqspssftx/Index.noindex/DataStore -Wno-strict-prototypes -Wno-error -Wno-deprecated-declarations -Wno-implicit-function-declaration @/Users/itechnolabs/Library/Developer/Xcode/DerivedData/Choona-dnghcflyrszrcwfmpfesqspssftx/Build/Intermediates.noindex/Pods.build/Debug-iphonesimulator/RNFBApp.build/Objects-normal/arm64/e6072d4f65d7061329687fe24e3d63a7-common-args.resp -include /Users/itechnolabs/Documents/Vijay/choona/ios/Pods/Target\ Support\ Files/RNFBApp/RNFBApp-prefix.pch -MMD -MT dependencies -MF /Users/itechnolabs/Library/Developer/Xcode/DerivedData/Choona-dnghcflyrszrcwfmpfesqspssftx/Build/Intermediates.noindex/Pods.build/Debug-iphonesimulator/RNFBApp.build/Objects-normal/arm64/RCTConvert+FIROptions.d --serialize-diagnostics /Users/itechnolabs/Library/Developer/Xcode/DerivedData/Choona-dnghcflyrszrcwfmpfesqspssftx/Build/Intermediates.noindex/Pods.build/Debug-iphonesimulator/RNFBApp.build/Objects-normal/arm64/RCTConvert+FIROptions.dia -c /Users/itechnolabs/Documents/Vijay/choona/node_modules/@react-native-firebase/app/ios/RNFBApp/RCTConvert+FIROptions.m -o /Users/itechnolabs/Library/Developer/Xcode/DerivedData/Choona-dnghcflyrszrcwfmpfesqspssftx/Build/Intermediates.noindex/Pods.build/Debug-iphonesimulator/RNFBApp.build/Objects-normal/arm64/RCTConvert+FIROptions.o -index-unit-output-path /Pods.build/Debug-iphonesimulator/RNFBApp.build/Objects-normal/arm64/RCTConvert+FIROptions.o

CompileC /Users/itechnolabs/Library/Developer/Xcode/DerivedData/Choona-dnghcflyrszrcwfmpfesqspssftx/Build/Intermediates.noindex/Pods.build/Debug-iphonesimulator/FirebaseMessaging.build/Objects-normal/arm64/GtalkCore.pbobjc.o /Users/itechnolabs/Documents/Vijay/choona/ios/Pods/FirebaseMessaging/FirebaseMessaging/Sources/Protos/GtalkCore.pbobjc.m normal arm64 objective-c com.apple.compilers.llvm.clang.1_0.compiler (in target 'FirebaseMessaging' from project 'Pods')
    cd /Users/itechnolabs/Documents/Vijay/choona/ios/Pods
    
    Using response file: /Users/itechnolabs/Library/Developer/Xcode/DerivedData/Choona-dnghcflyrszrcwfmpfesqspssftx/Build/Intermediates.noindex/Pods.build/Debug-iphonesimulator/FirebaseMessaging.build/Objects-normal/arm64/e6072d4f65d7061329687fe24e3d63a7-common-args.resp
    
    /Applications/Xcode.app/Contents/Developer/Toolchains/XcodeDefault.xctoolchain/usr/bin/clang -x objective-c -ivfsstatcache /Users/itechnolabs/Library/Developer/Xcode/DerivedData/SDKStatCaches.noindex/iphonesimulator26.1-23B77-90cf18a4295e390e64c810bc6bd7acbc.sdkstatcache -fmessage-length\=0 -fdiagnostics-show-note-include-stack -fmacro-backtrace-limit\=0 -fno-color-diagnostics -fmodules-prune-interval\=86400 -fmodules-prune-after\=345600 -fbuild-session-file\=/Users/itechnolabs/Library/Developer/Xcode/DerivedData/ModuleCache.noindex/Session.modulevalidation -fmodules-validate-once-per-build-session -Wnon-modular-include-in-framework-module -Werror\=non-modular-include-in-framework-module -Wno-trigraphs -Wno-missing-field-initializers -Wno-missing-prototypes -Werror\=return-type -Wdocumentation -Wunreachable-code -Wno-implicit-atomic-properties -Werror\=deprecated-objc-isa-usage -Wno-objc-interface-ivars -Werror\=objc-root-class -Wno-arc-repeated-use-of-weak -Wimplicit-retain-self -Wduplicate-method-match -Wno-missing-braces -Wparentheses -Wswitch -Wunused-function -Wno-unused-label -Wno-unused-parameter -Wunused-variable -Wunused-value -Wempty-body -Wuninitialized -Wconditional-uninitialized -Wno-unknown-pragmas -Wno-shadow -Wno-four-char-constants -Wno-conversion -Wconstant-conversion -Wint-conversion -Wbool-conversion -Wenum-conversion -Wno-float-conversion -Wnon-literal-null-conversion -Wobjc-literal-conversion -Wshorten-64-to-32 -Wpointer-sign -Wno-newline-eof -Wno-selector -Wno-strict-selector-match -Wundeclared-selector -Wdeprecated-implementations -Wno-implicit-fallthrough -fstrict-aliasing -Wprotocol -Wdeprecated-declarations -Wno-sign-conversion -Winfinite-recursion -Wcomma -Wblock-capture-autoreleasing -Wstrict-prototypes -Wno-semicolon-before-method-body -Wunguarded-availability -index-store-path /Users/itechnolabs/Library/Developer/Xcode/DerivedData/Choona-dnghcflyrszrcwfmpfesqspssftx/Index.noindex/DataStore -Wno-error -Wno-deprecated-declarations -Wno-conflicting-declarations -Wno-strict-prototypes -Wno-implicit-function-declaration @/Users/itechnolabs/Library/Developer/Xcode/DerivedData/Choona-dnghcflyrszrcwfmpfesqspssftx/Build/Intermediates.noindex/Pods.build/Debug-iphonesimulator/FirebaseMessaging.build/Objects-normal/arm64/e6072d4f65d7061329687fe24e3d63a7-common-args.resp -fno-objc-arc -MMD -MT dependencies -MF /Users/itechnolabs/Library/Developer/Xcode/DerivedData/Choona-dnghcflyrszrcwfmpfesqspssftx/Build/Intermediates.noindex/Pods.build/Debug-iphonesimulator/FirebaseMessaging.build/Objects-normal/arm64/GtalkCore.pbobjc.d --serialize-diagnostics /Users/itechnolabs/Library/Developer/Xcode/DerivedData/Choona-dnghcflyrszrcwfmpfesqspssftx/Build/Intermediates.noindex/Pods.build/Debug-iphonesimulator/FirebaseMessaging.build/Objects-normal/arm64/GtalkCore.pbobjc.dia -c /Users/itechnolabs/Documents/Vijay/choona/ios/Pods/FirebaseMessaging/FirebaseMessaging/Sources/Protos/GtalkCore.pbobjc.m -o /Users/itechnolabs/Library/Developer/Xcode/DerivedData/Choona-dnghcflyrszrcwfmpfesqspssftx/Build/Intermediates.noindex/Pods.build/Debug-iphonesimulator/FirebaseMessaging.build/Objects-normal/arm64/GtalkCore.pbobjc.o -index-unit-output-path /Pods.build/Debug-iphonesimulator/FirebaseMessaging.build/Objects-normal/arm64/GtalkCore.pbobjc.o
warning: unknown warning option '-Wno-conflicting-declarations'; did you mean '-Wno-missing-declarations'? [-Wunknown-warning-option]
1 warning generated.

CompileC /Users/itechnolabs/Library/Developer/Xcode/DerivedData/Choona-dnghcflyrszrcwfmpfesqspssftx/Build/Intermediates.noindex/Pods.build/Debug-iphonesimulator/FirebaseMessaging.build/Objects-normal/arm64/FIRMessagingUtilities.o /Users/itechnolabs/Documents/Vijay/choona/ios/Pods/FirebaseMessaging/FirebaseMessaging/Sources/FIRMessagingUtilities.m normal arm64 objective-c com.apple.compilers.llvm.clang.1_0.compiler (in target 'FirebaseMessaging' from project 'Pods')
    cd /Users/itechnolabs/Documents/Vijay/choona/ios/Pods
    
    Using response file: /Users/itechnolabs/Library/Developer/Xcode/DerivedData/Choona-dnghcflyrszrcwfmpfesqspssftx/Build/Intermediates.noindex/Pods.build/Debug-iphonesimulator/FirebaseMessaging.build/Objects-normal/arm64/e6072d4f65d7061329687fe24e3d63a7-common-args.resp
    
    /Applications/Xcode.app/Contents/Developer/Toolchains/XcodeDefault.xctoolchain/usr/bin/clang -x objective-c -ivfsstatcache /Users/itechnolabs/Library/Developer/Xcode/DerivedData/SDKStatCaches.noindex/iphonesimulator26.1-23B77-90cf18a4295e390e64c810bc6bd7acbc.sdkstatcache -fmessage-length\=0 -fdiagnostics-show-note-include-stack -fmacro-backtrace-limit\=0 -fno-color-diagnostics -fmodules-prune-interval\=86400 -fmodules-prune-after\=345600 -fbuild-session-file\=/Users/itechnolabs/Library/Developer/Xcode/DerivedData/ModuleCache.noindex/Session.modulevalidation -fmodules-validate-once-per-build-session -Wnon-modular-include-in-framework-module -Werror\=non-modular-include-in-framework-module -Wno-trigraphs -Wno-missing-field-initializers -Wno-missing-prototypes -Werror\=return-type -Wdocumentation -Wunreachable-code -Wno-implicit-atomic-properties -Werror\=deprecated-objc-isa-usage -Wno-objc-interface-ivars -Werror\=objc-root-class -Wno-arc-repeated-use-of-weak -Wimplicit-retain-self -Wduplicate-method-match -Wno-missing-braces -Wparentheses -Wswitch -Wunused-function -Wno-unused-label -Wno-unused-parameter -Wunused-variable -Wunused-value -Wempty-body -Wuninitialized -Wconditional-uninitialized -Wno-unknown-pragmas -Wno-shadow -Wno-four-char-constants -Wno-conversion -Wconstant-conversion -Wint-conversion -Wbool-conversion -Wenum-conversion -Wno-float-conversion -Wnon-literal-null-conversion -Wobjc-literal-conversion -Wshorten-64-to-32 -Wpointer-sign -Wno-newline-eof -Wno-selector -Wno-strict-selector-match -Wundeclared-selector -Wdeprecated-implementations -Wno-implicit-fallthrough -fstrict-aliasing -Wprotocol -Wdeprecated-declarations -Wno-sign-conversion -Winfinite-recursion -Wcomma -Wblock-capture-autoreleasing -Wstrict-prototypes -Wno-semicolon-before-method-body -Wunguarded-availability -index-store-path /Users/itechnolabs/Library/Developer/Xcode/DerivedData/Choona-dnghcflyrszrcwfmpfesqspssftx/Index.noindex/DataStore -Wno-error -Wno-deprecated-declarations -Wno-conflicting-declarations -Wno-strict-prototypes -Wno-implicit-function-declaration @/Users/itechnolabs/Library/Developer/Xcode/DerivedData/Choona-dnghcflyrszrcwfmpfesqspssftx/Build/Intermediates.noindex/Pods.build/Debug-iphonesimulator/FirebaseMessaging.build/Objects-normal/arm64/e6072d4f65d7061329687fe24e3d63a7-common-args.resp -MMD -MT dependencies -MF /Users/itechnolabs/Library/Developer/Xcode/DerivedData/Choona-dnghcflyrszrcwfmpfesqspssftx/Build/Intermediates.noindex/Pods.build/Debug-iphonesimulator/FirebaseMessaging.build/Objects-normal/arm64/FIRMessagingUtilities.d --serialize-diagnostics /Users/itechnolabs/Library/Developer/Xcode/DerivedData/Choona-dnghcflyrszrcwfmpfesqspssftx/Build/Intermediates.noindex/Pods.build/Debug-iphonesimulator/FirebaseMessaging.build/Objects-normal/arm64/FIRMessagingUtilities.dia -c /Users/itechnolabs/Documents/Vijay/choona/ios/Pods/FirebaseMessaging/FirebaseMessaging/Sources/FIRMessagingUtilities.m -o /Users/itechnolabs/Library/Developer/Xcode/DerivedData/Choona-dnghcflyrszrcwfmpfesqspssftx/Build/Intermediates.noindex/Pods.build/Debug-iphonesimulator/FirebaseMessaging.build/Objects-normal/arm64/FIRMessagingUtilities.o -index-unit-output-path /Pods.build/Debug-iphonesimulator/FirebaseMessaging.build/Objects-normal/arm64/FIRMessagingUtilities.o
warning: unknown warning option '-Wno-conflicting-declarations'; did you mean '-Wno-missing-declarations'? [-Wunknown-warning-option]
1 warning generated.

CompileC /Users/itechnolabs/Library/Developer/Xcode/DerivedData/Choona-dnghcflyrszrcwfmpfesqspssftx/Build/Intermediates.noindex/Pods.build/Debug-iphonesimulator/FirebaseMessaging.build/Objects-normal/arm64/FIRMessagingTopicOperation.o /Users/itechnolabs/Documents/Vijay/choona/ios/Pods/FirebaseMessaging/FirebaseMessaging/Sources/FIRMessagingTopicOperation.m normal arm64 objective-c com.apple.compilers.llvm.clang.1_0.compiler (in target 'FirebaseMessaging' from project 'Pods')
    cd /Users/itechnolabs/Documents/Vijay/choona/ios/Pods
    
    Using response file: /Users/itechnolabs/Library/Developer/Xcode/DerivedData/Choona-dnghcflyrszrcwfmpfesqspssftx/Build/Intermediates.noindex/Pods.build/Debug-iphonesimulator/FirebaseMessaging.build/Objects-normal/arm64/e6072d4f65d7061329687fe24e3d63a7-common-args.resp
    
    /Applications/Xcode.app/Contents/Developer/Toolchains/XcodeDefault.xctoolchain/usr/bin/clang -x objective-c -ivfsstatcache /Users/itechnolabs/Library/Developer/Xcode/DerivedData/SDKStatCaches.noindex/iphonesimulator26.1-23B77-90cf18a4295e390e64c810bc6bd7acbc.sdkstatcache -fmessage-length\=0 -fdiagnostics-show-note-include-stack -fmacro-backtrace-limit\=0 -fno-color-diagnostics -fmodules-prune-interval\=86400 -fmodules-prune-after\=345600 -fbuild-session-file\=/Users/itechnolabs/Library/Developer/Xcode/DerivedData/ModuleCache.noindex/Session.modulevalidation -fmodules-validate-once-per-build-session -Wnon-modular-include-in-framework-module -Werror\=non-modular-include-in-framework-module -Wno-trigraphs -Wno-missing-field-initializers -Wno-missing-prototypes -Werror\=return-type -Wdocumentation -Wunreachable-code -Wno-implicit-atomic-properties -Werror\=deprecated-objc-isa-usage -Wno-objc-interface-ivars -Werror\=objc-root-class -Wno-arc-repeated-use-of-weak -Wimplicit-retain-self -Wduplicate-method-match -Wno-missing-braces -Wparentheses -Wswitch -Wunused-function -Wno-unused-label -Wno-unused-parameter -Wunused-variable -Wunused-value -Wempty-body -Wuninitialized -Wconditional-uninitialized -Wno-unknown-pragmas -Wno-shadow -Wno-four-char-constants -Wno-conversion -Wconstant-conversion -Wint-conversion -Wbool-conversion -Wenum-conversion -Wno-float-conversion -Wnon-literal-null-conversion -Wobjc-literal-conversion -Wshorten-64-to-32 -Wpointer-sign -Wno-newline-eof -Wno-selector -Wno-strict-selector-match -Wundeclared-selector -Wdeprecated-implementations -Wno-implicit-fallthrough -fstrict-aliasing -Wprotocol -Wdeprecated-declarations -Wno-sign-conversion -Winfinite-recursion -Wcomma -Wblock-capture-autoreleasing -Wstrict-prototypes -Wno-semicolon-before-method-body -Wunguarded-availability -index-store-path /Users/itechnolabs/Library/Developer/Xcode/DerivedData/Choona-dnghcflyrszrcwfmpfesqspssftx/Index.noindex/DataStore -Wno-error -Wno-deprecated-declarations -Wno-conflicting-declarations -Wno-strict-prototypes -Wno-implicit-function-declaration @/Users/itechnolabs/Library/Developer/Xcode/DerivedData/Choona-dnghcflyrszrcwfmpfesqspssftx/Build/Intermediates.noindex/Pods.build/Debug-iphonesimulator/FirebaseMessaging.build/Objects-normal/arm64/e6072d4f65d7061329687fe24e3d63a7-common-args.resp -MMD -MT dependencies -MF /Users/itechnolabs/Library/Developer/Xcode/DerivedData/Choona-dnghcflyrszrcwfmpfesqspssftx/Build/Intermediates.noindex/Pods.build/Debug-iphonesimulator/FirebaseMessaging.build/Objects-normal/arm64/FIRMessagingTopicOperation.d --serialize-diagnostics /Users/itechnolabs/Library/Developer/Xcode/DerivedData/Choona-dnghcflyrszrcwfmpfesqspssftx/Build/Intermediates.noindex/Pods.build/Debug-iphonesimulator/FirebaseMessaging.build/Objects-normal/arm64/FIRMessagingTopicOperation.dia -c /Users/itechnolabs/Documents/Vijay/choona/ios/Pods/FirebaseMessaging/FirebaseMessaging/Sources/FIRMessagingTopicOperation.m -o /Users/itechnolabs/Library/Developer/Xcode/DerivedData/Choona-dnghcflyrszrcwfmpfesqspssftx/Build/Intermediates.noindex/Pods.build/Debug-iphonesimulator/FirebaseMessaging.build/Objects-normal/arm64/FIRMessagingTopicOperation.o -index-unit-output-path /Pods.build/Debug-iphonesimulator/FirebaseMessaging.build/Objects-normal/arm64/FIRMessagingTopicOperation.o
warning: unknown warning option '-Wno-conflicting-declarations'; did you mean '-Wno-missing-declarations'? [-Wunknown-warning-option]
1 warning generated.

CompileC /Users/itechnolabs/Library/Developer/Xcode/DerivedData/Choona-dnghcflyrszrcwfmpfesqspssftx/Build/Intermediates.noindex/Pods.build/Debug-iphonesimulator/FirebaseMessaging.build/Objects-normal/arm64/FIRMessagingSyncMessageManager.o /Users/itechnolabs/Documents/Vijay/choona/ios/Pods/FirebaseMessaging/FirebaseMessaging/Sources/FIRMessagingSyncMessageManager.m normal arm64 objective-c com.apple.compilers.llvm.clang.1_0.compiler (in target 'FirebaseMessaging' from project 'Pods')
    cd /Users/itechnolabs/Documents/Vijay/choona/ios/Pods
    
    Using response file: /Users/itechnolabs/Library/Developer/Xcode/DerivedData/Choona-dnghcflyrszrcwfmpfesqspssftx/Build/Intermediates.noindex/Pods.build/Debug-iphonesimulator/FirebaseMessaging.build/Objects-normal/arm64/e6072d4f65d7061329687fe24e3d63a7-common-args.resp
    
    /Applications/Xcode.app/Contents/Developer/Toolchains/XcodeDefault.xctoolchain/usr/bin/clang -x objective-c -ivfsstatcache /Users/itechnolabs/Library/Developer/Xcode/DerivedData/SDKStatCaches.noindex/iphonesimulator26.1-23B77-90cf18a4295e390e64c810bc6bd7acbc.sdkstatcache -fmessage-length\=0 -fdiagnostics-show-note-include-stack -fmacro-backtrace-limit\=0 -fno-color-diagnostics -fmodules-prune-interval\=86400 -fmodules-prune-after\=345600 -fbuild-session-file\=/Users/itechnolabs/Library/Developer/Xcode/DerivedData/ModuleCache.noindex/Session.modulevalidation -fmodules-validate-once-per-build-session -Wnon-modular-include-in-framework-module -Werror\=non-modular-include-in-framework-module -Wno-trigraphs -Wno-missing-field-initializers -Wno-missing-prototypes -Werror\=return-type -Wdocumentation -Wunreachable-code -Wno-implicit-atomic-properties -Werror\=deprecated-objc-isa-usage -Wno-objc-interface-ivars -Werror\=objc-root-class -Wno-arc-repeated-use-of-weak -Wimplicit-retain-self -Wduplicate-method-match -Wno-missing-braces -Wparentheses -Wswitch -Wunused-function -Wno-unused-label -Wno-unused-parameter -Wunused-variable -Wunused-value -Wempty-body -Wuninitialized -Wconditional-uninitialized -Wno-unknown-pragmas -Wno-shadow -Wno-four-char-constants -Wno-conversion -Wconstant-conversion -Wint-conversion -Wbool-conversion -Wenum-conversion -Wno-float-conversion -Wnon-literal-null-conversion -Wobjc-literal-conversion -Wshorten-64-to-32 -Wpointer-sign -Wno-newline-eof -Wno-selector -Wno-strict-selector-match -Wundeclared-selector -Wdeprecated-implementations -Wno-implicit-fallthrough -fstrict-aliasing -Wprotocol -Wdeprecated-declarations -Wno-sign-conversion -Winfinite-recursion -Wcomma -Wblock-capture-autoreleasing -Wstrict-prototypes -Wno-semicolon-before-method-body -Wunguarded-availability -index-store-path /Users/itechnolabs/Library/Developer/Xcode/DerivedData/Choona-dnghcflyrszrcwfmpfesqspssftx/Index.noindex/DataStore -Wno-error -Wno-deprecated-declarations -Wno-conflicting-declarations -Wno-strict-prototypes -Wno-implicit-function-declaration @/Users/itechnolabs/Library/Developer/Xcode/DerivedData/Choona-dnghcflyrszrcwfmpfesqspssftx/Build/Intermediates.noindex/Pods.build/Debug-iphonesimulator/FirebaseMessaging.build/Objects-normal/arm64/e6072d4f65d7061329687fe24e3d63a7-common-args.resp -MMD -MT dependencies -MF /Users/itechnolabs/Library/Developer/Xcode/DerivedData/Choona-dnghcflyrszrcwfmpfesqspssftx/Build/Intermediates.noindex/Pods.build/Debug-iphonesimulator/FirebaseMessaging.build/Objects-normal/arm64/FIRMessagingSyncMessageManager.d --serialize-diagnostics /Users/itechnolabs/Library/Developer/Xcode/DerivedData/Choona-dnghcflyrszrcwfmpfesqspssftx/Build/Intermediates.noindex/Pods.build/Debug-iphonesimulator/FirebaseMessaging.build/Objects-normal/arm64/FIRMessagingSyncMessageManager.dia -c /Users/itechnolabs/Documents/Vijay/choona/ios/Pods/FirebaseMessaging/FirebaseMessaging/Sources/FIRMessagingSyncMessageManager.m -o /Users/itechnolabs/Library/Developer/Xcode/DerivedData/Choona-dnghcflyrszrcwfmpfesqspssftx/Build/Intermediates.noindex/Pods.build/Debug-iphonesimulator/FirebaseMessaging.build/Objects-normal/arm64/FIRMessagingSyncMessageManager.o -index-unit-output-path /Pods.build/Debug-iphonesimulator/FirebaseMessaging.build/Objects-normal/arm64/FIRMessagingSyncMessageManager.o
warning: unknown warning option '-Wno-conflicting-declarations'; did you mean '-Wno-missing-declarations'? [-Wunknown-warning-option]
1 warning generated.

CompileC /Users/itechnolabs/Library/Developer/Xcode/DerivedData/Choona-dnghcflyrszrcwfmpfesqspssftx/Build/Intermediates.noindex/Pods.build/Debug-iphonesimulator/FirebaseMessaging.build/Objects-normal/arm64/FIRMessagingSecureSocket.o /Users/itechnolabs/Documents/Vijay/choona/ios/Pods/FirebaseMessaging/FirebaseMessaging/Sources/FIRMessagingSecureSocket.m normal arm64 objective-c com.apple.compilers.llvm.clang.1_0.compiler (in target 'FirebaseMessaging' from project 'Pods')
    cd /Users/itechnolabs/Documents/Vijay/choona/ios/Pods
    
    Using response file: /Users/itechnolabs/Library/Developer/Xcode/DerivedData/Choona-dnghcflyrszrcwfmpfesqspssftx/Build/Intermediates.noindex/Pods.build/Debug-iphonesimulator/FirebaseMessaging.build/Objects-normal/arm64/e6072d4f65d7061329687fe24e3d63a7-common-args.resp
    
    /Applications/Xcode.app/Contents/Developer/Toolchains/XcodeDefault.xctoolchain/usr/bin/clang -x objective-c -ivfsstatcache /Users/itechnolabs/Library/Developer/Xcode/DerivedData/SDKStatCaches.noindex/iphonesimulator26.1-23B77-90cf18a4295e390e64c810bc6bd7acbc.sdkstatcache -fmessage-length\=0 -fdiagnostics-show-note-include-stack -fmacro-backtrace-limit\=0 -fno-color-diagnostics -fmodules-prune-interval\=86400 -fmodules-prune-after\=345600 -fbuild-session-file\=/Users/itechnolabs/Library/Developer/Xcode/DerivedData/ModuleCache.noindex/Session.modulevalidation -fmodules-validate-once-per-build-session -Wnon-modular-include-in-framework-module -Werror\=non-modular-include-in-framework-module -Wno-trigraphs -Wno-missing-field-initializers -Wno-missing-prototypes -Werror\=return-type -Wdocumentation -Wunreachable-code -Wno-implicit-atomic-properties -Werror\=deprecated-objc-isa-usage -Wno-objc-interface-ivars -Werror\=objc-root-class -Wno-arc-repeated-use-of-weak -Wimplicit-retain-self -Wduplicate-method-match -Wno-missing-braces -Wparentheses -Wswitch -Wunused-function -Wno-unused-label -Wno-unused-parameter -Wunused-variable -Wunused-value -Wempty-body -Wuninitialized -Wconditional-uninitialized -Wno-unknown-pragmas -Wno-shadow -Wno-four-char-constants -Wno-conversion -Wconstant-conversion -Wint-conversion -Wbool-conversion -Wenum-conversion -Wno-float-conversion -Wnon-literal-null-conversion -Wobjc-literal-conversion -Wshorten-64-to-32 -Wpointer-sign -Wno-newline-eof -Wno-selector -Wno-strict-selector-match -Wundeclared-selector -Wdeprecated-implementations -Wno-implicit-fallthrough -fstrict-aliasing -Wprotocol -Wdeprecated-declarations -Wno-sign-conversion -Winfinite-recursion -Wcomma -Wblock-capture-autoreleasing -Wstrict-prototypes -Wno-semicolon-before-method-body -Wunguarded-availability -index-store-path /Users/itechnolabs/Library/Developer/Xcode/DerivedData/Choona-dnghcflyrszrcwfmpfesqspssftx/Index.noindex/DataStore -Wno-error -Wno-deprecated-declarations -Wno-conflicting-declarations -Wno-strict-prototypes -Wno-implicit-function-declaration @/Users/itechnolabs/Library/Developer/Xcode/DerivedData/Choona-dnghcflyrszrcwfmpfesqspssftx/Build/Intermediates.noindex/Pods.build/Debug-iphonesimulator/FirebaseMessaging.build/Objects-normal/arm64/e6072d4f65d7061329687fe24e3d63a7-common-args.resp -MMD -MT dependencies -MF /Users/itechnolabs/Library/Developer/Xcode/DerivedData/Choona-dnghcflyrszrcwfmpfesqspssftx/Build/Intermediates.noindex/Pods.build/Debug-iphonesimulator/FirebaseMessaging.build/Objects-normal/arm64/FIRMessagingSecureSocket.d --serialize-diagnostics /Users/itechnolabs/Library/Developer/Xcode/DerivedData/Choona-dnghcflyrszrcwfmpfesqspssftx/Build/Intermediates.noindex/Pods.build/Debug-iphonesimulator/FirebaseMessaging.build/Objects-normal/arm64/FIRMessagingSecureSocket.dia -c /Users/itechnolabs/Documents/Vijay/choona/ios/Pods/FirebaseMessaging/FirebaseMessaging/Sources/FIRMessagingSecureSocket.m -o /Users/itechnolabs/Library/Developer/Xcode/DerivedData/Choona-dnghcflyrszrcwfmpfesqspssftx/Build/Intermediates.noindex/Pods.build/Debug-iphonesimulator/FirebaseMessaging.build/Objects-normal/arm64/FIRMessagingSecureSocket.o -index-unit-output-path /Pods.build/Debug-iphonesimulator/FirebaseMessaging.build/Objects-normal/arm64/FIRMessagingSecureSocket.o
warning: unknown warning option '-Wno-conflicting-declarations'; did you mean '-Wno-missing-declarations'? [-Wunknown-warning-option]
1 warning generated.

CompileC /Users/itechnolabs/Library/Developer/Xcode/DerivedData/Choona-dnghcflyrszrcwfmpfesqspssftx/Build/Intermediates.noindex/Pods.build/Debug-iphonesimulator/FirebaseMessaging.build/Objects-normal/arm64/FIRMessagingRmqManager.o /Users/itechnolabs/Documents/Vijay/choona/ios/Pods/FirebaseMessaging/FirebaseMessaging/Sources/FIRMessagingRmqManager.m normal arm64 objective-c com.apple.compilers.llvm.clang.1_0.compiler (in target 'FirebaseMessaging' from project 'Pods')
    cd /Users/itechnolabs/Documents/Vijay/choona/ios/Pods
    
    Using response file: /Users/itechnolabs/Library/Developer/Xcode/DerivedData/Choona-dnghcflyrszrcwfmpfesqspssftx/Build/Intermediates.noindex/Pods.build/Debug-iphonesimulator/FirebaseMessaging.build/Objects-normal/arm64/e6072d4f65d7061329687fe24e3d63a7-common-args.resp
    
    /Applications/Xcode.app/Contents/Developer/Toolchains/XcodeDefault.xctoolchain/usr/bin/clang -x objective-c -ivfsstatcache /Users/itechnolabs/Library/Developer/Xcode/DerivedData/SDKStatCaches.noindex/iphonesimulator26.1-23B77-90cf18a4295e390e64c810bc6bd7acbc.sdkstatcache -fmessage-length\=0 -fdiagnostics-show-note-include-stack -fmacro-backtrace-limit\=0 -fno-color-diagnostics -fmodules-prune-interval\=86400 -fmodules-prune-after\=345600 -fbuild-session-file\=/Users/itechnolabs/Library/Developer/Xcode/DerivedData/ModuleCache.noindex/Session.modulevalidation -fmodules-validate-once-per-build-session -Wnon-modular-include-in-framework-module -Werror\=non-modular-include-in-framework-module -Wno-trigraphs -Wno-missing-field-initializers -Wno-missing-prototypes -Werror\=return-type -Wdocumentation -Wunreachable-code -Wno-implicit-atomic-properties -Werror\=deprecated-objc-isa-usage -Wno-objc-interface-ivars -Werror\=objc-root-class -Wno-arc-repeated-use-of-weak -Wimplicit-retain-self -Wduplicate-method-match -Wno-missing-braces -Wparentheses -Wswitch -Wunused-function -Wno-unused-label -Wno-unused-parameter -Wunused-variable -Wunused-value -Wempty-body -Wuninitialized -Wconditional-uninitialized -Wno-unknown-pragmas -Wno-shadow -Wno-four-char-constants -Wno-conversion -Wconstant-conversion -Wint-conversion -Wbool-conversion -Wenum-conversion -Wno-float-conversion -Wnon-literal-null-conversion -Wobjc-literal-conversion -Wshorten-64-to-32 -Wpointer-sign -Wno-newline-eof -Wno-selector -Wno-strict-selector-match -Wundeclared-selector -Wdeprecated-implementations -Wno-implicit-fallthrough -fstrict-aliasing -Wprotocol -Wdeprecated-declarations -Wno-sign-conversion -Winfinite-recursion -Wcomma -Wblock-capture-autoreleasing -Wstrict-prototypes -Wno-semicolon-before-method-body -Wunguarded-availability -index-store-path /Users/itechnolabs/Library/Developer/Xcode/DerivedData/Choona-dnghcflyrszrcwfmpfesqspssftx/Index.noindex/DataStore -Wno-error -Wno-deprecated-declarations -Wno-conflicting-declarations -Wno-strict-prototypes -Wno-implicit-function-declaration @/Users/itechnolabs/Library/Developer/Xcode/DerivedData/Choona-dnghcflyrszrcwfmpfesqspssftx/Build/Intermediates.noindex/Pods.build/Debug-iphonesimulator/FirebaseMessaging.build/Objects-normal/arm64/e6072d4f65d7061329687fe24e3d63a7-common-args.resp -MMD -MT dependencies -MF /Users/itechnolabs/Library/Developer/Xcode/DerivedData/Choona-dnghcflyrszrcwfmpfesqspssftx/Build/Intermediates.noindex/Pods.build/Debug-iphonesimulator/FirebaseMessaging.build/Objects-normal/arm64/FIRMessagingRmqManager.d --serialize-diagnostics /Users/itechnolabs/Library/Developer/Xcode/DerivedData/Choona-dnghcflyrszrcwfmpfesqspssftx/Build/Intermediates.noindex/Pods.build/Debug-iphonesimulator/FirebaseMessaging.build/Objects-normal/arm64/FIRMessagingRmqManager.dia -c /Users/itechnolabs/Documents/Vijay/choona/ios/Pods/FirebaseMessaging/FirebaseMessaging/Sources/FIRMessagingRmqManager.m -o /Users/itechnolabs/Library/Developer/Xcode/DerivedData/Choona-dnghcflyrszrcwfmpfesqspssftx/Build/Intermediates.noindex/Pods.build/Debug-iphonesimulator/FirebaseMessaging.build/Objects-normal/arm64/FIRMessagingRmqManager.o -index-unit-output-path /Pods.build/Debug-iphonesimulator/FirebaseMessaging.build/Objects-normal/arm64/FIRMessagingRmqManager.o
warning: unknown warning option '-Wno-conflicting-declarations'; did you mean '-Wno-missing-declarations'? [-Wunknown-warning-option]
1 warning generated.

CompileC /Users/itechnolabs/Library/Developer/Xcode/DerivedData/Choona-dnghcflyrszrcwfmpfesqspssftx/Build/Intermediates.noindex/Pods.build/Debug-iphonesimulator/FirebaseMessaging.build/Objects-normal/arm64/FIRMessagingRemoteNotificationsProxy.o /Users/itechnolabs/Documents/Vijay/choona/ios/Pods/FirebaseMessaging/FirebaseMessaging/Sources/FIRMessagingRemoteNotificationsProxy.m normal arm64 objective-c com.apple.compilers.llvm.clang.1_0.compiler (in target 'FirebaseMessaging' from project 'Pods')
    cd /Users/itechnolabs/Documents/Vijay/choona/ios/Pods
    
    Using response file: /Users/itechnolabs/Library/Developer/Xcode/DerivedData/Choona-dnghcflyrszrcwfmpfesqspssftx/Build/Intermediates.noindex/Pods.build/Debug-iphonesimulator/FirebaseMessaging.build/Objects-normal/arm64/e6072d4f65d7061329687fe24e3d63a7-common-args.resp
    
    /Applications/Xcode.app/Contents/Developer/Toolchains/XcodeDefault.xctoolchain/usr/bin/clang -x objective-c -ivfsstatcache /Users/itechnolabs/Library/Developer/Xcode/DerivedData/SDKStatCaches.noindex/iphonesimulator26.1-23B77-90cf18a4295e390e64c810bc6bd7acbc.sdkstatcache -fmessage-length\=0 -fdiagnostics-show-note-include-stack -fmacro-backtrace-limit\=0 -fno-color-diagnostics -fmodules-prune-interval\=86400 -fmodules-prune-after\=345600 -fbuild-session-file\=/Users/itechnolabs/Library/Developer/Xcode/DerivedData/ModuleCache.noindex/Session.modulevalidation -fmodules-validate-once-per-build-session -Wnon-modular-include-in-framework-module -Werror\=non-modular-include-in-framework-module -Wno-trigraphs -Wno-missing-field-initializers -Wno-missing-prototypes -Werror\=return-type -Wdocumentation -Wunreachable-code -Wno-implicit-atomic-properties -Werror\=deprecated-objc-isa-usage -Wno-objc-interface-ivars -Werror\=objc-root-class -Wno-arc-repeated-use-of-weak -Wimplicit-retain-self -Wduplicate-method-match -Wno-missing-braces -Wparentheses -Wswitch -Wunused-function -Wno-unused-label -Wno-unused-parameter -Wunused-variable -Wunused-value -Wempty-body -Wuninitialized -Wconditional-uninitialized -Wno-unknown-pragmas -Wno-shadow -Wno-four-char-constants -Wno-conversion -Wconstant-conversion -Wint-conversion -Wbool-conversion -Wenum-conversion -Wno-float-conversion -Wnon-literal-null-conversion -Wobjc-literal-conversion -Wshorten-64-to-32 -Wpointer-sign -Wno-newline-eof -Wno-selector -Wno-strict-selector-match -Wundeclared-selector -Wdeprecated-implementations -Wno-implicit-fallthrough -fstrict-aliasing -Wprotocol -Wdeprecated-declarations -Wno-sign-conversion -Winfinite-recursion -Wcomma -Wblock-capture-autoreleasing -Wstrict-prototypes -Wno-semicolon-before-method-body -Wunguarded-availability -index-store-path /Users/itechnolabs/Library/Developer/Xcode/DerivedData/Choona-dnghcflyrszrcwfmpfesqspssftx/Index.noindex/DataStore -Wno-error -Wno-deprecated-declarations -Wno-conflicting-declarations -Wno-strict-prototypes -Wno-implicit-function-declaration @/Users/itechnolabs/Library/Developer/Xcode/DerivedData/Choona-dnghcflyrszrcwfmpfesqspssftx/Build/Intermediates.noindex/Pods.build/Debug-iphonesimulator/FirebaseMessaging.build/Objects-normal/arm64/e6072d4f65d7061329687fe24e3d63a7-common-args.resp -MMD -MT dependencies -MF /Users/itechnolabs/Library/Developer/Xcode/DerivedData/Choona-dnghcflyrszrcwfmpfesqspssftx/Build/Intermediates.noindex/Pods.build/Debug-iphonesimulator/FirebaseMessaging.build/Objects-normal/arm64/FIRMessagingRemoteNotificationsProxy.d --serialize-diagnostics /Users/itechnolabs/Library/Developer/Xcode/DerivedData/Choona-dnghcflyrszrcwfmpfesqspssftx/Build/Intermediates.noindex/Pods.build/Debug-iphonesimulator/FirebaseMessaging.build/Objects-normal/arm64/FIRMessagingRemoteNotificationsProxy.dia -c /Users/itechnolabs/Documents/Vijay/choona/ios/Pods/FirebaseMessaging/FirebaseMessaging/Sources/FIRMessagingRemoteNotificationsProxy.m -o /Users/itechnolabs/Library/Developer/Xcode/DerivedData/Choona-dnghcflyrszrcwfmpfesqspssftx/Build/Intermediates.noindex/Pods.build/Debug-iphonesimulator/FirebaseMessaging.build/Objects-normal/arm64/FIRMessagingRemoteNotificationsProxy.o -index-unit-output-path /Pods.build/Debug-iphonesimulator/FirebaseMessaging.build/Objects-normal/arm64/FIRMessagingRemoteNotificationsProxy.o
warning: unknown warning option '-Wno-conflicting-declarations'; did you mean '-Wno-missing-declarations'? [-Wunknown-warning-option]
1 warning generated.

CompileC /Users/itechnolabs/Library/Developer/Xcode/DerivedData/Choona-dnghcflyrszrcwfmpfesqspssftx/Build/Intermediates.noindex/Pods.build/Debug-iphonesimulator/FirebaseMessaging.build/Objects-normal/arm64/FIRMessagingReceiver.o /Users/itechnolabs/Documents/Vijay/choona/ios/Pods/FirebaseMessaging/FirebaseMessaging/Sources/FIRMessagingReceiver.m normal arm64 objective-c com.apple.compilers.llvm.clang.1_0.compiler (in target 'FirebaseMessaging' from project 'Pods')
    cd /Users/itechnolabs/Documents/Vijay/choona/ios/Pods
    
    Using response file: /Users/itechnolabs/Library/Developer/Xcode/DerivedData/Choona-dnghcflyrszrcwfmpfesqspssftx/Build/Intermediates.noindex/Pods.build/Debug-iphonesimulator/FirebaseMessaging.build/Objects-normal/arm64/e6072d4f65d7061329687fe24e3d63a7-common-args.resp
    
    /Applications/Xcode.app/Contents/Developer/Toolchains/XcodeDefault.xctoolchain/usr/bin/clang -x objective-c -ivfsstatcache /Users/itechnolabs/Library/Developer/Xcode/DerivedData/SDKStatCaches.noindex/iphonesimulator26.1-23B77-90cf18a4295e390e64c810bc6bd7acbc.sdkstatcache -fmessage-length\=0 -fdiagnostics-show-note-include-stack -fmacro-backtrace-limit\=0 -fno-color-diagnostics -fmodules-prune-interval\=86400 -fmodules-prune-after\=345600 -fbuild-session-file\=/Users/itechnolabs/Library/Developer/Xcode/DerivedData/ModuleCache.noindex/Session.modulevalidation -fmodules-validate-once-per-build-session -Wnon-modular-include-in-framework-module -Werror\=non-modular-include-in-framework-module -Wno-trigraphs -Wno-missing-field-initializers -Wno-missing-prototypes -Werror\=return-type -Wdocumentation -Wunreachable-code -Wno-implicit-atomic-properties -Werror\=deprecated-objc-isa-usage -Wno-objc-interface-ivars -Werror\=objc-root-class -Wno-arc-repeated-use-of-weak -Wimplicit-retain-self -Wduplicate-method-match -Wno-missing-braces -Wparentheses -Wswitch -Wunused-function -Wno-unused-label -Wno-unused-parameter -Wunused-variable -Wunused-value -Wempty-body -Wuninitialized -Wconditional-uninitialized -Wno-unknown-pragmas -Wno-shadow -Wno-four-char-constants -Wno-conversion -Wconstant-conversion -Wint-conversion -Wbool-conversion -Wenum-conversion -Wno-float-conversion -Wnon-literal-null-conversion -Wobjc-literal-conversion -Wshorten-64-to-32 -Wpointer-sign -Wno-newline-eof -Wno-selector -Wno-strict-selector-match -Wundeclared-selector -Wdeprecated-implementations -Wno-implicit-fallthrough -fstrict-aliasing -Wprotocol -Wdeprecated-declarations -Wno-sign-conversion -Winfinite-recursion -Wcomma -Wblock-capture-autoreleasing -Wstrict-prototypes -Wno-semicolon-before-method-body -Wunguarded-availability -index-store-path /Users/itechnolabs/Library/Developer/Xcode/DerivedData/Choona-dnghcflyrszrcwfmpfesqspssftx/Index.noindex/DataStore -Wno-error -Wno-deprecated-declarations -Wno-conflicting-declarations -Wno-strict-prototypes -Wno-implicit-function-declaration @/Users/itechnolabs/Library/Developer/Xcode/DerivedData/Choona-dnghcflyrszrcwfmpfesqspssftx/Build/Intermediates.noindex/Pods.build/Debug-iphonesimulator/FirebaseMessaging.build/Objects-normal/arm64/e6072d4f65d7061329687fe24e3d63a7-common-args.resp -MMD -MT dependencies -MF /Users/itechnolabs/Library/Developer/Xcode/DerivedData/Choona-dnghcflyrszrcwfmpfesqspssftx/Build/Intermediates.noindex/Pods.build/Debug-iphonesimulator/FirebaseMessaging.build/Objects-normal/arm64/FIRMessagingReceiver.d --serialize-diagnostics /Users/itechnolabs/Library/Developer/Xcode/DerivedData/Choona-dnghcflyrszrcwfmpfesqspssftx/Build/Intermediates.noindex/Pods.build/Debug-iphonesimulator/FirebaseMessaging.build/Objects-normal/arm64/FIRMessagingReceiver.dia -c /Users/itechnolabs/Documents/Vijay/choona/ios/Pods/FirebaseMessaging/FirebaseMessaging/Sources/FIRMessagingReceiver.m -o /Users/itechnolabs/Library/Developer/Xcode/DerivedData/Choona-dnghcflyrszrcwfmpfesqspssftx/Build/Intermediates.noindex/Pods.build/Debug-iphonesimulator/FirebaseMessaging.build/Objects-normal/arm64/FIRMessagingReceiver.o -index-unit-output-path /Pods.build/Debug-iphonesimulator/FirebaseMessaging.build/Objects-normal/arm64/FIRMessagingReceiver.o
warning: unknown warning option '-Wno-conflicting-declarations'; did you mean '-Wno-missing-declarations'? [-Wunknown-warning-option]
1 warning generated.

CompileC /Users/itechnolabs/Library/Developer/Xcode/DerivedData/Choona-dnghcflyrszrcwfmpfesqspssftx/Build/Intermediates.noindex/Pods.build/Debug-iphonesimulator/FirebaseMessaging.build/Objects-normal/arm64/FIRMessagingPubSub.o /Users/itechnolabs/Documents/Vijay/choona/ios/Pods/FirebaseMessaging/FirebaseMessaging/Sources/FIRMessagingPubSub.m normal arm64 objective-c com.apple.compilers.llvm.clang.1_0.compiler (in target 'FirebaseMessaging' from project 'Pods')
    cd /Users/itechnolabs/Documents/Vijay/choona/ios/Pods
    
    Using response file: /Users/itechnolabs/Library/Developer/Xcode/DerivedData/Choona-dnghcflyrszrcwfmpfesqspssftx/Build/Intermediates.noindex/Pods.build/Debug-iphonesimulator/FirebaseMessaging.build/Objects-normal/arm64/e6072d4f65d7061329687fe24e3d63a7-common-args.resp
    
    /Applications/Xcode.app/Contents/Developer/Toolchains/XcodeDefault.xctoolchain/usr/bin/clang -x objective-c -ivfsstatcache /Users/itechnolabs/Library/Developer/Xcode/DerivedData/SDKStatCaches.noindex/iphonesimulator26.1-23B77-90cf18a4295e390e64c810bc6bd7acbc.sdkstatcache -fmessage-length\=0 -fdiagnostics-show-note-include-stack -fmacro-backtrace-limit\=0 -fno-color-diagnostics -fmodules-prune-interval\=86400 -fmodules-prune-after\=345600 -fbuild-session-file\=/Users/itechnolabs/Library/Developer/Xcode/DerivedData/ModuleCache.noindex/Session.modulevalidation -fmodules-validate-once-per-build-session -Wnon-modular-include-in-framework-module -Werror\=non-modular-include-in-framework-module -Wno-trigraphs -Wno-missing-field-initializers -Wno-missing-prototypes -Werror\=return-type -Wdocumentation -Wunreachable-code -Wno-implicit-atomic-properties -Werror\=deprecated-objc-isa-usage -Wno-objc-interface-ivars -Werror\=objc-root-class -Wno-arc-repeated-use-of-weak -Wimplicit-retain-self -Wduplicate-method-match -Wno-missing-braces -Wparentheses -Wswitch -Wunused-function -Wno-unused-label -Wno-unused-parameter -Wunused-variable -Wunused-value -Wempty-body -Wuninitialized -Wconditional-uninitialized -Wno-unknown-pragmas -Wno-shadow -Wno-four-char-constants -Wno-conversion -Wconstant-conversion -Wint-conversion -Wbool-conversion -Wenum-conversion -Wno-float-conversion -Wnon-literal-null-conversion -Wobjc-literal-conversion -Wshorten-64-to-32 -Wpointer-sign -Wno-newline-eof -Wno-selector -Wno-strict-selector-match -Wundeclared-selector -Wdeprecated-implementations -Wno-implicit-fallthrough -fstrict-aliasing -Wprotocol -Wdeprecated-declarations -Wno-sign-conversion -Winfinite-recursion -Wcomma -Wblock-capture-autoreleasing -Wstrict-prototypes -Wno-semicolon-before-method-body -Wunguarded-availability -index-store-path /Users/itechnolabs/Library/Developer/Xcode/DerivedData/Choona-dnghcflyrszrcwfmpfesqspssftx/Index.noindex/DataStore -Wno-error -Wno-deprecated-declarations -Wno-conflicting-declarations -Wno-strict-prototypes -Wno-implicit-function-declaration @/Users/itechnolabs/Library/Developer/Xcode/DerivedData/Choona-dnghcflyrszrcwfmpfesqspssftx/Build/Intermediates.noindex/Pods.build/Debug-iphonesimulator/FirebaseMessaging.build/Objects-normal/arm64/e6072d4f65d7061329687fe24e3d63a7-common-args.resp -MMD -MT dependencies -MF /Users/itechnolabs/Library/Developer/Xcode/DerivedData/Choona-dnghcflyrszrcwfmpfesqspssftx/Build/Intermediates.noindex/Pods.build/Debug-iphonesimulator/FirebaseMessaging.build/Objects-normal/arm64/FIRMessagingPubSub.d --serialize-diagnostics /Users/itechnolabs/Library/Developer/Xcode/DerivedData/Choona-dnghcflyrszrcwfmpfesqspssftx/Build/Intermediates.noindex/Pods.build/Debug-iphonesimulator/FirebaseMessaging.build/Objects-normal/arm64/FIRMessagingPubSub.dia -c /Users/itechnolabs/Documents/Vijay/choona/ios/Pods/FirebaseMessaging/FirebaseMessaging/Sources/FIRMessagingPubSub.m -o /Users/itechnolabs/Library/Developer/Xcode/DerivedData/Choona-dnghcflyrszrcwfmpfesqspssftx/Build/Intermediates.noindex/Pods.build/Debug-iphonesimulator/FirebaseMessaging.build/Objects-normal/arm64/FIRMessagingPubSub.o -index-unit-output-path /Pods.build/Debug-iphonesimulator/FirebaseMessaging.build/Objects-normal/arm64/FIRMessagingPubSub.o
warning: unknown warning option '-Wno-conflicting-declarations'; did you mean '-Wno-missing-declarations'? [-Wunknown-warning-option]
1 warning generated.

CompileC /Users/itechnolabs/Library/Developer/Xcode/DerivedData/Choona-dnghcflyrszrcwfmpfesqspssftx/Build/Intermediates.noindex/Pods.build/Debug-iphonesimulator/FirebaseMessaging.build/Objects-normal/arm64/FIRMessagingPersistentSyncMessage.o /Users/itechnolabs/Documents/Vijay/choona/ios/Pods/FirebaseMessaging/FirebaseMessaging/Sources/FIRMessagingPersistentSyncMessage.m normal arm64 objective-c com.apple.compilers.llvm.clang.1_0.compiler (in target 'FirebaseMessaging' from project 'Pods')
    cd /Users/itechnolabs/Documents/Vijay/choona/ios/Pods
    
    Using response file: /Users/itechnolabs/Library/Developer/Xcode/DerivedData/Choona-dnghcflyrszrcwfmpfesqspssftx/Build/Intermediates.noindex/Pods.build/Debug-iphonesimulator/FirebaseMessaging.build/Objects-normal/arm64/e6072d4f65d7061329687fe24e3d63a7-common-args.resp
    
    /Applications/Xcode.app/Contents/Developer/Toolchains/XcodeDefault.xctoolchain/usr/bin/clang -x objective-c -ivfsstatcache /Users/itechnolabs/Library/Developer/Xcode/DerivedData/SDKStatCaches.noindex/iphonesimulator26.1-23B77-90cf18a4295e390e64c810bc6bd7acbc.sdkstatcache -fmessage-length\=0 -fdiagnostics-show-note-include-stack -fmacro-backtrace-limit\=0 -fno-color-diagnostics -fmodules-prune-interval\=86400 -fmodules-prune-after\=345600 -fbuild-session-file\=/Users/itechnolabs/Library/Developer/Xcode/DerivedData/ModuleCache.noindex/Session.modulevalidation -fmodules-validate-once-per-build-session -Wnon-modular-include-in-framework-module -Werror\=non-modular-include-in-framework-module -Wno-trigraphs -Wno-missing-field-initializers -Wno-missing-prototypes -Werror\=return-type -Wdocumentation -Wunreachable-code -Wno-implicit-atomic-properties -Werror\=deprecated-objc-isa-usage -Wno-objc-interface-ivars -Werror\=objc-root-class -Wno-arc-repeated-use-of-weak -Wimplicit-retain-self -Wduplicate-method-match -Wno-missing-braces -Wparentheses -Wswitch -Wunused-function -Wno-unused-label -Wno-unused-parameter -Wunused-variable -Wunused-value -Wempty-body -Wuninitialized -Wconditional-uninitialized -Wno-unknown-pragmas -Wno-shadow -Wno-four-char-constants -Wno-conversion -Wconstant-conversion -Wint-conversion -Wbool-conversion -Wenum-conversion -Wno-float-conversion -Wnon-literal-null-conversion -Wobjc-literal-conversion -Wshorten-64-to-32 -Wpointer-sign -Wno-newline-eof -Wno-selector -Wno-strict-selector-match -Wundeclared-selector -Wdeprecated-implementations -Wno-implicit-fallthrough -fstrict-aliasing -Wprotocol -Wdeprecated-declarations -Wno-sign-conversion -Winfinite-recursion -Wcomma -Wblock-capture-autoreleasing -Wstrict-prototypes -Wno-semicolon-before-method-body -Wunguarded-availability -index-store-path /Users/itechnolabs/Library/Developer/Xcode/DerivedData/Choona-dnghcflyrszrcwfmpfesqspssftx/Index.noindex/DataStore -Wno-error -Wno-deprecated-declarations -Wno-conflicting-declarations -Wno-strict-prototypes -Wno-implicit-function-declaration @/Users/itechnolabs/Library/Developer/Xcode/DerivedData/Choona-dnghcflyrszrcwfmpfesqspssftx/Build/Intermediates.noindex/Pods.build/Debug-iphonesimulator/FirebaseMessaging.build/Objects-normal/arm64/e6072d4f65d7061329687fe24e3d63a7-common-args.resp -MMD -MT dependencies -MF /Users/itechnolabs/Library/Developer/Xcode/DerivedData/Choona-dnghcflyrszrcwfmpfesqspssftx/Build/Intermediates.noindex/Pods.build/Debug-iphonesimulator/FirebaseMessaging.build/Objects-normal/arm64/FIRMessagingPersistentSyncMessage.d --serialize-diagnostics /Users/itechnolabs/Library/Developer/Xcode/DerivedData/Choona-dnghcflyrszrcwfmpfesqspssftx/Build/Intermediates.noindex/Pods.build/Debug-iphonesimulator/FirebaseMessaging.build/Objects-normal/arm64/FIRMessagingPersistentSyncMessage.dia -c /Users/itechnolabs/Documents/Vijay/choona/ios/Pods/FirebaseMessaging/FirebaseMessaging/Sources/FIRMessagingPersistentSyncMessage.m -o /Users/itechnolabs/Library/Developer/Xcode/DerivedData/Choona-dnghcflyrszrcwfmpfesqspssftx/Build/Intermediates.noindex/Pods.build/Debug-iphonesimulator/FirebaseMessaging.build/Objects-normal/arm64/FIRMessagingPersistentSyncMessage.o -index-unit-output-path /Pods.build/Debug-iphonesimulator/FirebaseMessaging.build/Objects-normal/arm64/FIRMessagingPersistentSyncMessage.o
warning: unknown warning option '-Wno-conflicting-declarations'; did you mean '-Wno-missing-declarations'? [-Wunknown-warning-option]
1 warning generated.

CompileC /Users/itechnolabs/Library/Developer/Xcode/DerivedData/Choona-dnghcflyrszrcwfmpfesqspssftx/Build/Intermediates.noindex/Pods.build/Debug-iphonesimulator/FirebaseMessaging.build/Objects-normal/arm64/FIRMessagingPendingTopicsList.o /Users/itechnolabs/Documents/Vijay/choona/ios/Pods/FirebaseMessaging/FirebaseMessaging/Sources/FIRMessagingPendingTopicsList.m normal arm64 objective-c com.apple.compilers.llvm.clang.1_0.compiler (in target 'FirebaseMessaging' from project 'Pods')
    cd /Users/itechnolabs/Documents/Vijay/choona/ios/Pods
    
    Using response file: /Users/itechnolabs/Library/Developer/Xcode/DerivedData/Choona-dnghcflyrszrcwfmpfesqspssftx/Build/Intermediates.noindex/Pods.build/Debug-iphonesimulator/FirebaseMessaging.build/Objects-normal/arm64/e6072d4f65d7061329687fe24e3d63a7-common-args.resp
    
    /Applications/Xcode.app/Contents/Developer/Toolchains/XcodeDefault.xctoolchain/usr/bin/clang -x objective-c -ivfsstatcache /Users/itechnolabs/Library/Developer/Xcode/DerivedData/SDKStatCaches.noindex/iphonesimulator26.1-23B77-90cf18a4295e390e64c810bc6bd7acbc.sdkstatcache -fmessage-length\=0 -fdiagnostics-show-note-include-stack -fmacro-backtrace-limit\=0 -fno-color-diagnostics -fmodules-prune-interval\=86400 -fmodules-prune-after\=345600 -fbuild-session-file\=/Users/itechnolabs/Library/Developer/Xcode/DerivedData/ModuleCache.noindex/Session.modulevalidation -fmodules-validate-once-per-build-session -Wnon-modular-include-in-framework-module -Werror\=non-modular-include-in-framework-module -Wno-trigraphs -Wno-missing-field-initializers -Wno-missing-prototypes -Werror\=return-type -Wdocumentation -Wunreachable-code -Wno-implicit-atomic-properties -Werror\=deprecated-objc-isa-usage -Wno-objc-interface-ivars -Werror\=objc-root-class -Wno-arc-repeated-use-of-weak -Wimplicit-retain-self -Wduplicate-method-match -Wno-missing-braces -Wparentheses -Wswitch -Wunused-function -Wno-unused-label -Wno-unused-parameter -Wunused-variable -Wunused-value -Wempty-body -Wuninitialized -Wconditional-uninitialized -Wno-unknown-pragmas -Wno-shadow -Wno-four-char-constants -Wno-conversion -Wconstant-conversion -Wint-conversion -Wbool-conversion -Wenum-conversion -Wno-float-conversion -Wnon-literal-null-conversion -Wobjc-literal-conversion -Wshorten-64-to-32 -Wpointer-sign -Wno-newline-eof -Wno-selector -Wno-strict-selector-match -Wundeclared-selector -Wdeprecated-implementations -Wno-implicit-fallthrough -fstrict-aliasing -Wprotocol -Wdeprecated-declarations -Wno-sign-conversion -Winfinite-recursion -Wcomma -Wblock-capture-autoreleasing -Wstrict-prototypes -Wno-semicolon-before-method-body -Wunguarded-availability -index-store-path /Users/itechnolabs/Library/Developer/Xcode/DerivedData/Choona-dnghcflyrszrcwfmpfesqspssftx/Index.noindex/DataStore -Wno-error -Wno-deprecated-declarations -Wno-conflicting-declarations -Wno-strict-prototypes -Wno-implicit-function-declaration @/Users/itechnolabs/Library/Developer/Xcode/DerivedData/Choona-dnghcflyrszrcwfmpfesqspssftx/Build/Intermediates.noindex/Pods.build/Debug-iphonesimulator/FirebaseMessaging.build/Objects-normal/arm64/e6072d4f65d7061329687fe24e3d63a7-common-args.resp -MMD -MT dependencies -MF /Users/itechnolabs/Library/Developer/Xcode/DerivedData/Choona-dnghcflyrszrcwfmpfesqspssftx/Build/Intermediates.noindex/Pods.build/Debug-iphonesimulator/FirebaseMessaging.build/Objects-normal/arm64/FIRMessagingPendingTopicsList.d --serialize-diagnostics /Users/itechnolabs/Library/Developer/Xcode/DerivedData/Choona-dnghcflyrszrcwfmpfesqspssftx/Build/Intermediates.noindex/Pods.build/Debug-iphonesimulator/FirebaseMessaging.build/Objects-normal/arm64/FIRMessagingPendingTopicsList.dia -c /Users/itechnolabs/Documents/Vijay/choona/ios/Pods/FirebaseMessaging/FirebaseMessaging/Sources/FIRMessagingPendingTopicsList.m -o /Users/itechnolabs/Library/Developer/Xcode/DerivedData/Choona-dnghcflyrszrcwfmpfesqspssftx/Build/Intermediates.noindex/Pods.build/Debug-iphonesimulator/FirebaseMessaging.build/Objects-normal/arm64/FIRMessagingPendingTopicsList.o -index-unit-output-path /Pods.build/Debug-iphonesimulator/FirebaseMessaging.build/Objects-normal/arm64/FIRMessagingPendingTopicsList.o
warning: unknown warning option '-Wno-conflicting-declarations'; did you mean '-Wno-missing-declarations'? [-Wunknown-warning-option]
1 warning generated.

CompileC /Users/itechnolabs/Library/Developer/Xcode/DerivedData/Choona-dnghcflyrszrcwfmpfesqspssftx/Build/Intermediates.noindex/Pods.build/Debug-iphonesimulator/FirebaseMessaging.build/Objects-normal/arm64/FIRMessagingPacketQueue.o /Users/itechnolabs/Documents/Vijay/choona/ios/Pods/FirebaseMessaging/FirebaseMessaging/Sources/FIRMessagingPacketQueue.m normal arm64 objective-c com.apple.compilers.llvm.clang.1_0.compiler (in target 'FirebaseMessaging' from project 'Pods')
    cd /Users/itechnolabs/Documents/Vijay/choona/ios/Pods
    
    Using response file: /Users/itechnolabs/Library/Developer/Xcode/DerivedData/Choona-dnghcflyrszrcwfmpfesqspssftx/Build/Intermediates.noindex/Pods.build/Debug-iphonesimulator/FirebaseMessaging.build/Objects-normal/arm64/e6072d4f65d7061329687fe24e3d63a7-common-args.resp
    
    /Applications/Xcode.app/Contents/Developer/Toolchains/XcodeDefault.xctoolchain/usr/bin/clang -x objective-c -ivfsstatcache /Users/itechnolabs/Library/Developer/Xcode/DerivedData/SDKStatCaches.noindex/iphonesimulator26.1-23B77-90cf18a4295e390e64c810bc6bd7acbc.sdkstatcache -fmessage-length\=0 -fdiagnostics-show-note-include-stack -fmacro-backtrace-limit\=0 -fno-color-diagnostics -fmodules-prune-interval\=86400 -fmodules-prune-after\=345600 -fbuild-session-file\=/Users/itechnolabs/Library/Developer/Xcode/DerivedData/ModuleCache.noindex/Session.modulevalidation -fmodules-validate-once-per-build-session -Wnon-modular-include-in-framework-module -Werror\=non-modular-include-in-framework-module -Wno-trigraphs -Wno-missing-field-initializers -Wno-missing-prototypes -Werror\=return-type -Wdocumentation -Wunreachable-code -Wno-implicit-atomic-properties -Werror\=deprecated-objc-isa-usage -Wno-objc-interface-ivars -Werror\=objc-root-class -Wno-arc-repeated-use-of-weak -Wimplicit-retain-self -Wduplicate-method-match -Wno-missing-braces -Wparentheses -Wswitch -Wunused-function -Wno-unused-label -Wno-unused-parameter -Wunused-variable -Wunused-value -Wempty-body -Wuninitialized -Wconditional-uninitialized -Wno-unknown-pragmas -Wno-shadow -Wno-four-char-constants -Wno-conversion -Wconstant-conversion -Wint-conversion -Wbool-conversion -Wenum-conversion -Wno-float-conversion -Wnon-literal-null-conversion -Wobjc-literal-conversion -Wshorten-64-to-32 -Wpointer-sign -Wno-newline-eof -Wno-selector -Wno-strict-selector-match -Wundeclared-selector -Wdeprecated-implementations -Wno-implicit-fallthrough -fstrict-aliasing -Wprotocol -Wdeprecated-declarations -Wno-sign-conversion -Winfinite-recursion -Wcomma -Wblock-capture-autoreleasing -Wstrict-prototypes -Wno-semicolon-before-method-body -Wunguarded-availability -index-store-path /Users/itechnolabs/Library/Developer/Xcode/DerivedData/Choona-dnghcflyrszrcwfmpfesqspssftx/Index.noindex/DataStore -Wno-error -Wno-deprecated-declarations -Wno-conflicting-declarations -Wno-strict-prototypes -Wno-implicit-function-declaration @/Users/itechnolabs/Library/Developer/Xcode/DerivedData/Choona-dnghcflyrszrcwfmpfesqspssftx/Build/Intermediates.noindex/Pods.build/Debug-iphonesimulator/FirebaseMessaging.build/Objects-normal/arm64/e6072d4f65d7061329687fe24e3d63a7-common-args.resp -MMD -MT dependencies -MF /Users/itechnolabs/Library/Developer/Xcode/DerivedData/Choona-dnghcflyrszrcwfmpfesqspssftx/Build/Intermediates.noindex/Pods.build/Debug-iphonesimulator/FirebaseMessaging.build/Objects-normal/arm64/FIRMessagingPacketQueue.d --serialize-diagnostics /Users/itechnolabs/Library/Developer/Xcode/DerivedData/Choona-dnghcflyrszrcwfmpfesqspssftx/Build/Intermediates.noindex/Pods.build/Debug-iphonesimulator/FirebaseMessaging.build/Objects-normal/arm64/FIRMessagingPacketQueue.dia -c /Users/itechnolabs/Documents/Vijay/choona/ios/Pods/FirebaseMessaging/FirebaseMessaging/Sources/FIRMessagingPacketQueue.m -o /Users/itechnolabs/Library/Developer/Xcode/DerivedData/Choona-dnghcflyrszrcwfmpfesqspssftx/Build/Intermediates.noindex/Pods.build/Debug-iphonesimulator/FirebaseMessaging.build/Objects-normal/arm64/FIRMessagingPacketQueue.o -index-unit-output-path /Pods.build/Debug-iphonesimulator/FirebaseMessaging.build/Objects-normal/arm64/FIRMessagingPacketQueue.o
warning: unknown warning option '-Wno-conflicting-declarations'; did you mean '-Wno-missing-declarations'? [-Wunknown-warning-option]
1 warning generated.

CompileC /Users/itechnolabs/Library/Developer/Xcode/DerivedData/Choona-dnghcflyrszrcwfmpfesqspssftx/Build/Intermediates.noindex/Pods.build/Debug-iphonesimulator/FirebaseMessaging.build/Objects-normal/arm64/FIRMessagingLogger.o /Users/itechnolabs/Documents/Vijay/choona/ios/Pods/FirebaseMessaging/FirebaseMessaging/Sources/FIRMessagingLogger.m normal arm64 objective-c com.apple.compilers.llvm.clang.1_0.compiler (in target 'FirebaseMessaging' from project 'Pods')
    cd /Users/itechnolabs/Documents/Vijay/choona/ios/Pods
    
    Using response file: /Users/itechnolabs/Library/Developer/Xcode/DerivedData/Choona-dnghcflyrszrcwfmpfesqspssftx/Build/Intermediates.noindex/Pods.build/Debug-iphonesimulator/FirebaseMessaging.build/Objects-normal/arm64/e6072d4f65d7061329687fe24e3d63a7-common-args.resp
    
    /Applications/Xcode.app/Contents/Developer/Toolchains/XcodeDefault.xctoolchain/usr/bin/clang -x objective-c -ivfsstatcache /Users/itechnolabs/Library/Developer/Xcode/DerivedData/SDKStatCaches.noindex/iphonesimulator26.1-23B77-90cf18a4295e390e64c810bc6bd7acbc.sdkstatcache -fmessage-length\=0 -fdiagnostics-show-note-include-stack -fmacro-backtrace-limit\=0 -fno-color-diagnostics -fmodules-prune-interval\=86400 -fmodules-prune-after\=345600 -fbuild-session-file\=/Users/itechnolabs/Library/Developer/Xcode/DerivedData/ModuleCache.noindex/Session.modulevalidation -fmodules-validate-once-per-build-session -Wnon-modular-include-in-framework-module -Werror\=non-modular-include-in-framework-module -Wno-trigraphs -Wno-missing-field-initializers -Wno-missing-prototypes -Werror\=return-type -Wdocumentation -Wunreachable-code -Wno-implicit-atomic-properties -Werror\=deprecated-objc-isa-usage -Wno-objc-interface-ivars -Werror\=objc-root-class -Wno-arc-repeated-use-of-weak -Wimplicit-retain-self -Wduplicate-method-match -Wno-missing-braces -Wparentheses -Wswitch -Wunused-function -Wno-unused-label -Wno-unused-parameter -Wunused-variable -Wunused-value -Wempty-body -Wuninitialized -Wconditional-uninitialized -Wno-unknown-pragmas -Wno-shadow -Wno-four-char-constants -Wno-conversion -Wconstant-conversion -Wint-conversion -Wbool-conversion -Wenum-conversion -Wno-float-conversion -Wnon-literal-null-conversion -Wobjc-literal-conversion -Wshorten-64-to-32 -Wpointer-sign -Wno-newline-eof -Wno-selector -Wno-strict-selector-match -Wundeclared-selector -Wdeprecated-implementations -Wno-implicit-fallthrough -fstrict-aliasing -Wprotocol -Wdeprecated-declarations -Wno-sign-conversion -Winfinite-recursion -Wcomma -Wblock-capture-autoreleasing -Wstrict-prototypes -Wno-semicolon-before-method-body -Wunguarded-availability -index-store-path /Users/itechnolabs/Library/Developer/Xcode/DerivedData/Choona-dnghcflyrszrcwfmpfesqspssftx/Index.noindex/DataStore -Wno-error -Wno-deprecated-declarations -Wno-conflicting-declarations -Wno-strict-prototypes -Wno-implicit-function-declaration @/Users/itechnolabs/Library/Developer/Xcode/DerivedData/Choona-dnghcflyrszrcwfmpfesqspssftx/Build/Intermediates.noindex/Pods.build/Debug-iphonesimulator/FirebaseMessaging.build/Objects-normal/arm64/e6072d4f65d7061329687fe24e3d63a7-common-args.resp -MMD -MT dependencies -MF /Users/itechnolabs/Library/Developer/Xcode/DerivedData/Choona-dnghcflyrszrcwfmpfesqspssftx/Build/Intermediates.noindex/Pods.build/Debug-iphonesimulator/FirebaseMessaging.build/Objects-normal/arm64/FIRMessagingLogger.d --serialize-diagnostics /Users/itechnolabs/Library/Developer/Xcode/DerivedData/Choona-dnghcflyrszrcwfmpfesqspssftx/Build/Intermediates.noindex/Pods.build/Debug-iphonesimulator/FirebaseMessaging.build/Objects-normal/arm64/FIRMessagingLogger.dia -c /Users/itechnolabs/Documents/Vijay/choona/ios/Pods/FirebaseMessaging/FirebaseMessaging/Sources/FIRMessagingLogger.m -o /Users/itechnolabs/Library/Developer/Xcode/DerivedData/Choona-dnghcflyrszrcwfmpfesqspssftx/Build/Intermediates.noindex/Pods.build/Debug-iphonesimulator/FirebaseMessaging.build/Objects-normal/arm64/FIRMessagingLogger.o -index-unit-output-path /Pods.build/Debug-iphonesimulator/FirebaseMessaging.build/Objects-normal/arm64/FIRMessagingLogger.o
warning: unknown warning option '-Wno-conflicting-declarations'; did you mean '-Wno-missing-declarations'? [-Wunknown-warning-option]
1 warning generated.

CompileC /Users/itechnolabs/Library/Developer/Xcode/DerivedData/Choona-dnghcflyrszrcwfmpfesqspssftx/Build/Intermediates.noindex/Pods.build/Debug-iphonesimulator/FirebaseMessaging.build/Objects-normal/arm64/FIRMessagingExtensionHelper.o /Users/itechnolabs/Documents/Vijay/choona/ios/Pods/FirebaseMessaging/FirebaseMessaging/Sources/FIRMessagingExtensionHelper.m normal arm64 objective-c com.apple.compilers.llvm.clang.1_0.compiler (in target 'FirebaseMessaging' from project 'Pods')
    cd /Users/itechnolabs/Documents/Vijay/choona/ios/Pods
    
    Using response file: /Users/itechnolabs/Library/Developer/Xcode/DerivedData/Choona-dnghcflyrszrcwfmpfesqspssftx/Build/Intermediates.noindex/Pods.build/Debug-iphonesimulator/FirebaseMessaging.build/Objects-normal/arm64/e6072d4f65d7061329687fe24e3d63a7-common-args.resp
    
    /Applications/Xcode.app/Contents/Developer/Toolchains/XcodeDefault.xctoolchain/usr/bin/clang -x objective-c -ivfsstatcache /Users/itechnolabs/Library/Developer/Xcode/DerivedData/SDKStatCaches.noindex/iphonesimulator26.1-23B77-90cf18a4295e390e64c810bc6bd7acbc.sdkstatcache -fmessage-length\=0 -fdiagnostics-show-note-include-stack -fmacro-backtrace-limit\=0 -fno-color-diagnostics -fmodules-prune-interval\=86400 -fmodules-prune-after\=345600 -fbuild-session-file\=/Users/itechnolabs/Library/Developer/Xcode/DerivedData/ModuleCache.noindex/Session.modulevalidation -fmodules-validate-once-per-build-session -Wnon-modular-include-in-framework-module -Werror\=non-modular-include-in-framework-module -Wno-trigraphs -Wno-missing-field-initializers -Wno-missing-prototypes -Werror\=return-type -Wdocumentation -Wunreachable-code -Wno-implicit-atomic-properties -Werror\=deprecated-objc-isa-usage -Wno-objc-interface-ivars -Werror\=objc-root-class -Wno-arc-repeated-use-of-weak -Wimplicit-retain-self -Wduplicate-method-match -Wno-missing-braces -Wparentheses -Wswitch -Wunused-function -Wno-unused-label -Wno-unused-parameter -Wunused-variable -Wunused-value -Wempty-body -Wuninitialized -Wconditional-uninitialized -Wno-unknown-pragmas -Wno-shadow -Wno-four-char-constants -Wno-conversion -Wconstant-conversion -Wint-conversion -Wbool-conversion -Wenum-conversion -Wno-float-conversion -Wnon-literal-null-conversion -Wobjc-literal-conversion -Wshorten-64-to-32 -Wpointer-sign -Wno-newline-eof -Wno-selector -Wno-strict-selector-match -Wundeclared-selector -Wdeprecated-implementations -Wno-implicit-fallthrough -fstrict-aliasing -Wprotocol -Wdeprecated-declarations -Wno-sign-conversion -Winfinite-recursion -Wcomma -Wblock-capture-autoreleasing -Wstrict-prototypes -Wno-semicolon-before-method-body -Wunguarded-availability -index-store-path /Users/itechnolabs/Library/Developer/Xcode/DerivedData/Choona-dnghcflyrszrcwfmpfesqspssftx/Index.noindex/DataStore -Wno-error -Wno-deprecated-declarations -Wno-conflicting-declarations -Wno-strict-prototypes -Wno-implicit-function-declaration @/Users/itechnolabs/Library/Developer/Xcode/DerivedData/Choona-dnghcflyrszrcwfmpfesqspssftx/Build/Intermediates.noindex/Pods.build/Debug-iphonesimulator/FirebaseMessaging.build/Objects-normal/arm64/e6072d4f65d7061329687fe24e3d63a7-common-args.resp -MMD -MT dependencies -MF /Users/itechnolabs/Library/Developer/Xcode/DerivedData/Choona-dnghcflyrszrcwfmpfesqspssftx/Build/Intermediates.noindex/Pods.build/Debug-iphonesimulator/FirebaseMessaging.build/Objects-normal/arm64/FIRMessagingExtensionHelper.d --serialize-diagnostics /Users/itechnolabs/Library/Developer/Xcode/DerivedData/Choona-dnghcflyrszrcwfmpfesqspssftx/Build/Intermediates.noindex/Pods.build/Debug-iphonesimulator/FirebaseMessaging.build/Objects-normal/arm64/FIRMessagingExtensionHelper.dia -c /Users/itechnolabs/Documents/Vijay/choona/ios/Pods/FirebaseMessaging/FirebaseMessaging/Sources/FIRMessagingExtensionHelper.m -o /Users/itechnolabs/Library/Developer/Xcode/DerivedData/Choona-dnghcflyrszrcwfmpfesqspssftx/Build/Intermediates.noindex/Pods.build/Debug-iphonesimulator/FirebaseMessaging.build/Objects-normal/arm64/FIRMessagingExtensionHelper.o -index-unit-output-path /Pods.build/Debug-iphonesimulator/FirebaseMessaging.build/Objects-normal/arm64/FIRMessagingExtensionHelper.o
warning: unknown warning option '-Wno-conflicting-declarations'; did you mean '-Wno-missing-declarations'? [-Wunknown-warning-option]
1 warning generated.

CompileC /Users/itechnolabs/Library/Developer/Xcode/DerivedData/Choona-dnghcflyrszrcwfmpfesqspssftx/Build/Intermediates.noindex/Pods.build/Debug-iphonesimulator/FirebaseMessaging.build/Objects-normal/arm64/FIRMessagingDelayedMessageQueue.o /Users/itechnolabs/Documents/Vijay/choona/ios/Pods/FirebaseMessaging/FirebaseMessaging/Sources/FIRMessagingDelayedMessageQueue.m normal arm64 objective-c com.apple.compilers.llvm.clang.1_0.compiler (in target 'FirebaseMessaging' from project 'Pods')
    cd /Users/itechnolabs/Documents/Vijay/choona/ios/Pods
    
    Using response file: /Users/itechnolabs/Library/Developer/Xcode/DerivedData/Choona-dnghcflyrszrcwfmpfesqspssftx/Build/Intermediates.noindex/Pods.build/Debug-iphonesimulator/FirebaseMessaging.build/Objects-normal/arm64/e6072d4f65d7061329687fe24e3d63a7-common-args.resp
    
    /Applications/Xcode.app/Contents/Developer/Toolchains/XcodeDefault.xctoolchain/usr/bin/clang -x objective-c -ivfsstatcache /Users/itechnolabs/Library/Developer/Xcode/DerivedData/SDKStatCaches.noindex/iphonesimulator26.1-23B77-90cf18a4295e390e64c810bc6bd7acbc.sdkstatcache -fmessage-length\=0 -fdiagnostics-show-note-include-stack -fmacro-backtrace-limit\=0 -fno-color-diagnostics -fmodules-prune-interval\=86400 -fmodules-prune-after\=345600 -fbuild-session-file\=/Users/itechnolabs/Library/Developer/Xcode/DerivedData/ModuleCache.noindex/Session.modulevalidation -fmodules-validate-once-per-build-session -Wnon-modular-include-in-framework-module -Werror\=non-modular-include-in-framework-module -Wno-trigraphs -Wno-missing-field-initializers -Wno-missing-prototypes -Werror\=return-type -Wdocumentation -Wunreachable-code -Wno-implicit-atomic-properties -Werror\=deprecated-objc-isa-usage -Wno-objc-interface-ivars -Werror\=objc-root-class -Wno-arc-repeated-use-of-weak -Wimplicit-retain-self -Wduplicate-method-match -Wno-missing-braces -Wparentheses -Wswitch -Wunused-function -Wno-unused-label -Wno-unused-parameter -Wunused-variable -Wunused-value -Wempty-body -Wuninitialized -Wconditional-uninitialized -Wno-unknown-pragmas -Wno-shadow -Wno-four-char-constants -Wno-conversion -Wconstant-conversion -Wint-conversion -Wbool-conversion -Wenum-conversion -Wno-float-conversion -Wnon-literal-null-conversion -Wobjc-literal-conversion -Wshorten-64-to-32 -Wpointer-sign -Wno-newline-eof -Wno-selector -Wno-strict-selector-match -Wundeclared-selector -Wdeprecated-implementations -Wno-implicit-fallthrough -fstrict-aliasing -Wprotocol -Wdeprecated-declarations -Wno-sign-conversion -Winfinite-recursion -Wcomma -Wblock-capture-autoreleasing -Wstrict-prototypes -Wno-semicolon-before-method-body -Wunguarded-availability -index-store-path /Users/itechnolabs/Library/Developer/Xcode/DerivedData/Choona-dnghcflyrszrcwfmpfesqspssftx/Index.noindex/DataStore -Wno-error -Wno-deprecated-declarations -Wno-conflicting-declarations -Wno-strict-prototypes -Wno-implicit-function-declaration @/Users/itechnolabs/Library/Developer/Xcode/DerivedData/Choona-dnghcflyrszrcwfmpfesqspssftx/Build/Intermediates.noindex/Pods.build/Debug-iphonesimulator/FirebaseMessaging.build/Objects-normal/arm64/e6072d4f65d7061329687fe24e3d63a7-common-args.resp -MMD -MT dependencies -MF /Users/itechnolabs/Library/Developer/Xcode/DerivedData/Choona-dnghcflyrszrcwfmpfesqspssftx/Build/Intermediates.noindex/Pods.build/Debug-iphonesimulator/FirebaseMessaging.build/Objects-normal/arm64/FIRMessagingDelayedMessageQueue.d --serialize-diagnostics /Users/itechnolabs/Library/Developer/Xcode/DerivedData/Choona-dnghcflyrszrcwfmpfesqspssftx/Build/Intermediates.noindex/Pods.build/Debug-iphonesimulator/FirebaseMessaging.build/Objects-normal/arm64/FIRMessagingDelayedMessageQueue.dia -c /Users/itechnolabs/Documents/Vijay/choona/ios/Pods/FirebaseMessaging/FirebaseMessaging/Sources/FIRMessagingDelayedMessageQueue.m -o /Users/itechnolabs/Library/Developer/Xcode/DerivedData/Choona-dnghcflyrszrcwfmpfesqspssftx/Build/Intermediates.noindex/Pods.build/Debug-iphonesimulator/FirebaseMessaging.build/Objects-normal/arm64/FIRMessagingDelayedMessageQueue.o -index-unit-output-path /Pods.build/Debug-iphonesimulator/FirebaseMessaging.build/Objects-normal/arm64/FIRMessagingDelayedMessageQueue.o
warning: unknown warning option '-Wno-conflicting-declarations'; did you mean '-Wno-missing-declarations'? [-Wunknown-warning-option]
1 warning generated.

CompileC /Users/itechnolabs/Library/Developer/Xcode/DerivedData/Choona-dnghcflyrszrcwfmpfesqspssftx/Build/Intermediates.noindex/Pods.build/Debug-iphonesimulator/FirebaseMessaging.build/Objects-normal/arm64/FIRMessagingDataMessageManager.o /Users/itechnolabs/Documents/Vijay/choona/ios/Pods/FirebaseMessaging/FirebaseMessaging/Sources/FIRMessagingDataMessageManager.m normal arm64 objective-c com.apple.compilers.llvm.clang.1_0.compiler (in target 'FirebaseMessaging' from project 'Pods')
    cd /Users/itechnolabs/Documents/Vijay/choona/ios/Pods
    
    Using response file: /Users/itechnolabs/Library/Developer/Xcode/DerivedData/Choona-dnghcflyrszrcwfmpfesqspssftx/Build/Intermediates.noindex/Pods.build/Debug-iphonesimulator/FirebaseMessaging.build/Objects-normal/arm64/e6072d4f65d7061329687fe24e3d63a7-common-args.resp
    
    /Applications/Xcode.app/Contents/Developer/Toolchains/XcodeDefault.xctoolchain/usr/bin/clang -x objective-c -ivfsstatcache /Users/itechnolabs/Library/Developer/Xcode/DerivedData/SDKStatCaches.noindex/iphonesimulator26.1-23B77-90cf18a4295e390e64c810bc6bd7acbc.sdkstatcache -fmessage-length\=0 -fdiagnostics-show-note-include-stack -fmacro-backtrace-limit\=0 -fno-color-diagnostics -fmodules-prune-interval\=86400 -fmodules-prune-after\=345600 -fbuild-session-file\=/Users/itechnolabs/Library/Developer/Xcode/DerivedData/ModuleCache.noindex/Session.modulevalidation -fmodules-validate-once-per-build-session -Wnon-modular-include-in-framework-module -Werror\=non-modular-include-in-framework-module -Wno-trigraphs -Wno-missing-field-initializers -Wno-missing-prototypes -Werror\=return-type -Wdocumentation -Wunreachable-code -Wno-implicit-atomic-properties -Werror\=deprecated-objc-isa-usage -Wno-objc-interface-ivars -Werror\=objc-root-class -Wno-arc-repeated-use-of-weak -Wimplicit-retain-self -Wduplicate-method-match -Wno-missing-braces -Wparentheses -Wswitch -Wunused-function -Wno-unused-label -Wno-unused-parameter -Wunused-variable -Wunused-value -Wempty-body -Wuninitialized -Wconditional-uninitialized -Wno-unknown-pragmas -Wno-shadow -Wno-four-char-constants -Wno-conversion -Wconstant-conversion -Wint-conversion -Wbool-conversion -Wenum-conversion -Wno-float-conversion -Wnon-literal-null-conversion -Wobjc-literal-conversion -Wshorten-64-to-32 -Wpointer-sign -Wno-newline-eof -Wno-selector -Wno-strict-selector-match -Wundeclared-selector -Wdeprecated-implementations -Wno-implicit-fallthrough -fstrict-aliasing -Wprotocol -Wdeprecated-declarations -Wno-sign-conversion -Winfinite-recursion -Wcomma -Wblock-capture-autoreleasing -Wstrict-prototypes -Wno-semicolon-before-method-body -Wunguarded-availability -index-store-path /Users/itechnolabs/Library/Developer/Xcode/DerivedData/Choona-dnghcflyrszrcwfmpfesqspssftx/Index.noindex/DataStore -Wno-error -Wno-deprecated-declarations -Wno-conflicting-declarations -Wno-strict-prototypes -Wno-implicit-function-declaration @/Users/itechnolabs/Library/Developer/Xcode/DerivedData/Choona-dnghcflyrszrcwfmpfesqspssftx/Build/Intermediates.noindex/Pods.build/Debug-iphonesimulator/FirebaseMessaging.build/Objects-normal/arm64/e6072d4f65d7061329687fe24e3d63a7-common-args.resp -MMD -MT dependencies -MF /Users/itechnolabs/Library/Developer/Xcode/DerivedData/Choona-dnghcflyrszrcwfmpfesqspssftx/Build/Intermediates.noindex/Pods.build/Debug-iphonesimulator/FirebaseMessaging.build/Objects-normal/arm64/FIRMessagingDataMessageManager.d --serialize-diagnostics /Users/itechnolabs/Library/Developer/Xcode/DerivedData/Choona-dnghcflyrszrcwfmpfesqspssftx/Build/Intermediates.noindex/Pods.build/Debug-iphonesimulator/FirebaseMessaging.build/Objects-normal/arm64/FIRMessagingDataMessageManager.dia -c /Users/itechnolabs/Documents/Vijay/choona/ios/Pods/FirebaseMessaging/FirebaseMessaging/Sources/FIRMessagingDataMessageManager.m -o /Users/itechnolabs/Library/Developer/Xcode/DerivedData/Choona-dnghcflyrszrcwfmpfesqspssftx/Build/Intermediates.noindex/Pods.build/Debug-iphonesimulator/FirebaseMessaging.build/Objects-normal/arm64/FIRMessagingDataMessageManager.o -index-unit-output-path /Pods.build/Debug-iphonesimulator/FirebaseMessaging.build/Objects-normal/arm64/FIRMessagingDataMessageManager.o
warning: unknown warning option '-Wno-conflicting-declarations'; did you mean '-Wno-missing-declarations'? [-Wunknown-warning-option]
1 warning generated.

CompileC /Users/itechnolabs/Library/Developer/Xcode/DerivedData/Choona-dnghcflyrszrcwfmpfesqspssftx/Build/Intermediates.noindex/Pods.build/Debug-iphonesimulator/FirebaseMessaging.build/Objects-normal/arm64/FIRMessagingContextManagerService.o /Users/itechnolabs/Documents/Vijay/choona/ios/Pods/FirebaseMessaging/FirebaseMessaging/Sources/FIRMessagingContextManagerService.m normal arm64 objective-c com.apple.compilers.llvm.clang.1_0.compiler (in target 'FirebaseMessaging' from project 'Pods')
    cd /Users/itechnolabs/Documents/Vijay/choona/ios/Pods
    
    Using response file: /Users/itechnolabs/Library/Developer/Xcode/DerivedData/Choona-dnghcflyrszrcwfmpfesqspssftx/Build/Intermediates.noindex/Pods.build/Debug-iphonesimulator/FirebaseMessaging.build/Objects-normal/arm64/e6072d4f65d7061329687fe24e3d63a7-common-args.resp
    
    /Applications/Xcode.app/Contents/Developer/Toolchains/XcodeDefault.xctoolchain/usr/bin/clang -x objective-c -ivfsstatcache /Users/itechnolabs/Library/Developer/Xcode/DerivedData/SDKStatCaches.noindex/iphonesimulator26.1-23B77-90cf18a4295e390e64c810bc6bd7acbc.sdkstatcache -fmessage-length\=0 -fdiagnostics-show-note-include-stack -fmacro-backtrace-limit\=0 -fno-color-diagnostics -fmodules-prune-interval\=86400 -fmodules-prune-after\=345600 -fbuild-session-file\=/Users/itechnolabs/Library/Developer/Xcode/DerivedData/ModuleCache.noindex/Session.modulevalidation -fmodules-validate-once-per-build-session -Wnon-modular-include-in-framework-module -Werror\=non-modular-include-in-framework-module -Wno-trigraphs -Wno-missing-field-initializers -Wno-missing-prototypes -Werror\=return-type -Wdocumentation -Wunreachable-code -Wno-implicit-atomic-properties -Werror\=deprecated-objc-isa-usage -Wno-objc-interface-ivars -Werror\=objc-root-class -Wno-arc-repeated-use-of-weak -Wimplicit-retain-self -Wduplicate-method-match -Wno-missing-braces -Wparentheses -Wswitch -Wunused-function -Wno-unused-label -Wno-unused-parameter -Wunused-variable -Wunused-value -Wempty-body -Wuninitialized -Wconditional-uninitialized -Wno-unknown-pragmas -Wno-shadow -Wno-four-char-constants -Wno-conversion -Wconstant-conversion -Wint-conversion -Wbool-conversion -Wenum-conversion -Wno-float-conversion -Wnon-literal-null-conversion -Wobjc-literal-conversion -Wshorten-64-to-32 -Wpointer-sign -Wno-newline-eof -Wno-selector -Wno-strict-selector-match -Wundeclared-selector -Wdeprecated-implementations -Wno-implicit-fallthrough -fstrict-aliasing -Wprotocol -Wdeprecated-declarations -Wno-sign-conversion -Winfinite-recursion -Wcomma -Wblock-capture-autoreleasing -Wstrict-prototypes -Wno-semicolon-before-method-body -Wunguarded-availability -index-store-path /Users/itechnolabs/Library/Developer/Xcode/DerivedData/Choona-dnghcflyrszrcwfmpfesqspssftx/Index.noindex/DataStore -Wno-error -Wno-deprecated-declarations -Wno-conflicting-declarations -Wno-strict-prototypes -Wno-implicit-function-declaration @/Users/itechnolabs/Library/Developer/Xcode/DerivedData/Choona-dnghcflyrszrcwfmpfesqspssftx/Build/Intermediates.noindex/Pods.build/Debug-iphonesimulator/FirebaseMessaging.build/Objects-normal/arm64/e6072d4f65d7061329687fe24e3d63a7-common-args.resp -MMD -MT dependencies -MF /Users/itechnolabs/Library/Developer/Xcode/DerivedData/Choona-dnghcflyrszrcwfmpfesqspssftx/Build/Intermediates.noindex/Pods.build/Debug-iphonesimulator/FirebaseMessaging.build/Objects-normal/arm64/FIRMessagingContextManagerService.d --serialize-diagnostics /Users/itechnolabs/Library/Developer/Xcode/DerivedData/Choona-dnghcflyrszrcwfmpfesqspssftx/Build/Intermediates.noindex/Pods.build/Debug-iphonesimulator/FirebaseMessaging.build/Objects-normal/arm64/FIRMessagingContextManagerService.dia -c /Users/itechnolabs/Documents/Vijay/choona/ios/Pods/FirebaseMessaging/FirebaseMessaging/Sources/FIRMessagingContextManagerService.m -o /Users/itechnolabs/Library/Developer/Xcode/DerivedData/Choona-dnghcflyrszrcwfmpfesqspssftx/Build/Intermediates.noindex/Pods.build/Debug-iphonesimulator/FirebaseMessaging.build/Objects-normal/arm64/FIRMessagingContextManagerService.o -index-unit-output-path /Pods.build/Debug-iphonesimulator/FirebaseMessaging.build/Objects-normal/arm64/FIRMessagingContextManagerService.o
warning: unknown warning option '-Wno-conflicting-declarations'; did you mean '-Wno-missing-declarations'? [-Wunknown-warning-option]
1 warning generated.

CompileC /Users/itechnolabs/Library/Developer/Xcode/DerivedData/Choona-dnghcflyrszrcwfmpfesqspssftx/Build/Intermediates.noindex/Pods.build/Debug-iphonesimulator/FirebaseMessaging.build/Objects-normal/arm64/FIRMessagingConstants.o /Users/itechnolabs/Documents/Vijay/choona/ios/Pods/FirebaseMessaging/FirebaseMessaging/Sources/FIRMessagingConstants.m normal arm64 objective-c com.apple.compilers.llvm.clang.1_0.compiler (in target 'FirebaseMessaging' from project 'Pods')
    cd /Users/itechnolabs/Documents/Vijay/choona/ios/Pods
    
    Using response file: /Users/itechnolabs/Library/Developer/Xcode/DerivedData/Choona-dnghcflyrszrcwfmpfesqspssftx/Build/Intermediates.noindex/Pods.build/Debug-iphonesimulator/FirebaseMessaging.build/Objects-normal/arm64/e6072d4f65d7061329687fe24e3d63a7-common-args.resp
    
    /Applications/Xcode.app/Contents/Developer/Toolchains/XcodeDefault.xctoolchain/usr/bin/clang -x objective-c -ivfsstatcache /Users/itechnolabs/Library/Developer/Xcode/DerivedData/SDKStatCaches.noindex/iphonesimulator26.1-23B77-90cf18a4295e390e64c810bc6bd7acbc.sdkstatcache -fmessage-length\=0 -fdiagnostics-show-note-include-stack -fmacro-backtrace-limit\=0 -fno-color-diagnostics -fmodules-prune-interval\=86400 -fmodules-prune-after\=345600 -fbuild-session-file\=/Users/itechnolabs/Library/Developer/Xcode/DerivedData/ModuleCache.noindex/Session.modulevalidation -fmodules-validate-once-per-build-session -Wnon-modular-include-in-framework-module -Werror\=non-modular-include-in-framework-module -Wno-trigraphs -Wno-missing-field-initializers -Wno-missing-prototypes -Werror\=return-type -Wdocumentation -Wunreachable-code -Wno-implicit-atomic-properties -Werror\=deprecated-objc-isa-usage -Wno-objc-interface-ivars -Werror\=objc-root-class -Wno-arc-repeated-use-of-weak -Wimplicit-retain-self -Wduplicate-method-match -Wno-missing-braces -Wparentheses -Wswitch -Wunused-function -Wno-unused-label -Wno-unused-parameter -Wunused-variable -Wunused-value -Wempty-body -Wuninitialized -Wconditional-uninitialized -Wno-unknown-pragmas -Wno-shadow -Wno-four-char-constants -Wno-conversion -Wconstant-conversion -Wint-conversion -Wbool-conversion -Wenum-conversion -Wno-float-conversion -Wnon-literal-null-conversion -Wobjc-literal-conversion -Wshorten-64-to-32 -Wpointer-sign -Wno-newline-eof -Wno-selector -Wno-strict-selector-match -Wundeclared-selector -Wdeprecated-implementations -Wno-implicit-fallthrough -fstrict-aliasing -Wprotocol -Wdeprecated-declarations -Wno-sign-conversion -Winfinite-recursion -Wcomma -Wblock-capture-autoreleasing -Wstrict-prototypes -Wno-semicolon-before-method-body -Wunguarded-availability -index-store-path /Users/itechnolabs/Library/Developer/Xcode/DerivedData/Choona-dnghcflyrszrcwfmpfesqspssftx/Index.noindex/DataStore -Wno-error -Wno-deprecated-declarations -Wno-conflicting-declarations -Wno-strict-prototypes -Wno-implicit-function-declaration @/Users/itechnolabs/Library/Developer/Xcode/DerivedData/Choona-dnghcflyrszrcwfmpfesqspssftx/Build/Intermediates.noindex/Pods.build/Debug-iphonesimulator/FirebaseMessaging.build/Objects-normal/arm64/e6072d4f65d7061329687fe24e3d63a7-common-args.resp -MMD -MT dependencies -MF /Users/itechnolabs/Library/Developer/Xcode/DerivedData/Choona-dnghcflyrszrcwfmpfesqspssftx/Build/Intermediates.noindex/Pods.build/Debug-iphonesimulator/FirebaseMessaging.build/Objects-normal/arm64/FIRMessagingConstants.d --serialize-diagnostics /Users/itechnolabs/Library/Developer/Xcode/DerivedData/Choona-dnghcflyrszrcwfmpfesqspssftx/Build/Intermediates.noindex/Pods.build/Debug-iphonesimulator/FirebaseMessaging.build/Objects-normal/arm64/FIRMessagingConstants.dia -c /Users/itechnolabs/Documents/Vijay/choona/ios/Pods/FirebaseMessaging/FirebaseMessaging/Sources/FIRMessagingConstants.m -o /Users/itechnolabs/Library/Developer/Xcode/DerivedData/Choona-dnghcflyrszrcwfmpfesqspssftx/Build/Intermediates.noindex/Pods.build/Debug-iphonesimulator/FirebaseMessaging.build/Objects-normal/arm64/FIRMessagingConstants.o -index-unit-output-path /Pods.build/Debug-iphonesimulator/FirebaseMessaging.build/Objects-normal/arm64/FIRMessagingConstants.o
warning: unknown warning option '-Wno-conflicting-declarations'; did you mean '-Wno-missing-declarations'? [-Wunknown-warning-option]
1 warning generated.

CompileC /Users/itechnolabs/Library/Developer/Xcode/DerivedData/Choona-dnghcflyrszrcwfmpfesqspssftx/Build/Intermediates.noindex/Pods.build/Debug-iphonesimulator/FirebaseMessaging.build/Objects-normal/arm64/FIRMessagingConnection.o /Users/itechnolabs/Documents/Vijay/choona/ios/Pods/FirebaseMessaging/FirebaseMessaging/Sources/FIRMessagingConnection.m normal arm64 objective-c com.apple.compilers.llvm.clang.1_0.compiler (in target 'FirebaseMessaging' from project 'Pods')
    cd /Users/itechnolabs/Documents/Vijay/choona/ios/Pods
    
    Using response file: /Users/itechnolabs/Library/Developer/Xcode/DerivedData/Choona-dnghcflyrszrcwfmpfesqspssftx/Build/Intermediates.noindex/Pods.build/Debug-iphonesimulator/FirebaseMessaging.build/Objects-normal/arm64/e6072d4f65d7061329687fe24e3d63a7-common-args.resp
    
    /Applications/Xcode.app/Contents/Developer/Toolchains/XcodeDefault.xctoolchain/usr/bin/clang -x objective-c -ivfsstatcache /Users/itechnolabs/Library/Developer/Xcode/DerivedData/SDKStatCaches.noindex/iphonesimulator26.1-23B77-90cf18a4295e390e64c810bc6bd7acbc.sdkstatcache -fmessage-length\=0 -fdiagnostics-show-note-include-stack -fmacro-backtrace-limit\=0 -fno-color-diagnostics -fmodules-prune-interval\=86400 -fmodules-prune-after\=345600 -fbuild-session-file\=/Users/itechnolabs/Library/Developer/Xcode/DerivedData/ModuleCache.noindex/Session.modulevalidation -fmodules-validate-once-per-build-session -Wnon-modular-include-in-framework-module -Werror\=non-modular-include-in-framework-module -Wno-trigraphs -Wno-missing-field-initializers -Wno-missing-prototypes -Werror\=return-type -Wdocumentation -Wunreachable-code -Wno-implicit-atomic-properties -Werror\=deprecated-objc-isa-usage -Wno-objc-interface-ivars -Werror\=objc-root-class -Wno-arc-repeated-use-of-weak -Wimplicit-retain-self -Wduplicate-method-match -Wno-missing-braces -Wparentheses -Wswitch -Wunused-function -Wno-unused-label -Wno-unused-parameter -Wunused-variable -Wunused-value -Wempty-body -Wuninitialized -Wconditional-uninitialized -Wno-unknown-pragmas -Wno-shadow -Wno-four-char-constants -Wno-conversion -Wconstant-conversion -Wint-conversion -Wbool-conversion -Wenum-conversion -Wno-float-conversion -Wnon-literal-null-conversion -Wobjc-literal-conversion -Wshorten-64-to-32 -Wpointer-sign -Wno-newline-eof -Wno-selector -Wno-strict-selector-match -Wundeclared-selector -Wdeprecated-implementations -Wno-implicit-fallthrough -fstrict-aliasing -Wprotocol -Wdeprecated-declarations -Wno-sign-conversion -Winfinite-recursion -Wcomma -Wblock-capture-autoreleasing -Wstrict-prototypes -Wno-semicolon-before-method-body -Wunguarded-availability -index-store-path /Users/itechnolabs/Library/Developer/Xcode/DerivedData/Choona-dnghcflyrszrcwfmpfesqspssftx/Index.noindex/DataStore -Wno-error -Wno-deprecated-declarations -Wno-conflicting-declarations -Wno-strict-prototypes -Wno-implicit-function-declaration @/Users/itechnolabs/Library/Developer/Xcode/DerivedData/Choona-dnghcflyrszrcwfmpfesqspssftx/Build/Intermediates.noindex/Pods.build/Debug-iphonesimulator/FirebaseMessaging.build/Objects-normal/arm64/e6072d4f65d7061329687fe24e3d63a7-common-args.resp -MMD -MT dependencies -MF /Users/itechnolabs/Library/Developer/Xcode/DerivedData/Choona-dnghcflyrszrcwfmpfesqspssftx/Build/Intermediates.noindex/Pods.build/Debug-iphonesimulator/FirebaseMessaging.build/Objects-normal/arm64/FIRMessagingConnection.d --serialize-diagnostics /Users/itechnolabs/Library/Developer/Xcode/DerivedData/Choona-dnghcflyrszrcwfmpfesqspssftx/Build/Intermediates.noindex/Pods.build/Debug-iphonesimulator/FirebaseMessaging.build/Objects-normal/arm64/FIRMessagingConnection.dia -c /Users/itechnolabs/Documents/Vijay/choona/ios/Pods/FirebaseMessaging/FirebaseMessaging/Sources/FIRMessagingConnection.m -o /Users/itechnolabs/Library/Developer/Xcode/DerivedData/Choona-dnghcflyrszrcwfmpfesqspssftx/Build/Intermediates.noindex/Pods.build/Debug-iphonesimulator/FirebaseMessaging.build/Objects-normal/arm64/FIRMessagingConnection.o -index-unit-output-path /Pods.build/Debug-iphonesimulator/FirebaseMessaging.build/Objects-normal/arm64/FIRMessagingConnection.o
warning: unknown warning option '-Wno-conflicting-declarations'; did you mean '-Wno-missing-declarations'? [-Wunknown-warning-option]
1 warning generated.

CompileC /Users/itechnolabs/Library/Developer/Xcode/DerivedData/Choona-dnghcflyrszrcwfmpfesqspssftx/Build/Intermediates.noindex/Pods.build/Debug-iphonesimulator/FirebaseMessaging.build/Objects-normal/arm64/FIRMessagingCodedInputStream.o /Users/itechnolabs/Documents/Vijay/choona/ios/Pods/FirebaseMessaging/FirebaseMessaging/Sources/FIRMessagingCodedInputStream.m normal arm64 objective-c com.apple.compilers.llvm.clang.1_0.compiler (in target 'FirebaseMessaging' from project 'Pods')
    cd /Users/itechnolabs/Documents/Vijay/choona/ios/Pods
    
    Using response file: /Users/itechnolabs/Library/Developer/Xcode/DerivedData/Choona-dnghcflyrszrcwfmpfesqspssftx/Build/Intermediates.noindex/Pods.build/Debug-iphonesimulator/FirebaseMessaging.build/Objects-normal/arm64/e6072d4f65d7061329687fe24e3d63a7-common-args.resp
    
    /Applications/Xcode.app/Contents/Developer/Toolchains/XcodeDefault.xctoolchain/usr/bin/clang -x objective-c -ivfsstatcache /Users/itechnolabs/Library/Developer/Xcode/DerivedData/SDKStatCaches.noindex/iphonesimulator26.1-23B77-90cf18a4295e390e64c810bc6bd7acbc.sdkstatcache -fmessage-length\=0 -fdiagnostics-show-note-include-stack -fmacro-backtrace-limit\=0 -fno-color-diagnostics -fmodules-prune-interval\=86400 -fmodules-prune-after\=345600 -fbuild-session-file\=/Users/itechnolabs/Library/Developer/Xcode/DerivedData/ModuleCache.noindex/Session.modulevalidation -fmodules-validate-once-per-build-session -Wnon-modular-include-in-framework-module -Werror\=non-modular-include-in-framework-module -Wno-trigraphs -Wno-missing-field-initializers -Wno-missing-prototypes -Werror\=return-type -Wdocumentation -Wunreachable-code -Wno-implicit-atomic-properties -Werror\=deprecated-objc-isa-usage -Wno-objc-interface-ivars -Werror\=objc-root-class -Wno-arc-repeated-use-of-weak -Wimplicit-retain-self -Wduplicate-method-match -Wno-missing-braces -Wparentheses -Wswitch -Wunused-function -Wno-unused-label -Wno-unused-parameter -Wunused-variable -Wunused-value -Wempty-body -Wuninitialized -Wconditional-uninitialized -Wno-unknown-pragmas -Wno-shadow -Wno-four-char-constants -Wno-conversion -Wconstant-conversion -Wint-conversion -Wbool-conversion -Wenum-conversion -Wno-float-conversion -Wnon-literal-null-conversion -Wobjc-literal-conversion -Wshorten-64-to-32 -Wpointer-sign -Wno-newline-eof -Wno-selector -Wno-strict-selector-match -Wundeclared-selector -Wdeprecated-implementations -Wno-implicit-fallthrough -fstrict-aliasing -Wprotocol -Wdeprecated-declarations -Wno-sign-conversion -Winfinite-recursion -Wcomma -Wblock-capture-autoreleasing -Wstrict-prototypes -Wno-semicolon-before-method-body -Wunguarded-availability -index-store-path /Users/itechnolabs/Library/Developer/Xcode/DerivedData/Choona-dnghcflyrszrcwfmpfesqspssftx/Index.noindex/DataStore -Wno-error -Wno-deprecated-declarations -Wno-conflicting-declarations -Wno-strict-prototypes -Wno-implicit-function-declaration @/Users/itechnolabs/Library/Developer/Xcode/DerivedData/Choona-dnghcflyrszrcwfmpfesqspssftx/Build/Intermediates.noindex/Pods.build/Debug-iphonesimulator/FirebaseMessaging.build/Objects-normal/arm64/e6072d4f65d7061329687fe24e3d63a7-common-args.resp -MMD -MT dependencies -MF /Users/itechnolabs/Library/Developer/Xcode/DerivedData/Choona-dnghcflyrszrcwfmpfesqspssftx/Build/Intermediates.noindex/Pods.build/Debug-iphonesimulator/FirebaseMessaging.build/Objects-normal/arm64/FIRMessagingCodedInputStream.d --serialize-diagnostics /Users/itechnolabs/Library/Developer/Xcode/DerivedData/Choona-dnghcflyrszrcwfmpfesqspssftx/Build/Intermediates.noindex/Pods.build/Debug-iphonesimulator/FirebaseMessaging.build/Objects-normal/arm64/FIRMessagingCodedInputStream.dia -c /Users/itechnolabs/Documents/Vijay/choona/ios/Pods/FirebaseMessaging/FirebaseMessaging/Sources/FIRMessagingCodedInputStream.m -o /Users/itechnolabs/Library/Developer/Xcode/DerivedData/Choona-dnghcflyrszrcwfmpfesqspssftx/Build/Intermediates.noindex/Pods.build/Debug-iphonesimulator/FirebaseMessaging.build/Objects-normal/arm64/FIRMessagingCodedInputStream.o -index-unit-output-path /Pods.build/Debug-iphonesimulator/FirebaseMessaging.build/Objects-normal/arm64/FIRMessagingCodedInputStream.o
warning: unknown warning option '-Wno-conflicting-declarations'; did you mean '-Wno-missing-declarations'? [-Wunknown-warning-option]
1 warning generated.

CompileC /Users/itechnolabs/Library/Developer/Xcode/DerivedData/Choona-dnghcflyrszrcwfmpfesqspssftx/Build/Intermediates.noindex/Pods.build/Debug-iphonesimulator/FirebaseMessaging.build/Objects-normal/arm64/FIRMessagingClient.o /Users/itechnolabs/Documents/Vijay/choona/ios/Pods/FirebaseMessaging/FirebaseMessaging/Sources/FIRMessagingClient.m normal arm64 objective-c com.apple.compilers.llvm.clang.1_0.compiler (in target 'FirebaseMessaging' from project 'Pods')
    cd /Users/itechnolabs/Documents/Vijay/choona/ios/Pods
    
    Using response file: /Users/itechnolabs/Library/Developer/Xcode/DerivedData/Choona-dnghcflyrszrcwfmpfesqspssftx/Build/Intermediates.noindex/Pods.build/Debug-iphonesimulator/FirebaseMessaging.build/Objects-normal/arm64/e6072d4f65d7061329687fe24e3d63a7-common-args.resp
    
    /Applications/Xcode.app/Contents/Developer/Toolchains/XcodeDefault.xctoolchain/usr/bin/clang -x objective-c -ivfsstatcache /Users/itechnolabs/Library/Developer/Xcode/DerivedData/SDKStatCaches.noindex/iphonesimulator26.1-23B77-90cf18a4295e390e64c810bc6bd7acbc.sdkstatcache -fmessage-length\=0 -fdiagnostics-show-note-include-stack -fmacro-backtrace-limit\=0 -fno-color-diagnostics -fmodules-prune-interval\=86400 -fmodules-prune-after\=345600 -fbuild-session-file\=/Users/itechnolabs/Library/Developer/Xcode/DerivedData/ModuleCache.noindex/Session.modulevalidation -fmodules-validate-once-per-build-session -Wnon-modular-include-in-framework-module -Werror\=non-modular-include-in-framework-module -Wno-trigraphs -Wno-missing-field-initializers -Wno-missing-prototypes -Werror\=return-type -Wdocumentation -Wunreachable-code -Wno-implicit-atomic-properties -Werror\=deprecated-objc-isa-usage -Wno-objc-interface-ivars -Werror\=objc-root-class -Wno-arc-repeated-use-of-weak -Wimplicit-retain-self -Wduplicate-method-match -Wno-missing-braces -Wparentheses -Wswitch -Wunused-function -Wno-unused-label -Wno-unused-parameter -Wunused-variable -Wunused-value -Wempty-body -Wuninitialized -Wconditional-uninitialized -Wno-unknown-pragmas -Wno-shadow -Wno-four-char-constants -Wno-conversion -Wconstant-conversion -Wint-conversion -Wbool-conversion -Wenum-conversion -Wno-float-conversion -Wnon-literal-null-conversion -Wobjc-literal-conversion -Wshorten-64-to-32 -Wpointer-sign -Wno-newline-eof -Wno-selector -Wno-strict-selector-match -Wundeclared-selector -Wdeprecated-implementations -Wno-implicit-fallthrough -fstrict-aliasing -Wprotocol -Wdeprecated-declarations -Wno-sign-conversion -Winfinite-recursion -Wcomma -Wblock-capture-autoreleasing -Wstrict-prototypes -Wno-semicolon-before-method-body -Wunguarded-availability -index-store-path /Users/itechnolabs/Library/Developer/Xcode/DerivedData/Choona-dnghcflyrszrcwfmpfesqspssftx/Index.noindex/DataStore -Wno-error -Wno-deprecated-declarations -Wno-conflicting-declarations -Wno-strict-prototypes -Wno-implicit-function-declaration @/Users/itechnolabs/Library/Developer/Xcode/DerivedData/Choona-dnghcflyrszrcwfmpfesqspssftx/Build/Intermediates.noindex/Pods.build/Debug-iphonesimulator/FirebaseMessaging.build/Objects-normal/arm64/e6072d4f65d7061329687fe24e3d63a7-common-args.resp -MMD -MT dependencies -MF /Users/itechnolabs/Library/Developer/Xcode/DerivedData/Choona-dnghcflyrszrcwfmpfesqspssftx/Build/Intermediates.noindex/Pods.build/Debug-iphonesimulator/FirebaseMessaging.build/Objects-normal/arm64/FIRMessagingClient.d --serialize-diagnostics /Users/itechnolabs/Library/Developer/Xcode/DerivedData/Choona-dnghcflyrszrcwfmpfesqspssftx/Build/Intermediates.noindex/Pods.build/Debug-iphonesimulator/FirebaseMessaging.build/Objects-normal/arm64/FIRMessagingClient.dia -c /Users/itechnolabs/Documents/Vijay/choona/ios/Pods/FirebaseMessaging/FirebaseMessaging/Sources/FIRMessagingClient.m -o /Users/itechnolabs/Library/Developer/Xcode/DerivedData/Choona-dnghcflyrszrcwfmpfesqspssftx/Build/Intermediates.noindex/Pods.build/Debug-iphonesimulator/FirebaseMessaging.build/Objects-normal/arm64/FIRMessagingClient.o -index-unit-output-path /Pods.build/Debug-iphonesimulator/FirebaseMessaging.build/Objects-normal/arm64/FIRMessagingClient.o
warning: unknown warning option '-Wno-conflicting-declarations'; did you mean '-Wno-missing-declarations'? [-Wunknown-warning-option]
1 warning generated.

CompileC /Users/itechnolabs/Library/Developer/Xcode/DerivedData/Choona-dnghcflyrszrcwfmpfesqspssftx/Build/Intermediates.noindex/Pods.build/Debug-iphonesimulator/FirebaseMessaging.build/Objects-normal/arm64/FIRMessagingAnalytics.o /Users/itechnolabs/Documents/Vijay/choona/ios/Pods/FirebaseMessaging/FirebaseMessaging/Sources/FIRMessagingAnalytics.m normal arm64 objective-c com.apple.compilers.llvm.clang.1_0.compiler (in target 'FirebaseMessaging' from project 'Pods')
    cd /Users/itechnolabs/Documents/Vijay/choona/ios/Pods
    
    Using response file: /Users/itechnolabs/Library/Developer/Xcode/DerivedData/Choona-dnghcflyrszrcwfmpfesqspssftx/Build/Intermediates.noindex/Pods.build/Debug-iphonesimulator/FirebaseMessaging.build/Objects-normal/arm64/e6072d4f65d7061329687fe24e3d63a7-common-args.resp
    
    /Applications/Xcode.app/Contents/Developer/Toolchains/XcodeDefault.xctoolchain/usr/bin/clang -x objective-c -ivfsstatcache /Users/itechnolabs/Library/Developer/Xcode/DerivedData/SDKStatCaches.noindex/iphonesimulator26.1-23B77-90cf18a4295e390e64c810bc6bd7acbc.sdkstatcache -fmessage-length\=0 -fdiagnostics-show-note-include-stack -fmacro-backtrace-limit\=0 -fno-color-diagnostics -fmodules-prune-interval\=86400 -fmodules-prune-after\=345600 -fbuild-session-file\=/Users/itechnolabs/Library/Developer/Xcode/DerivedData/ModuleCache.noindex/Session.modulevalidation -fmodules-validate-once-per-build-session -Wnon-modular-include-in-framework-module -Werror\=non-modular-include-in-framework-module -Wno-trigraphs -Wno-missing-field-initializers -Wno-missing-prototypes -Werror\=return-type -Wdocumentation -Wunreachable-code -Wno-implicit-atomic-properties -Werror\=deprecated-objc-isa-usage -Wno-objc-interface-ivars -Werror\=objc-root-class -Wno-arc-repeated-use-of-weak -Wimplicit-retain-self -Wduplicate-method-match -Wno-missing-braces -Wparentheses -Wswitch -Wunused-function -Wno-unused-label -Wno-unused-parameter -Wunused-variable -Wunused-value -Wempty-body -Wuninitialized -Wconditional-uninitialized -Wno-unknown-pragmas -Wno-shadow -Wno-four-char-constants -Wno-conversion -Wconstant-conversion -Wint-conversion -Wbool-conversion -Wenum-conversion -Wno-float-conversion -Wnon-literal-null-conversion -Wobjc-literal-conversion -Wshorten-64-to-32 -Wpointer-sign -Wno-newline-eof -Wno-selector -Wno-strict-selector-match -Wundeclared-selector -Wdeprecated-implementations -Wno-implicit-fallthrough -fstrict-aliasing -Wprotocol -Wdeprecated-declarations -Wno-sign-conversion -Winfinite-recursion -Wcomma -Wblock-capture-autoreleasing -Wstrict-prototypes -Wno-semicolon-before-method-body -Wunguarded-availability -index-store-path /Users/itechnolabs/Library/Developer/Xcode/DerivedData/Choona-dnghcflyrszrcwfmpfesqspssftx/Index.noindex/DataStore -Wno-error -Wno-deprecated-declarations -Wno-conflicting-declarations -Wno-strict-prototypes -Wno-implicit-function-declaration @/Users/itechnolabs/Library/Developer/Xcode/DerivedData/Choona-dnghcflyrszrcwfmpfesqspssftx/Build/Intermediates.noindex/Pods.build/Debug-iphonesimulator/FirebaseMessaging.build/Objects-normal/arm64/e6072d4f65d7061329687fe24e3d63a7-common-args.resp -MMD -MT dependencies -MF /Users/itechnolabs/Library/Developer/Xcode/DerivedData/Choona-dnghcflyrszrcwfmpfesqspssftx/Build/Intermediates.noindex/Pods.build/Debug-iphonesimulator/FirebaseMessaging.build/Objects-normal/arm64/FIRMessagingAnalytics.d --serialize-diagnostics /Users/itechnolabs/Library/Developer/Xcode/DerivedData/Choona-dnghcflyrszrcwfmpfesqspssftx/Build/Intermediates.noindex/Pods.build/Debug-iphonesimulator/FirebaseMessaging.build/Objects-normal/arm64/FIRMessagingAnalytics.dia -c /Users/itechnolabs/Documents/Vijay/choona/ios/Pods/FirebaseMessaging/FirebaseMessaging/Sources/FIRMessagingAnalytics.m -o /Users/itechnolabs/Library/Developer/Xcode/DerivedData/Choona-dnghcflyrszrcwfmpfesqspssftx/Build/Intermediates.noindex/Pods.build/Debug-iphonesimulator/FirebaseMessaging.build/Objects-normal/arm64/FIRMessagingAnalytics.o -index-unit-output-path /Pods.build/Debug-iphonesimulator/FirebaseMessaging.build/Objects-normal/arm64/FIRMessagingAnalytics.o
warning: unknown warning option '-Wno-conflicting-declarations'; did you mean '-Wno-missing-declarations'? [-Wunknown-warning-option]
1 warning generated.

ScanDependencies /Users/itechnolabs/Library/Developer/Xcode/DerivedData/Choona-dnghcflyrszrcwfmpfesqspssftx/Build/Intermediates.noindex/Pods.build/Debug-iphonesimulator/react-native-config.build/Objects-normal/arm64/ReactNativeConfig.o /Users/itechnolabs/Documents/Vijay/choona/node_modules/react-native-config/ios/ReactNativeConfig/ReactNativeConfig.m normal arm64 objective-c com.apple.compilers.llvm.clang.1_0.compiler (in target 'react-native-config' from project 'Pods')
    cd /Users/itechnolabs/Documents/Vijay/choona/ios/Pods
    
    Using response file: /Users/itechnolabs/Library/Developer/Xcode/DerivedData/Choona-dnghcflyrszrcwfmpfesqspssftx/Build/Intermediates.noindex/Pods.build/Debug-iphonesimulator/react-native-config.build/Objects-normal/arm64/e6072d4f65d7061329687fe24e3d63a7-common-args.resp
    
    builtin-ScanDependencies -o /Users/itechnolabs/Library/Developer/Xcode/DerivedData/Choona-dnghcflyrszrcwfmpfesqspssftx/Build/Intermediates.noindex/Pods.build/Debug-iphonesimulator/react-native-config.build/Objects-normal/arm64/ReactNativeConfig.o.scan -- /Applications/Xcode.app/Contents/Developer/Toolchains/XcodeDefault.xctoolchain/usr/bin/clang -x objective-c -ivfsstatcache /Users/itechnolabs/Library/Developer/Xcode/DerivedData/SDKStatCaches.noindex/iphonesimulator26.1-23B77-90cf18a4295e390e64c810bc6bd7acbc.sdkstatcache -fmessage-length\=0 -fdiagnostics-show-note-include-stack -fmacro-backtrace-limit\=0 -fno-color-diagnostics -fmodules-prune-interval\=86400 -fmodules-prune-after\=345600 -fbuild-session-file\=/Users/itechnolabs/Library/Developer/Xcode/DerivedData/ModuleCache.noindex/Session.modulevalidation -fmodules-validate-once-per-build-session -Wnon-modular-include-in-framework-module -Werror\=non-modular-include-in-framework-module -Wno-trigraphs -Wno-missing-field-initializers -Wno-missing-prototypes -Werror\=return-type -Wdocumentation -Wunreachable-code -Wno-implicit-atomic-properties -Werror\=deprecated-objc-isa-usage -Wno-objc-interface-ivars -Werror\=objc-root-class -Wno-arc-repeated-use-of-weak -Wimplicit-retain-self -Wduplicate-method-match -Wno-missing-braces -Wparentheses -Wswitch -Wunused-function -Wno-unused-label -Wno-unused-parameter -Wunused-variable -Wunused-value -Wempty-body -Wuninitialized -Wconditional-uninitialized -Wno-unknown-pragmas -Wno-shadow -Wno-four-char-constants -Wno-conversion -Wconstant-conversion -Wint-conversion -Wbool-conversion -Wenum-conversion -Wno-float-conversion -Wnon-literal-null-conversion -Wobjc-literal-conversion -Wshorten-64-to-32 -Wpointer-sign -Wno-newline-eof -Wno-selector -Wno-strict-selector-match -Wundeclared-selector -Wdeprecated-implementations -Wno-implicit-fallthrough -fstrict-aliasing -Wprotocol -Wdeprecated-declarations -Wno-sign-conversion -Winfinite-recursion -Wcomma -Wblock-capture-autoreleasing -Wstrict-prototypes -Wno-semicolon-before-method-body -Wunguarded-availability -index-store-path /Users/itechnolabs/Library/Developer/Xcode/DerivedData/Choona-dnghcflyrszrcwfmpfesqspssftx/Index.noindex/DataStore -Wno-strict-prototypes -Wno-error -Wno-deprecated-declarations -Wno-implicit-function-declaration @/Users/itechnolabs/Library/Developer/Xcode/DerivedData/Choona-dnghcflyrszrcwfmpfesqspssftx/Build/Intermediates.noindex/Pods.build/Debug-iphonesimulator/react-native-config.build/Objects-normal/arm64/e6072d4f65d7061329687fe24e3d63a7-common-args.resp -include /Users/itechnolabs/Documents/Vijay/choona/ios/Pods/Target\ Support\ Files/react-native-config/react-native-config-prefix.pch -MMD -MT dependencies -MF /Users/itechnolabs/Library/Developer/Xcode/DerivedData/Choona-dnghcflyrszrcwfmpfesqspssftx/Build/Intermediates.noindex/Pods.build/Debug-iphonesimulator/react-native-config.build/Objects-normal/arm64/ReactNativeConfig.d --serialize-diagnostics /Users/itechnolabs/Library/Developer/Xcode/DerivedData/Choona-dnghcflyrszrcwfmpfesqspssftx/Build/Intermediates.noindex/Pods.build/Debug-iphonesimulator/react-native-config.build/Objects-normal/arm64/ReactNativeConfig.dia -c /Users/itechnolabs/Documents/Vijay/choona/node_modules/react-native-config/ios/ReactNativeConfig/ReactNativeConfig.m -o /Users/itechnolabs/Library/Developer/Xcode/DerivedData/Choona-dnghcflyrszrcwfmpfesqspssftx/Build/Intermediates.noindex/Pods.build/Debug-iphonesimulator/react-native-config.build/Objects-normal/arm64/ReactNativeConfig.o -index-unit-output-path /Pods.build/Debug-iphonesimulator/react-native-config.build/Objects-normal/arm64/ReactNativeConfig.o

CompileC /Users/itechnolabs/Library/Developer/Xcode/DerivedData/Choona-dnghcflyrszrcwfmpfesqspssftx/Build/Intermediates.noindex/Pods.build/Debug-iphonesimulator/react-native-config.build/Objects-normal/arm64/ReactNativeConfig.o /Users/itechnolabs/Documents/Vijay/choona/node_modules/react-native-config/ios/ReactNativeConfig/ReactNativeConfig.m normal arm64 objective-c com.apple.compilers.llvm.clang.1_0.compiler (in target 'react-native-config' from project 'Pods')
    cd /Users/itechnolabs/Documents/Vijay/choona/ios/Pods
    
    Using response file: /Users/itechnolabs/Library/Developer/Xcode/DerivedData/Choona-dnghcflyrszrcwfmpfesqspssftx/Build/Intermediates.noindex/Pods.build/Debug-iphonesimulator/react-native-config.build/Objects-normal/arm64/e6072d4f65d7061329687fe24e3d63a7-common-args.resp
    
    /Applications/Xcode.app/Contents/Developer/Toolchains/XcodeDefault.xctoolchain/usr/bin/clang -x objective-c -ivfsstatcache /Users/itechnolabs/Library/Developer/Xcode/DerivedData/SDKStatCaches.noindex/iphonesimulator26.1-23B77-90cf18a4295e390e64c810bc6bd7acbc.sdkstatcache -fmessage-length\=0 -fdiagnostics-show-note-include-stack -fmacro-backtrace-limit\=0 -fno-color-diagnostics -fmodules-prune-interval\=86400 -fmodules-prune-after\=345600 -fbuild-session-file\=/Users/itechnolabs/Library/Developer/Xcode/DerivedData/ModuleCache.noindex/Session.modulevalidation -fmodules-validate-once-per-build-session -Wnon-modular-include-in-framework-module -Werror\=non-modular-include-in-framework-module -Wno-trigraphs -Wno-missing-field-initializers -Wno-missing-prototypes -Werror\=return-type -Wdocumentation -Wunreachable-code -Wno-implicit-atomic-properties -Werror\=deprecated-objc-isa-usage -Wno-objc-interface-ivars -Werror\=objc-root-class -Wno-arc-repeated-use-of-weak -Wimplicit-retain-self -Wduplicate-method-match -Wno-missing-braces -Wparentheses -Wswitch -Wunused-function -Wno-unused-label -Wno-unused-parameter -Wunused-variable -Wunused-value -Wempty-body -Wuninitialized -Wconditional-uninitialized -Wno-unknown-pragmas -Wno-shadow -Wno-four-char-constants -Wno-conversion -Wconstant-conversion -Wint-conversion -Wbool-conversion -Wenum-conversion -Wno-float-conversion -Wnon-literal-null-conversion -Wobjc-literal-conversion -Wshorten-64-to-32 -Wpointer-sign -Wno-newline-eof -Wno-selector -Wno-strict-selector-match -Wundeclared-selector -Wdeprecated-implementations -Wno-implicit-fallthrough -fstrict-aliasing -Wprotocol -Wdeprecated-declarations -Wno-sign-conversion -Winfinite-recursion -Wcomma -Wblock-capture-autoreleasing -Wstrict-prototypes -Wno-semicolon-before-method-body -Wunguarded-availability -index-store-path /Users/itechnolabs/Library/Developer/Xcode/DerivedData/Choona-dnghcflyrszrcwfmpfesqspssftx/Index.noindex/DataStore -Wno-strict-prototypes -Wno-error -Wno-deprecated-declarations -Wno-implicit-function-declaration @/Users/itechnolabs/Library/Developer/Xcode/DerivedData/Choona-dnghcflyrszrcwfmpfesqspssftx/Build/Intermediates.noindex/Pods.build/Debug-iphonesimulator/react-native-config.build/Objects-normal/arm64/e6072d4f65d7061329687fe24e3d63a7-common-args.resp -include /Users/itechnolabs/Documents/Vijay/choona/ios/Pods/Target\ Support\ Files/react-native-config/react-native-config-prefix.pch -MMD -MT dependencies -MF /Users/itechnolabs/Library/Developer/Xcode/DerivedData/Choona-dnghcflyrszrcwfmpfesqspssftx/Build/Intermediates.noindex/Pods.build/Debug-iphonesimulator/react-native-config.build/Objects-normal/arm64/ReactNativeConfig.d --serialize-diagnostics /Users/itechnolabs/Library/Developer/Xcode/DerivedData/Choona-dnghcflyrszrcwfmpfesqspssftx/Build/Intermediates.noindex/Pods.build/Debug-iphonesimulator/react-native-config.build/Objects-normal/arm64/ReactNativeConfig.dia -c /Users/itechnolabs/Documents/Vijay/choona/node_modules/react-native-config/ios/ReactNativeConfig/ReactNativeConfig.m -o /Users/itechnolabs/Library/Developer/Xcode/DerivedData/Choona-dnghcflyrszrcwfmpfesqspssftx/Build/Intermediates.noindex/Pods.build/Debug-iphonesimulator/react-native-config.build/Objects-normal/arm64/ReactNativeConfig.o -index-unit-output-path /Pods.build/Debug-iphonesimulator/react-native-config.build/Objects-normal/arm64/ReactNativeConfig.o

Libtool /Users/itechnolabs/Library/Developer/Xcode/DerivedData/Choona-dnghcflyrszrcwfmpfesqspssftx/Build/Products/Debug-iphonesimulator/react-native-config/libreact-native-config.a normal (in target 'react-native-config' from project 'Pods')
    cd /Users/itechnolabs/Documents/Vijay/choona/ios/Pods
    /Applications/Xcode.app/Contents/Developer/Toolchains/XcodeDefault.xctoolchain/usr/bin/libtool -static -arch_only arm64 -D -syslibroot /Applications/Xcode.app/Contents/Developer/Platforms/iPhoneSimulator.platform/Developer/SDKs/iPhoneSimulator26.1.sdk -L/Users/itechnolabs/Library/Developer/Xcode/DerivedData/Choona-dnghcflyrszrcwfmpfesqspssftx/Build/Products/Debug-iphonesimulator/react-native-config -L/Applications/Xcode.app/Contents/Developer/Platforms/iPhoneSimulator.platform/Developer/SDKs/iPhoneSimulator26.1.sdk/usr/lib/swift -L/Applications/Xcode.app/Contents/Developer/Platforms/iPhoneSimulator.platform/Developer/SDKs/iPhoneSimulator26.1.sdk/usr/lib/swift -filelist /Users/itechnolabs/Library/Developer/Xcode/DerivedData/Choona-dnghcflyrszrcwfmpfesqspssftx/Build/Intermediates.noindex/Pods.build/Debug-iphonesimulator/react-native-config.build/Objects-normal/arm64/react-native-config.LinkFileList -dependency_info /Users/itechnolabs/Library/Developer/Xcode/DerivedData/Choona-dnghcflyrszrcwfmpfesqspssftx/Build/Intermediates.noindex/Pods.build/Debug-iphonesimulator/react-native-config.build/Objects-normal/arm64/react-native-config_libtool_dependency_info.dat -o /Users/itechnolabs/Library/Developer/Xcode/DerivedData/Choona-dnghcflyrszrcwfmpfesqspssftx/Build/Products/Debug-iphonesimulator/react-native-config/libreact-native-config.a

Libtool /Users/itechnolabs/Library/Developer/Xcode/DerivedData/Choona-dnghcflyrszrcwfmpfesqspssftx/Build/Products/Debug-iphonesimulator/FirebaseMessaging/libFirebaseMessaging.a normal (in target 'FirebaseMessaging' from project 'Pods')
    cd /Users/itechnolabs/Documents/Vijay/choona/ios/Pods
    /Applications/Xcode.app/Contents/Developer/Toolchains/XcodeDefault.xctoolchain/usr/bin/libtool -static -arch_only arm64 -D -syslibroot /Applications/Xcode.app/Contents/Developer/Platforms/iPhoneSimulator.platform/Developer/SDKs/iPhoneSimulator26.1.sdk -L/Users/itechnolabs/Library/Developer/Xcode/DerivedData/Choona-dnghcflyrszrcwfmpfesqspssftx/Build/Products/Debug-iphonesimulator/FirebaseMessaging -L/Applications/Xcode.app/Contents/Developer/Platforms/iPhoneSimulator.platform/Developer/SDKs/iPhoneSimulator26.1.sdk/usr/lib/swift -L/Applications/Xcode.app/Contents/Developer/Platforms/iPhoneSimulator.platform/Developer/SDKs/iPhoneSimulator26.1.sdk/usr/lib/swift -filelist /Users/itechnolabs/Library/Developer/Xcode/DerivedData/Choona-dnghcflyrszrcwfmpfesqspssftx/Build/Intermediates.noindex/Pods.build/Debug-iphonesimulator/FirebaseMessaging.build/Objects-normal/arm64/FirebaseMessaging.LinkFileList -dependency_info /Users/itechnolabs/Library/Developer/Xcode/DerivedData/Choona-dnghcflyrszrcwfmpfesqspssftx/Build/Intermediates.noindex/Pods.build/Debug-iphonesimulator/FirebaseMessaging.build/Objects-normal/arm64/FirebaseMessaging_libtool_dependency_info.dat -o /Users/itechnolabs/Library/Developer/Xcode/DerivedData/Choona-dnghcflyrszrcwfmpfesqspssftx/Build/Products/Debug-iphonesimulator/FirebaseMessaging/libFirebaseMessaging.a

Libtool /Users/itechnolabs/Library/Developer/Xcode/DerivedData/Choona-dnghcflyrszrcwfmpfesqspssftx/Build/Products/Debug-iphonesimulator/RNFBApp/libRNFBApp.a normal (in target 'RNFBApp' from project 'Pods')
    cd /Users/itechnolabs/Documents/Vijay/choona/ios/Pods
    /Applications/Xcode.app/Contents/Developer/Toolchains/XcodeDefault.xctoolchain/usr/bin/libtool -static -arch_only arm64 -D -syslibroot /Applications/Xcode.app/Contents/Developer/Platforms/iPhoneSimulator.platform/Developer/SDKs/iPhoneSimulator26.1.sdk -L/Users/itechnolabs/Library/Developer/Xcode/DerivedData/Choona-dnghcflyrszrcwfmpfesqspssftx/Build/Products/Debug-iphonesimulator/RNFBApp -L/Applications/Xcode.app/Contents/Developer/Platforms/iPhoneSimulator.platform/Developer/SDKs/iPhoneSimulator26.1.sdk/usr/lib/swift -L/Applications/Xcode.app/Contents/Developer/Platforms/iPhoneSimulator.platform/Developer/SDKs/iPhoneSimulator26.1.sdk/usr/lib/swift -filelist /Users/itechnolabs/Library/Developer/Xcode/DerivedData/Choona-dnghcflyrszrcwfmpfesqspssftx/Build/Intermediates.noindex/Pods.build/Debug-iphonesimulator/RNFBApp.build/Objects-normal/arm64/RNFBApp.LinkFileList -dependency_info /Users/itechnolabs/Library/Developer/Xcode/DerivedData/Choona-dnghcflyrszrcwfmpfesqspssftx/Build/Intermediates.noindex/Pods.build/Debug-iphonesimulator/RNFBApp.build/Objects-normal/arm64/RNFBApp_libtool_dependency_info.dat -o /Users/itechnolabs/Library/Developer/Xcode/DerivedData/Choona-dnghcflyrszrcwfmpfesqspssftx/Build/Products/Debug-iphonesimulator/RNFBApp/libRNFBApp.a

Libtool /Users/itechnolabs/Library/Developer/Xcode/DerivedData/Choona-dnghcflyrszrcwfmpfesqspssftx/Build/Products/Debug-iphonesimulator/RNFBDatabase/libRNFBDatabase.a normal (in target 'RNFBDatabase' from project 'Pods')
    cd /Users/itechnolabs/Documents/Vijay/choona/ios/Pods
    /Applications/Xcode.app/Contents/Developer/Toolchains/XcodeDefault.xctoolchain/usr/bin/libtool -static -arch_only arm64 -D -syslibroot /Applications/Xcode.app/Contents/Developer/Platforms/iPhoneSimulator.platform/Developer/SDKs/iPhoneSimulator26.1.sdk -L/Users/itechnolabs/Library/Developer/Xcode/DerivedData/Choona-dnghcflyrszrcwfmpfesqspssftx/Build/Products/Debug-iphonesimulator/RNFBDatabase -L/Applications/Xcode.app/Contents/Developer/Platforms/iPhoneSimulator.platform/Developer/SDKs/iPhoneSimulator26.1.sdk/usr/lib/swift -L/Applications/Xcode.app/Contents/Developer/Platforms/iPhoneSimulator.platform/Developer/SDKs/iPhoneSimulator26.1.sdk/usr/lib/swift -filelist /Users/itechnolabs/Library/Developer/Xcode/DerivedData/Choona-dnghcflyrszrcwfmpfesqspssftx/Build/Intermediates.noindex/Pods.build/Debug-iphonesimulator/RNFBDatabase.build/Objects-normal/arm64/RNFBDatabase.LinkFileList -dependency_info /Users/itechnolabs/Library/Developer/Xcode/DerivedData/Choona-dnghcflyrszrcwfmpfesqspssftx/Build/Intermediates.noindex/Pods.build/Debug-iphonesimulator/RNFBDatabase.build/Objects-normal/arm64/RNFBDatabase_libtool_dependency_info.dat -o /Users/itechnolabs/Library/Developer/Xcode/DerivedData/Choona-dnghcflyrszrcwfmpfesqspssftx/Build/Products/Debug-iphonesimulator/RNFBDatabase/libRNFBDatabase.a

Libtool /Users/itechnolabs/Library/Developer/Xcode/DerivedData/Choona-dnghcflyrszrcwfmpfesqspssftx/Build/Products/Debug-iphonesimulator/RNFBMessaging/libRNFBMessaging.a normal (in target 'RNFBMessaging' from project 'Pods')
    cd /Users/itechnolabs/Documents/Vijay/choona/ios/Pods
    /Applications/Xcode.app/Contents/Developer/Toolchains/XcodeDefault.xctoolchain/usr/bin/libtool -static -arch_only arm64 -D -syslibroot /Applications/Xcode.app/Contents/Developer/Platforms/iPhoneSimulator.platform/Developer/SDKs/iPhoneSimulator26.1.sdk -L/Users/itechnolabs/Library/Developer/Xcode/DerivedData/Choona-dnghcflyrszrcwfmpfesqspssftx/Build/Products/Debug-iphonesimulator/RNFBMessaging -L/Applications/Xcode.app/Contents/Developer/Platforms/iPhoneSimulator.platform/Developer/SDKs/iPhoneSimulator26.1.sdk/usr/lib/swift -L/Applications/Xcode.app/Contents/Developer/Platforms/iPhoneSimulator.platform/Developer/SDKs/iPhoneSimulator26.1.sdk/usr/lib/swift -filelist /Users/itechnolabs/Library/Developer/Xcode/DerivedData/Choona-dnghcflyrszrcwfmpfesqspssftx/Build/Intermediates.noindex/Pods.build/Debug-iphonesimulator/RNFBMessaging.build/Objects-normal/arm64/RNFBMessaging.LinkFileList -dependency_info /Users/itechnolabs/Library/Developer/Xcode/DerivedData/Choona-dnghcflyrszrcwfmpfesqspssftx/Build/Intermediates.noindex/Pods.build/Debug-iphonesimulator/RNFBMessaging.build/Objects-normal/arm64/RNFBMessaging_libtool_dependency_info.dat -o /Users/itechnolabs/Library/Developer/Xcode/DerivedData/Choona-dnghcflyrszrcwfmpfesqspssftx/Build/Products/Debug-iphonesimulator/RNFBMessaging/libRNFBMessaging.a

warning: Run script build phase 'Start Packager' will be run during every build because it does not specify any outputs. To address this issue, either add output dependencies to the script phase, or configure it to run in every build by unchecking "Based on dependency analysis" in the script phase. (in target 'ChoonaDev' from project 'Choona')
warning: Run script build phase '[Fix] Strip SwiftUI from GeneratedAssetSymbols' will be run during every build because it does not specify any outputs. To address this issue, either add output dependencies to the script phase, or configure it to run in every build by unchecking "Based on dependency analysis" in the script phase. (in target 'ChoonaDev' from project 'Choona')
warning: Run script build phase 'Bundle React Native code and images' will be run during every build because it does not specify any outputs. To address this issue, either add output dependencies to the script phase, or configure it to run in every build by unchecking "Based on dependency analysis" in the script phase. (in target 'ChoonaDev' from project 'Choona')
ProcessProductPackaging /Users/itechnolabs/Documents/Vijay/choona/ios/Choona/Choona.entitlements /Users/itechnolabs/Library/Developer/Xcode/DerivedData/Choona-dnghcflyrszrcwfmpfesqspssftx/Build/Intermediates.noindex/Choona.build/Debug-iphonesimulator/ChoonaDev.build/ChoonaDev.app.xcent (in target 'ChoonaDev' from project 'Choona')
    cd /Users/itechnolabs/Documents/Vijay/choona/ios
    
    Entitlements:
    
    {
}
    
    builtin-productPackagingUtility /Users/itechnolabs/Documents/Vijay/choona/ios/Choona/Choona.entitlements -entitlements -format xml -o /Users/itechnolabs/Library/Developer/Xcode/DerivedData/Choona-dnghcflyrszrcwfmpfesqspssftx/Build/Intermediates.noindex/Choona.build/Debug-iphonesimulator/ChoonaDev.build/ChoonaDev.app.xcent

ProcessProductPackaging /Users/itechnolabs/Documents/Vijay/choona/ios/Choona/Choona.entitlements /Users/itechnolabs/Library/Developer/Xcode/DerivedData/Choona-dnghcflyrszrcwfmpfesqspssftx/Build/Intermediates.noindex/Choona.build/Debug-iphonesimulator/ChoonaDev.build/ChoonaDev.app-Simulated.xcent (in target 'ChoonaDev' from project 'Choona')
    cd /Users/itechnolabs/Documents/Vijay/choona/ios
    
    Entitlements:
    
    {
    "application-identifier" = "6DGAY84NFN.com.choonaco.choona.test";
    "aps-environment" = development;
    "com.apple.developer.applesignin" =     (
        Default
    );
}
    
    builtin-productPackagingUtility /Users/itechnolabs/Documents/Vijay/choona/ios/Choona/Choona.entitlements -entitlements -format xml -o /Users/itechnolabs/Library/Developer/Xcode/DerivedData/Choona-dnghcflyrszrcwfmpfesqspssftx/Build/Intermediates.noindex/Choona.build/Debug-iphonesimulator/ChoonaDev.build/ChoonaDev.app-Simulated.xcent

CompileC /Users/itechnolabs/Library/Developer/Xcode/DerivedData/Choona-dnghcflyrszrcwfmpfesqspssftx/Build/Intermediates.noindex/Pods.build/Debug-iphonesimulator/React-RCTVibration.build/Objects-normal/arm64/RCTVibration.o /Users/itechnolabs/Documents/Vijay/choona/node_modules/react-native/Libraries/Vibration/RCTVibration.mm normal arm64 objective-c++ com.apple.compilers.llvm.clang.1_0.compiler (in target 'React-RCTVibration' from project 'Pods')
    cd /Users/itechnolabs/Documents/Vijay/choona/ios/Pods
    
    Using response file: /Users/itechnolabs/Library/Developer/Xcode/DerivedData/Choona-dnghcflyrszrcwfmpfesqspssftx/Build/Intermediates.noindex/Pods.build/Debug-iphonesimulator/React-RCTVibration.build/Objects-normal/arm64/af3fcb34312c57c0f52879cdce924b91-common-args.resp
    
    /Applications/Xcode.app/Contents/Developer/Toolchains/XcodeDefault.xctoolchain/usr/bin/clang -x objective-c++ -ivfsstatcache /Users/itechnolabs/Library/Developer/Xcode/DerivedData/SDKStatCaches.noindex/iphonesimulator26.1-23B77-90cf18a4295e390e64c810bc6bd7acbc.sdkstatcache -fmessage-length\=0 -fdiagnostics-show-note-include-stack -fmacro-backtrace-limit\=0 -fno-color-diagnostics -fmodules-prune-interval\=86400 -fmodules-prune-after\=345600 -fbuild-session-file\=/Users/itechnolabs/Library/Developer/Xcode/DerivedData/ModuleCache.noindex/Session.modulevalidation -fmodules-validate-once-per-build-session -Wnon-modular-include-in-framework-module -Werror\=non-modular-include-in-framework-module -Wno-trigraphs -Wno-missing-field-initializers -Wno-missing-prototypes -Werror\=return-type -Wdocumentation -Wunreachable-code -Wno-implicit-atomic-properties -Werror\=deprecated-objc-isa-usage -Wno-objc-interface-ivars -Werror\=objc-root-class -Wno-arc-repeated-use-of-weak -Wimplicit-retain-self -Wno-non-virtual-dtor -Wno-overloaded-virtual -Wno-exit-time-destructors -Wduplicate-method-match -Wno-missing-braces -Wparentheses -Wswitch -Wunused-function -Wno-unused-label -Wno-unused-parameter -Wunused-variable -Wunused-value -Wempty-body -Wuninitialized -Wconditional-uninitialized -Wno-unknown-pragmas -Wno-shadow -Wno-four-char-constants -Wno-conversion -Wconstant-conversion -Wint-conversion -Wbool-conversion -Wenum-conversion -Wno-float-conversion -Wnon-literal-null-conversion -Wobjc-literal-conversion -Wshorten-64-to-32 -Wno-newline-eof -Wno-selector -Wno-strict-selector-match -Wundeclared-selector -Wdeprecated-implementations -Wno-c++11-extensions -Wno-implicit-fallthrough -fstrict-aliasing -Wprotocol -Wdeprecated-declarations -Winvalid-offsetof -Wno-sign-conversion -Winfinite-recursion -Wmove -Wcomma -Wblock-capture-autoreleasing -Wstrict-prototypes -Wrange-loop-analysis -Wno-semicolon-before-method-body -Wunguarded-availability -index-store-path /Users/itechnolabs/Library/Developer/Xcode/DerivedData/Choona-dnghcflyrszrcwfmpfesqspssftx/Index.noindex/DataStore -Wno-strict-prototypes -Wno-error -Wno-deprecated-declarations -Wno-implicit-function-declaration -Wno-bitwise-instead-of-logical -Wno-error @/Users/itechnolabs/Library/Developer/Xcode/DerivedData/Choona-dnghcflyrszrcwfmpfesqspssftx/Build/Intermediates.noindex/Pods.build/Debug-iphonesimulator/React-RCTVibration.build/Objects-normal/arm64/af3fcb34312c57c0f52879cdce924b91-common-args.resp -DFOLLY_NO_CONFIG -DFOLLY_MOBILE\=1 -DFOLLY_USE_LIBCPP\=1 -Wno-comma -Wno-shorten-64-to-32 -Wno-nullability-completeness -include /Users/itechnolabs/Documents/Vijay/choona/ios/Pods/Target\ Support\ Files/React-RCTVibration/React-RCTVibration-prefix.pch -MMD -MT dependencies -MF /Users/itechnolabs/Library/Developer/Xcode/DerivedData/Choona-dnghcflyrszrcwfmpfesqspssftx/Build/Intermediates.noindex/Pods.build/Debug-iphonesimulator/React-RCTVibration.build/Objects-normal/arm64/RCTVibration.d --serialize-diagnostics /Users/itechnolabs/Library/Developer/Xcode/DerivedData/Choona-dnghcflyrszrcwfmpfesqspssftx/Build/Intermediates.noindex/Pods.build/Debug-iphonesimulator/React-RCTVibration.build/Objects-normal/arm64/RCTVibration.dia -c /Users/itechnolabs/Documents/Vijay/choona/node_modules/react-native/Libraries/Vibration/RCTVibration.mm -o /Users/itechnolabs/Library/Developer/Xcode/DerivedData/Choona-dnghcflyrszrcwfmpfesqspssftx/Build/Intermediates.noindex/Pods.build/Debug-iphonesimulator/React-RCTVibration.build/Objects-normal/arm64/RCTVibration.o -index-unit-output-path /Pods.build/Debug-iphonesimulator/React-RCTVibration.build/Objects-normal/arm64/RCTVibration.o

CompileC /Users/itechnolabs/Library/Developer/Xcode/DerivedData/Choona-dnghcflyrszrcwfmpfesqspssftx/Build/Intermediates.noindex/Pods.build/Debug-iphonesimulator/React-RCTSettings.build/Objects-normal/arm64/RCTSettingsManager.o /Users/itechnolabs/Documents/Vijay/choona/node_modules/react-native/Libraries/Settings/RCTSettingsManager.mm normal arm64 objective-c++ com.apple.compilers.llvm.clang.1_0.compiler (in target 'React-RCTSettings' from project 'Pods')
    cd /Users/itechnolabs/Documents/Vijay/choona/ios/Pods
    
    Using response file: /Users/itechnolabs/Library/Developer/Xcode/DerivedData/Choona-dnghcflyrszrcwfmpfesqspssftx/Build/Intermediates.noindex/Pods.build/Debug-iphonesimulator/React-RCTSettings.build/Objects-normal/arm64/af3fcb34312c57c0f52879cdce924b91-common-args.resp
    
    /Applications/Xcode.app/Contents/Developer/Toolchains/XcodeDefault.xctoolchain/usr/bin/clang -x objective-c++ -ivfsstatcache /Users/itechnolabs/Library/Developer/Xcode/DerivedData/SDKStatCaches.noindex/iphonesimulator26.1-23B77-90cf18a4295e390e64c810bc6bd7acbc.sdkstatcache -fmessage-length\=0 -fdiagnostics-show-note-include-stack -fmacro-backtrace-limit\=0 -fno-color-diagnostics -fmodules-prune-interval\=86400 -fmodules-prune-after\=345600 -fbuild-session-file\=/Users/itechnolabs/Library/Developer/Xcode/DerivedData/ModuleCache.noindex/Session.modulevalidation -fmodules-validate-once-per-build-session -Wnon-modular-include-in-framework-module -Werror\=non-modular-include-in-framework-module -Wno-trigraphs -Wno-missing-field-initializers -Wno-missing-prototypes -Werror\=return-type -Wdocumentation -Wunreachable-code -Wno-implicit-atomic-properties -Werror\=deprecated-objc-isa-usage -Wno-objc-interface-ivars -Werror\=objc-root-class -Wno-arc-repeated-use-of-weak -Wimplicit-retain-self -Wno-non-virtual-dtor -Wno-overloaded-virtual -Wno-exit-time-destructors -Wduplicate-method-match -Wno-missing-braces -Wparentheses -Wswitch -Wunused-function -Wno-unused-label -Wno-unused-parameter -Wunused-variable -Wunused-value -Wempty-body -Wuninitialized -Wconditional-uninitialized -Wno-unknown-pragmas -Wno-shadow -Wno-four-char-constants -Wno-conversion -Wconstant-conversion -Wint-conversion -Wbool-conversion -Wenum-conversion -Wno-float-conversion -Wnon-literal-null-conversion -Wobjc-literal-conversion -Wshorten-64-to-32 -Wno-newline-eof -Wno-selector -Wno-strict-selector-match -Wundeclared-selector -Wdeprecated-implementations -Wno-c++11-extensions -Wno-implicit-fallthrough -fstrict-aliasing -Wprotocol -Wdeprecated-declarations -Winvalid-offsetof -Wno-sign-conversion -Winfinite-recursion -Wmove -Wcomma -Wblock-capture-autoreleasing -Wstrict-prototypes -Wrange-loop-analysis -Wno-semicolon-before-method-body -Wunguarded-availability -index-store-path /Users/itechnolabs/Library/Developer/Xcode/DerivedData/Choona-dnghcflyrszrcwfmpfesqspssftx/Index.noindex/DataStore -Wno-strict-prototypes -Wno-error -Wno-deprecated-declarations -Wno-implicit-function-declaration -Wno-bitwise-instead-of-logical -Wno-error @/Users/itechnolabs/Library/Developer/Xcode/DerivedData/Choona-dnghcflyrszrcwfmpfesqspssftx/Build/Intermediates.noindex/Pods.build/Debug-iphonesimulator/React-RCTSettings.build/Objects-normal/arm64/af3fcb34312c57c0f52879cdce924b91-common-args.resp -DFOLLY_NO_CONFIG -DFOLLY_MOBILE\=1 -DFOLLY_USE_LIBCPP\=1 -Wno-comma -Wno-shorten-64-to-32 -Wno-nullability-completeness -include /Users/itechnolabs/Documents/Vijay/choona/ios/Pods/Target\ Support\ Files/React-RCTSettings/React-RCTSettings-prefix.pch -MMD -MT dependencies -MF /Users/itechnolabs/Library/Developer/Xcode/DerivedData/Choona-dnghcflyrszrcwfmpfesqspssftx/Build/Intermediates.noindex/Pods.build/Debug-iphonesimulator/React-RCTSettings.build/Objects-normal/arm64/RCTSettingsManager.d --serialize-diagnostics /Users/itechnolabs/Library/Developer/Xcode/DerivedData/Choona-dnghcflyrszrcwfmpfesqspssftx/Build/Intermediates.noindex/Pods.build/Debug-iphonesimulator/React-RCTSettings.build/Objects-normal/arm64/RCTSettingsManager.dia -c /Users/itechnolabs/Documents/Vijay/choona/node_modules/react-native/Libraries/Settings/RCTSettingsManager.mm -o /Users/itechnolabs/Library/Developer/Xcode/DerivedData/Choona-dnghcflyrszrcwfmpfesqspssftx/Build/Intermediates.noindex/Pods.build/Debug-iphonesimulator/React-RCTSettings.build/Objects-normal/arm64/RCTSettingsManager.o -index-unit-output-path /Pods.build/Debug-iphonesimulator/React-RCTSettings.build/Objects-normal/arm64/RCTSettingsManager.o

CompileC /Users/itechnolabs/Library/Developer/Xcode/DerivedData/Choona-dnghcflyrszrcwfmpfesqspssftx/Build/Intermediates.noindex/Pods.build/Debug-iphonesimulator/React-RCTNetwork.build/Objects-normal/arm64/RCTNetworking.o /Users/itechnolabs/Documents/Vijay/choona/node_modules/react-native/Libraries/Network/RCTNetworking.mm normal arm64 objective-c++ com.apple.compilers.llvm.clang.1_0.compiler (in target 'React-RCTNetwork' from project 'Pods')
    cd /Users/itechnolabs/Documents/Vijay/choona/ios/Pods
    
    Using response file: /Users/itechnolabs/Library/Developer/Xcode/DerivedData/Choona-dnghcflyrszrcwfmpfesqspssftx/Build/Intermediates.noindex/Pods.build/Debug-iphonesimulator/React-RCTNetwork.build/Objects-normal/arm64/af3fcb34312c57c0f52879cdce924b91-common-args.resp
    
    /Applications/Xcode.app/Contents/Developer/Toolchains/XcodeDefault.xctoolchain/usr/bin/clang -x objective-c++ -ivfsstatcache /Users/itechnolabs/Library/Developer/Xcode/DerivedData/SDKStatCaches.noindex/iphonesimulator26.1-23B77-90cf18a4295e390e64c810bc6bd7acbc.sdkstatcache -fmessage-length\=0 -fdiagnostics-show-note-include-stack -fmacro-backtrace-limit\=0 -fno-color-diagnostics -fmodules-prune-interval\=86400 -fmodules-prune-after\=345600 -fbuild-session-file\=/Users/itechnolabs/Library/Developer/Xcode/DerivedData/ModuleCache.noindex/Session.modulevalidation -fmodules-validate-once-per-build-session -Wnon-modular-include-in-framework-module -Werror\=non-modular-include-in-framework-module -Wno-trigraphs -Wno-missing-field-initializers -Wno-missing-prototypes -Werror\=return-type -Wdocumentation -Wunreachable-code -Wno-implicit-atomic-properties -Werror\=deprecated-objc-isa-usage -Wno-objc-interface-ivars -Werror\=objc-root-class -Wno-arc-repeated-use-of-weak -Wimplicit-retain-self -Wno-non-virtual-dtor -Wno-overloaded-virtual -Wno-exit-time-destructors -Wduplicate-method-match -Wno-missing-braces -Wparentheses -Wswitch -Wunused-function -Wno-unused-label -Wno-unused-parameter -Wunused-variable -Wunused-value -Wempty-body -Wuninitialized -Wconditional-uninitialized -Wno-unknown-pragmas -Wno-shadow -Wno-four-char-constants -Wno-conversion -Wconstant-conversion -Wint-conversion -Wbool-conversion -Wenum-conversion -Wno-float-conversion -Wnon-literal-null-conversion -Wobjc-literal-conversion -Wshorten-64-to-32 -Wno-newline-eof -Wno-selector -Wno-strict-selector-match -Wundeclared-selector -Wdeprecated-implementations -Wno-c++11-extensions -Wno-implicit-fallthrough -fstrict-aliasing -Wprotocol -Wdeprecated-declarations -Winvalid-offsetof -Wno-sign-conversion -Winfinite-recursion -Wmove -Wcomma -Wblock-capture-autoreleasing -Wstrict-prototypes -Wrange-loop-analysis -Wno-semicolon-before-method-body -Wunguarded-availability -index-store-path /Users/itechnolabs/Library/Developer/Xcode/DerivedData/Choona-dnghcflyrszrcwfmpfesqspssftx/Index.noindex/DataStore -Wno-strict-prototypes -Wno-error -Wno-deprecated-declarations -Wno-implicit-function-declaration -Wno-bitwise-instead-of-logical -Wno-error @/Users/itechnolabs/Library/Developer/Xcode/DerivedData/Choona-dnghcflyrszrcwfmpfesqspssftx/Build/Intermediates.noindex/Pods.build/Debug-iphonesimulator/React-RCTNetwork.build/Objects-normal/arm64/af3fcb34312c57c0f52879cdce924b91-common-args.resp -DFOLLY_NO_CONFIG -DFOLLY_MOBILE\=1 -DFOLLY_USE_LIBCPP\=1 -Wno-comma -Wno-shorten-64-to-32 -Wno-nullability-completeness -include /Users/itechnolabs/Documents/Vijay/choona/ios/Pods/Target\ Support\ Files/React-RCTNetwork/React-RCTNetwork-prefix.pch -MMD -MT dependencies -MF /Users/itechnolabs/Library/Developer/Xcode/DerivedData/Choona-dnghcflyrszrcwfmpfesqspssftx/Build/Intermediates.noindex/Pods.build/Debug-iphonesimulator/React-RCTNetwork.build/Objects-normal/arm64/RCTNetworking.d --serialize-diagnostics /Users/itechnolabs/Library/Developer/Xcode/DerivedData/Choona-dnghcflyrszrcwfmpfesqspssftx/Build/Intermediates.noindex/Pods.build/Debug-iphonesimulator/React-RCTNetwork.build/Objects-normal/arm64/RCTNetworking.dia -c /Users/itechnolabs/Documents/Vijay/choona/node_modules/react-native/Libraries/Network/RCTNetworking.mm -o /Users/itechnolabs/Library/Developer/Xcode/DerivedData/Choona-dnghcflyrszrcwfmpfesqspssftx/Build/Intermediates.noindex/Pods.build/Debug-iphonesimulator/React-RCTNetwork.build/Objects-normal/arm64/RCTNetworking.o -index-unit-output-path /Pods.build/Debug-iphonesimulator/React-RCTNetwork.build/Objects-normal/arm64/RCTNetworking.o

CompileC /Users/itechnolabs/Library/Developer/Xcode/DerivedData/Choona-dnghcflyrszrcwfmpfesqspssftx/Build/Intermediates.noindex/Pods.build/Debug-iphonesimulator/React-RCTLinking.build/Objects-normal/arm64/RCTLinkingManager.o /Users/itechnolabs/Documents/Vijay/choona/node_modules/react-native/Libraries/LinkingIOS/RCTLinkingManager.mm normal arm64 objective-c++ com.apple.compilers.llvm.clang.1_0.compiler (in target 'React-RCTLinking' from project 'Pods')
    cd /Users/itechnolabs/Documents/Vijay/choona/ios/Pods
    
    Using response file: /Users/itechnolabs/Library/Developer/Xcode/DerivedData/Choona-dnghcflyrszrcwfmpfesqspssftx/Build/Intermediates.noindex/Pods.build/Debug-iphonesimulator/React-RCTLinking.build/Objects-normal/arm64/af3fcb34312c57c0f52879cdce924b91-common-args.resp
    
    /Applications/Xcode.app/Contents/Developer/Toolchains/XcodeDefault.xctoolchain/usr/bin/clang -x objective-c++ -ivfsstatcache /Users/itechnolabs/Library/Developer/Xcode/DerivedData/SDKStatCaches.noindex/iphonesimulator26.1-23B77-90cf18a4295e390e64c810bc6bd7acbc.sdkstatcache -fmessage-length\=0 -fdiagnostics-show-note-include-stack -fmacro-backtrace-limit\=0 -fno-color-diagnostics -fmodules-prune-interval\=86400 -fmodules-prune-after\=345600 -fbuild-session-file\=/Users/itechnolabs/Library/Developer/Xcode/DerivedData/ModuleCache.noindex/Session.modulevalidation -fmodules-validate-once-per-build-session -Wnon-modular-include-in-framework-module -Werror\=non-modular-include-in-framework-module -Wno-trigraphs -Wno-missing-field-initializers -Wno-missing-prototypes -Werror\=return-type -Wdocumentation -Wunreachable-code -Wno-implicit-atomic-properties -Werror\=deprecated-objc-isa-usage -Wno-objc-interface-ivars -Werror\=objc-root-class -Wno-arc-repeated-use-of-weak -Wimplicit-retain-self -Wno-non-virtual-dtor -Wno-overloaded-virtual -Wno-exit-time-destructors -Wduplicate-method-match -Wno-missing-braces -Wparentheses -Wswitch -Wunused-function -Wno-unused-label -Wno-unused-parameter -Wunused-variable -Wunused-value -Wempty-body -Wuninitialized -Wconditional-uninitialized -Wno-unknown-pragmas -Wno-shadow -Wno-four-char-constants -Wno-conversion -Wconstant-conversion -Wint-conversion -Wbool-conversion -Wenum-conversion -Wno-float-conversion -Wnon-literal-null-conversion -Wobjc-literal-conversion -Wshorten-64-to-32 -Wno-newline-eof -Wno-selector -Wno-strict-selector-match -Wundeclared-selector -Wdeprecated-implementations -Wno-c++11-extensions -Wno-implicit-fallthrough -fstrict-aliasing -Wprotocol -Wdeprecated-declarations -Winvalid-offsetof -Wno-sign-conversion -Winfinite-recursion -Wmove -Wcomma -Wblock-capture-autoreleasing -Wstrict-prototypes -Wrange-loop-analysis -Wno-semicolon-before-method-body -Wunguarded-availability -index-store-path /Users/itechnolabs/Library/Developer/Xcode/DerivedData/Choona-dnghcflyrszrcwfmpfesqspssftx/Index.noindex/DataStore -Wno-strict-prototypes -Wno-error -Wno-deprecated-declarations -Wno-implicit-function-declaration -Wno-bitwise-instead-of-logical -Wno-error @/Users/itechnolabs/Library/Developer/Xcode/DerivedData/Choona-dnghcflyrszrcwfmpfesqspssftx/Build/Intermediates.noindex/Pods.build/Debug-iphonesimulator/React-RCTLinking.build/Objects-normal/arm64/af3fcb34312c57c0f52879cdce924b91-common-args.resp -DFOLLY_NO_CONFIG -DFOLLY_MOBILE\=1 -DFOLLY_USE_LIBCPP\=1 -Wno-comma -Wno-shorten-64-to-32 -Wno-nullability-completeness -include /Users/itechnolabs/Documents/Vijay/choona/ios/Pods/Target\ Support\ Files/React-RCTLinking/React-RCTLinking-prefix.pch -MMD -MT dependencies -MF /Users/itechnolabs/Library/Developer/Xcode/DerivedData/Choona-dnghcflyrszrcwfmpfesqspssftx/Build/Intermediates.noindex/Pods.build/Debug-iphonesimulator/React-RCTLinking.build/Objects-normal/arm64/RCTLinkingManager.d --serialize-diagnostics /Users/itechnolabs/Library/Developer/Xcode/DerivedData/Choona-dnghcflyrszrcwfmpfesqspssftx/Build/Intermediates.noindex/Pods.build/Debug-iphonesimulator/React-RCTLinking.build/Objects-normal/arm64/RCTLinkingManager.dia -c /Users/itechnolabs/Documents/Vijay/choona/node_modules/react-native/Libraries/LinkingIOS/RCTLinkingManager.mm -o /Users/itechnolabs/Library/Developer/Xcode/DerivedData/Choona-dnghcflyrszrcwfmpfesqspssftx/Build/Intermediates.noindex/Pods.build/Debug-iphonesimulator/React-RCTLinking.build/Objects-normal/arm64/RCTLinkingManager.o -index-unit-output-path /Pods.build/Debug-iphonesimulator/React-RCTLinking.build/Objects-normal/arm64/RCTLinkingManager.o

CompileC /Users/itechnolabs/Library/Developer/Xcode/DerivedData/Choona-dnghcflyrszrcwfmpfesqspssftx/Build/Intermediates.noindex/Pods.build/Debug-iphonesimulator/React-RCTImage.build/Objects-normal/arm64/RCTImageEditingManager.o /Users/itechnolabs/Documents/Vijay/choona/node_modules/react-native/Libraries/Image/RCTImageEditingManager.mm normal arm64 objective-c++ com.apple.compilers.llvm.clang.1_0.compiler (in target 'React-RCTImage' from project 'Pods')
    cd /Users/itechnolabs/Documents/Vijay/choona/ios/Pods
    
    Using response file: /Users/itechnolabs/Library/Developer/Xcode/DerivedData/Choona-dnghcflyrszrcwfmpfesqspssftx/Build/Intermediates.noindex/Pods.build/Debug-iphonesimulator/React-RCTImage.build/Objects-normal/arm64/af3fcb34312c57c0f52879cdce924b91-common-args.resp
    
    /Applications/Xcode.app/Contents/Developer/Toolchains/XcodeDefault.xctoolchain/usr/bin/clang -x objective-c++ -ivfsstatcache /Users/itechnolabs/Library/Developer/Xcode/DerivedData/SDKStatCaches.noindex/iphonesimulator26.1-23B77-90cf18a4295e390e64c810bc6bd7acbc.sdkstatcache -fmessage-length\=0 -fdiagnostics-show-note-include-stack -fmacro-backtrace-limit\=0 -fno-color-diagnostics -fmodules-prune-interval\=86400 -fmodules-prune-after\=345600 -fbuild-session-file\=/Users/itechnolabs/Library/Developer/Xcode/DerivedData/ModuleCache.noindex/Session.modulevalidation -fmodules-validate-once-per-build-session -Wnon-modular-include-in-framework-module -Werror\=non-modular-include-in-framework-module -Wno-trigraphs -Wno-missing-field-initializers -Wno-missing-prototypes -Werror\=return-type -Wdocumentation -Wunreachable-code -Wno-implicit-atomic-properties -Werror\=deprecated-objc-isa-usage -Wno-objc-interface-ivars -Werror\=objc-root-class -Wno-arc-repeated-use-of-weak -Wimplicit-retain-self -Wno-non-virtual-dtor -Wno-overloaded-virtual -Wno-exit-time-destructors -Wduplicate-method-match -Wno-missing-braces -Wparentheses -Wswitch -Wunused-function -Wno-unused-label -Wno-unused-parameter -Wunused-variable -Wunused-value -Wempty-body -Wuninitialized -Wconditional-uninitialized -Wno-unknown-pragmas -Wno-shadow -Wno-four-char-constants -Wno-conversion -Wconstant-conversion -Wint-conversion -Wbool-conversion -Wenum-conversion -Wno-float-conversion -Wnon-literal-null-conversion -Wobjc-literal-conversion -Wshorten-64-to-32 -Wno-newline-eof -Wno-selector -Wno-strict-selector-match -Wundeclared-selector -Wdeprecated-implementations -Wno-c++11-extensions -Wno-implicit-fallthrough -fstrict-aliasing -Wprotocol -Wdeprecated-declarations -Winvalid-offsetof -Wno-sign-conversion -Winfinite-recursion -Wmove -Wcomma -Wblock-capture-autoreleasing -Wstrict-prototypes -Wrange-loop-analysis -Wno-semicolon-before-method-body -Wunguarded-availability -index-store-path /Users/itechnolabs/Library/Developer/Xcode/DerivedData/Choona-dnghcflyrszrcwfmpfesqspssftx/Index.noindex/DataStore -Wno-strict-prototypes -Wno-error -Wno-deprecated-declarations -Wno-implicit-function-declaration -Wno-bitwise-instead-of-logical -Wno-error @/Users/itechnolabs/Library/Developer/Xcode/DerivedData/Choona-dnghcflyrszrcwfmpfesqspssftx/Build/Intermediates.noindex/Pods.build/Debug-iphonesimulator/React-RCTImage.build/Objects-normal/arm64/af3fcb34312c57c0f52879cdce924b91-common-args.resp -DFOLLY_NO_CONFIG -DFOLLY_MOBILE\=1 -DFOLLY_USE_LIBCPP\=1 -Wno-comma -Wno-shorten-64-to-32 -Wno-nullability-completeness -include /Users/itechnolabs/Documents/Vijay/choona/ios/Pods/Target\ Support\ Files/React-RCTImage/React-RCTImage-prefix.pch -MMD -MT dependencies -MF /Users/itechnolabs/Library/Developer/Xcode/DerivedData/Choona-dnghcflyrszrcwfmpfesqspssftx/Build/Intermediates.noindex/Pods.build/Debug-iphonesimulator/React-RCTImage.build/Objects-normal/arm64/RCTImageEditingManager.d --serialize-diagnostics /Users/itechnolabs/Library/Developer/Xcode/DerivedData/Choona-dnghcflyrszrcwfmpfesqspssftx/Build/Intermediates.noindex/Pods.build/Debug-iphonesimulator/React-RCTImage.build/Objects-normal/arm64/RCTImageEditingManager.dia -c /Users/itechnolabs/Documents/Vijay/choona/node_modules/react-native/Libraries/Image/RCTImageEditingManager.mm -o /Users/itechnolabs/Library/Developer/Xcode/DerivedData/Choona-dnghcflyrszrcwfmpfesqspssftx/Build/Intermediates.noindex/Pods.build/Debug-iphonesimulator/React-RCTImage.build/Objects-normal/arm64/RCTImageEditingManager.o -index-unit-output-path /Pods.build/Debug-iphonesimulator/React-RCTImage.build/Objects-normal/arm64/RCTImageEditingManager.o

CompileC /Users/itechnolabs/Library/Developer/Xcode/DerivedData/Choona-dnghcflyrszrcwfmpfesqspssftx/Build/Intermediates.noindex/Pods.build/Debug-iphonesimulator/React-RCTBlob.build/Objects-normal/arm64/RCTBlobManager.o /Users/itechnolabs/Documents/Vijay/choona/node_modules/react-native/Libraries/Blob/RCTBlobManager.mm normal arm64 objective-c++ com.apple.compilers.llvm.clang.1_0.compiler (in target 'React-RCTBlob' from project 'Pods')
    cd /Users/itechnolabs/Documents/Vijay/choona/ios/Pods
    
    Using response file: /Users/itechnolabs/Library/Developer/Xcode/DerivedData/Choona-dnghcflyrszrcwfmpfesqspssftx/Build/Intermediates.noindex/Pods.build/Debug-iphonesimulator/React-RCTBlob.build/Objects-normal/arm64/af3fcb34312c57c0f52879cdce924b91-common-args.resp
    
    /Applications/Xcode.app/Contents/Developer/Toolchains/XcodeDefault.xctoolchain/usr/bin/clang -x objective-c++ -ivfsstatcache /Users/itechnolabs/Library/Developer/Xcode/DerivedData/SDKStatCaches.noindex/iphonesimulator26.1-23B77-90cf18a4295e390e64c810bc6bd7acbc.sdkstatcache -fmessage-length\=0 -fdiagnostics-show-note-include-stack -fmacro-backtrace-limit\=0 -fno-color-diagnostics -fmodules-prune-interval\=86400 -fmodules-prune-after\=345600 -fbuild-session-file\=/Users/itechnolabs/Library/Developer/Xcode/DerivedData/ModuleCache.noindex/Session.modulevalidation -fmodules-validate-once-per-build-session -Wnon-modular-include-in-framework-module -Werror\=non-modular-include-in-framework-module -Wno-trigraphs -Wno-missing-field-initializers -Wno-missing-prototypes -Werror\=return-type -Wdocumentation -Wunreachable-code -Wno-implicit-atomic-properties -Werror\=deprecated-objc-isa-usage -Wno-objc-interface-ivars -Werror\=objc-root-class -Wno-arc-repeated-use-of-weak -Wimplicit-retain-self -Wno-non-virtual-dtor -Wno-overloaded-virtual -Wno-exit-time-destructors -Wduplicate-method-match -Wno-missing-braces -Wparentheses -Wswitch -Wunused-function -Wno-unused-label -Wno-unused-parameter -Wunused-variable -Wunused-value -Wempty-body -Wuninitialized -Wconditional-uninitialized -Wno-unknown-pragmas -Wno-shadow -Wno-four-char-constants -Wno-conversion -Wconstant-conversion -Wint-conversion -Wbool-conversion -Wenum-conversion -Wno-float-conversion -Wnon-literal-null-conversion -Wobjc-literal-conversion -Wshorten-64-to-32 -Wno-newline-eof -Wno-selector -Wno-strict-selector-match -Wundeclared-selector -Wdeprecated-implementations -Wno-c++11-extensions -Wno-implicit-fallthrough -fstrict-aliasing -Wprotocol -Wdeprecated-declarations -Winvalid-offsetof -Wno-sign-conversion -Winfinite-recursion -Wmove -Wcomma -Wblock-capture-autoreleasing -Wstrict-prototypes -Wrange-loop-analysis -Wno-semicolon-before-method-body -Wunguarded-availability -index-store-path /Users/itechnolabs/Library/Developer/Xcode/DerivedData/Choona-dnghcflyrszrcwfmpfesqspssftx/Index.noindex/DataStore -Wno-strict-prototypes -Wno-error -Wno-deprecated-declarations -Wno-implicit-function-declaration -Wno-bitwise-instead-of-logical -Wno-error @/Users/itechnolabs/Library/Developer/Xcode/DerivedData/Choona-dnghcflyrszrcwfmpfesqspssftx/Build/Intermediates.noindex/Pods.build/Debug-iphonesimulator/React-RCTBlob.build/Objects-normal/arm64/af3fcb34312c57c0f52879cdce924b91-common-args.resp -DFOLLY_NO_CONFIG -DFOLLY_MOBILE\=1 -DFOLLY_USE_LIBCPP\=1 -Wno-comma -Wno-shorten-64-to-32 -Wno-nullability-completeness -include /Users/itechnolabs/Documents/Vijay/choona/ios/Pods/Target\ Support\ Files/React-RCTBlob/React-RCTBlob-prefix.pch -MMD -MT dependencies -MF /Users/itechnolabs/Library/Developer/Xcode/DerivedData/Choona-dnghcflyrszrcwfmpfesqspssftx/Build/Intermediates.noindex/Pods.build/Debug-iphonesimulator/React-RCTBlob.build/Objects-normal/arm64/RCTBlobManager.d --serialize-diagnostics /Users/itechnolabs/Library/Developer/Xcode/DerivedData/Choona-dnghcflyrszrcwfmpfesqspssftx/Build/Intermediates.noindex/Pods.build/Debug-iphonesimulator/React-RCTBlob.build/Objects-normal/arm64/RCTBlobManager.dia -c /Users/itechnolabs/Documents/Vijay/choona/node_modules/react-native/Libraries/Blob/RCTBlobManager.mm -o /Users/itechnolabs/Library/Developer/Xcode/DerivedData/Choona-dnghcflyrszrcwfmpfesqspssftx/Build/Intermediates.noindex/Pods.build/Debug-iphonesimulator/React-RCTBlob.build/Objects-normal/arm64/RCTBlobManager.o -index-unit-output-path /Pods.build/Debug-iphonesimulator/React-RCTBlob.build/Objects-normal/arm64/RCTBlobManager.o

CompileC /Users/itechnolabs/Library/Developer/Xcode/DerivedData/Choona-dnghcflyrszrcwfmpfesqspssftx/Build/Intermediates.noindex/Pods.build/Debug-iphonesimulator/React-RCTAnimation.build/Objects-normal/arm64/RCTNativeAnimatedModule.o /Users/itechnolabs/Documents/Vijay/choona/node_modules/react-native/Libraries/NativeAnimation/RCTNativeAnimatedModule.mm normal arm64 objective-c++ com.apple.compilers.llvm.clang.1_0.compiler (in target 'React-RCTAnimation' from project 'Pods')
    cd /Users/itechnolabs/Documents/Vijay/choona/ios/Pods
    
    Using response file: /Users/itechnolabs/Library/Developer/Xcode/DerivedData/Choona-dnghcflyrszrcwfmpfesqspssftx/Build/Intermediates.noindex/Pods.build/Debug-iphonesimulator/React-RCTAnimation.build/Objects-normal/arm64/af3fcb34312c57c0f52879cdce924b91-common-args.resp
    
    /Applications/Xcode.app/Contents/Developer/Toolchains/XcodeDefault.xctoolchain/usr/bin/clang -x objective-c++ -ivfsstatcache /Users/itechnolabs/Library/Developer/Xcode/DerivedData/SDKStatCaches.noindex/iphonesimulator26.1-23B77-90cf18a4295e390e64c810bc6bd7acbc.sdkstatcache -fmessage-length\=0 -fdiagnostics-show-note-include-stack -fmacro-backtrace-limit\=0 -fno-color-diagnostics -fmodules-prune-interval\=86400 -fmodules-prune-after\=345600 -fbuild-session-file\=/Users/itechnolabs/Library/Developer/Xcode/DerivedData/ModuleCache.noindex/Session.modulevalidation -fmodules-validate-once-per-build-session -Wnon-modular-include-in-framework-module -Werror\=non-modular-include-in-framework-module -Wno-trigraphs -Wno-missing-field-initializers -Wno-missing-prototypes -Werror\=return-type -Wdocumentation -Wunreachable-code -Wno-implicit-atomic-properties -Werror\=deprecated-objc-isa-usage -Wno-objc-interface-ivars -Werror\=objc-root-class -Wno-arc-repeated-use-of-weak -Wimplicit-retain-self -Wno-non-virtual-dtor -Wno-overloaded-virtual -Wno-exit-time-destructors -Wduplicate-method-match -Wno-missing-braces -Wparentheses -Wswitch -Wunused-function -Wno-unused-label -Wno-unused-parameter -Wunused-variable -Wunused-value -Wempty-body -Wuninitialized -Wconditional-uninitialized -Wno-unknown-pragmas -Wno-shadow -Wno-four-char-constants -Wno-conversion -Wconstant-conversion -Wint-conversion -Wbool-conversion -Wenum-conversion -Wno-float-conversion -Wnon-literal-null-conversion -Wobjc-literal-conversion -Wshorten-64-to-32 -Wno-newline-eof -Wno-selector -Wno-strict-selector-match -Wundeclared-selector -Wdeprecated-implementations -Wno-c++11-extensions -Wno-implicit-fallthrough -fstrict-aliasing -Wprotocol -Wdeprecated-declarations -Winvalid-offsetof -Wno-sign-conversion -Winfinite-recursion -Wmove -Wcomma -Wblock-capture-autoreleasing -Wstrict-prototypes -Wrange-loop-analysis -Wno-semicolon-before-method-body -Wunguarded-availability -index-store-path /Users/itechnolabs/Library/Developer/Xcode/DerivedData/Choona-dnghcflyrszrcwfmpfesqspssftx/Index.noindex/DataStore -Wno-strict-prototypes -Wno-error -Wno-deprecated-declarations -Wno-implicit-function-declaration -Wno-bitwise-instead-of-logical -Wno-error @/Users/itechnolabs/Library/Developer/Xcode/DerivedData/Choona-dnghcflyrszrcwfmpfesqspssftx/Build/Intermediates.noindex/Pods.build/Debug-iphonesimulator/React-RCTAnimation.build/Objects-normal/arm64/af3fcb34312c57c0f52879cdce924b91-common-args.resp -DFOLLY_NO_CONFIG -DFOLLY_MOBILE\=1 -DFOLLY_USE_LIBCPP\=1 -Wno-comma -Wno-shorten-64-to-32 -Wno-nullability-completeness -include /Users/itechnolabs/Documents/Vijay/choona/ios/Pods/Target\ Support\ Files/React-RCTAnimation/React-RCTAnimation-prefix.pch -MMD -MT dependencies -MF /Users/itechnolabs/Library/Developer/Xcode/DerivedData/Choona-dnghcflyrszrcwfmpfesqspssftx/Build/Intermediates.noindex/Pods.build/Debug-iphonesimulator/React-RCTAnimation.build/Objects-normal/arm64/RCTNativeAnimatedModule.d --serialize-diagnostics /Users/itechnolabs/Library/Developer/Xcode/DerivedData/Choona-dnghcflyrszrcwfmpfesqspssftx/Build/Intermediates.noindex/Pods.build/Debug-iphonesimulator/React-RCTAnimation.build/Objects-normal/arm64/RCTNativeAnimatedModule.dia -c /Users/itechnolabs/Documents/Vijay/choona/node_modules/react-native/Libraries/NativeAnimation/RCTNativeAnimatedModule.mm -o /Users/itechnolabs/Library/Developer/Xcode/DerivedData/Choona-dnghcflyrszrcwfmpfesqspssftx/Build/Intermediates.noindex/Pods.build/Debug-iphonesimulator/React-RCTAnimation.build/Objects-normal/arm64/RCTNativeAnimatedModule.o -index-unit-output-path /Pods.build/Debug-iphonesimulator/React-RCTAnimation.build/Objects-normal/arm64/RCTNativeAnimatedModule.o

CompileC /Users/itechnolabs/Library/Developer/Xcode/DerivedData/Choona-dnghcflyrszrcwfmpfesqspssftx/Build/Intermediates.noindex/Pods.build/Debug-iphonesimulator/React-CoreModules.build/Objects-normal/arm64/RCTAccessibilityManager.o /Users/itechnolabs/Documents/Vijay/choona/node_modules/react-native/React/CoreModules/RCTAccessibilityManager.mm normal arm64 objective-c++ com.apple.compilers.llvm.clang.1_0.compiler (in target 'React-CoreModules' from project 'Pods')
    cd /Users/itechnolabs/Documents/Vijay/choona/ios/Pods
    
    Using response file: /Users/itechnolabs/Library/Developer/Xcode/DerivedData/Choona-dnghcflyrszrcwfmpfesqspssftx/Build/Intermediates.noindex/Pods.build/Debug-iphonesimulator/React-CoreModules.build/Objects-normal/arm64/af3fcb34312c57c0f52879cdce924b91-common-args.resp
    
    /Applications/Xcode.app/Contents/Developer/Toolchains/XcodeDefault.xctoolchain/usr/bin/clang -x objective-c++ -ivfsstatcache /Users/itechnolabs/Library/Developer/Xcode/DerivedData/SDKStatCaches.noindex/iphonesimulator26.1-23B77-90cf18a4295e390e64c810bc6bd7acbc.sdkstatcache -fmessage-length\=0 -fdiagnostics-show-note-include-stack -fmacro-backtrace-limit\=0 -fno-color-diagnostics -fmodules-prune-interval\=86400 -fmodules-prune-after\=345600 -fbuild-session-file\=/Users/itechnolabs/Library/Developer/Xcode/DerivedData/ModuleCache.noindex/Session.modulevalidation -fmodules-validate-once-per-build-session -Wnon-modular-include-in-framework-module -Werror\=non-modular-include-in-framework-module -Wno-trigraphs -Wno-missing-field-initializers -Wno-missing-prototypes -Werror\=return-type -Wdocumentation -Wunreachable-code -Wno-implicit-atomic-properties -Werror\=deprecated-objc-isa-usage -Wno-objc-interface-ivars -Werror\=objc-root-class -Wno-arc-repeated-use-of-weak -Wimplicit-retain-self -Wno-non-virtual-dtor -Wno-overloaded-virtual -Wno-exit-time-destructors -Wduplicate-method-match -Wno-missing-braces -Wparentheses -Wswitch -Wunused-function -Wno-unused-label -Wno-unused-parameter -Wunused-variable -Wunused-value -Wempty-body -Wuninitialized -Wconditional-uninitialized -Wno-unknown-pragmas -Wno-shadow -Wno-four-char-constants -Wno-conversion -Wconstant-conversion -Wint-conversion -Wbool-conversion -Wenum-conversion -Wno-float-conversion -Wnon-literal-null-conversion -Wobjc-literal-conversion -Wshorten-64-to-32 -Wno-newline-eof -Wno-selector -Wno-strict-selector-match -Wundeclared-selector -Wdeprecated-implementations -Wno-c++11-extensions -Wno-implicit-fallthrough -fstrict-aliasing -Wprotocol -Wdeprecated-declarations -Winvalid-offsetof -Wno-sign-conversion -Winfinite-recursion -Wmove -Wcomma -Wblock-capture-autoreleasing -Wstrict-prototypes -Wrange-loop-analysis -Wno-semicolon-before-method-body -Wunguarded-availability -index-store-path /Users/itechnolabs/Library/Developer/Xcode/DerivedData/Choona-dnghcflyrszrcwfmpfesqspssftx/Index.noindex/DataStore -Wno-strict-prototypes -Wno-error -Wno-deprecated-declarations -Wno-implicit-function-declaration -Wno-bitwise-instead-of-logical -Wno-error @/Users/itechnolabs/Library/Developer/Xcode/DerivedData/Choona-dnghcflyrszrcwfmpfesqspssftx/Build/Intermediates.noindex/Pods.build/Debug-iphonesimulator/React-CoreModules.build/Objects-normal/arm64/af3fcb34312c57c0f52879cdce924b91-common-args.resp -DFOLLY_NO_CONFIG -DFOLLY_MOBILE\=1 -DFOLLY_USE_LIBCPP\=1 -Wno-comma -Wno-shorten-64-to-32 -Wno-nullability-completeness -include /Users/itechnolabs/Documents/Vijay/choona/ios/Pods/Target\ Support\ Files/React-CoreModules/React-CoreModules-prefix.pch -MMD -MT dependencies -MF /Users/itechnolabs/Library/Developer/Xcode/DerivedData/Choona-dnghcflyrszrcwfmpfesqspssftx/Build/Intermediates.noindex/Pods.build/Debug-iphonesimulator/React-CoreModules.build/Objects-normal/arm64/RCTAccessibilityManager.d --serialize-diagnostics /Users/itechnolabs/Library/Developer/Xcode/DerivedData/Choona-dnghcflyrszrcwfmpfesqspssftx/Build/Intermediates.noindex/Pods.build/Debug-iphonesimulator/React-CoreModules.build/Objects-normal/arm64/RCTAccessibilityManager.dia -c /Users/itechnolabs/Documents/Vijay/choona/node_modules/react-native/React/CoreModules/RCTAccessibilityManager.mm -o /Users/itechnolabs/Library/Developer/Xcode/DerivedData/Choona-dnghcflyrszrcwfmpfesqspssftx/Build/Intermediates.noindex/Pods.build/Debug-iphonesimulator/React-CoreModules.build/Objects-normal/arm64/RCTAccessibilityManager.o -index-unit-output-path /Pods.build/Debug-iphonesimulator/React-CoreModules.build/Objects-normal/arm64/RCTAccessibilityManager.o

CompileC /Users/itechnolabs/Library/Developer/Xcode/DerivedData/Choona-dnghcflyrszrcwfmpfesqspssftx/Build/Intermediates.noindex/Pods.build/Debug-iphonesimulator/Pods-Choona-ChoonaDev.build/Objects-normal/arm64/Pods-Choona-ChoonaDev-dummy.o /Users/itechnolabs/Documents/Vijay/choona/ios/Pods/Target\ Support\ Files/Pods-Choona-ChoonaDev/Pods-Choona-ChoonaDev-dummy.m normal arm64 objective-c com.apple.compilers.llvm.clang.1_0.compiler (in target 'Pods-Choona-ChoonaDev' from project 'Pods')
    cd /Users/itechnolabs/Documents/Vijay/choona/ios/Pods
    
    Using response file: /Users/itechnolabs/Library/Developer/Xcode/DerivedData/Choona-dnghcflyrszrcwfmpfesqspssftx/Build/Intermediates.noindex/Pods.build/Debug-iphonesimulator/Pods-Choona-ChoonaDev.build/Objects-normal/arm64/e6072d4f65d7061329687fe24e3d63a7-common-args.resp
    
    /Applications/Xcode.app/Contents/Developer/Toolchains/XcodeDefault.xctoolchain/usr/bin/clang -x objective-c -ivfsstatcache /Users/itechnolabs/Library/Developer/Xcode/DerivedData/SDKStatCaches.noindex/iphonesimulator26.1-23B77-90cf18a4295e390e64c810bc6bd7acbc.sdkstatcache -fmessage-length\=0 -fdiagnostics-show-note-include-stack -fmacro-backtrace-limit\=0 -fno-color-diagnostics -fmodules-prune-interval\=86400 -fmodules-prune-after\=345600 -fbuild-session-file\=/Users/itechnolabs/Library/Developer/Xcode/DerivedData/ModuleCache.noindex/Session.modulevalidation -fmodules-validate-once-per-build-session -Wnon-modular-include-in-framework-module -Werror\=non-modular-include-in-framework-module -Wno-trigraphs -Wno-missing-field-initializers -Wno-missing-prototypes -Werror\=return-type -Wdocumentation -Wunreachable-code -Wno-implicit-atomic-properties -Werror\=deprecated-objc-isa-usage -Wno-objc-interface-ivars -Werror\=objc-root-class -Wno-arc-repeated-use-of-weak -Wimplicit-retain-self -Wduplicate-method-match -Wno-missing-braces -Wparentheses -Wswitch -Wunused-function -Wno-unused-label -Wno-unused-parameter -Wunused-variable -Wunused-value -Wempty-body -Wuninitialized -Wconditional-uninitialized -Wno-unknown-pragmas -Wno-shadow -Wno-four-char-constants -Wno-conversion -Wconstant-conversion -Wint-conversion -Wbool-conversion -Wenum-conversion -Wno-float-conversion -Wnon-literal-null-conversion -Wobjc-literal-conversion -Wshorten-64-to-32 -Wpointer-sign -Wno-newline-eof -Wno-selector -Wno-strict-selector-match -Wundeclared-selector -Wdeprecated-implementations -Wno-implicit-fallthrough -fstrict-aliasing -Wprotocol -Wdeprecated-declarations -Wno-sign-conversion -Winfinite-recursion -Wcomma -Wblock-capture-autoreleasing -Wstrict-prototypes -Wno-semicolon-before-method-body -Wunguarded-availability -index-store-path /Users/itechnolabs/Library/Developer/Xcode/DerivedData/Choona-dnghcflyrszrcwfmpfesqspssftx/Index.noindex/DataStore -Wno-strict-prototypes -Wno-error -Wno-deprecated-declarations -Wno-implicit-function-declaration @/Users/itechnolabs/Library/Developer/Xcode/DerivedData/Choona-dnghcflyrszrcwfmpfesqspssftx/Build/Intermediates.noindex/Pods.build/Debug-iphonesimulator/Pods-Choona-ChoonaDev.build/Objects-normal/arm64/e6072d4f65d7061329687fe24e3d63a7-common-args.resp -MMD -MT dependencies -MF /Users/itechnolabs/Library/Developer/Xcode/DerivedData/Choona-dnghcflyrszrcwfmpfesqspssftx/Build/Intermediates.noindex/Pods.build/Debug-iphonesimulator/Pods-Choona-ChoonaDev.build/Objects-normal/arm64/Pods-Choona-ChoonaDev-dummy.d --serialize-diagnostics /Users/itechnolabs/Library/Developer/Xcode/DerivedData/Choona-dnghcflyrszrcwfmpfesqspssftx/Build/Intermediates.noindex/Pods.build/Debug-iphonesimulator/Pods-Choona-ChoonaDev.build/Objects-normal/arm64/Pods-Choona-ChoonaDev-dummy.dia -c /Users/itechnolabs/Documents/Vijay/choona/ios/Pods/Target\ Support\ Files/Pods-Choona-ChoonaDev/Pods-Choona-ChoonaDev-dummy.m -o /Users/itechnolabs/Library/Developer/Xcode/DerivedData/Choona-dnghcflyrszrcwfmpfesqspssftx/Build/Intermediates.noindex/Pods.build/Debug-iphonesimulator/Pods-Choona-ChoonaDev.build/Objects-normal/arm64/Pods-Choona-ChoonaDev-dummy.o -index-unit-output-path /Pods.build/Debug-iphonesimulator/Pods-Choona-ChoonaDev.build/Objects-normal/arm64/Pods-Choona-ChoonaDev-dummy.o

CompileC /Users/itechnolabs/Library/Developer/Xcode/DerivedData/Choona-dnghcflyrszrcwfmpfesqspssftx/Build/Intermediates.noindex/Pods.build/Debug-iphonesimulator/React-RCTAnimation.build/Objects-normal/arm64/RCTNativeAnimatedTurboModule.o /Users/itechnolabs/Documents/Vijay/choona/node_modules/react-native/Libraries/NativeAnimation/RCTNativeAnimatedTurboModule.mm normal arm64 objective-c++ com.apple.compilers.llvm.clang.1_0.compiler (in target 'React-RCTAnimation' from project 'Pods')
    cd /Users/itechnolabs/Documents/Vijay/choona/ios/Pods
    
    Using response file: /Users/itechnolabs/Library/Developer/Xcode/DerivedData/Choona-dnghcflyrszrcwfmpfesqspssftx/Build/Intermediates.noindex/Pods.build/Debug-iphonesimulator/React-RCTAnimation.build/Objects-normal/arm64/af3fcb34312c57c0f52879cdce924b91-common-args.resp
    
    /Applications/Xcode.app/Contents/Developer/Toolchains/XcodeDefault.xctoolchain/usr/bin/clang -x objective-c++ -ivfsstatcache /Users/itechnolabs/Library/Developer/Xcode/DerivedData/SDKStatCaches.noindex/iphonesimulator26.1-23B77-90cf18a4295e390e64c810bc6bd7acbc.sdkstatcache -fmessage-length\=0 -fdiagnostics-show-note-include-stack -fmacro-backtrace-limit\=0 -fno-color-diagnostics -fmodules-prune-interval\=86400 -fmodules-prune-after\=345600 -fbuild-session-file\=/Users/itechnolabs/Library/Developer/Xcode/DerivedData/ModuleCache.noindex/Session.modulevalidation -fmodules-validate-once-per-build-session -Wnon-modular-include-in-framework-module -Werror\=non-modular-include-in-framework-module -Wno-trigraphs -Wno-missing-field-initializers -Wno-missing-prototypes -Werror\=return-type -Wdocumentation -Wunreachable-code -Wno-implicit-atomic-properties -Werror\=deprecated-objc-isa-usage -Wno-objc-interface-ivars -Werror\=objc-root-class -Wno-arc-repeated-use-of-weak -Wimplicit-retain-self -Wno-non-virtual-dtor -Wno-overloaded-virtual -Wno-exit-time-destructors -Wduplicate-method-match -Wno-missing-braces -Wparentheses -Wswitch -Wunused-function -Wno-unused-label -Wno-unused-parameter -Wunused-variable -Wunused-value -Wempty-body -Wuninitialized -Wconditional-uninitialized -Wno-unknown-pragmas -Wno-shadow -Wno-four-char-constants -Wno-conversion -Wconstant-conversion -Wint-conversion -Wbool-conversion -Wenum-conversion -Wno-float-conversion -Wnon-literal-null-conversion -Wobjc-literal-conversion -Wshorten-64-to-32 -Wno-newline-eof -Wno-selector -Wno-strict-selector-match -Wundeclared-selector -Wdeprecated-implementations -Wno-c++11-extensions -Wno-implicit-fallthrough -fstrict-aliasing -Wprotocol -Wdeprecated-declarations -Winvalid-offsetof -Wno-sign-conversion -Winfinite-recursion -Wmove -Wcomma -Wblock-capture-autoreleasing -Wstrict-prototypes -Wrange-loop-analysis -Wno-semicolon-before-method-body -Wunguarded-availability -index-store-path /Users/itechnolabs/Library/Developer/Xcode/DerivedData/Choona-dnghcflyrszrcwfmpfesqspssftx/Index.noindex/DataStore -Wno-strict-prototypes -Wno-error -Wno-deprecated-declarations -Wno-implicit-function-declaration -Wno-bitwise-instead-of-logical -Wno-error @/Users/itechnolabs/Library/Developer/Xcode/DerivedData/Choona-dnghcflyrszrcwfmpfesqspssftx/Build/Intermediates.noindex/Pods.build/Debug-iphonesimulator/React-RCTAnimation.build/Objects-normal/arm64/af3fcb34312c57c0f52879cdce924b91-common-args.resp -DFOLLY_NO_CONFIG -DFOLLY_MOBILE\=1 -DFOLLY_USE_LIBCPP\=1 -Wno-comma -Wno-shorten-64-to-32 -Wno-nullability-completeness -include /Users/itechnolabs/Documents/Vijay/choona/ios/Pods/Target\ Support\ Files/React-RCTAnimation/React-RCTAnimation-prefix.pch -MMD -MT dependencies -MF /Users/itechnolabs/Library/Developer/Xcode/DerivedData/Choona-dnghcflyrszrcwfmpfesqspssftx/Build/Intermediates.noindex/Pods.build/Debug-iphonesimulator/React-RCTAnimation.build/Objects-normal/arm64/RCTNativeAnimatedTurboModule.d --serialize-diagnostics /Users/itechnolabs/Library/Developer/Xcode/DerivedData/Choona-dnghcflyrszrcwfmpfesqspssftx/Build/Intermediates.noindex/Pods.build/Debug-iphonesimulator/React-RCTAnimation.build/Objects-normal/arm64/RCTNativeAnimatedTurboModule.dia -c /Users/itechnolabs/Documents/Vijay/choona/node_modules/react-native/Libraries/NativeAnimation/RCTNativeAnimatedTurboModule.mm -o /Users/itechnolabs/Library/Developer/Xcode/DerivedData/Choona-dnghcflyrszrcwfmpfesqspssftx/Build/Intermediates.noindex/Pods.build/Debug-iphonesimulator/React-RCTAnimation.build/Objects-normal/arm64/RCTNativeAnimatedTurboModule.o -index-unit-output-path /Pods.build/Debug-iphonesimulator/React-RCTAnimation.build/Objects-normal/arm64/RCTNativeAnimatedTurboModule.o

CompileC /Users/itechnolabs/Library/Developer/Xcode/DerivedData/Choona-dnghcflyrszrcwfmpfesqspssftx/Build/Intermediates.noindex/Pods.build/Debug-iphonesimulator/FBReactNativeSpec.build/Objects-normal/arm64/FBReactNativeSpec-generated.o /Users/itechnolabs/Documents/Vijay/choona/node_modules/react-native/React/FBReactNativeSpec/FBReactNativeSpec/FBReactNativeSpec-generated.mm normal arm64 objective-c++ com.apple.compilers.llvm.clang.1_0.compiler (in target 'FBReactNativeSpec' from project 'Pods')
    cd /Users/itechnolabs/Documents/Vijay/choona/ios/Pods
    
    Using response file: /Users/itechnolabs/Library/Developer/Xcode/DerivedData/Choona-dnghcflyrszrcwfmpfesqspssftx/Build/Intermediates.noindex/Pods.build/Debug-iphonesimulator/FBReactNativeSpec.build/Objects-normal/arm64/af3fcb34312c57c0f52879cdce924b91-common-args.resp
    
    /Applications/Xcode.app/Contents/Developer/Toolchains/XcodeDefault.xctoolchain/usr/bin/clang -x objective-c++ -ivfsstatcache /Users/itechnolabs/Library/Developer/Xcode/DerivedData/SDKStatCaches.noindex/iphonesimulator26.1-23B77-90cf18a4295e390e64c810bc6bd7acbc.sdkstatcache -fmessage-length\=0 -fdiagnostics-show-note-include-stack -fmacro-backtrace-limit\=0 -fno-color-diagnostics -fmodules-prune-interval\=86400 -fmodules-prune-after\=345600 -fbuild-session-file\=/Users/itechnolabs/Library/Developer/Xcode/DerivedData/ModuleCache.noindex/Session.modulevalidation -fmodules-validate-once-per-build-session -Wnon-modular-include-in-framework-module -Werror\=non-modular-include-in-framework-module -Wno-trigraphs -Wno-missing-field-initializers -Wno-missing-prototypes -Werror\=return-type -Wdocumentation -Wunreachable-code -Wno-implicit-atomic-properties -Werror\=deprecated-objc-isa-usage -Wno-objc-interface-ivars -Werror\=objc-root-class -Wno-arc-repeated-use-of-weak -Wimplicit-retain-self -Wno-non-virtual-dtor -Wno-overloaded-virtual -Wno-exit-time-destructors -Wduplicate-method-match -Wno-missing-braces -Wparentheses -Wswitch -Wunused-function -Wno-unused-label -Wno-unused-parameter -Wunused-variable -Wunused-value -Wempty-body -Wuninitialized -Wconditional-uninitialized -Wno-unknown-pragmas -Wno-shadow -Wno-four-char-constants -Wno-conversion -Wconstant-conversion -Wint-conversion -Wbool-conversion -Wenum-conversion -Wno-float-conversion -Wnon-literal-null-conversion -Wobjc-literal-conversion -Wshorten-64-to-32 -Wno-newline-eof -Wno-selector -Wno-strict-selector-match -Wundeclared-selector -Wdeprecated-implementations -Wno-c++11-extensions -Wno-implicit-fallthrough -fstrict-aliasing -Wprotocol -Wdeprecated-declarations -Winvalid-offsetof -Wno-sign-conversion -Winfinite-recursion -Wmove -Wcomma -Wblock-capture-autoreleasing -Wstrict-prototypes -Wrange-loop-analysis -Wno-semicolon-before-method-body -Wunguarded-availability -index-store-path /Users/itechnolabs/Library/Developer/Xcode/DerivedData/Choona-dnghcflyrszrcwfmpfesqspssftx/Index.noindex/DataStore -Wno-strict-prototypes -Wno-error -Wno-deprecated-declarations -Wno-implicit-function-declaration -Wno-bitwise-instead-of-logical -Wno-error @/Users/itechnolabs/Library/Developer/Xcode/DerivedData/Choona-dnghcflyrszrcwfmpfesqspssftx/Build/Intermediates.noindex/Pods.build/Debug-iphonesimulator/FBReactNativeSpec.build/Objects-normal/arm64/af3fcb34312c57c0f52879cdce924b91-common-args.resp -DFOLLY_NO_CONFIG -DFOLLY_MOBILE\=1 -DFOLLY_USE_LIBCPP\=1 -Wno-comma -Wno-shorten-64-to-32 -Wno-nullability-completeness -include /Users/itechnolabs/Documents/Vijay/choona/ios/Pods/Target\ Support\ Files/FBReactNativeSpec/FBReactNativeSpec-prefix.pch -MMD -MT dependencies -MF /Users/itechnolabs/Library/Developer/Xcode/DerivedData/Choona-dnghcflyrszrcwfmpfesqspssftx/Build/Intermediates.noindex/Pods.build/Debug-iphonesimulator/FBReactNativeSpec.build/Objects-normal/arm64/FBReactNativeSpec-generated.d --serialize-diagnostics /Users/itechnolabs/Library/Developer/Xcode/DerivedData/Choona-dnghcflyrszrcwfmpfesqspssftx/Build/Intermediates.noindex/Pods.build/Debug-iphonesimulator/FBReactNativeSpec.build/Objects-normal/arm64/FBReactNativeSpec-generated.dia -c /Users/itechnolabs/Documents/Vijay/choona/node_modules/react-native/React/FBReactNativeSpec/FBReactNativeSpec/FBReactNativeSpec-generated.mm -o /Users/itechnolabs/Library/Developer/Xcode/DerivedData/Choona-dnghcflyrszrcwfmpfesqspssftx/Build/Intermediates.noindex/Pods.build/Debug-iphonesimulator/FBReactNativeSpec.build/Objects-normal/arm64/FBReactNativeSpec-generated.o -index-unit-output-path /Pods.build/Debug-iphonesimulator/FBReactNativeSpec.build/Objects-normal/arm64/FBReactNativeSpec-generated.o

ProcessProductPackagingDER /Users/itechnolabs/Library/Developer/Xcode/DerivedData/Choona-dnghcflyrszrcwfmpfesqspssftx/Build/Intermediates.noindex/Choona.build/Debug-iphonesimulator/ChoonaDev.build/ChoonaDev.app.xcent /Users/itechnolabs/Library/Developer/Xcode/DerivedData/Choona-dnghcflyrszrcwfmpfesqspssftx/Build/Intermediates.noindex/Choona.build/Debug-iphonesimulator/ChoonaDev.build/ChoonaDev.app.xcent.der (in target 'ChoonaDev' from project 'Choona')
    cd /Users/itechnolabs/Documents/Vijay/choona/ios
    /usr/bin/derq query -f xml -i /Users/itechnolabs/Library/Developer/Xcode/DerivedData/Choona-dnghcflyrszrcwfmpfesqspssftx/Build/Intermediates.noindex/Choona.build/Debug-iphonesimulator/ChoonaDev.build/ChoonaDev.app.xcent -o /Users/itechnolabs/Library/Developer/Xcode/DerivedData/Choona-dnghcflyrszrcwfmpfesqspssftx/Build/Intermediates.noindex/Choona.build/Debug-iphonesimulator/ChoonaDev.build/ChoonaDev.app.xcent.der --raw

CompileC /Users/itechnolabs/Library/Developer/Xcode/DerivedData/Choona-dnghcflyrszrcwfmpfesqspssftx/Build/Intermediates.noindex/Pods.build/Debug-iphonesimulator/React-RCTImage.build/Objects-normal/arm64/RCTImageStoreManager.o /Users/itechnolabs/Documents/Vijay/choona/node_modules/react-native/Libraries/Image/RCTImageStoreManager.mm normal arm64 objective-c++ com.apple.compilers.llvm.clang.1_0.compiler (in target 'React-RCTImage' from project 'Pods')
    cd /Users/itechnolabs/Documents/Vijay/choona/ios/Pods
    
    Using response file: /Users/itechnolabs/Library/Developer/Xcode/DerivedData/Choona-dnghcflyrszrcwfmpfesqspssftx/Build/Intermediates.noindex/Pods.build/Debug-iphonesimulator/React-RCTImage.build/Objects-normal/arm64/af3fcb34312c57c0f52879cdce924b91-common-args.resp
    
    /Applications/Xcode.app/Contents/Developer/Toolchains/XcodeDefault.xctoolchain/usr/bin/clang -x objective-c++ -ivfsstatcache /Users/itechnolabs/Library/Developer/Xcode/DerivedData/SDKStatCaches.noindex/iphonesimulator26.1-23B77-90cf18a4295e390e64c810bc6bd7acbc.sdkstatcache -fmessage-length\=0 -fdiagnostics-show-note-include-stack -fmacro-backtrace-limit\=0 -fno-color-diagnostics -fmodules-prune-interval\=86400 -fmodules-prune-after\=345600 -fbuild-session-file\=/Users/itechnolabs/Library/Developer/Xcode/DerivedData/ModuleCache.noindex/Session.modulevalidation -fmodules-validate-once-per-build-session -Wnon-modular-include-in-framework-module -Werror\=non-modular-include-in-framework-module -Wno-trigraphs -Wno-missing-field-initializers -Wno-missing-prototypes -Werror\=return-type -Wdocumentation -Wunreachable-code -Wno-implicit-atomic-properties -Werror\=deprecated-objc-isa-usage -Wno-objc-interface-ivars -Werror\=objc-root-class -Wno-arc-repeated-use-of-weak -Wimplicit-retain-self -Wno-non-virtual-dtor -Wno-overloaded-virtual -Wno-exit-time-destructors -Wduplicate-method-match -Wno-missing-braces -Wparentheses -Wswitch -Wunused-function -Wno-unused-label -Wno-unused-parameter -Wunused-variable -Wunused-value -Wempty-body -Wuninitialized -Wconditional-uninitialized -Wno-unknown-pragmas -Wno-shadow -Wno-four-char-constants -Wno-conversion -Wconstant-conversion -Wint-conversion -Wbool-conversion -Wenum-conversion -Wno-float-conversion -Wnon-literal-null-conversion -Wobjc-literal-conversion -Wshorten-64-to-32 -Wno-newline-eof -Wno-selector -Wno-strict-selector-match -Wundeclared-selector -Wdeprecated-implementations -Wno-c++11-extensions -Wno-implicit-fallthrough -fstrict-aliasing -Wprotocol -Wdeprecated-declarations -Winvalid-offsetof -Wno-sign-conversion -Winfinite-recursion -Wmove -Wcomma -Wblock-capture-autoreleasing -Wstrict-prototypes -Wrange-loop-analysis -Wno-semicolon-before-method-body -Wunguarded-availability -index-store-path /Users/itechnolabs/Library/Developer/Xcode/DerivedData/Choona-dnghcflyrszrcwfmpfesqspssftx/Index.noindex/DataStore -Wno-strict-prototypes -Wno-error -Wno-deprecated-declarations -Wno-implicit-function-declaration -Wno-bitwise-instead-of-logical -Wno-error @/Users/itechnolabs/Library/Developer/Xcode/DerivedData/Choona-dnghcflyrszrcwfmpfesqspssftx/Build/Intermediates.noindex/Pods.build/Debug-iphonesimulator/React-RCTImage.build/Objects-normal/arm64/af3fcb34312c57c0f52879cdce924b91-common-args.resp -DFOLLY_NO_CONFIG -DFOLLY_MOBILE\=1 -DFOLLY_USE_LIBCPP\=1 -Wno-comma -Wno-shorten-64-to-32 -Wno-nullability-completeness -include /Users/itechnolabs/Documents/Vijay/choona/ios/Pods/Target\ Support\ Files/React-RCTImage/React-RCTImage-prefix.pch -MMD -MT dependencies -MF /Users/itechnolabs/Library/Developer/Xcode/DerivedData/Choona-dnghcflyrszrcwfmpfesqspssftx/Build/Intermediates.noindex/Pods.build/Debug-iphonesimulator/React-RCTImage.build/Objects-normal/arm64/RCTImageStoreManager.d --serialize-diagnostics /Users/itechnolabs/Library/Developer/Xcode/DerivedData/Choona-dnghcflyrszrcwfmpfesqspssftx/Build/Intermediates.noindex/Pods.build/Debug-iphonesimulator/React-RCTImage.build/Objects-normal/arm64/RCTImageStoreManager.dia -c /Users/itechnolabs/Documents/Vijay/choona/node_modules/react-native/Libraries/Image/RCTImageStoreManager.mm -o /Users/itechnolabs/Library/Developer/Xcode/DerivedData/Choona-dnghcflyrszrcwfmpfesqspssftx/Build/Intermediates.noindex/Pods.build/Debug-iphonesimulator/React-RCTImage.build/Objects-normal/arm64/RCTImageStoreManager.o -index-unit-output-path /Pods.build/Debug-iphonesimulator/React-RCTImage.build/Objects-normal/arm64/RCTImageStoreManager.o

CompileC /Users/itechnolabs/Library/Developer/Xcode/DerivedData/Choona-dnghcflyrszrcwfmpfesqspssftx/Build/Intermediates.noindex/Pods.build/Debug-iphonesimulator/React-RCTImage.build/Objects-normal/arm64/RCTImageLoader.o /Users/itechnolabs/Documents/Vijay/choona/node_modules/react-native/Libraries/Image/RCTImageLoader.mm normal arm64 objective-c++ com.apple.compilers.llvm.clang.1_0.compiler (in target 'React-RCTImage' from project 'Pods')
    cd /Users/itechnolabs/Documents/Vijay/choona/ios/Pods
    
    Using response file: /Users/itechnolabs/Library/Developer/Xcode/DerivedData/Choona-dnghcflyrszrcwfmpfesqspssftx/Build/Intermediates.noindex/Pods.build/Debug-iphonesimulator/React-RCTImage.build/Objects-normal/arm64/af3fcb34312c57c0f52879cdce924b91-common-args.resp
    
    /Applications/Xcode.app/Contents/Developer/Toolchains/XcodeDefault.xctoolchain/usr/bin/clang -x objective-c++ -ivfsstatcache /Users/itechnolabs/Library/Developer/Xcode/DerivedData/SDKStatCaches.noindex/iphonesimulator26.1-23B77-90cf18a4295e390e64c810bc6bd7acbc.sdkstatcache -fmessage-length\=0 -fdiagnostics-show-note-include-stack -fmacro-backtrace-limit\=0 -fno-color-diagnostics -fmodules-prune-interval\=86400 -fmodules-prune-after\=345600 -fbuild-session-file\=/Users/itechnolabs/Library/Developer/Xcode/DerivedData/ModuleCache.noindex/Session.modulevalidation -fmodules-validate-once-per-build-session -Wnon-modular-include-in-framework-module -Werror\=non-modular-include-in-framework-module -Wno-trigraphs -Wno-missing-field-initializers -Wno-missing-prototypes -Werror\=return-type -Wdocumentation -Wunreachable-code -Wno-implicit-atomic-properties -Werror\=deprecated-objc-isa-usage -Wno-objc-interface-ivars -Werror\=objc-root-class -Wno-arc-repeated-use-of-weak -Wimplicit-retain-self -Wno-non-virtual-dtor -Wno-overloaded-virtual -Wno-exit-time-destructors -Wduplicate-method-match -Wno-missing-braces -Wparentheses -Wswitch -Wunused-function -Wno-unused-label -Wno-unused-parameter -Wunused-variable -Wunused-value -Wempty-body -Wuninitialized -Wconditional-uninitialized -Wno-unknown-pragmas -Wno-shadow -Wno-four-char-constants -Wno-conversion -Wconstant-conversion -Wint-conversion -Wbool-conversion -Wenum-conversion -Wno-float-conversion -Wnon-literal-null-conversion -Wobjc-literal-conversion -Wshorten-64-to-32 -Wno-newline-eof -Wno-selector -Wno-strict-selector-match -Wundeclared-selector -Wdeprecated-implementations -Wno-c++11-extensions -Wno-implicit-fallthrough -fstrict-aliasing -Wprotocol -Wdeprecated-declarations -Winvalid-offsetof -Wno-sign-conversion -Winfinite-recursion -Wmove -Wcomma -Wblock-capture-autoreleasing -Wstrict-prototypes -Wrange-loop-analysis -Wno-semicolon-before-method-body -Wunguarded-availability -index-store-path /Users/itechnolabs/Library/Developer/Xcode/DerivedData/Choona-dnghcflyrszrcwfmpfesqspssftx/Index.noindex/DataStore -Wno-strict-prototypes -Wno-error -Wno-deprecated-declarations -Wno-implicit-function-declaration -Wno-bitwise-instead-of-logical -Wno-error @/Users/itechnolabs/Library/Developer/Xcode/DerivedData/Choona-dnghcflyrszrcwfmpfesqspssftx/Build/Intermediates.noindex/Pods.build/Debug-iphonesimulator/React-RCTImage.build/Objects-normal/arm64/af3fcb34312c57c0f52879cdce924b91-common-args.resp -DFOLLY_NO_CONFIG -DFOLLY_MOBILE\=1 -DFOLLY_USE_LIBCPP\=1 -Wno-comma -Wno-shorten-64-to-32 -Wno-nullability-completeness -include /Users/itechnolabs/Documents/Vijay/choona/ios/Pods/Target\ Support\ Files/React-RCTImage/React-RCTImage-prefix.pch -MMD -MT dependencies -MF /Users/itechnolabs/Library/Developer/Xcode/DerivedData/Choona-dnghcflyrszrcwfmpfesqspssftx/Build/Intermediates.noindex/Pods.build/Debug-iphonesimulator/React-RCTImage.build/Objects-normal/arm64/RCTImageLoader.d --serialize-diagnostics /Users/itechnolabs/Library/Developer/Xcode/DerivedData/Choona-dnghcflyrszrcwfmpfesqspssftx/Build/Intermediates.noindex/Pods.build/Debug-iphonesimulator/React-RCTImage.build/Objects-normal/arm64/RCTImageLoader.dia -c /Users/itechnolabs/Documents/Vijay/choona/node_modules/react-native/Libraries/Image/RCTImageLoader.mm -o /Users/itechnolabs/Library/Developer/Xcode/DerivedData/Choona-dnghcflyrszrcwfmpfesqspssftx/Build/Intermediates.noindex/Pods.build/Debug-iphonesimulator/React-RCTImage.build/Objects-normal/arm64/RCTImageLoader.o -index-unit-output-path /Pods.build/Debug-iphonesimulator/React-RCTImage.build/Objects-normal/arm64/RCTImageLoader.o

CompileC /Users/itechnolabs/Library/Developer/Xcode/DerivedData/Choona-dnghcflyrszrcwfmpfesqspssftx/Build/Intermediates.noindex/Pods.build/Debug-iphonesimulator/React-CoreModules.build/Objects-normal/arm64/RCTWebSocketModule.o /Users/itechnolabs/Documents/Vijay/choona/node_modules/react-native/React/CoreModules/RCTWebSocketModule.mm normal arm64 objective-c++ com.apple.compilers.llvm.clang.1_0.compiler (in target 'React-CoreModules' from project 'Pods')
    cd /Users/itechnolabs/Documents/Vijay/choona/ios/Pods
    
    Using response file: /Users/itechnolabs/Library/Developer/Xcode/DerivedData/Choona-dnghcflyrszrcwfmpfesqspssftx/Build/Intermediates.noindex/Pods.build/Debug-iphonesimulator/React-CoreModules.build/Objects-normal/arm64/af3fcb34312c57c0f52879cdce924b91-common-args.resp
    
    /Applications/Xcode.app/Contents/Developer/Toolchains/XcodeDefault.xctoolchain/usr/bin/clang -x objective-c++ -ivfsstatcache /Users/itechnolabs/Library/Developer/Xcode/DerivedData/SDKStatCaches.noindex/iphonesimulator26.1-23B77-90cf18a4295e390e64c810bc6bd7acbc.sdkstatcache -fmessage-length\=0 -fdiagnostics-show-note-include-stack -fmacro-backtrace-limit\=0 -fno-color-diagnostics -fmodules-prune-interval\=86400 -fmodules-prune-after\=345600 -fbuild-session-file\=/Users/itechnolabs/Library/Developer/Xcode/DerivedData/ModuleCache.noindex/Session.modulevalidation -fmodules-validate-once-per-build-session -Wnon-modular-include-in-framework-module -Werror\=non-modular-include-in-framework-module -Wno-trigraphs -Wno-missing-field-initializers -Wno-missing-prototypes -Werror\=return-type -Wdocumentation -Wunreachable-code -Wno-implicit-atomic-properties -Werror\=deprecated-objc-isa-usage -Wno-objc-interface-ivars -Werror\=objc-root-class -Wno-arc-repeated-use-of-weak -Wimplicit-retain-self -Wno-non-virtual-dtor -Wno-overloaded-virtual -Wno-exit-time-destructors -Wduplicate-method-match -Wno-missing-braces -Wparentheses -Wswitch -Wunused-function -Wno-unused-label -Wno-unused-parameter -Wunused-variable -Wunused-value -Wempty-body -Wuninitialized -Wconditional-uninitialized -Wno-unknown-pragmas -Wno-shadow -Wno-four-char-constants -Wno-conversion -Wconstant-conversion -Wint-conversion -Wbool-conversion -Wenum-conversion -Wno-float-conversion -Wnon-literal-null-conversion -Wobjc-literal-conversion -Wshorten-64-to-32 -Wno-newline-eof -Wno-selector -Wno-strict-selector-match -Wundeclared-selector -Wdeprecated-implementations -Wno-c++11-extensions -Wno-implicit-fallthrough -fstrict-aliasing -Wprotocol -Wdeprecated-declarations -Winvalid-offsetof -Wno-sign-conversion -Winfinite-recursion -Wmove -Wcomma -Wblock-capture-autoreleasing -Wstrict-prototypes -Wrange-loop-analysis -Wno-semicolon-before-method-body -Wunguarded-availability -index-store-path /Users/itechnolabs/Library/Developer/Xcode/DerivedData/Choona-dnghcflyrszrcwfmpfesqspssftx/Index.noindex/DataStore -Wno-strict-prototypes -Wno-error -Wno-deprecated-declarations -Wno-implicit-function-declaration -Wno-bitwise-instead-of-logical -Wno-error @/Users/itechnolabs/Library/Developer/Xcode/DerivedData/Choona-dnghcflyrszrcwfmpfesqspssftx/Build/Intermediates.noindex/Pods.build/Debug-iphonesimulator/React-CoreModules.build/Objects-normal/arm64/af3fcb34312c57c0f52879cdce924b91-common-args.resp -DFOLLY_NO_CONFIG -DFOLLY_MOBILE\=1 -DFOLLY_USE_LIBCPP\=1 -Wno-comma -Wno-shorten-64-to-32 -Wno-nullability-completeness -include /Users/itechnolabs/Documents/Vijay/choona/ios/Pods/Target\ Support\ Files/React-CoreModules/React-CoreModules-prefix.pch -MMD -MT dependencies -MF /Users/itechnolabs/Library/Developer/Xcode/DerivedData/Choona-dnghcflyrszrcwfmpfesqspssftx/Build/Intermediates.noindex/Pods.build/Debug-iphonesimulator/React-CoreModules.build/Objects-normal/arm64/RCTWebSocketModule.d --serialize-diagnostics /Users/itechnolabs/Library/Developer/Xcode/DerivedData/Choona-dnghcflyrszrcwfmpfesqspssftx/Build/Intermediates.noindex/Pods.build/Debug-iphonesimulator/React-CoreModules.build/Objects-normal/arm64/RCTWebSocketModule.dia -c /Users/itechnolabs/Documents/Vijay/choona/node_modules/react-native/React/CoreModules/RCTWebSocketModule.mm -o /Users/itechnolabs/Library/Developer/Xcode/DerivedData/Choona-dnghcflyrszrcwfmpfesqspssftx/Build/Intermediates.noindex/Pods.build/Debug-iphonesimulator/React-CoreModules.build/Objects-normal/arm64/RCTWebSocketModule.o -index-unit-output-path /Pods.build/Debug-iphonesimulator/React-CoreModules.build/Objects-normal/arm64/RCTWebSocketModule.o

CompileC /Users/itechnolabs/Library/Developer/Xcode/DerivedData/Choona-dnghcflyrszrcwfmpfesqspssftx/Build/Intermediates.noindex/Pods.build/Debug-iphonesimulator/React-CoreModules.build/Objects-normal/arm64/RCTTiming.o /Users/itechnolabs/Documents/Vijay/choona/node_modules/react-native/React/CoreModules/RCTTiming.mm normal arm64 objective-c++ com.apple.compilers.llvm.clang.1_0.compiler (in target 'React-CoreModules' from project 'Pods')
    cd /Users/itechnolabs/Documents/Vijay/choona/ios/Pods
    
    Using response file: /Users/itechnolabs/Library/Developer/Xcode/DerivedData/Choona-dnghcflyrszrcwfmpfesqspssftx/Build/Intermediates.noindex/Pods.build/Debug-iphonesimulator/React-CoreModules.build/Objects-normal/arm64/af3fcb34312c57c0f52879cdce924b91-common-args.resp
    
    /Applications/Xcode.app/Contents/Developer/Toolchains/XcodeDefault.xctoolchain/usr/bin/clang -x objective-c++ -ivfsstatcache /Users/itechnolabs/Library/Developer/Xcode/DerivedData/SDKStatCaches.noindex/iphonesimulator26.1-23B77-90cf18a4295e390e64c810bc6bd7acbc.sdkstatcache -fmessage-length\=0 -fdiagnostics-show-note-include-stack -fmacro-backtrace-limit\=0 -fno-color-diagnostics -fmodules-prune-interval\=86400 -fmodules-prune-after\=345600 -fbuild-session-file\=/Users/itechnolabs/Library/Developer/Xcode/DerivedData/ModuleCache.noindex/Session.modulevalidation -fmodules-validate-once-per-build-session -Wnon-modular-include-in-framework-module -Werror\=non-modular-include-in-framework-module -Wno-trigraphs -Wno-missing-field-initializers -Wno-missing-prototypes -Werror\=return-type -Wdocumentation -Wunreachable-code -Wno-implicit-atomic-properties -Werror\=deprecated-objc-isa-usage -Wno-objc-interface-ivars -Werror\=objc-root-class -Wno-arc-repeated-use-of-weak -Wimplicit-retain-self -Wno-non-virtual-dtor -Wno-overloaded-virtual -Wno-exit-time-destructors -Wduplicate-method-match -Wno-missing-braces -Wparentheses -Wswitch -Wunused-function -Wno-unused-label -Wno-unused-parameter -Wunused-variable -Wunused-value -Wempty-body -Wuninitialized -Wconditional-uninitialized -Wno-unknown-pragmas -Wno-shadow -Wno-four-char-constants -Wno-conversion -Wconstant-conversion -Wint-conversion -Wbool-conversion -Wenum-conversion -Wno-float-conversion -Wnon-literal-null-conversion -Wobjc-literal-conversion -Wshorten-64-to-32 -Wno-newline-eof -Wno-selector -Wno-strict-selector-match -Wundeclared-selector -Wdeprecated-implementations -Wno-c++11-extensions -Wno-implicit-fallthrough -fstrict-aliasing -Wprotocol -Wdeprecated-declarations -Winvalid-offsetof -Wno-sign-conversion -Winfinite-recursion -Wmove -Wcomma -Wblock-capture-autoreleasing -Wstrict-prototypes -Wrange-loop-analysis -Wno-semicolon-before-method-body -Wunguarded-availability -index-store-path /Users/itechnolabs/Library/Developer/Xcode/DerivedData/Choona-dnghcflyrszrcwfmpfesqspssftx/Index.noindex/DataStore -Wno-strict-prototypes -Wno-error -Wno-deprecated-declarations -Wno-implicit-function-declaration -Wno-bitwise-instead-of-logical -Wno-error @/Users/itechnolabs/Library/Developer/Xcode/DerivedData/Choona-dnghcflyrszrcwfmpfesqspssftx/Build/Intermediates.noindex/Pods.build/Debug-iphonesimulator/React-CoreModules.build/Objects-normal/arm64/af3fcb34312c57c0f52879cdce924b91-common-args.resp -DFOLLY_NO_CONFIG -DFOLLY_MOBILE\=1 -DFOLLY_USE_LIBCPP\=1 -Wno-comma -Wno-shorten-64-to-32 -Wno-nullability-completeness -include /Users/itechnolabs/Documents/Vijay/choona/ios/Pods/Target\ Support\ Files/React-CoreModules/React-CoreModules-prefix.pch -MMD -MT dependencies -MF /Users/itechnolabs/Library/Developer/Xcode/DerivedData/Choona-dnghcflyrszrcwfmpfesqspssftx/Build/Intermediates.noindex/Pods.build/Debug-iphonesimulator/React-CoreModules.build/Objects-normal/arm64/RCTTiming.d --serialize-diagnostics /Users/itechnolabs/Library/Developer/Xcode/DerivedData/Choona-dnghcflyrszrcwfmpfesqspssftx/Build/Intermediates.noindex/Pods.build/Debug-iphonesimulator/React-CoreModules.build/Objects-normal/arm64/RCTTiming.dia -c /Users/itechnolabs/Documents/Vijay/choona/node_modules/react-native/React/CoreModules/RCTTiming.mm -o /Users/itechnolabs/Library/Developer/Xcode/DerivedData/Choona-dnghcflyrszrcwfmpfesqspssftx/Build/Intermediates.noindex/Pods.build/Debug-iphonesimulator/React-CoreModules.build/Objects-normal/arm64/RCTTiming.o -index-unit-output-path /Pods.build/Debug-iphonesimulator/React-CoreModules.build/Objects-normal/arm64/RCTTiming.o

CompileC /Users/itechnolabs/Library/Developer/Xcode/DerivedData/Choona-dnghcflyrszrcwfmpfesqspssftx/Build/Intermediates.noindex/Pods.build/Debug-iphonesimulator/React-RCTBlob.build/Objects-normal/arm64/RCTFileReaderModule.o /Users/itechnolabs/Documents/Vijay/choona/node_modules/react-native/Libraries/Blob/RCTFileReaderModule.mm normal arm64 objective-c++ com.apple.compilers.llvm.clang.1_0.compiler (in target 'React-RCTBlob' from project 'Pods')
    cd /Users/itechnolabs/Documents/Vijay/choona/ios/Pods
    
    Using response file: /Users/itechnolabs/Library/Developer/Xcode/DerivedData/Choona-dnghcflyrszrcwfmpfesqspssftx/Build/Intermediates.noindex/Pods.build/Debug-iphonesimulator/React-RCTBlob.build/Objects-normal/arm64/af3fcb34312c57c0f52879cdce924b91-common-args.resp
    
    /Applications/Xcode.app/Contents/Developer/Toolchains/XcodeDefault.xctoolchain/usr/bin/clang -x objective-c++ -ivfsstatcache /Users/itechnolabs/Library/Developer/Xcode/DerivedData/SDKStatCaches.noindex/iphonesimulator26.1-23B77-90cf18a4295e390e64c810bc6bd7acbc.sdkstatcache -fmessage-length\=0 -fdiagnostics-show-note-include-stack -fmacro-backtrace-limit\=0 -fno-color-diagnostics -fmodules-prune-interval\=86400 -fmodules-prune-after\=345600 -fbuild-session-file\=/Users/itechnolabs/Library/Developer/Xcode/DerivedData/ModuleCache.noindex/Session.modulevalidation -fmodules-validate-once-per-build-session -Wnon-modular-include-in-framework-module -Werror\=non-modular-include-in-framework-module -Wno-trigraphs -Wno-missing-field-initializers -Wno-missing-prototypes -Werror\=return-type -Wdocumentation -Wunreachable-code -Wno-implicit-atomic-properties -Werror\=deprecated-objc-isa-usage -Wno-objc-interface-ivars -Werror\=objc-root-class -Wno-arc-repeated-use-of-weak -Wimplicit-retain-self -Wno-non-virtual-dtor -Wno-overloaded-virtual -Wno-exit-time-destructors -Wduplicate-method-match -Wno-missing-braces -Wparentheses -Wswitch -Wunused-function -Wno-unused-label -Wno-unused-parameter -Wunused-variable -Wunused-value -Wempty-body -Wuninitialized -Wconditional-uninitialized -Wno-unknown-pragmas -Wno-shadow -Wno-four-char-constants -Wno-conversion -Wconstant-conversion -Wint-conversion -Wbool-conversion -Wenum-conversion -Wno-float-conversion -Wnon-literal-null-conversion -Wobjc-literal-conversion -Wshorten-64-to-32 -Wno-newline-eof -Wno-selector -Wno-strict-selector-match -Wundeclared-selector -Wdeprecated-implementations -Wno-c++11-extensions -Wno-implicit-fallthrough -fstrict-aliasing -Wprotocol -Wdeprecated-declarations -Winvalid-offsetof -Wno-sign-conversion -Winfinite-recursion -Wmove -Wcomma -Wblock-capture-autoreleasing -Wstrict-prototypes -Wrange-loop-analysis -Wno-semicolon-before-method-body -Wunguarded-availability -index-store-path /Users/itechnolabs/Library/Developer/Xcode/DerivedData/Choona-dnghcflyrszrcwfmpfesqspssftx/Index.noindex/DataStore -Wno-strict-prototypes -Wno-error -Wno-deprecated-declarations -Wno-implicit-function-declaration -Wno-bitwise-instead-of-logical -Wno-error @/Users/itechnolabs/Library/Developer/Xcode/DerivedData/Choona-dnghcflyrszrcwfmpfesqspssftx/Build/Intermediates.noindex/Pods.build/Debug-iphonesimulator/React-RCTBlob.build/Objects-normal/arm64/af3fcb34312c57c0f52879cdce924b91-common-args.resp -DFOLLY_NO_CONFIG -DFOLLY_MOBILE\=1 -DFOLLY_USE_LIBCPP\=1 -Wno-comma -Wno-shorten-64-to-32 -Wno-nullability-completeness -include /Users/itechnolabs/Documents/Vijay/choona/ios/Pods/Target\ Support\ Files/React-RCTBlob/React-RCTBlob-prefix.pch -MMD -MT dependencies -MF /Users/itechnolabs/Library/Developer/Xcode/DerivedData/Choona-dnghcflyrszrcwfmpfesqspssftx/Build/Intermediates.noindex/Pods.build/Debug-iphonesimulator/React-RCTBlob.build/Objects-normal/arm64/RCTFileReaderModule.d --serialize-diagnostics /Users/itechnolabs/Library/Developer/Xcode/DerivedData/Choona-dnghcflyrszrcwfmpfesqspssftx/Build/Intermediates.noindex/Pods.build/Debug-iphonesimulator/React-RCTBlob.build/Objects-normal/arm64/RCTFileReaderModule.dia -c /Users/itechnolabs/Documents/Vijay/choona/node_modules/react-native/Libraries/Blob/RCTFileReaderModule.mm -o /Users/itechnolabs/Library/Developer/Xcode/DerivedData/Choona-dnghcflyrszrcwfmpfesqspssftx/Build/Intermediates.noindex/Pods.build/Debug-iphonesimulator/React-RCTBlob.build/Objects-normal/arm64/RCTFileReaderModule.o -index-unit-output-path /Pods.build/Debug-iphonesimulator/React-RCTBlob.build/Objects-normal/arm64/RCTFileReaderModule.o

CompileC /Users/itechnolabs/Library/Developer/Xcode/DerivedData/Choona-dnghcflyrszrcwfmpfesqspssftx/Build/Intermediates.noindex/Pods.build/Debug-iphonesimulator/React-CoreModules.build/Objects-normal/arm64/RCTStatusBarManager.o /Users/itechnolabs/Documents/Vijay/choona/node_modules/react-native/React/CoreModules/RCTStatusBarManager.mm normal arm64 objective-c++ com.apple.compilers.llvm.clang.1_0.compiler (in target 'React-CoreModules' from project 'Pods')
    cd /Users/itechnolabs/Documents/Vijay/choona/ios/Pods
    
    Using response file: /Users/itechnolabs/Library/Developer/Xcode/DerivedData/Choona-dnghcflyrszrcwfmpfesqspssftx/Build/Intermediates.noindex/Pods.build/Debug-iphonesimulator/React-CoreModules.build/Objects-normal/arm64/af3fcb34312c57c0f52879cdce924b91-common-args.resp
    
    /Applications/Xcode.app/Contents/Developer/Toolchains/XcodeDefault.xctoolchain/usr/bin/clang -x objective-c++ -ivfsstatcache /Users/itechnolabs/Library/Developer/Xcode/DerivedData/SDKStatCaches.noindex/iphonesimulator26.1-23B77-90cf18a4295e390e64c810bc6bd7acbc.sdkstatcache -fmessage-length\=0 -fdiagnostics-show-note-include-stack -fmacro-backtrace-limit\=0 -fno-color-diagnostics -fmodules-prune-interval\=86400 -fmodules-prune-after\=345600 -fbuild-session-file\=/Users/itechnolabs/Library/Developer/Xcode/DerivedData/ModuleCache.noindex/Session.modulevalidation -fmodules-validate-once-per-build-session -Wnon-modular-include-in-framework-module -Werror\=non-modular-include-in-framework-module -Wno-trigraphs -Wno-missing-field-initializers -Wno-missing-prototypes -Werror\=return-type -Wdocumentation -Wunreachable-code -Wno-implicit-atomic-properties -Werror\=deprecated-objc-isa-usage -Wno-objc-interface-ivars -Werror\=objc-root-class -Wno-arc-repeated-use-of-weak -Wimplicit-retain-self -Wno-non-virtual-dtor -Wno-overloaded-virtual -Wno-exit-time-destructors -Wduplicate-method-match -Wno-missing-braces -Wparentheses -Wswitch -Wunused-function -Wno-unused-label -Wno-unused-parameter -Wunused-variable -Wunused-value -Wempty-body -Wuninitialized -Wconditional-uninitialized -Wno-unknown-pragmas -Wno-shadow -Wno-four-char-constants -Wno-conversion -Wconstant-conversion -Wint-conversion -Wbool-conversion -Wenum-conversion -Wno-float-conversion -Wnon-literal-null-conversion -Wobjc-literal-conversion -Wshorten-64-to-32 -Wno-newline-eof -Wno-selector -Wno-strict-selector-match -Wundeclared-selector -Wdeprecated-implementations -Wno-c++11-extensions -Wno-implicit-fallthrough -fstrict-aliasing -Wprotocol -Wdeprecated-declarations -Winvalid-offsetof -Wno-sign-conversion -Winfinite-recursion -Wmove -Wcomma -Wblock-capture-autoreleasing -Wstrict-prototypes -Wrange-loop-analysis -Wno-semicolon-before-method-body -Wunguarded-availability -index-store-path /Users/itechnolabs/Library/Developer/Xcode/DerivedData/Choona-dnghcflyrszrcwfmpfesqspssftx/Index.noindex/DataStore -Wno-strict-prototypes -Wno-error -Wno-deprecated-declarations -Wno-implicit-function-declaration -Wno-bitwise-instead-of-logical -Wno-error @/Users/itechnolabs/Library/Developer/Xcode/DerivedData/Choona-dnghcflyrszrcwfmpfesqspssftx/Build/Intermediates.noindex/Pods.build/Debug-iphonesimulator/React-CoreModules.build/Objects-normal/arm64/af3fcb34312c57c0f52879cdce924b91-common-args.resp -DFOLLY_NO_CONFIG -DFOLLY_MOBILE\=1 -DFOLLY_USE_LIBCPP\=1 -Wno-comma -Wno-shorten-64-to-32 -Wno-nullability-completeness -include /Users/itechnolabs/Documents/Vijay/choona/ios/Pods/Target\ Support\ Files/React-CoreModules/React-CoreModules-prefix.pch -MMD -MT dependencies -MF /Users/itechnolabs/Library/Developer/Xcode/DerivedData/Choona-dnghcflyrszrcwfmpfesqspssftx/Build/Intermediates.noindex/Pods.build/Debug-iphonesimulator/React-CoreModules.build/Objects-normal/arm64/RCTStatusBarManager.d --serialize-diagnostics /Users/itechnolabs/Library/Developer/Xcode/DerivedData/Choona-dnghcflyrszrcwfmpfesqspssftx/Build/Intermediates.noindex/Pods.build/Debug-iphonesimulator/React-CoreModules.build/Objects-normal/arm64/RCTStatusBarManager.dia -c /Users/itechnolabs/Documents/Vijay/choona/node_modules/react-native/React/CoreModules/RCTStatusBarManager.mm -o /Users/itechnolabs/Library/Developer/Xcode/DerivedData/Choona-dnghcflyrszrcwfmpfesqspssftx/Build/Intermediates.noindex/Pods.build/Debug-iphonesimulator/React-CoreModules.build/Objects-normal/arm64/RCTStatusBarManager.o -index-unit-output-path /Pods.build/Debug-iphonesimulator/React-CoreModules.build/Objects-normal/arm64/RCTStatusBarManager.o

CompileC /Users/itechnolabs/Library/Developer/Xcode/DerivedData/Choona-dnghcflyrszrcwfmpfesqspssftx/Build/Intermediates.noindex/Pods.build/Debug-iphonesimulator/React-CoreModules.build/Objects-normal/arm64/RCTSourceCode.o /Users/itechnolabs/Documents/Vijay/choona/node_modules/react-native/React/CoreModules/RCTSourceCode.mm normal arm64 objective-c++ com.apple.compilers.llvm.clang.1_0.compiler (in target 'React-CoreModules' from project 'Pods')
    cd /Users/itechnolabs/Documents/Vijay/choona/ios/Pods
    
    Using response file: /Users/itechnolabs/Library/Developer/Xcode/DerivedData/Choona-dnghcflyrszrcwfmpfesqspssftx/Build/Intermediates.noindex/Pods.build/Debug-iphonesimulator/React-CoreModules.build/Objects-normal/arm64/af3fcb34312c57c0f52879cdce924b91-common-args.resp
    
    /Applications/Xcode.app/Contents/Developer/Toolchains/XcodeDefault.xctoolchain/usr/bin/clang -x objective-c++ -ivfsstatcache /Users/itechnolabs/Library/Developer/Xcode/DerivedData/SDKStatCaches.noindex/iphonesimulator26.1-23B77-90cf18a4295e390e64c810bc6bd7acbc.sdkstatcache -fmessage-length\=0 -fdiagnostics-show-note-include-stack -fmacro-backtrace-limit\=0 -fno-color-diagnostics -fmodules-prune-interval\=86400 -fmodules-prune-after\=345600 -fbuild-session-file\=/Users/itechnolabs/Library/Developer/Xcode/DerivedData/ModuleCache.noindex/Session.modulevalidation -fmodules-validate-once-per-build-session -Wnon-modular-include-in-framework-module -Werror\=non-modular-include-in-framework-module -Wno-trigraphs -Wno-missing-field-initializers -Wno-missing-prototypes -Werror\=return-type -Wdocumentation -Wunreachable-code -Wno-implicit-atomic-properties -Werror\=deprecated-objc-isa-usage -Wno-objc-interface-ivars -Werror\=objc-root-class -Wno-arc-repeated-use-of-weak -Wimplicit-retain-self -Wno-non-virtual-dtor -Wno-overloaded-virtual -Wno-exit-time-destructors -Wduplicate-method-match -Wno-missing-braces -Wparentheses -Wswitch -Wunused-function -Wno-unused-label -Wno-unused-parameter -Wunused-variable -Wunused-value -Wempty-body -Wuninitialized -Wconditional-uninitialized -Wno-unknown-pragmas -Wno-shadow -Wno-four-char-constants -Wno-conversion -Wconstant-conversion -Wint-conversion -Wbool-conversion -Wenum-conversion -Wno-float-conversion -Wnon-literal-null-conversion -Wobjc-literal-conversion -Wshorten-64-to-32 -Wno-newline-eof -Wno-selector -Wno-strict-selector-match -Wundeclared-selector -Wdeprecated-implementations -Wno-c++11-extensions -Wno-implicit-fallthrough -fstrict-aliasing -Wprotocol -Wdeprecated-declarations -Winvalid-offsetof -Wno-sign-conversion -Winfinite-recursion -Wmove -Wcomma -Wblock-capture-autoreleasing -Wstrict-prototypes -Wrange-loop-analysis -Wno-semicolon-before-method-body -Wunguarded-availability -index-store-path /Users/itechnolabs/Library/Developer/Xcode/DerivedData/Choona-dnghcflyrszrcwfmpfesqspssftx/Index.noindex/DataStore -Wno-strict-prototypes -Wno-error -Wno-deprecated-declarations -Wno-implicit-function-declaration -Wno-bitwise-instead-of-logical -Wno-error @/Users/itechnolabs/Library/Developer/Xcode/DerivedData/Choona-dnghcflyrszrcwfmpfesqspssftx/Build/Intermediates.noindex/Pods.build/Debug-iphonesimulator/React-CoreModules.build/Objects-normal/arm64/af3fcb34312c57c0f52879cdce924b91-common-args.resp -DFOLLY_NO_CONFIG -DFOLLY_MOBILE\=1 -DFOLLY_USE_LIBCPP\=1 -Wno-comma -Wno-shorten-64-to-32 -Wno-nullability-completeness -include /Users/itechnolabs/Documents/Vijay/choona/ios/Pods/Target\ Support\ Files/React-CoreModules/React-CoreModules-prefix.pch -MMD -MT dependencies -MF /Users/itechnolabs/Library/Developer/Xcode/DerivedData/Choona-dnghcflyrszrcwfmpfesqspssftx/Build/Intermediates.noindex/Pods.build/Debug-iphonesimulator/React-CoreModules.build/Objects-normal/arm64/RCTSourceCode.d --serialize-diagnostics /Users/itechnolabs/Library/Developer/Xcode/DerivedData/Choona-dnghcflyrszrcwfmpfesqspssftx/Build/Intermediates.noindex/Pods.build/Debug-iphonesimulator/React-CoreModules.build/Objects-normal/arm64/RCTSourceCode.dia -c /Users/itechnolabs/Documents/Vijay/choona/node_modules/react-native/React/CoreModules/RCTSourceCode.mm -o /Users/itechnolabs/Library/Developer/Xcode/DerivedData/Choona-dnghcflyrszrcwfmpfesqspssftx/Build/Intermediates.noindex/Pods.build/Debug-iphonesimulator/React-CoreModules.build/Objects-normal/arm64/RCTSourceCode.o -index-unit-output-path /Pods.build/Debug-iphonesimulator/React-CoreModules.build/Objects-normal/arm64/RCTSourceCode.o

CompileC /Users/itechnolabs/Library/Developer/Xcode/DerivedData/Choona-dnghcflyrszrcwfmpfesqspssftx/Build/Intermediates.noindex/Pods.build/Debug-iphonesimulator/React-CoreModules.build/Objects-normal/arm64/RCTRedBox.o /Users/itechnolabs/Documents/Vijay/choona/node_modules/react-native/React/CoreModules/RCTRedBox.mm normal arm64 objective-c++ com.apple.compilers.llvm.clang.1_0.compiler (in target 'React-CoreModules' from project 'Pods')
    cd /Users/itechnolabs/Documents/Vijay/choona/ios/Pods
    
    Using response file: /Users/itechnolabs/Library/Developer/Xcode/DerivedData/Choona-dnghcflyrszrcwfmpfesqspssftx/Build/Intermediates.noindex/Pods.build/Debug-iphonesimulator/React-CoreModules.build/Objects-normal/arm64/af3fcb34312c57c0f52879cdce924b91-common-args.resp
    
    /Applications/Xcode.app/Contents/Developer/Toolchains/XcodeDefault.xctoolchain/usr/bin/clang -x objective-c++ -ivfsstatcache /Users/itechnolabs/Library/Developer/Xcode/DerivedData/SDKStatCaches.noindex/iphonesimulator26.1-23B77-90cf18a4295e390e64c810bc6bd7acbc.sdkstatcache -fmessage-length\=0 -fdiagnostics-show-note-include-stack -fmacro-backtrace-limit\=0 -fno-color-diagnostics -fmodules-prune-interval\=86400 -fmodules-prune-after\=345600 -fbuild-session-file\=/Users/itechnolabs/Library/Developer/Xcode/DerivedData/ModuleCache.noindex/Session.modulevalidation -fmodules-validate-once-per-build-session -Wnon-modular-include-in-framework-module -Werror\=non-modular-include-in-framework-module -Wno-trigraphs -Wno-missing-field-initializers -Wno-missing-prototypes -Werror\=return-type -Wdocumentation -Wunreachable-code -Wno-implicit-atomic-properties -Werror\=deprecated-objc-isa-usage -Wno-objc-interface-ivars -Werror\=objc-root-class -Wno-arc-repeated-use-of-weak -Wimplicit-retain-self -Wno-non-virtual-dtor -Wno-overloaded-virtual -Wno-exit-time-destructors -Wduplicate-method-match -Wno-missing-braces -Wparentheses -Wswitch -Wunused-function -Wno-unused-label -Wno-unused-parameter -Wunused-variable -Wunused-value -Wempty-body -Wuninitialized -Wconditional-uninitialized -Wno-unknown-pragmas -Wno-shadow -Wno-four-char-constants -Wno-conversion -Wconstant-conversion -Wint-conversion -Wbool-conversion -Wenum-conversion -Wno-float-conversion -Wnon-literal-null-conversion -Wobjc-literal-conversion -Wshorten-64-to-32 -Wno-newline-eof -Wno-selector -Wno-strict-selector-match -Wundeclared-selector -Wdeprecated-implementations -Wno-c++11-extensions -Wno-implicit-fallthrough -fstrict-aliasing -Wprotocol -Wdeprecated-declarations -Winvalid-offsetof -Wno-sign-conversion -Winfinite-recursion -Wmove -Wcomma -Wblock-capture-autoreleasing -Wstrict-prototypes -Wrange-loop-analysis -Wno-semicolon-before-method-body -Wunguarded-availability -index-store-path /Users/itechnolabs/Library/Developer/Xcode/DerivedData/Choona-dnghcflyrszrcwfmpfesqspssftx/Index.noindex/DataStore -Wno-strict-prototypes -Wno-error -Wno-deprecated-declarations -Wno-implicit-function-declaration -Wno-bitwise-instead-of-logical -Wno-error @/Users/itechnolabs/Library/Developer/Xcode/DerivedData/Choona-dnghcflyrszrcwfmpfesqspssftx/Build/Intermediates.noindex/Pods.build/Debug-iphonesimulator/React-CoreModules.build/Objects-normal/arm64/af3fcb34312c57c0f52879cdce924b91-common-args.resp -DFOLLY_NO_CONFIG -DFOLLY_MOBILE\=1 -DFOLLY_USE_LIBCPP\=1 -Wno-comma -Wno-shorten-64-to-32 -Wno-nullability-completeness -include /Users/itechnolabs/Documents/Vijay/choona/ios/Pods/Target\ Support\ Files/React-CoreModules/React-CoreModules-prefix.pch -MMD -MT dependencies -MF /Users/itechnolabs/Library/Developer/Xcode/DerivedData/Choona-dnghcflyrszrcwfmpfesqspssftx/Build/Intermediates.noindex/Pods.build/Debug-iphonesimulator/React-CoreModules.build/Objects-normal/arm64/RCTRedBox.d --serialize-diagnostics /Users/itechnolabs/Library/Developer/Xcode/DerivedData/Choona-dnghcflyrszrcwfmpfesqspssftx/Build/Intermediates.noindex/Pods.build/Debug-iphonesimulator/React-CoreModules.build/Objects-normal/arm64/RCTRedBox.dia -c /Users/itechnolabs/Documents/Vijay/choona/node_modules/react-native/React/CoreModules/RCTRedBox.mm -o /Users/itechnolabs/Library/Developer/Xcode/DerivedData/Choona-dnghcflyrszrcwfmpfesqspssftx/Build/Intermediates.noindex/Pods.build/Debug-iphonesimulator/React-CoreModules.build/Objects-normal/arm64/RCTRedBox.o -index-unit-output-path /Pods.build/Debug-iphonesimulator/React-CoreModules.build/Objects-normal/arm64/RCTRedBox.o

CompileC /Users/itechnolabs/Library/Developer/Xcode/DerivedData/Choona-dnghcflyrszrcwfmpfesqspssftx/Build/Intermediates.noindex/Pods.build/Debug-iphonesimulator/React-CoreModules.build/Objects-normal/arm64/RCTPlatform.o /Users/itechnolabs/Documents/Vijay/choona/node_modules/react-native/React/CoreModules/RCTPlatform.mm normal arm64 objective-c++ com.apple.compilers.llvm.clang.1_0.compiler (in target 'React-CoreModules' from project 'Pods')
    cd /Users/itechnolabs/Documents/Vijay/choona/ios/Pods
    
    Using response file: /Users/itechnolabs/Library/Developer/Xcode/DerivedData/Choona-dnghcflyrszrcwfmpfesqspssftx/Build/Intermediates.noindex/Pods.build/Debug-iphonesimulator/React-CoreModules.build/Objects-normal/arm64/af3fcb34312c57c0f52879cdce924b91-common-args.resp
    
    /Applications/Xcode.app/Contents/Developer/Toolchains/XcodeDefault.xctoolchain/usr/bin/clang -x objective-c++ -ivfsstatcache /Users/itechnolabs/Library/Developer/Xcode/DerivedData/SDKStatCaches.noindex/iphonesimulator26.1-23B77-90cf18a4295e390e64c810bc6bd7acbc.sdkstatcache -fmessage-length\=0 -fdiagnostics-show-note-include-stack -fmacro-backtrace-limit\=0 -fno-color-diagnostics -fmodules-prune-interval\=86400 -fmodules-prune-after\=345600 -fbuild-session-file\=/Users/itechnolabs/Library/Developer/Xcode/DerivedData/ModuleCache.noindex/Session.modulevalidation -fmodules-validate-once-per-build-session -Wnon-modular-include-in-framework-module -Werror\=non-modular-include-in-framework-module -Wno-trigraphs -Wno-missing-field-initializers -Wno-missing-prototypes -Werror\=return-type -Wdocumentation -Wunreachable-code -Wno-implicit-atomic-properties -Werror\=deprecated-objc-isa-usage -Wno-objc-interface-ivars -Werror\=objc-root-class -Wno-arc-repeated-use-of-weak -Wimplicit-retain-self -Wno-non-virtual-dtor -Wno-overloaded-virtual -Wno-exit-time-destructors -Wduplicate-method-match -Wno-missing-braces -Wparentheses -Wswitch -Wunused-function -Wno-unused-label -Wno-unused-parameter -Wunused-variable -Wunused-value -Wempty-body -Wuninitialized -Wconditional-uninitialized -Wno-unknown-pragmas -Wno-shadow -Wno-four-char-constants -Wno-conversion -Wconstant-conversion -Wint-conversion -Wbool-conversion -Wenum-conversion -Wno-float-conversion -Wnon-literal-null-conversion -Wobjc-literal-conversion -Wshorten-64-to-32 -Wno-newline-eof -Wno-selector -Wno-strict-selector-match -Wundeclared-selector -Wdeprecated-implementations -Wno-c++11-extensions -Wno-implicit-fallthrough -fstrict-aliasing -Wprotocol -Wdeprecated-declarations -Winvalid-offsetof -Wno-sign-conversion -Winfinite-recursion -Wmove -Wcomma -Wblock-capture-autoreleasing -Wstrict-prototypes -Wrange-loop-analysis -Wno-semicolon-before-method-body -Wunguarded-availability -index-store-path /Users/itechnolabs/Library/Developer/Xcode/DerivedData/Choona-dnghcflyrszrcwfmpfesqspssftx/Index.noindex/DataStore -Wno-strict-prototypes -Wno-error -Wno-deprecated-declarations -Wno-implicit-function-declaration -Wno-bitwise-instead-of-logical -Wno-error @/Users/itechnolabs/Library/Developer/Xcode/DerivedData/Choona-dnghcflyrszrcwfmpfesqspssftx/Build/Intermediates.noindex/Pods.build/Debug-iphonesimulator/React-CoreModules.build/Objects-normal/arm64/af3fcb34312c57c0f52879cdce924b91-common-args.resp -DFOLLY_NO_CONFIG -DFOLLY_MOBILE\=1 -DFOLLY_USE_LIBCPP\=1 -Wno-comma -Wno-shorten-64-to-32 -Wno-nullability-completeness -include /Users/itechnolabs/Documents/Vijay/choona/ios/Pods/Target\ Support\ Files/React-CoreModules/React-CoreModules-prefix.pch -MMD -MT dependencies -MF /Users/itechnolabs/Library/Developer/Xcode/DerivedData/Choona-dnghcflyrszrcwfmpfesqspssftx/Build/Intermediates.noindex/Pods.build/Debug-iphonesimulator/React-CoreModules.build/Objects-normal/arm64/RCTPlatform.d --serialize-diagnostics /Users/itechnolabs/Library/Developer/Xcode/DerivedData/Choona-dnghcflyrszrcwfmpfesqspssftx/Build/Intermediates.noindex/Pods.build/Debug-iphonesimulator/React-CoreModules.build/Objects-normal/arm64/RCTPlatform.dia -c /Users/itechnolabs/Documents/Vijay/choona/node_modules/react-native/React/CoreModules/RCTPlatform.mm -o /Users/itechnolabs/Library/Developer/Xcode/DerivedData/Choona-dnghcflyrszrcwfmpfesqspssftx/Build/Intermediates.noindex/Pods.build/Debug-iphonesimulator/React-CoreModules.build/Objects-normal/arm64/RCTPlatform.o -index-unit-output-path /Pods.build/Debug-iphonesimulator/React-CoreModules.build/Objects-normal/arm64/RCTPlatform.o

CompileC /Users/itechnolabs/Library/Developer/Xcode/DerivedData/Choona-dnghcflyrszrcwfmpfesqspssftx/Build/Intermediates.noindex/Pods.build/Debug-iphonesimulator/React-CoreModules.build/Objects-normal/arm64/RCTLogBox.o /Users/itechnolabs/Documents/Vijay/choona/node_modules/react-native/React/CoreModules/RCTLogBox.mm normal arm64 objective-c++ com.apple.compilers.llvm.clang.1_0.compiler (in target 'React-CoreModules' from project 'Pods')
    cd /Users/itechnolabs/Documents/Vijay/choona/ios/Pods
    
    Using response file: /Users/itechnolabs/Library/Developer/Xcode/DerivedData/Choona-dnghcflyrszrcwfmpfesqspssftx/Build/Intermediates.noindex/Pods.build/Debug-iphonesimulator/React-CoreModules.build/Objects-normal/arm64/af3fcb34312c57c0f52879cdce924b91-common-args.resp
    
    /Applications/Xcode.app/Contents/Developer/Toolchains/XcodeDefault.xctoolchain/usr/bin/clang -x objective-c++ -ivfsstatcache /Users/itechnolabs/Library/Developer/Xcode/DerivedData/SDKStatCaches.noindex/iphonesimulator26.1-23B77-90cf18a4295e390e64c810bc6bd7acbc.sdkstatcache -fmessage-length\=0 -fdiagnostics-show-note-include-stack -fmacro-backtrace-limit\=0 -fno-color-diagnostics -fmodules-prune-interval\=86400 -fmodules-prune-after\=345600 -fbuild-session-file\=/Users/itechnolabs/Library/Developer/Xcode/DerivedData/ModuleCache.noindex/Session.modulevalidation -fmodules-validate-once-per-build-session -Wnon-modular-include-in-framework-module -Werror\=non-modular-include-in-framework-module -Wno-trigraphs -Wno-missing-field-initializers -Wno-missing-prototypes -Werror\=return-type -Wdocumentation -Wunreachable-code -Wno-implicit-atomic-properties -Werror\=deprecated-objc-isa-usage -Wno-objc-interface-ivars -Werror\=objc-root-class -Wno-arc-repeated-use-of-weak -Wimplicit-retain-self -Wno-non-virtual-dtor -Wno-overloaded-virtual -Wno-exit-time-destructors -Wduplicate-method-match -Wno-missing-braces -Wparentheses -Wswitch -Wunused-function -Wno-unused-label -Wno-unused-parameter -Wunused-variable -Wunused-value -Wempty-body -Wuninitialized -Wconditional-uninitialized -Wno-unknown-pragmas -Wno-shadow -Wno-four-char-constants -Wno-conversion -Wconstant-conversion -Wint-conversion -Wbool-conversion -Wenum-conversion -Wno-float-conversion -Wnon-literal-null-conversion -Wobjc-literal-conversion -Wshorten-64-to-32 -Wno-newline-eof -Wno-selector -Wno-strict-selector-match -Wundeclared-selector -Wdeprecated-implementations -Wno-c++11-extensions -Wno-implicit-fallthrough -fstrict-aliasing -Wprotocol -Wdeprecated-declarations -Winvalid-offsetof -Wno-sign-conversion -Winfinite-recursion -Wmove -Wcomma -Wblock-capture-autoreleasing -Wstrict-prototypes -Wrange-loop-analysis -Wno-semicolon-before-method-body -Wunguarded-availability -index-store-path /Users/itechnolabs/Library/Developer/Xcode/DerivedData/Choona-dnghcflyrszrcwfmpfesqspssftx/Index.noindex/DataStore -Wno-strict-prototypes -Wno-error -Wno-deprecated-declarations -Wno-implicit-function-declaration -Wno-bitwise-instead-of-logical -Wno-error @/Users/itechnolabs/Library/Developer/Xcode/DerivedData/Choona-dnghcflyrszrcwfmpfesqspssftx/Build/Intermediates.noindex/Pods.build/Debug-iphonesimulator/React-CoreModules.build/Objects-normal/arm64/af3fcb34312c57c0f52879cdce924b91-common-args.resp -DFOLLY_NO_CONFIG -DFOLLY_MOBILE\=1 -DFOLLY_USE_LIBCPP\=1 -Wno-comma -Wno-shorten-64-to-32 -Wno-nullability-completeness -include /Users/itechnolabs/Documents/Vijay/choona/ios/Pods/Target\ Support\ Files/React-CoreModules/React-CoreModules-prefix.pch -MMD -MT dependencies -MF /Users/itechnolabs/Library/Developer/Xcode/DerivedData/Choona-dnghcflyrszrcwfmpfesqspssftx/Build/Intermediates.noindex/Pods.build/Debug-iphonesimulator/React-CoreModules.build/Objects-normal/arm64/RCTLogBox.d --serialize-diagnostics /Users/itechnolabs/Library/Developer/Xcode/DerivedData/Choona-dnghcflyrszrcwfmpfesqspssftx/Build/Intermediates.noindex/Pods.build/Debug-iphonesimulator/React-CoreModules.build/Objects-normal/arm64/RCTLogBox.dia -c /Users/itechnolabs/Documents/Vijay/choona/node_modules/react-native/React/CoreModules/RCTLogBox.mm -o /Users/itechnolabs/Library/Developer/Xcode/DerivedData/Choona-dnghcflyrszrcwfmpfesqspssftx/Build/Intermediates.noindex/Pods.build/Debug-iphonesimulator/React-CoreModules.build/Objects-normal/arm64/RCTLogBox.o -index-unit-output-path /Pods.build/Debug-iphonesimulator/React-CoreModules.build/Objects-normal/arm64/RCTLogBox.o

CompileC /Users/itechnolabs/Library/Developer/Xcode/DerivedData/Choona-dnghcflyrszrcwfmpfesqspssftx/Build/Intermediates.noindex/Pods.build/Debug-iphonesimulator/React-CoreModules.build/Objects-normal/arm64/RCTKeyboardObserver.o /Users/itechnolabs/Documents/Vijay/choona/node_modules/react-native/React/CoreModules/RCTKeyboardObserver.mm normal arm64 objective-c++ com.apple.compilers.llvm.clang.1_0.compiler (in target 'React-CoreModules' from project 'Pods')
    cd /Users/itechnolabs/Documents/Vijay/choona/ios/Pods
    
    Using response file: /Users/itechnolabs/Library/Developer/Xcode/DerivedData/Choona-dnghcflyrszrcwfmpfesqspssftx/Build/Intermediates.noindex/Pods.build/Debug-iphonesimulator/React-CoreModules.build/Objects-normal/arm64/af3fcb34312c57c0f52879cdce924b91-common-args.resp
    
    /Applications/Xcode.app/Contents/Developer/Toolchains/XcodeDefault.xctoolchain/usr/bin/clang -x objective-c++ -ivfsstatcache /Users/itechnolabs/Library/Developer/Xcode/DerivedData/SDKStatCaches.noindex/iphonesimulator26.1-23B77-90cf18a4295e390e64c810bc6bd7acbc.sdkstatcache -fmessage-length\=0 -fdiagnostics-show-note-include-stack -fmacro-backtrace-limit\=0 -fno-color-diagnostics -fmodules-prune-interval\=86400 -fmodules-prune-after\=345600 -fbuild-session-file\=/Users/itechnolabs/Library/Developer/Xcode/DerivedData/ModuleCache.noindex/Session.modulevalidation -fmodules-validate-once-per-build-session -Wnon-modular-include-in-framework-module -Werror\=non-modular-include-in-framework-module -Wno-trigraphs -Wno-missing-field-initializers -Wno-missing-prototypes -Werror\=return-type -Wdocumentation -Wunreachable-code -Wno-implicit-atomic-properties -Werror\=deprecated-objc-isa-usage -Wno-objc-interface-ivars -Werror\=objc-root-class -Wno-arc-repeated-use-of-weak -Wimplicit-retain-self -Wno-non-virtual-dtor -Wno-overloaded-virtual -Wno-exit-time-destructors -Wduplicate-method-match -Wno-missing-braces -Wparentheses -Wswitch -Wunused-function -Wno-unused-label -Wno-unused-parameter -Wunused-variable -Wunused-value -Wempty-body -Wuninitialized -Wconditional-uninitialized -Wno-unknown-pragmas -Wno-shadow -Wno-four-char-constants -Wno-conversion -Wconstant-conversion -Wint-conversion -Wbool-conversion -Wenum-conversion -Wno-float-conversion -Wnon-literal-null-conversion -Wobjc-literal-conversion -Wshorten-64-to-32 -Wno-newline-eof -Wno-selector -Wno-strict-selector-match -Wundeclared-selector -Wdeprecated-implementations -Wno-c++11-extensions -Wno-implicit-fallthrough -fstrict-aliasing -Wprotocol -Wdeprecated-declarations -Winvalid-offsetof -Wno-sign-conversion -Winfinite-recursion -Wmove -Wcomma -Wblock-capture-autoreleasing -Wstrict-prototypes -Wrange-loop-analysis -Wno-semicolon-before-method-body -Wunguarded-availability -index-store-path /Users/itechnolabs/Library/Developer/Xcode/DerivedData/Choona-dnghcflyrszrcwfmpfesqspssftx/Index.noindex/DataStore -Wno-strict-prototypes -Wno-error -Wno-deprecated-declarations -Wno-implicit-function-declaration -Wno-bitwise-instead-of-logical -Wno-error @/Users/itechnolabs/Library/Developer/Xcode/DerivedData/Choona-dnghcflyrszrcwfmpfesqspssftx/Build/Intermediates.noindex/Pods.build/Debug-iphonesimulator/React-CoreModules.build/Objects-normal/arm64/af3fcb34312c57c0f52879cdce924b91-common-args.resp -DFOLLY_NO_CONFIG -DFOLLY_MOBILE\=1 -DFOLLY_USE_LIBCPP\=1 -Wno-comma -Wno-shorten-64-to-32 -Wno-nullability-completeness -include /Users/itechnolabs/Documents/Vijay/choona/ios/Pods/Target\ Support\ Files/React-CoreModules/React-CoreModules-prefix.pch -MMD -MT dependencies -MF /Users/itechnolabs/Library/Developer/Xcode/DerivedData/Choona-dnghcflyrszrcwfmpfesqspssftx/Build/Intermediates.noindex/Pods.build/Debug-iphonesimulator/React-CoreModules.build/Objects-normal/arm64/RCTKeyboardObserver.d --serialize-diagnostics /Users/itechnolabs/Library/Developer/Xcode/DerivedData/Choona-dnghcflyrszrcwfmpfesqspssftx/Build/Intermediates.noindex/Pods.build/Debug-iphonesimulator/React-CoreModules.build/Objects-normal/arm64/RCTKeyboardObserver.dia -c /Users/itechnolabs/Documents/Vijay/choona/node_modules/react-native/React/CoreModules/RCTKeyboardObserver.mm -o /Users/itechnolabs/Library/Developer/Xcode/DerivedData/Choona-dnghcflyrszrcwfmpfesqspssftx/Build/Intermediates.noindex/Pods.build/Debug-iphonesimulator/React-CoreModules.build/Objects-normal/arm64/RCTKeyboardObserver.o -index-unit-output-path /Pods.build/Debug-iphonesimulator/React-CoreModules.build/Objects-normal/arm64/RCTKeyboardObserver.o

CompileC /Users/itechnolabs/Library/Developer/Xcode/DerivedData/Choona-dnghcflyrszrcwfmpfesqspssftx/Build/Intermediates.noindex/Pods.build/Debug-iphonesimulator/React-CoreModules.build/Objects-normal/arm64/RCTI18nManager.o /Users/itechnolabs/Documents/Vijay/choona/node_modules/react-native/React/CoreModules/RCTI18nManager.mm normal arm64 objective-c++ com.apple.compilers.llvm.clang.1_0.compiler (in target 'React-CoreModules' from project 'Pods')
    cd /Users/itechnolabs/Documents/Vijay/choona/ios/Pods
    
    Using response file: /Users/itechnolabs/Library/Developer/Xcode/DerivedData/Choona-dnghcflyrszrcwfmpfesqspssftx/Build/Intermediates.noindex/Pods.build/Debug-iphonesimulator/React-CoreModules.build/Objects-normal/arm64/af3fcb34312c57c0f52879cdce924b91-common-args.resp
    
    /Applications/Xcode.app/Contents/Developer/Toolchains/XcodeDefault.xctoolchain/usr/bin/clang -x objective-c++ -ivfsstatcache /Users/itechnolabs/Library/Developer/Xcode/DerivedData/SDKStatCaches.noindex/iphonesimulator26.1-23B77-90cf18a4295e390e64c810bc6bd7acbc.sdkstatcache -fmessage-length\=0 -fdiagnostics-show-note-include-stack -fmacro-backtrace-limit\=0 -fno-color-diagnostics -fmodules-prune-interval\=86400 -fmodules-prune-after\=345600 -fbuild-session-file\=/Users/itechnolabs/Library/Developer/Xcode/DerivedData/ModuleCache.noindex/Session.modulevalidation -fmodules-validate-once-per-build-session -Wnon-modular-include-in-framework-module -Werror\=non-modular-include-in-framework-module -Wno-trigraphs -Wno-missing-field-initializers -Wno-missing-prototypes -Werror\=return-type -Wdocumentation -Wunreachable-code -Wno-implicit-atomic-properties -Werror\=deprecated-objc-isa-usage -Wno-objc-interface-ivars -Werror\=objc-root-class -Wno-arc-repeated-use-of-weak -Wimplicit-retain-self -Wno-non-virtual-dtor -Wno-overloaded-virtual -Wno-exit-time-destructors -Wduplicate-method-match -Wno-missing-braces -Wparentheses -Wswitch -Wunused-function -Wno-unused-label -Wno-unused-parameter -Wunused-variable -Wunused-value -Wempty-body -Wuninitialized -Wconditional-uninitialized -Wno-unknown-pragmas -Wno-shadow -Wno-four-char-constants -Wno-conversion -Wconstant-conversion -Wint-conversion -Wbool-conversion -Wenum-conversion -Wno-float-conversion -Wnon-literal-null-conversion -Wobjc-literal-conversion -Wshorten-64-to-32 -Wno-newline-eof -Wno-selector -Wno-strict-selector-match -Wundeclared-selector -Wdeprecated-implementations -Wno-c++11-extensions -Wno-implicit-fallthrough -fstrict-aliasing -Wprotocol -Wdeprecated-declarations -Winvalid-offsetof -Wno-sign-conversion -Winfinite-recursion -Wmove -Wcomma -Wblock-capture-autoreleasing -Wstrict-prototypes -Wrange-loop-analysis -Wno-semicolon-before-method-body -Wunguarded-availability -index-store-path /Users/itechnolabs/Library/Developer/Xcode/DerivedData/Choona-dnghcflyrszrcwfmpfesqspssftx/Index.noindex/DataStore -Wno-strict-prototypes -Wno-error -Wno-deprecated-declarations -Wno-implicit-function-declaration -Wno-bitwise-instead-of-logical -Wno-error @/Users/itechnolabs/Library/Developer/Xcode/DerivedData/Choona-dnghcflyrszrcwfmpfesqspssftx/Build/Intermediates.noindex/Pods.build/Debug-iphonesimulator/React-CoreModules.build/Objects-normal/arm64/af3fcb34312c57c0f52879cdce924b91-common-args.resp -DFOLLY_NO_CONFIG -DFOLLY_MOBILE\=1 -DFOLLY_USE_LIBCPP\=1 -Wno-comma -Wno-shorten-64-to-32 -Wno-nullability-completeness -include /Users/itechnolabs/Documents/Vijay/choona/ios/Pods/Target\ Support\ Files/React-CoreModules/React-CoreModules-prefix.pch -MMD -MT dependencies -MF /Users/itechnolabs/Library/Developer/Xcode/DerivedData/Choona-dnghcflyrszrcwfmpfesqspssftx/Build/Intermediates.noindex/Pods.build/Debug-iphonesimulator/React-CoreModules.build/Objects-normal/arm64/RCTI18nManager.d --serialize-diagnostics /Users/itechnolabs/Library/Developer/Xcode/DerivedData/Choona-dnghcflyrszrcwfmpfesqspssftx/Build/Intermediates.noindex/Pods.build/Debug-iphonesimulator/React-CoreModules.build/Objects-normal/arm64/RCTI18nManager.dia -c /Users/itechnolabs/Documents/Vijay/choona/node_modules/react-native/React/CoreModules/RCTI18nManager.mm -o /Users/itechnolabs/Library/Developer/Xcode/DerivedData/Choona-dnghcflyrszrcwfmpfesqspssftx/Build/Intermediates.noindex/Pods.build/Debug-iphonesimulator/React-CoreModules.build/Objects-normal/arm64/RCTI18nManager.o -index-unit-output-path /Pods.build/Debug-iphonesimulator/React-CoreModules.build/Objects-normal/arm64/RCTI18nManager.o

CompileC /Users/itechnolabs/Library/Developer/Xcode/DerivedData/Choona-dnghcflyrszrcwfmpfesqspssftx/Build/Intermediates.noindex/Pods.build/Debug-iphonesimulator/React-CoreModules.build/Objects-normal/arm64/RCTExceptionsManager.o /Users/itechnolabs/Documents/Vijay/choona/node_modules/react-native/React/CoreModules/RCTExceptionsManager.mm normal arm64 objective-c++ com.apple.compilers.llvm.clang.1_0.compiler (in target 'React-CoreModules' from project 'Pods')
    cd /Users/itechnolabs/Documents/Vijay/choona/ios/Pods
    
    Using response file: /Users/itechnolabs/Library/Developer/Xcode/DerivedData/Choona-dnghcflyrszrcwfmpfesqspssftx/Build/Intermediates.noindex/Pods.build/Debug-iphonesimulator/React-CoreModules.build/Objects-normal/arm64/af3fcb34312c57c0f52879cdce924b91-common-args.resp
    
    /Applications/Xcode.app/Contents/Developer/Toolchains/XcodeDefault.xctoolchain/usr/bin/clang -x objective-c++ -ivfsstatcache /Users/itechnolabs/Library/Developer/Xcode/DerivedData/SDKStatCaches.noindex/iphonesimulator26.1-23B77-90cf18a4295e390e64c810bc6bd7acbc.sdkstatcache -fmessage-length\=0 -fdiagnostics-show-note-include-stack -fmacro-backtrace-limit\=0 -fno-color-diagnostics -fmodules-prune-interval\=86400 -fmodules-prune-after\=345600 -fbuild-session-file\=/Users/itechnolabs/Library/Developer/Xcode/DerivedData/ModuleCache.noindex/Session.modulevalidation -fmodules-validate-once-per-build-session -Wnon-modular-include-in-framework-module -Werror\=non-modular-include-in-framework-module -Wno-trigraphs -Wno-missing-field-initializers -Wno-missing-prototypes -Werror\=return-type -Wdocumentation -Wunreachable-code -Wno-implicit-atomic-properties -Werror\=deprecated-objc-isa-usage -Wno-objc-interface-ivars -Werror\=objc-root-class -Wno-arc-repeated-use-of-weak -Wimplicit-retain-self -Wno-non-virtual-dtor -Wno-overloaded-virtual -Wno-exit-time-destructors -Wduplicate-method-match -Wno-missing-braces -Wparentheses -Wswitch -Wunused-function -Wno-unused-label -Wno-unused-parameter -Wunused-variable -Wunused-value -Wempty-body -Wuninitialized -Wconditional-uninitialized -Wno-unknown-pragmas -Wno-shadow -Wno-four-char-constants -Wno-conversion -Wconstant-conversion -Wint-conversion -Wbool-conversion -Wenum-conversion -Wno-float-conversion -Wnon-literal-null-conversion -Wobjc-literal-conversion -Wshorten-64-to-32 -Wno-newline-eof -Wno-selector -Wno-strict-selector-match -Wundeclared-selector -Wdeprecated-implementations -Wno-c++11-extensions -Wno-implicit-fallthrough -fstrict-aliasing -Wprotocol -Wdeprecated-declarations -Winvalid-offsetof -Wno-sign-conversion -Winfinite-recursion -Wmove -Wcomma -Wblock-capture-autoreleasing -Wstrict-prototypes -Wrange-loop-analysis -Wno-semicolon-before-method-body -Wunguarded-availability -index-store-path /Users/itechnolabs/Library/Developer/Xcode/DerivedData/Choona-dnghcflyrszrcwfmpfesqspssftx/Index.noindex/DataStore -Wno-strict-prototypes -Wno-error -Wno-deprecated-declarations -Wno-implicit-function-declaration -Wno-bitwise-instead-of-logical -Wno-error @/Users/itechnolabs/Library/Developer/Xcode/DerivedData/Choona-dnghcflyrszrcwfmpfesqspssftx/Build/Intermediates.noindex/Pods.build/Debug-iphonesimulator/React-CoreModules.build/Objects-normal/arm64/af3fcb34312c57c0f52879cdce924b91-common-args.resp -DFOLLY_NO_CONFIG -DFOLLY_MOBILE\=1 -DFOLLY_USE_LIBCPP\=1 -Wno-comma -Wno-shorten-64-to-32 -Wno-nullability-completeness -include /Users/itechnolabs/Documents/Vijay/choona/ios/Pods/Target\ Support\ Files/React-CoreModules/React-CoreModules-prefix.pch -MMD -MT dependencies -MF /Users/itechnolabs/Library/Developer/Xcode/DerivedData/Choona-dnghcflyrszrcwfmpfesqspssftx/Build/Intermediates.noindex/Pods.build/Debug-iphonesimulator/React-CoreModules.build/Objects-normal/arm64/RCTExceptionsManager.d --serialize-diagnostics /Users/itechnolabs/Library/Developer/Xcode/DerivedData/Choona-dnghcflyrszrcwfmpfesqspssftx/Build/Intermediates.noindex/Pods.build/Debug-iphonesimulator/React-CoreModules.build/Objects-normal/arm64/RCTExceptionsManager.dia -c /Users/itechnolabs/Documents/Vijay/choona/node_modules/react-native/React/CoreModules/RCTExceptionsManager.mm -o /Users/itechnolabs/Library/Developer/Xcode/DerivedData/Choona-dnghcflyrszrcwfmpfesqspssftx/Build/Intermediates.noindex/Pods.build/Debug-iphonesimulator/React-CoreModules.build/Objects-normal/arm64/RCTExceptionsManager.o -index-unit-output-path /Pods.build/Debug-iphonesimulator/React-CoreModules.build/Objects-normal/arm64/RCTExceptionsManager.o

CompileC /Users/itechnolabs/Library/Developer/Xcode/DerivedData/Choona-dnghcflyrszrcwfmpfesqspssftx/Build/Intermediates.noindex/Pods.build/Debug-iphonesimulator/React-CoreModules.build/Objects-normal/arm64/RCTDeviceInfo.o /Users/itechnolabs/Documents/Vijay/choona/node_modules/react-native/React/CoreModules/RCTDeviceInfo.mm normal arm64 objective-c++ com.apple.compilers.llvm.clang.1_0.compiler (in target 'React-CoreModules' from project 'Pods')
    cd /Users/itechnolabs/Documents/Vijay/choona/ios/Pods
    
    Using response file: /Users/itechnolabs/Library/Developer/Xcode/DerivedData/Choona-dnghcflyrszrcwfmpfesqspssftx/Build/Intermediates.noindex/Pods.build/Debug-iphonesimulator/React-CoreModules.build/Objects-normal/arm64/af3fcb34312c57c0f52879cdce924b91-common-args.resp
    
    /Applications/Xcode.app/Contents/Developer/Toolchains/XcodeDefault.xctoolchain/usr/bin/clang -x objective-c++ -ivfsstatcache /Users/itechnolabs/Library/Developer/Xcode/DerivedData/SDKStatCaches.noindex/iphonesimulator26.1-23B77-90cf18a4295e390e64c810bc6bd7acbc.sdkstatcache -fmessage-length\=0 -fdiagnostics-show-note-include-stack -fmacro-backtrace-limit\=0 -fno-color-diagnostics -fmodules-prune-interval\=86400 -fmodules-prune-after\=345600 -fbuild-session-file\=/Users/itechnolabs/Library/Developer/Xcode/DerivedData/ModuleCache.noindex/Session.modulevalidation -fmodules-validate-once-per-build-session -Wnon-modular-include-in-framework-module -Werror\=non-modular-include-in-framework-module -Wno-trigraphs -Wno-missing-field-initializers -Wno-missing-prototypes -Werror\=return-type -Wdocumentation -Wunreachable-code -Wno-implicit-atomic-properties -Werror\=deprecated-objc-isa-usage -Wno-objc-interface-ivars -Werror\=objc-root-class -Wno-arc-repeated-use-of-weak -Wimplicit-retain-self -Wno-non-virtual-dtor -Wno-overloaded-virtual -Wno-exit-time-destructors -Wduplicate-method-match -Wno-missing-braces -Wparentheses -Wswitch -Wunused-function -Wno-unused-label -Wno-unused-parameter -Wunused-variable -Wunused-value -Wempty-body -Wuninitialized -Wconditional-uninitialized -Wno-unknown-pragmas -Wno-shadow -Wno-four-char-constants -Wno-conversion -Wconstant-conversion -Wint-conversion -Wbool-conversion -Wenum-conversion -Wno-float-conversion -Wnon-literal-null-conversion -Wobjc-literal-conversion -Wshorten-64-to-32 -Wno-newline-eof -Wno-selector -Wno-strict-selector-match -Wundeclared-selector -Wdeprecated-implementations -Wno-c++11-extensions -Wno-implicit-fallthrough -fstrict-aliasing -Wprotocol -Wdeprecated-declarations -Winvalid-offsetof -Wno-sign-conversion -Winfinite-recursion -Wmove -Wcomma -Wblock-capture-autoreleasing -Wstrict-prototypes -Wrange-loop-analysis -Wno-semicolon-before-method-body -Wunguarded-availability -index-store-path /Users/itechnolabs/Library/Developer/Xcode/DerivedData/Choona-dnghcflyrszrcwfmpfesqspssftx/Index.noindex/DataStore -Wno-strict-prototypes -Wno-error -Wno-deprecated-declarations -Wno-implicit-function-declaration -Wno-bitwise-instead-of-logical -Wno-error @/Users/itechnolabs/Library/Developer/Xcode/DerivedData/Choona-dnghcflyrszrcwfmpfesqspssftx/Build/Intermediates.noindex/Pods.build/Debug-iphonesimulator/React-CoreModules.build/Objects-normal/arm64/af3fcb34312c57c0f52879cdce924b91-common-args.resp -DFOLLY_NO_CONFIG -DFOLLY_MOBILE\=1 -DFOLLY_USE_LIBCPP\=1 -Wno-comma -Wno-shorten-64-to-32 -Wno-nullability-completeness -include /Users/itechnolabs/Documents/Vijay/choona/ios/Pods/Target\ Support\ Files/React-CoreModules/React-CoreModules-prefix.pch -MMD -MT dependencies -MF /Users/itechnolabs/Library/Developer/Xcode/DerivedData/Choona-dnghcflyrszrcwfmpfesqspssftx/Build/Intermediates.noindex/Pods.build/Debug-iphonesimulator/React-CoreModules.build/Objects-normal/arm64/RCTDeviceInfo.d --serialize-diagnostics /Users/itechnolabs/Library/Developer/Xcode/DerivedData/Choona-dnghcflyrszrcwfmpfesqspssftx/Build/Intermediates.noindex/Pods.build/Debug-iphonesimulator/React-CoreModules.build/Objects-normal/arm64/RCTDeviceInfo.dia -c /Users/itechnolabs/Documents/Vijay/choona/node_modules/react-native/React/CoreModules/RCTDeviceInfo.mm -o /Users/itechnolabs/Library/Developer/Xcode/DerivedData/Choona-dnghcflyrszrcwfmpfesqspssftx/Build/Intermediates.noindex/Pods.build/Debug-iphonesimulator/React-CoreModules.build/Objects-normal/arm64/RCTDeviceInfo.o -index-unit-output-path /Pods.build/Debug-iphonesimulator/React-CoreModules.build/Objects-normal/arm64/RCTDeviceInfo.o

Libtool /Users/itechnolabs/Library/Developer/Xcode/DerivedData/Choona-dnghcflyrszrcwfmpfesqspssftx/Build/Products/Debug-iphonesimulator/FBReactNativeSpec/libFBReactNativeSpec.a normal (in target 'FBReactNativeSpec' from project 'Pods')
    cd /Users/itechnolabs/Documents/Vijay/choona/ios/Pods
    /Applications/Xcode.app/Contents/Developer/Toolchains/XcodeDefault.xctoolchain/usr/bin/libtool -static -arch_only arm64 -D -syslibroot /Applications/Xcode.app/Contents/Developer/Platforms/iPhoneSimulator.platform/Developer/SDKs/iPhoneSimulator26.1.sdk -L/Users/itechnolabs/Library/Developer/Xcode/DerivedData/Choona-dnghcflyrszrcwfmpfesqspssftx/Build/Products/Debug-iphonesimulator/FBReactNativeSpec -L/Applications/Xcode.app/Contents/Developer/Platforms/iPhoneSimulator.platform/Developer/SDKs/iPhoneSimulator26.1.sdk/usr/lib/swift -L/Applications/Xcode.app/Contents/Developer/Platforms/iPhoneSimulator.platform/Developer/SDKs/iPhoneSimulator26.1.sdk/usr/lib/swift -filelist /Users/itechnolabs/Library/Developer/Xcode/DerivedData/Choona-dnghcflyrszrcwfmpfesqspssftx/Build/Intermediates.noindex/Pods.build/Debug-iphonesimulator/FBReactNativeSpec.build/Objects-normal/arm64/FBReactNativeSpec.LinkFileList -dependency_info /Users/itechnolabs/Library/Developer/Xcode/DerivedData/Choona-dnghcflyrszrcwfmpfesqspssftx/Build/Intermediates.noindex/Pods.build/Debug-iphonesimulator/FBReactNativeSpec.build/Objects-normal/arm64/FBReactNativeSpec_libtool_dependency_info.dat -o /Users/itechnolabs/Library/Developer/Xcode/DerivedData/Choona-dnghcflyrszrcwfmpfesqspssftx/Build/Products/Debug-iphonesimulator/FBReactNativeSpec/libFBReactNativeSpec.a

CompileC /Users/itechnolabs/Library/Developer/Xcode/DerivedData/Choona-dnghcflyrszrcwfmpfesqspssftx/Build/Intermediates.noindex/Pods.build/Debug-iphonesimulator/React-CoreModules.build/Objects-normal/arm64/RCTDevSplitBundleLoader.o /Users/itechnolabs/Documents/Vijay/choona/node_modules/react-native/React/CoreModules/RCTDevSplitBundleLoader.mm normal arm64 objective-c++ com.apple.compilers.llvm.clang.1_0.compiler (in target 'React-CoreModules' from project 'Pods')
    cd /Users/itechnolabs/Documents/Vijay/choona/ios/Pods
    
    Using response file: /Users/itechnolabs/Library/Developer/Xcode/DerivedData/Choona-dnghcflyrszrcwfmpfesqspssftx/Build/Intermediates.noindex/Pods.build/Debug-iphonesimulator/React-CoreModules.build/Objects-normal/arm64/af3fcb34312c57c0f52879cdce924b91-common-args.resp
    
    /Applications/Xcode.app/Contents/Developer/Toolchains/XcodeDefault.xctoolchain/usr/bin/clang -x objective-c++ -ivfsstatcache /Users/itechnolabs/Library/Developer/Xcode/DerivedData/SDKStatCaches.noindex/iphonesimulator26.1-23B77-90cf18a4295e390e64c810bc6bd7acbc.sdkstatcache -fmessage-length\=0 -fdiagnostics-show-note-include-stack -fmacro-backtrace-limit\=0 -fno-color-diagnostics -fmodules-prune-interval\=86400 -fmodules-prune-after\=345600 -fbuild-session-file\=/Users/itechnolabs/Library/Developer/Xcode/DerivedData/ModuleCache.noindex/Session.modulevalidation -fmodules-validate-once-per-build-session -Wnon-modular-include-in-framework-module -Werror\=non-modular-include-in-framework-module -Wno-trigraphs -Wno-missing-field-initializers -Wno-missing-prototypes -Werror\=return-type -Wdocumentation -Wunreachable-code -Wno-implicit-atomic-properties -Werror\=deprecated-objc-isa-usage -Wno-objc-interface-ivars -Werror\=objc-root-class -Wno-arc-repeated-use-of-weak -Wimplicit-retain-self -Wno-non-virtual-dtor -Wno-overloaded-virtual -Wno-exit-time-destructors -Wduplicate-method-match -Wno-missing-braces -Wparentheses -Wswitch -Wunused-function -Wno-unused-label -Wno-unused-parameter -Wunused-variable -Wunused-value -Wempty-body -Wuninitialized -Wconditional-uninitialized -Wno-unknown-pragmas -Wno-shadow -Wno-four-char-constants -Wno-conversion -Wconstant-conversion -Wint-conversion -Wbool-conversion -Wenum-conversion -Wno-float-conversion -Wnon-literal-null-conversion -Wobjc-literal-conversion -Wshorten-64-to-32 -Wno-newline-eof -Wno-selector -Wno-strict-selector-match -Wundeclared-selector -Wdeprecated-implementations -Wno-c++11-extensions -Wno-implicit-fallthrough -fstrict-aliasing -Wprotocol -Wdeprecated-declarations -Winvalid-offsetof -Wno-sign-conversion -Winfinite-recursion -Wmove -Wcomma -Wblock-capture-autoreleasing -Wstrict-prototypes -Wrange-loop-analysis -Wno-semicolon-before-method-body -Wunguarded-availability -index-store-path /Users/itechnolabs/Library/Developer/Xcode/DerivedData/Choona-dnghcflyrszrcwfmpfesqspssftx/Index.noindex/DataStore -Wno-strict-prototypes -Wno-error -Wno-deprecated-declarations -Wno-implicit-function-declaration -Wno-bitwise-instead-of-logical -Wno-error @/Users/itechnolabs/Library/Developer/Xcode/DerivedData/Choona-dnghcflyrszrcwfmpfesqspssftx/Build/Intermediates.noindex/Pods.build/Debug-iphonesimulator/React-CoreModules.build/Objects-normal/arm64/af3fcb34312c57c0f52879cdce924b91-common-args.resp -DFOLLY_NO_CONFIG -DFOLLY_MOBILE\=1 -DFOLLY_USE_LIBCPP\=1 -Wno-comma -Wno-shorten-64-to-32 -Wno-nullability-completeness -include /Users/itechnolabs/Documents/Vijay/choona/ios/Pods/Target\ Support\ Files/React-CoreModules/React-CoreModules-prefix.pch -MMD -MT dependencies -MF /Users/itechnolabs/Library/Developer/Xcode/DerivedData/Choona-dnghcflyrszrcwfmpfesqspssftx/Build/Intermediates.noindex/Pods.build/Debug-iphonesimulator/React-CoreModules.build/Objects-normal/arm64/RCTDevSplitBundleLoader.d --serialize-diagnostics /Users/itechnolabs/Library/Developer/Xcode/DerivedData/Choona-dnghcflyrszrcwfmpfesqspssftx/Build/Intermediates.noindex/Pods.build/Debug-iphonesimulator/React-CoreModules.build/Objects-normal/arm64/RCTDevSplitBundleLoader.dia -c /Users/itechnolabs/Documents/Vijay/choona/node_modules/react-native/React/CoreModules/RCTDevSplitBundleLoader.mm -o /Users/itechnolabs/Library/Developer/Xcode/DerivedData/Choona-dnghcflyrszrcwfmpfesqspssftx/Build/Intermediates.noindex/Pods.build/Debug-iphonesimulator/React-CoreModules.build/Objects-normal/arm64/RCTDevSplitBundleLoader.o -index-unit-output-path /Pods.build/Debug-iphonesimulator/React-CoreModules.build/Objects-normal/arm64/RCTDevSplitBundleLoader.o

CompileC /Users/itechnolabs/Library/Developer/Xcode/DerivedData/Choona-dnghcflyrszrcwfmpfesqspssftx/Build/Intermediates.noindex/Pods.build/Debug-iphonesimulator/React-CoreModules.build/Objects-normal/arm64/RCTDevSettings.o /Users/itechnolabs/Documents/Vijay/choona/node_modules/react-native/React/CoreModules/RCTDevSettings.mm normal arm64 objective-c++ com.apple.compilers.llvm.clang.1_0.compiler (in target 'React-CoreModules' from project 'Pods')
    cd /Users/itechnolabs/Documents/Vijay/choona/ios/Pods
    
    Using response file: /Users/itechnolabs/Library/Developer/Xcode/DerivedData/Choona-dnghcflyrszrcwfmpfesqspssftx/Build/Intermediates.noindex/Pods.build/Debug-iphonesimulator/React-CoreModules.build/Objects-normal/arm64/af3fcb34312c57c0f52879cdce924b91-common-args.resp
    
    /Applications/Xcode.app/Contents/Developer/Toolchains/XcodeDefault.xctoolchain/usr/bin/clang -x objective-c++ -ivfsstatcache /Users/itechnolabs/Library/Developer/Xcode/DerivedData/SDKStatCaches.noindex/iphonesimulator26.1-23B77-90cf18a4295e390e64c810bc6bd7acbc.sdkstatcache -fmessage-length\=0 -fdiagnostics-show-note-include-stack -fmacro-backtrace-limit\=0 -fno-color-diagnostics -fmodules-prune-interval\=86400 -fmodules-prune-after\=345600 -fbuild-session-file\=/Users/itechnolabs/Library/Developer/Xcode/DerivedData/ModuleCache.noindex/Session.modulevalidation -fmodules-validate-once-per-build-session -Wnon-modular-include-in-framework-module -Werror\=non-modular-include-in-framework-module -Wno-trigraphs -Wno-missing-field-initializers -Wno-missing-prototypes -Werror\=return-type -Wdocumentation -Wunreachable-code -Wno-implicit-atomic-properties -Werror\=deprecated-objc-isa-usage -Wno-objc-interface-ivars -Werror\=objc-root-class -Wno-arc-repeated-use-of-weak -Wimplicit-retain-self -Wno-non-virtual-dtor -Wno-overloaded-virtual -Wno-exit-time-destructors -Wduplicate-method-match -Wno-missing-braces -Wparentheses -Wswitch -Wunused-function -Wno-unused-label -Wno-unused-parameter -Wunused-variable -Wunused-value -Wempty-body -Wuninitialized -Wconditional-uninitialized -Wno-unknown-pragmas -Wno-shadow -Wno-four-char-constants -Wno-conversion -Wconstant-conversion -Wint-conversion -Wbool-conversion -Wenum-conversion -Wno-float-conversion -Wnon-literal-null-conversion -Wobjc-literal-conversion -Wshorten-64-to-32 -Wno-newline-eof -Wno-selector -Wno-strict-selector-match -Wundeclared-selector -Wdeprecated-implementations -Wno-c++11-extensions -Wno-implicit-fallthrough -fstrict-aliasing -Wprotocol -Wdeprecated-declarations -Winvalid-offsetof -Wno-sign-conversion -Winfinite-recursion -Wmove -Wcomma -Wblock-capture-autoreleasing -Wstrict-prototypes -Wrange-loop-analysis -Wno-semicolon-before-method-body -Wunguarded-availability -index-store-path /Users/itechnolabs/Library/Developer/Xcode/DerivedData/Choona-dnghcflyrszrcwfmpfesqspssftx/Index.noindex/DataStore -Wno-strict-prototypes -Wno-error -Wno-deprecated-declarations -Wno-implicit-function-declaration -Wno-bitwise-instead-of-logical -Wno-error @/Users/itechnolabs/Library/Developer/Xcode/DerivedData/Choona-dnghcflyrszrcwfmpfesqspssftx/Build/Intermediates.noindex/Pods.build/Debug-iphonesimulator/React-CoreModules.build/Objects-normal/arm64/af3fcb34312c57c0f52879cdce924b91-common-args.resp -DFOLLY_NO_CONFIG -DFOLLY_MOBILE\=1 -DFOLLY_USE_LIBCPP\=1 -Wno-comma -Wno-shorten-64-to-32 -Wno-nullability-completeness -include /Users/itechnolabs/Documents/Vijay/choona/ios/Pods/Target\ Support\ Files/React-CoreModules/React-CoreModules-prefix.pch -MMD -MT dependencies -MF /Users/itechnolabs/Library/Developer/Xcode/DerivedData/Choona-dnghcflyrszrcwfmpfesqspssftx/Build/Intermediates.noindex/Pods.build/Debug-iphonesimulator/React-CoreModules.build/Objects-normal/arm64/RCTDevSettings.d --serialize-diagnostics /Users/itechnolabs/Library/Developer/Xcode/DerivedData/Choona-dnghcflyrszrcwfmpfesqspssftx/Build/Intermediates.noindex/Pods.build/Debug-iphonesimulator/React-CoreModules.build/Objects-normal/arm64/RCTDevSettings.dia -c /Users/itechnolabs/Documents/Vijay/choona/node_modules/react-native/React/CoreModules/RCTDevSettings.mm -o /Users/itechnolabs/Library/Developer/Xcode/DerivedData/Choona-dnghcflyrszrcwfmpfesqspssftx/Build/Intermediates.noindex/Pods.build/Debug-iphonesimulator/React-CoreModules.build/Objects-normal/arm64/RCTDevSettings.o -index-unit-output-path /Pods.build/Debug-iphonesimulator/React-CoreModules.build/Objects-normal/arm64/RCTDevSettings.o

CompileC /Users/itechnolabs/Library/Developer/Xcode/DerivedData/Choona-dnghcflyrszrcwfmpfesqspssftx/Build/Intermediates.noindex/Pods.build/Debug-iphonesimulator/React-CoreModules.build/Objects-normal/arm64/RCTDevMenu.o /Users/itechnolabs/Documents/Vijay/choona/node_modules/react-native/React/CoreModules/RCTDevMenu.mm normal arm64 objective-c++ com.apple.compilers.llvm.clang.1_0.compiler (in target 'React-CoreModules' from project 'Pods')
    cd /Users/itechnolabs/Documents/Vijay/choona/ios/Pods
    
    Using response file: /Users/itechnolabs/Library/Developer/Xcode/DerivedData/Choona-dnghcflyrszrcwfmpfesqspssftx/Build/Intermediates.noindex/Pods.build/Debug-iphonesimulator/React-CoreModules.build/Objects-normal/arm64/af3fcb34312c57c0f52879cdce924b91-common-args.resp
    
    /Applications/Xcode.app/Contents/Developer/Toolchains/XcodeDefault.xctoolchain/usr/bin/clang -x objective-c++ -ivfsstatcache /Users/itechnolabs/Library/Developer/Xcode/DerivedData/SDKStatCaches.noindex/iphonesimulator26.1-23B77-90cf18a4295e390e64c810bc6bd7acbc.sdkstatcache -fmessage-length\=0 -fdiagnostics-show-note-include-stack -fmacro-backtrace-limit\=0 -fno-color-diagnostics -fmodules-prune-interval\=86400 -fmodules-prune-after\=345600 -fbuild-session-file\=/Users/itechnolabs/Library/Developer/Xcode/DerivedData/ModuleCache.noindex/Session.modulevalidation -fmodules-validate-once-per-build-session -Wnon-modular-include-in-framework-module -Werror\=non-modular-include-in-framework-module -Wno-trigraphs -Wno-missing-field-initializers -Wno-missing-prototypes -Werror\=return-type -Wdocumentation -Wunreachable-code -Wno-implicit-atomic-properties -Werror\=deprecated-objc-isa-usage -Wno-objc-interface-ivars -Werror\=objc-root-class -Wno-arc-repeated-use-of-weak -Wimplicit-retain-self -Wno-non-virtual-dtor -Wno-overloaded-virtual -Wno-exit-time-destructors -Wduplicate-method-match -Wno-missing-braces -Wparentheses -Wswitch -Wunused-function -Wno-unused-label -Wno-unused-parameter -Wunused-variable -Wunused-value -Wempty-body -Wuninitialized -Wconditional-uninitialized -Wno-unknown-pragmas -Wno-shadow -Wno-four-char-constants -Wno-conversion -Wconstant-conversion -Wint-conversion -Wbool-conversion -Wenum-conversion -Wno-float-conversion -Wnon-literal-null-conversion -Wobjc-literal-conversion -Wshorten-64-to-32 -Wno-newline-eof -Wno-selector -Wno-strict-selector-match -Wundeclared-selector -Wdeprecated-implementations -Wno-c++11-extensions -Wno-implicit-fallthrough -fstrict-aliasing -Wprotocol -Wdeprecated-declarations -Winvalid-offsetof -Wno-sign-conversion -Winfinite-recursion -Wmove -Wcomma -Wblock-capture-autoreleasing -Wstrict-prototypes -Wrange-loop-analysis -Wno-semicolon-before-method-body -Wunguarded-availability -index-store-path /Users/itechnolabs/Library/Developer/Xcode/DerivedData/Choona-dnghcflyrszrcwfmpfesqspssftx/Index.noindex/DataStore -Wno-strict-prototypes -Wno-error -Wno-deprecated-declarations -Wno-implicit-function-declaration -Wno-bitwise-instead-of-logical -Wno-error @/Users/itechnolabs/Library/Developer/Xcode/DerivedData/Choona-dnghcflyrszrcwfmpfesqspssftx/Build/Intermediates.noindex/Pods.build/Debug-iphonesimulator/React-CoreModules.build/Objects-normal/arm64/af3fcb34312c57c0f52879cdce924b91-common-args.resp -DFOLLY_NO_CONFIG -DFOLLY_MOBILE\=1 -DFOLLY_USE_LIBCPP\=1 -Wno-comma -Wno-shorten-64-to-32 -Wno-nullability-completeness -include /Users/itechnolabs/Documents/Vijay/choona/ios/Pods/Target\ Support\ Files/React-CoreModules/React-CoreModules-prefix.pch -MMD -MT dependencies -MF /Users/itechnolabs/Library/Developer/Xcode/DerivedData/Choona-dnghcflyrszrcwfmpfesqspssftx/Build/Intermediates.noindex/Pods.build/Debug-iphonesimulator/React-CoreModules.build/Objects-normal/arm64/RCTDevMenu.d --serialize-diagnostics /Users/itechnolabs/Library/Developer/Xcode/DerivedData/Choona-dnghcflyrszrcwfmpfesqspssftx/Build/Intermediates.noindex/Pods.build/Debug-iphonesimulator/React-CoreModules.build/Objects-normal/arm64/RCTDevMenu.dia -c /Users/itechnolabs/Documents/Vijay/choona/node_modules/react-native/React/CoreModules/RCTDevMenu.mm -o /Users/itechnolabs/Library/Developer/Xcode/DerivedData/Choona-dnghcflyrszrcwfmpfesqspssftx/Build/Intermediates.noindex/Pods.build/Debug-iphonesimulator/React-CoreModules.build/Objects-normal/arm64/RCTDevMenu.o -index-unit-output-path /Pods.build/Debug-iphonesimulator/React-CoreModules.build/Objects-normal/arm64/RCTDevMenu.o

CompileC /Users/itechnolabs/Library/Developer/Xcode/DerivedData/Choona-dnghcflyrszrcwfmpfesqspssftx/Build/Intermediates.noindex/Pods.build/Debug-iphonesimulator/React-CoreModules.build/Objects-normal/arm64/RCTDevLoadingView.o /Users/itechnolabs/Documents/Vijay/choona/node_modules/react-native/React/CoreModules/RCTDevLoadingView.mm normal arm64 objective-c++ com.apple.compilers.llvm.clang.1_0.compiler (in target 'React-CoreModules' from project 'Pods')
    cd /Users/itechnolabs/Documents/Vijay/choona/ios/Pods
    
    Using response file: /Users/itechnolabs/Library/Developer/Xcode/DerivedData/Choona-dnghcflyrszrcwfmpfesqspssftx/Build/Intermediates.noindex/Pods.build/Debug-iphonesimulator/React-CoreModules.build/Objects-normal/arm64/af3fcb34312c57c0f52879cdce924b91-common-args.resp
    
    /Applications/Xcode.app/Contents/Developer/Toolchains/XcodeDefault.xctoolchain/usr/bin/clang -x objective-c++ -ivfsstatcache /Users/itechnolabs/Library/Developer/Xcode/DerivedData/SDKStatCaches.noindex/iphonesimulator26.1-23B77-90cf18a4295e390e64c810bc6bd7acbc.sdkstatcache -fmessage-length\=0 -fdiagnostics-show-note-include-stack -fmacro-backtrace-limit\=0 -fno-color-diagnostics -fmodules-prune-interval\=86400 -fmodules-prune-after\=345600 -fbuild-session-file\=/Users/itechnolabs/Library/Developer/Xcode/DerivedData/ModuleCache.noindex/Session.modulevalidation -fmodules-validate-once-per-build-session -Wnon-modular-include-in-framework-module -Werror\=non-modular-include-in-framework-module -Wno-trigraphs -Wno-missing-field-initializers -Wno-missing-prototypes -Werror\=return-type -Wdocumentation -Wunreachable-code -Wno-implicit-atomic-properties -Werror\=deprecated-objc-isa-usage -Wno-objc-interface-ivars -Werror\=objc-root-class -Wno-arc-repeated-use-of-weak -Wimplicit-retain-self -Wno-non-virtual-dtor -Wno-overloaded-virtual -Wno-exit-time-destructors -Wduplicate-method-match -Wno-missing-braces -Wparentheses -Wswitch -Wunused-function -Wno-unused-label -Wno-unused-parameter -Wunused-variable -Wunused-value -Wempty-body -Wuninitialized -Wconditional-uninitialized -Wno-unknown-pragmas -Wno-shadow -Wno-four-char-constants -Wno-conversion -Wconstant-conversion -Wint-conversion -Wbool-conversion -Wenum-conversion -Wno-float-conversion -Wnon-literal-null-conversion -Wobjc-literal-conversion -Wshorten-64-to-32 -Wno-newline-eof -Wno-selector -Wno-strict-selector-match -Wundeclared-selector -Wdeprecated-implementations -Wno-c++11-extensions -Wno-implicit-fallthrough -fstrict-aliasing -Wprotocol -Wdeprecated-declarations -Winvalid-offsetof -Wno-sign-conversion -Winfinite-recursion -Wmove -Wcomma -Wblock-capture-autoreleasing -Wstrict-prototypes -Wrange-loop-analysis -Wno-semicolon-before-method-body -Wunguarded-availability -index-store-path /Users/itechnolabs/Library/Developer/Xcode/DerivedData/Choona-dnghcflyrszrcwfmpfesqspssftx/Index.noindex/DataStore -Wno-strict-prototypes -Wno-error -Wno-deprecated-declarations -Wno-implicit-function-declaration -Wno-bitwise-instead-of-logical -Wno-error @/Users/itechnolabs/Library/Developer/Xcode/DerivedData/Choona-dnghcflyrszrcwfmpfesqspssftx/Build/Intermediates.noindex/Pods.build/Debug-iphonesimulator/React-CoreModules.build/Objects-normal/arm64/af3fcb34312c57c0f52879cdce924b91-common-args.resp -DFOLLY_NO_CONFIG -DFOLLY_MOBILE\=1 -DFOLLY_USE_LIBCPP\=1 -Wno-comma -Wno-shorten-64-to-32 -Wno-nullability-completeness -include /Users/itechnolabs/Documents/Vijay/choona/ios/Pods/Target\ Support\ Files/React-CoreModules/React-CoreModules-prefix.pch -MMD -MT dependencies -MF /Users/itechnolabs/Library/Developer/Xcode/DerivedData/Choona-dnghcflyrszrcwfmpfesqspssftx/Build/Intermediates.noindex/Pods.build/Debug-iphonesimulator/React-CoreModules.build/Objects-normal/arm64/RCTDevLoadingView.d --serialize-diagnostics /Users/itechnolabs/Library/Developer/Xcode/DerivedData/Choona-dnghcflyrszrcwfmpfesqspssftx/Build/Intermediates.noindex/Pods.build/Debug-iphonesimulator/React-CoreModules.build/Objects-normal/arm64/RCTDevLoadingView.dia -c /Users/itechnolabs/Documents/Vijay/choona/node_modules/react-native/React/CoreModules/RCTDevLoadingView.mm -o /Users/itechnolabs/Library/Developer/Xcode/DerivedData/Choona-dnghcflyrszrcwfmpfesqspssftx/Build/Intermediates.noindex/Pods.build/Debug-iphonesimulator/React-CoreModules.build/Objects-normal/arm64/RCTDevLoadingView.o -index-unit-output-path /Pods.build/Debug-iphonesimulator/React-CoreModules.build/Objects-normal/arm64/RCTDevLoadingView.o

CompileC /Users/itechnolabs/Library/Developer/Xcode/DerivedData/Choona-dnghcflyrszrcwfmpfesqspssftx/Build/Intermediates.noindex/Pods.build/Debug-iphonesimulator/React-CoreModules.build/Objects-normal/arm64/RCTClipboard.o /Users/itechnolabs/Documents/Vijay/choona/node_modules/react-native/React/CoreModules/RCTClipboard.mm normal arm64 objective-c++ com.apple.compilers.llvm.clang.1_0.compiler (in target 'React-CoreModules' from project 'Pods')
    cd /Users/itechnolabs/Documents/Vijay/choona/ios/Pods
    
    Using response file: /Users/itechnolabs/Library/Developer/Xcode/DerivedData/Choona-dnghcflyrszrcwfmpfesqspssftx/Build/Intermediates.noindex/Pods.build/Debug-iphonesimulator/React-CoreModules.build/Objects-normal/arm64/af3fcb34312c57c0f52879cdce924b91-common-args.resp
    
    /Applications/Xcode.app/Contents/Developer/Toolchains/XcodeDefault.xctoolchain/usr/bin/clang -x objective-c++ -ivfsstatcache /Users/itechnolabs/Library/Developer/Xcode/DerivedData/SDKStatCaches.noindex/iphonesimulator26.1-23B77-90cf18a4295e390e64c810bc6bd7acbc.sdkstatcache -fmessage-length\=0 -fdiagnostics-show-note-include-stack -fmacro-backtrace-limit\=0 -fno-color-diagnostics -fmodules-prune-interval\=86400 -fmodules-prune-after\=345600 -fbuild-session-file\=/Users/itechnolabs/Library/Developer/Xcode/DerivedData/ModuleCache.noindex/Session.modulevalidation -fmodules-validate-once-per-build-session -Wnon-modular-include-in-framework-module -Werror\=non-modular-include-in-framework-module -Wno-trigraphs -Wno-missing-field-initializers -Wno-missing-prototypes -Werror\=return-type -Wdocumentation -Wunreachable-code -Wno-implicit-atomic-properties -Werror\=deprecated-objc-isa-usage -Wno-objc-interface-ivars -Werror\=objc-root-class -Wno-arc-repeated-use-of-weak -Wimplicit-retain-self -Wno-non-virtual-dtor -Wno-overloaded-virtual -Wno-exit-time-destructors -Wduplicate-method-match -Wno-missing-braces -Wparentheses -Wswitch -Wunused-function -Wno-unused-label -Wno-unused-parameter -Wunused-variable -Wunused-value -Wempty-body -Wuninitialized -Wconditional-uninitialized -Wno-unknown-pragmas -Wno-shadow -Wno-four-char-constants -Wno-conversion -Wconstant-conversion -Wint-conversion -Wbool-conversion -Wenum-conversion -Wno-float-conversion -Wnon-literal-null-conversion -Wobjc-literal-conversion -Wshorten-64-to-32 -Wno-newline-eof -Wno-selector -Wno-strict-selector-match -Wundeclared-selector -Wdeprecated-implementations -Wno-c++11-extensions -Wno-implicit-fallthrough -fstrict-aliasing -Wprotocol -Wdeprecated-declarations -Winvalid-offsetof -Wno-sign-conversion -Winfinite-recursion -Wmove -Wcomma -Wblock-capture-autoreleasing -Wstrict-prototypes -Wrange-loop-analysis -Wno-semicolon-before-method-body -Wunguarded-availability -index-store-path /Users/itechnolabs/Library/Developer/Xcode/DerivedData/Choona-dnghcflyrszrcwfmpfesqspssftx/Index.noindex/DataStore -Wno-strict-prototypes -Wno-error -Wno-deprecated-declarations -Wno-implicit-function-declaration -Wno-bitwise-instead-of-logical -Wno-error @/Users/itechnolabs/Library/Developer/Xcode/DerivedData/Choona-dnghcflyrszrcwfmpfesqspssftx/Build/Intermediates.noindex/Pods.build/Debug-iphonesimulator/React-CoreModules.build/Objects-normal/arm64/af3fcb34312c57c0f52879cdce924b91-common-args.resp -DFOLLY_NO_CONFIG -DFOLLY_MOBILE\=1 -DFOLLY_USE_LIBCPP\=1 -Wno-comma -Wno-shorten-64-to-32 -Wno-nullability-completeness -include /Users/itechnolabs/Documents/Vijay/choona/ios/Pods/Target\ Support\ Files/React-CoreModules/React-CoreModules-prefix.pch -MMD -MT dependencies -MF /Users/itechnolabs/Library/Developer/Xcode/DerivedData/Choona-dnghcflyrszrcwfmpfesqspssftx/Build/Intermediates.noindex/Pods.build/Debug-iphonesimulator/React-CoreModules.build/Objects-normal/arm64/RCTClipboard.d --serialize-diagnostics /Users/itechnolabs/Library/Developer/Xcode/DerivedData/Choona-dnghcflyrszrcwfmpfesqspssftx/Build/Intermediates.noindex/Pods.build/Debug-iphonesimulator/React-CoreModules.build/Objects-normal/arm64/RCTClipboard.dia -c /Users/itechnolabs/Documents/Vijay/choona/node_modules/react-native/React/CoreModules/RCTClipboard.mm -o /Users/itechnolabs/Library/Developer/Xcode/DerivedData/Choona-dnghcflyrszrcwfmpfesqspssftx/Build/Intermediates.noindex/Pods.build/Debug-iphonesimulator/React-CoreModules.build/Objects-normal/arm64/RCTClipboard.o -index-unit-output-path /Pods.build/Debug-iphonesimulator/React-CoreModules.build/Objects-normal/arm64/RCTClipboard.o

CompileC /Users/itechnolabs/Library/Developer/Xcode/DerivedData/Choona-dnghcflyrszrcwfmpfesqspssftx/Build/Intermediates.noindex/Pods.build/Debug-iphonesimulator/React-CoreModules.build/Objects-normal/arm64/RCTAsyncLocalStorage.o /Users/itechnolabs/Documents/Vijay/choona/node_modules/react-native/React/CoreModules/RCTAsyncLocalStorage.mm normal arm64 objective-c++ com.apple.compilers.llvm.clang.1_0.compiler (in target 'React-CoreModules' from project 'Pods')
    cd /Users/itechnolabs/Documents/Vijay/choona/ios/Pods
    
    Using response file: /Users/itechnolabs/Library/Developer/Xcode/DerivedData/Choona-dnghcflyrszrcwfmpfesqspssftx/Build/Intermediates.noindex/Pods.build/Debug-iphonesimulator/React-CoreModules.build/Objects-normal/arm64/af3fcb34312c57c0f52879cdce924b91-common-args.resp
    
    /Applications/Xcode.app/Contents/Developer/Toolchains/XcodeDefault.xctoolchain/usr/bin/clang -x objective-c++ -ivfsstatcache /Users/itechnolabs/Library/Developer/Xcode/DerivedData/SDKStatCaches.noindex/iphonesimulator26.1-23B77-90cf18a4295e390e64c810bc6bd7acbc.sdkstatcache -fmessage-length\=0 -fdiagnostics-show-note-include-stack -fmacro-backtrace-limit\=0 -fno-color-diagnostics -fmodules-prune-interval\=86400 -fmodules-prune-after\=345600 -fbuild-session-file\=/Users/itechnolabs/Library/Developer/Xcode/DerivedData/ModuleCache.noindex/Session.modulevalidation -fmodules-validate-once-per-build-session -Wnon-modular-include-in-framework-module -Werror\=non-modular-include-in-framework-module -Wno-trigraphs -Wno-missing-field-initializers -Wno-missing-prototypes -Werror\=return-type -Wdocumentation -Wunreachable-code -Wno-implicit-atomic-properties -Werror\=deprecated-objc-isa-usage -Wno-objc-interface-ivars -Werror\=objc-root-class -Wno-arc-repeated-use-of-weak -Wimplicit-retain-self -Wno-non-virtual-dtor -Wno-overloaded-virtual -Wno-exit-time-destructors -Wduplicate-method-match -Wno-missing-braces -Wparentheses -Wswitch -Wunused-function -Wno-unused-label -Wno-unused-parameter -Wunused-variable -Wunused-value -Wempty-body -Wuninitialized -Wconditional-uninitialized -Wno-unknown-pragmas -Wno-shadow -Wno-four-char-constants -Wno-conversion -Wconstant-conversion -Wint-conversion -Wbool-conversion -Wenum-conversion -Wno-float-conversion -Wnon-literal-null-conversion -Wobjc-literal-conversion -Wshorten-64-to-32 -Wno-newline-eof -Wno-selector -Wno-strict-selector-match -Wundeclared-selector -Wdeprecated-implementations -Wno-c++11-extensions -Wno-implicit-fallthrough -fstrict-aliasing -Wprotocol -Wdeprecated-declarations -Winvalid-offsetof -Wno-sign-conversion -Winfinite-recursion -Wmove -Wcomma -Wblock-capture-autoreleasing -Wstrict-prototypes -Wrange-loop-analysis -Wno-semicolon-before-method-body -Wunguarded-availability -index-store-path /Users/itechnolabs/Library/Developer/Xcode/DerivedData/Choona-dnghcflyrszrcwfmpfesqspssftx/Index.noindex/DataStore -Wno-strict-prototypes -Wno-error -Wno-deprecated-declarations -Wno-implicit-function-declaration -Wno-bitwise-instead-of-logical -Wno-error @/Users/itechnolabs/Library/Developer/Xcode/DerivedData/Choona-dnghcflyrszrcwfmpfesqspssftx/Build/Intermediates.noindex/Pods.build/Debug-iphonesimulator/React-CoreModules.build/Objects-normal/arm64/af3fcb34312c57c0f52879cdce924b91-common-args.resp -DFOLLY_NO_CONFIG -DFOLLY_MOBILE\=1 -DFOLLY_USE_LIBCPP\=1 -Wno-comma -Wno-shorten-64-to-32 -Wno-nullability-completeness -include /Users/itechnolabs/Documents/Vijay/choona/ios/Pods/Target\ Support\ Files/React-CoreModules/React-CoreModules-prefix.pch -MMD -MT dependencies -MF /Users/itechnolabs/Library/Developer/Xcode/DerivedData/Choona-dnghcflyrszrcwfmpfesqspssftx/Build/Intermediates.noindex/Pods.build/Debug-iphonesimulator/React-CoreModules.build/Objects-normal/arm64/RCTAsyncLocalStorage.d --serialize-diagnostics /Users/itechnolabs/Library/Developer/Xcode/DerivedData/Choona-dnghcflyrszrcwfmpfesqspssftx/Build/Intermediates.noindex/Pods.build/Debug-iphonesimulator/React-CoreModules.build/Objects-normal/arm64/RCTAsyncLocalStorage.dia -c /Users/itechnolabs/Documents/Vijay/choona/node_modules/react-native/React/CoreModules/RCTAsyncLocalStorage.mm -o /Users/itechnolabs/Library/Developer/Xcode/DerivedData/Choona-dnghcflyrszrcwfmpfesqspssftx/Build/Intermediates.noindex/Pods.build/Debug-iphonesimulator/React-CoreModules.build/Objects-normal/arm64/RCTAsyncLocalStorage.o -index-unit-output-path /Pods.build/Debug-iphonesimulator/React-CoreModules.build/Objects-normal/arm64/RCTAsyncLocalStorage.o

CompileC /Users/itechnolabs/Library/Developer/Xcode/DerivedData/Choona-dnghcflyrszrcwfmpfesqspssftx/Build/Intermediates.noindex/Pods.build/Debug-iphonesimulator/React-CoreModules.build/Objects-normal/arm64/RCTAppearance.o /Users/itechnolabs/Documents/Vijay/choona/node_modules/react-native/React/CoreModules/RCTAppearance.mm normal arm64 objective-c++ com.apple.compilers.llvm.clang.1_0.compiler (in target 'React-CoreModules' from project 'Pods')
    cd /Users/itechnolabs/Documents/Vijay/choona/ios/Pods
    
    Using response file: /Users/itechnolabs/Library/Developer/Xcode/DerivedData/Choona-dnghcflyrszrcwfmpfesqspssftx/Build/Intermediates.noindex/Pods.build/Debug-iphonesimulator/React-CoreModules.build/Objects-normal/arm64/af3fcb34312c57c0f52879cdce924b91-common-args.resp
    
    /Applications/Xcode.app/Contents/Developer/Toolchains/XcodeDefault.xctoolchain/usr/bin/clang -x objective-c++ -ivfsstatcache /Users/itechnolabs/Library/Developer/Xcode/DerivedData/SDKStatCaches.noindex/iphonesimulator26.1-23B77-90cf18a4295e390e64c810bc6bd7acbc.sdkstatcache -fmessage-length\=0 -fdiagnostics-show-note-include-stack -fmacro-backtrace-limit\=0 -fno-color-diagnostics -fmodules-prune-interval\=86400 -fmodules-prune-after\=345600 -fbuild-session-file\=/Users/itechnolabs/Library/Developer/Xcode/DerivedData/ModuleCache.noindex/Session.modulevalidation -fmodules-validate-once-per-build-session -Wnon-modular-include-in-framework-module -Werror\=non-modular-include-in-framework-module -Wno-trigraphs -Wno-missing-field-initializers -Wno-missing-prototypes -Werror\=return-type -Wdocumentation -Wunreachable-code -Wno-implicit-atomic-properties -Werror\=deprecated-objc-isa-usage -Wno-objc-interface-ivars -Werror\=objc-root-class -Wno-arc-repeated-use-of-weak -Wimplicit-retain-self -Wno-non-virtual-dtor -Wno-overloaded-virtual -Wno-exit-time-destructors -Wduplicate-method-match -Wno-missing-braces -Wparentheses -Wswitch -Wunused-function -Wno-unused-label -Wno-unused-parameter -Wunused-variable -Wunused-value -Wempty-body -Wuninitialized -Wconditional-uninitialized -Wno-unknown-pragmas -Wno-shadow -Wno-four-char-constants -Wno-conversion -Wconstant-conversion -Wint-conversion -Wbool-conversion -Wenum-conversion -Wno-float-conversion -Wnon-literal-null-conversion -Wobjc-literal-conversion -Wshorten-64-to-32 -Wno-newline-eof -Wno-selector -Wno-strict-selector-match -Wundeclared-selector -Wdeprecated-implementations -Wno-c++11-extensions -Wno-implicit-fallthrough -fstrict-aliasing -Wprotocol -Wdeprecated-declarations -Winvalid-offsetof -Wno-sign-conversion -Winfinite-recursion -Wmove -Wcomma -Wblock-capture-autoreleasing -Wstrict-prototypes -Wrange-loop-analysis -Wno-semicolon-before-method-body -Wunguarded-availability -index-store-path /Users/itechnolabs/Library/Developer/Xcode/DerivedData/Choona-dnghcflyrszrcwfmpfesqspssftx/Index.noindex/DataStore -Wno-strict-prototypes -Wno-error -Wno-deprecated-declarations -Wno-implicit-function-declaration -Wno-bitwise-instead-of-logical -Wno-error @/Users/itechnolabs/Library/Developer/Xcode/DerivedData/Choona-dnghcflyrszrcwfmpfesqspssftx/Build/Intermediates.noindex/Pods.build/Debug-iphonesimulator/React-CoreModules.build/Objects-normal/arm64/af3fcb34312c57c0f52879cdce924b91-common-args.resp -DFOLLY_NO_CONFIG -DFOLLY_MOBILE\=1 -DFOLLY_USE_LIBCPP\=1 -Wno-comma -Wno-shorten-64-to-32 -Wno-nullability-completeness -include /Users/itechnolabs/Documents/Vijay/choona/ios/Pods/Target\ Support\ Files/React-CoreModules/React-CoreModules-prefix.pch -MMD -MT dependencies -MF /Users/itechnolabs/Library/Developer/Xcode/DerivedData/Choona-dnghcflyrszrcwfmpfesqspssftx/Build/Intermediates.noindex/Pods.build/Debug-iphonesimulator/React-CoreModules.build/Objects-normal/arm64/RCTAppearance.d --serialize-diagnostics /Users/itechnolabs/Library/Developer/Xcode/DerivedData/Choona-dnghcflyrszrcwfmpfesqspssftx/Build/Intermediates.noindex/Pods.build/Debug-iphonesimulator/React-CoreModules.build/Objects-normal/arm64/RCTAppearance.dia -c /Users/itechnolabs/Documents/Vijay/choona/node_modules/react-native/React/CoreModules/RCTAppearance.mm -o /Users/itechnolabs/Library/Developer/Xcode/DerivedData/Choona-dnghcflyrszrcwfmpfesqspssftx/Build/Intermediates.noindex/Pods.build/Debug-iphonesimulator/React-CoreModules.build/Objects-normal/arm64/RCTAppearance.o -index-unit-output-path /Pods.build/Debug-iphonesimulator/React-CoreModules.build/Objects-normal/arm64/RCTAppearance.o

CompileC /Users/itechnolabs/Library/Developer/Xcode/DerivedData/Choona-dnghcflyrszrcwfmpfesqspssftx/Build/Intermediates.noindex/Pods.build/Debug-iphonesimulator/React-CoreModules.build/Objects-normal/arm64/RCTAppState.o /Users/itechnolabs/Documents/Vijay/choona/node_modules/react-native/React/CoreModules/RCTAppState.mm normal arm64 objective-c++ com.apple.compilers.llvm.clang.1_0.compiler (in target 'React-CoreModules' from project 'Pods')
    cd /Users/itechnolabs/Documents/Vijay/choona/ios/Pods
    
    Using response file: /Users/itechnolabs/Library/Developer/Xcode/DerivedData/Choona-dnghcflyrszrcwfmpfesqspssftx/Build/Intermediates.noindex/Pods.build/Debug-iphonesimulator/React-CoreModules.build/Objects-normal/arm64/af3fcb34312c57c0f52879cdce924b91-common-args.resp
    
    /Applications/Xcode.app/Contents/Developer/Toolchains/XcodeDefault.xctoolchain/usr/bin/clang -x objective-c++ -ivfsstatcache /Users/itechnolabs/Library/Developer/Xcode/DerivedData/SDKStatCaches.noindex/iphonesimulator26.1-23B77-90cf18a4295e390e64c810bc6bd7acbc.sdkstatcache -fmessage-length\=0 -fdiagnostics-show-note-include-stack -fmacro-backtrace-limit\=0 -fno-color-diagnostics -fmodules-prune-interval\=86400 -fmodules-prune-after\=345600 -fbuild-session-file\=/Users/itechnolabs/Library/Developer/Xcode/DerivedData/ModuleCache.noindex/Session.modulevalidation -fmodules-validate-once-per-build-session -Wnon-modular-include-in-framework-module -Werror\=non-modular-include-in-framework-module -Wno-trigraphs -Wno-missing-field-initializers -Wno-missing-prototypes -Werror\=return-type -Wdocumentation -Wunreachable-code -Wno-implicit-atomic-properties -Werror\=deprecated-objc-isa-usage -Wno-objc-interface-ivars -Werror\=objc-root-class -Wno-arc-repeated-use-of-weak -Wimplicit-retain-self -Wno-non-virtual-dtor -Wno-overloaded-virtual -Wno-exit-time-destructors -Wduplicate-method-match -Wno-missing-braces -Wparentheses -Wswitch -Wunused-function -Wno-unused-label -Wno-unused-parameter -Wunused-variable -Wunused-value -Wempty-body -Wuninitialized -Wconditional-uninitialized -Wno-unknown-pragmas -Wno-shadow -Wno-four-char-constants -Wno-conversion -Wconstant-conversion -Wint-conversion -Wbool-conversion -Wenum-conversion -Wno-float-conversion -Wnon-literal-null-conversion -Wobjc-literal-conversion -Wshorten-64-to-32 -Wno-newline-eof -Wno-selector -Wno-strict-selector-match -Wundeclared-selector -Wdeprecated-implementations -Wno-c++11-extensions -Wno-implicit-fallthrough -fstrict-aliasing -Wprotocol -Wdeprecated-declarations -Winvalid-offsetof -Wno-sign-conversion -Winfinite-recursion -Wmove -Wcomma -Wblock-capture-autoreleasing -Wstrict-prototypes -Wrange-loop-analysis -Wno-semicolon-before-method-body -Wunguarded-availability -index-store-path /Users/itechnolabs/Library/Developer/Xcode/DerivedData/Choona-dnghcflyrszrcwfmpfesqspssftx/Index.noindex/DataStore -Wno-strict-prototypes -Wno-error -Wno-deprecated-declarations -Wno-implicit-function-declaration -Wno-bitwise-instead-of-logical -Wno-error @/Users/itechnolabs/Library/Developer/Xcode/DerivedData/Choona-dnghcflyrszrcwfmpfesqspssftx/Build/Intermediates.noindex/Pods.build/Debug-iphonesimulator/React-CoreModules.build/Objects-normal/arm64/af3fcb34312c57c0f52879cdce924b91-common-args.resp -DFOLLY_NO_CONFIG -DFOLLY_MOBILE\=1 -DFOLLY_USE_LIBCPP\=1 -Wno-comma -Wno-shorten-64-to-32 -Wno-nullability-completeness -include /Users/itechnolabs/Documents/Vijay/choona/ios/Pods/Target\ Support\ Files/React-CoreModules/React-CoreModules-prefix.pch -MMD -MT dependencies -MF /Users/itechnolabs/Library/Developer/Xcode/DerivedData/Choona-dnghcflyrszrcwfmpfesqspssftx/Build/Intermediates.noindex/Pods.build/Debug-iphonesimulator/React-CoreModules.build/Objects-normal/arm64/RCTAppState.d --serialize-diagnostics /Users/itechnolabs/Library/Developer/Xcode/DerivedData/Choona-dnghcflyrszrcwfmpfesqspssftx/Build/Intermediates.noindex/Pods.build/Debug-iphonesimulator/React-CoreModules.build/Objects-normal/arm64/RCTAppState.dia -c /Users/itechnolabs/Documents/Vijay/choona/node_modules/react-native/React/CoreModules/RCTAppState.mm -o /Users/itechnolabs/Library/Developer/Xcode/DerivedData/Choona-dnghcflyrszrcwfmpfesqspssftx/Build/Intermediates.noindex/Pods.build/Debug-iphonesimulator/React-CoreModules.build/Objects-normal/arm64/RCTAppState.o -index-unit-output-path /Pods.build/Debug-iphonesimulator/React-CoreModules.build/Objects-normal/arm64/RCTAppState.o

CompileC /Users/itechnolabs/Library/Developer/Xcode/DerivedData/Choona-dnghcflyrszrcwfmpfesqspssftx/Build/Intermediates.noindex/Pods.build/Debug-iphonesimulator/React-CoreModules.build/Objects-normal/arm64/RCTAlertManager.o /Users/itechnolabs/Documents/Vijay/choona/node_modules/react-native/React/CoreModules/RCTAlertManager.mm normal arm64 objective-c++ com.apple.compilers.llvm.clang.1_0.compiler (in target 'React-CoreModules' from project 'Pods')
    cd /Users/itechnolabs/Documents/Vijay/choona/ios/Pods
    
    Using response file: /Users/itechnolabs/Library/Developer/Xcode/DerivedData/Choona-dnghcflyrszrcwfmpfesqspssftx/Build/Intermediates.noindex/Pods.build/Debug-iphonesimulator/React-CoreModules.build/Objects-normal/arm64/af3fcb34312c57c0f52879cdce924b91-common-args.resp
    
    /Applications/Xcode.app/Contents/Developer/Toolchains/XcodeDefault.xctoolchain/usr/bin/clang -x objective-c++ -ivfsstatcache /Users/itechnolabs/Library/Developer/Xcode/DerivedData/SDKStatCaches.noindex/iphonesimulator26.1-23B77-90cf18a4295e390e64c810bc6bd7acbc.sdkstatcache -fmessage-length\=0 -fdiagnostics-show-note-include-stack -fmacro-backtrace-limit\=0 -fno-color-diagnostics -fmodules-prune-interval\=86400 -fmodules-prune-after\=345600 -fbuild-session-file\=/Users/itechnolabs/Library/Developer/Xcode/DerivedData/ModuleCache.noindex/Session.modulevalidation -fmodules-validate-once-per-build-session -Wnon-modular-include-in-framework-module -Werror\=non-modular-include-in-framework-module -Wno-trigraphs -Wno-missing-field-initializers -Wno-missing-prototypes -Werror\=return-type -Wdocumentation -Wunreachable-code -Wno-implicit-atomic-properties -Werror\=deprecated-objc-isa-usage -Wno-objc-interface-ivars -Werror\=objc-root-class -Wno-arc-repeated-use-of-weak -Wimplicit-retain-self -Wno-non-virtual-dtor -Wno-overloaded-virtual -Wno-exit-time-destructors -Wduplicate-method-match -Wno-missing-braces -Wparentheses -Wswitch -Wunused-function -Wno-unused-label -Wno-unused-parameter -Wunused-variable -Wunused-value -Wempty-body -Wuninitialized -Wconditional-uninitialized -Wno-unknown-pragmas -Wno-shadow -Wno-four-char-constants -Wno-conversion -Wconstant-conversion -Wint-conversion -Wbool-conversion -Wenum-conversion -Wno-float-conversion -Wnon-literal-null-conversion -Wobjc-literal-conversion -Wshorten-64-to-32 -Wno-newline-eof -Wno-selector -Wno-strict-selector-match -Wundeclared-selector -Wdeprecated-implementations -Wno-c++11-extensions -Wno-implicit-fallthrough -fstrict-aliasing -Wprotocol -Wdeprecated-declarations -Winvalid-offsetof -Wno-sign-conversion -Winfinite-recursion -Wmove -Wcomma -Wblock-capture-autoreleasing -Wstrict-prototypes -Wrange-loop-analysis -Wno-semicolon-before-method-body -Wunguarded-availability -index-store-path /Users/itechnolabs/Library/Developer/Xcode/DerivedData/Choona-dnghcflyrszrcwfmpfesqspssftx/Index.noindex/DataStore -Wno-strict-prototypes -Wno-error -Wno-deprecated-declarations -Wno-implicit-function-declaration -Wno-bitwise-instead-of-logical -Wno-error @/Users/itechnolabs/Library/Developer/Xcode/DerivedData/Choona-dnghcflyrszrcwfmpfesqspssftx/Build/Intermediates.noindex/Pods.build/Debug-iphonesimulator/React-CoreModules.build/Objects-normal/arm64/af3fcb34312c57c0f52879cdce924b91-common-args.resp -DFOLLY_NO_CONFIG -DFOLLY_MOBILE\=1 -DFOLLY_USE_LIBCPP\=1 -Wno-comma -Wno-shorten-64-to-32 -Wno-nullability-completeness -include /Users/itechnolabs/Documents/Vijay/choona/ios/Pods/Target\ Support\ Files/React-CoreModules/React-CoreModules-prefix.pch -MMD -MT dependencies -MF /Users/itechnolabs/Library/Developer/Xcode/DerivedData/Choona-dnghcflyrszrcwfmpfesqspssftx/Build/Intermediates.noindex/Pods.build/Debug-iphonesimulator/React-CoreModules.build/Objects-normal/arm64/RCTAlertManager.d --serialize-diagnostics /Users/itechnolabs/Library/Developer/Xcode/DerivedData/Choona-dnghcflyrszrcwfmpfesqspssftx/Build/Intermediates.noindex/Pods.build/Debug-iphonesimulator/React-CoreModules.build/Objects-normal/arm64/RCTAlertManager.dia -c /Users/itechnolabs/Documents/Vijay/choona/node_modules/react-native/React/CoreModules/RCTAlertManager.mm -o /Users/itechnolabs/Library/Developer/Xcode/DerivedData/Choona-dnghcflyrszrcwfmpfesqspssftx/Build/Intermediates.noindex/Pods.build/Debug-iphonesimulator/React-CoreModules.build/Objects-normal/arm64/RCTAlertManager.o -index-unit-output-path /Pods.build/Debug-iphonesimulator/React-CoreModules.build/Objects-normal/arm64/RCTAlertManager.o

CompileC /Users/itechnolabs/Library/Developer/Xcode/DerivedData/Choona-dnghcflyrszrcwfmpfesqspssftx/Build/Intermediates.noindex/Pods.build/Debug-iphonesimulator/React-CoreModules.build/Objects-normal/arm64/RCTActionSheetManager.o /Users/itechnolabs/Documents/Vijay/choona/node_modules/react-native/React/CoreModules/RCTActionSheetManager.mm normal arm64 objective-c++ com.apple.compilers.llvm.clang.1_0.compiler (in target 'React-CoreModules' from project 'Pods')
    cd /Users/itechnolabs/Documents/Vijay/choona/ios/Pods
    
    Using response file: /Users/itechnolabs/Library/Developer/Xcode/DerivedData/Choona-dnghcflyrszrcwfmpfesqspssftx/Build/Intermediates.noindex/Pods.build/Debug-iphonesimulator/React-CoreModules.build/Objects-normal/arm64/af3fcb34312c57c0f52879cdce924b91-common-args.resp
    
    /Applications/Xcode.app/Contents/Developer/Toolchains/XcodeDefault.xctoolchain/usr/bin/clang -x objective-c++ -ivfsstatcache /Users/itechnolabs/Library/Developer/Xcode/DerivedData/SDKStatCaches.noindex/iphonesimulator26.1-23B77-90cf18a4295e390e64c810bc6bd7acbc.sdkstatcache -fmessage-length\=0 -fdiagnostics-show-note-include-stack -fmacro-backtrace-limit\=0 -fno-color-diagnostics -fmodules-prune-interval\=86400 -fmodules-prune-after\=345600 -fbuild-session-file\=/Users/itechnolabs/Library/Developer/Xcode/DerivedData/ModuleCache.noindex/Session.modulevalidation -fmodules-validate-once-per-build-session -Wnon-modular-include-in-framework-module -Werror\=non-modular-include-in-framework-module -Wno-trigraphs -Wno-missing-field-initializers -Wno-missing-prototypes -Werror\=return-type -Wdocumentation -Wunreachable-code -Wno-implicit-atomic-properties -Werror\=deprecated-objc-isa-usage -Wno-objc-interface-ivars -Werror\=objc-root-class -Wno-arc-repeated-use-of-weak -Wimplicit-retain-self -Wno-non-virtual-dtor -Wno-overloaded-virtual -Wno-exit-time-destructors -Wduplicate-method-match -Wno-missing-braces -Wparentheses -Wswitch -Wunused-function -Wno-unused-label -Wno-unused-parameter -Wunused-variable -Wunused-value -Wempty-body -Wuninitialized -Wconditional-uninitialized -Wno-unknown-pragmas -Wno-shadow -Wno-four-char-constants -Wno-conversion -Wconstant-conversion -Wint-conversion -Wbool-conversion -Wenum-conversion -Wno-float-conversion -Wnon-literal-null-conversion -Wobjc-literal-conversion -Wshorten-64-to-32 -Wno-newline-eof -Wno-selector -Wno-strict-selector-match -Wundeclared-selector -Wdeprecated-implementations -Wno-c++11-extensions -Wno-implicit-fallthrough -fstrict-aliasing -Wprotocol -Wdeprecated-declarations -Winvalid-offsetof -Wno-sign-conversion -Winfinite-recursion -Wmove -Wcomma -Wblock-capture-autoreleasing -Wstrict-prototypes -Wrange-loop-analysis -Wno-semicolon-before-method-body -Wunguarded-availability -index-store-path /Users/itechnolabs/Library/Developer/Xcode/DerivedData/Choona-dnghcflyrszrcwfmpfesqspssftx/Index.noindex/DataStore -Wno-strict-prototypes -Wno-error -Wno-deprecated-declarations -Wno-implicit-function-declaration -Wno-bitwise-instead-of-logical -Wno-error @/Users/itechnolabs/Library/Developer/Xcode/DerivedData/Choona-dnghcflyrszrcwfmpfesqspssftx/Build/Intermediates.noindex/Pods.build/Debug-iphonesimulator/React-CoreModules.build/Objects-normal/arm64/af3fcb34312c57c0f52879cdce924b91-common-args.resp -DFOLLY_NO_CONFIG -DFOLLY_MOBILE\=1 -DFOLLY_USE_LIBCPP\=1 -Wno-comma -Wno-shorten-64-to-32 -Wno-nullability-completeness -include /Users/itechnolabs/Documents/Vijay/choona/ios/Pods/Target\ Support\ Files/React-CoreModules/React-CoreModules-prefix.pch -MMD -MT dependencies -MF /Users/itechnolabs/Library/Developer/Xcode/DerivedData/Choona-dnghcflyrszrcwfmpfesqspssftx/Build/Intermediates.noindex/Pods.build/Debug-iphonesimulator/React-CoreModules.build/Objects-normal/arm64/RCTActionSheetManager.d --serialize-diagnostics /Users/itechnolabs/Library/Developer/Xcode/DerivedData/Choona-dnghcflyrszrcwfmpfesqspssftx/Build/Intermediates.noindex/Pods.build/Debug-iphonesimulator/React-CoreModules.build/Objects-normal/arm64/RCTActionSheetManager.dia -c /Users/itechnolabs/Documents/Vijay/choona/node_modules/react-native/React/CoreModules/RCTActionSheetManager.mm -o /Users/itechnolabs/Library/Developer/Xcode/DerivedData/Choona-dnghcflyrszrcwfmpfesqspssftx/Build/Intermediates.noindex/Pods.build/Debug-iphonesimulator/React-CoreModules.build/Objects-normal/arm64/RCTActionSheetManager.o -index-unit-output-path /Pods.build/Debug-iphonesimulator/React-CoreModules.build/Objects-normal/arm64/RCTActionSheetManager.o

ProcessProductPackagingDER /Users/itechnolabs/Library/Developer/Xcode/DerivedData/Choona-dnghcflyrszrcwfmpfesqspssftx/Build/Intermediates.noindex/Choona.build/Debug-iphonesimulator/ChoonaDev.build/ChoonaDev.app-Simulated.xcent /Users/itechnolabs/Library/Developer/Xcode/DerivedData/Choona-dnghcflyrszrcwfmpfesqspssftx/Build/Intermediates.noindex/Choona.build/Debug-iphonesimulator/ChoonaDev.build/ChoonaDev.app-Simulated.xcent.der (in target 'ChoonaDev' from project 'Choona')
    cd /Users/itechnolabs/Documents/Vijay/choona/ios
    /usr/bin/derq query -f xml -i /Users/itechnolabs/Library/Developer/Xcode/DerivedData/Choona-dnghcflyrszrcwfmpfesqspssftx/Build/Intermediates.noindex/Choona.build/Debug-iphonesimulator/ChoonaDev.build/ChoonaDev.app-Simulated.xcent -o /Users/itechnolabs/Library/Developer/Xcode/DerivedData/Choona-dnghcflyrszrcwfmpfesqspssftx/Build/Intermediates.noindex/Choona.build/Debug-iphonesimulator/ChoonaDev.build/ChoonaDev.app-Simulated.xcent.der --raw

Libtool /Users/itechnolabs/Library/Developer/Xcode/DerivedData/Choona-dnghcflyrszrcwfmpfesqspssftx/Build/Products/Debug-iphonesimulator/React-RCTVibration/libReact-RCTVibration.a normal (in target 'React-RCTVibration' from project 'Pods')
    cd /Users/itechnolabs/Documents/Vijay/choona/ios/Pods
    /Applications/Xcode.app/Contents/Developer/Toolchains/XcodeDefault.xctoolchain/usr/bin/libtool -static -arch_only arm64 -D -syslibroot /Applications/Xcode.app/Contents/Developer/Platforms/iPhoneSimulator.platform/Developer/SDKs/iPhoneSimulator26.1.sdk -L/Users/itechnolabs/Library/Developer/Xcode/DerivedData/Choona-dnghcflyrszrcwfmpfesqspssftx/Build/Products/Debug-iphonesimulator/React-RCTVibration -L/Applications/Xcode.app/Contents/Developer/Platforms/iPhoneSimulator.platform/Developer/SDKs/iPhoneSimulator26.1.sdk/usr/lib/swift -L/Applications/Xcode.app/Contents/Developer/Platforms/iPhoneSimulator.platform/Developer/SDKs/iPhoneSimulator26.1.sdk/usr/lib/swift -filelist /Users/itechnolabs/Library/Developer/Xcode/DerivedData/Choona-dnghcflyrszrcwfmpfesqspssftx/Build/Intermediates.noindex/Pods.build/Debug-iphonesimulator/React-RCTVibration.build/Objects-normal/arm64/React-RCTVibration.LinkFileList -dependency_info /Users/itechnolabs/Library/Developer/Xcode/DerivedData/Choona-dnghcflyrszrcwfmpfesqspssftx/Build/Intermediates.noindex/Pods.build/Debug-iphonesimulator/React-RCTVibration.build/Objects-normal/arm64/React-RCTVibration_libtool_dependency_info.dat -o /Users/itechnolabs/Library/Developer/Xcode/DerivedData/Choona-dnghcflyrszrcwfmpfesqspssftx/Build/Products/Debug-iphonesimulator/React-RCTVibration/libReact-RCTVibration.a

Libtool /Users/itechnolabs/Library/Developer/Xcode/DerivedData/Choona-dnghcflyrszrcwfmpfesqspssftx/Build/Products/Debug-iphonesimulator/React-RCTSettings/libReact-RCTSettings.a normal (in target 'React-RCTSettings' from project 'Pods')
    cd /Users/itechnolabs/Documents/Vijay/choona/ios/Pods
    /Applications/Xcode.app/Contents/Developer/Toolchains/XcodeDefault.xctoolchain/usr/bin/libtool -static -arch_only arm64 -D -syslibroot /Applications/Xcode.app/Contents/Developer/Platforms/iPhoneSimulator.platform/Developer/SDKs/iPhoneSimulator26.1.sdk -L/Users/itechnolabs/Library/Developer/Xcode/DerivedData/Choona-dnghcflyrszrcwfmpfesqspssftx/Build/Products/Debug-iphonesimulator/React-RCTSettings -L/Applications/Xcode.app/Contents/Developer/Platforms/iPhoneSimulator.platform/Developer/SDKs/iPhoneSimulator26.1.sdk/usr/lib/swift -L/Applications/Xcode.app/Contents/Developer/Platforms/iPhoneSimulator.platform/Developer/SDKs/iPhoneSimulator26.1.sdk/usr/lib/swift -filelist /Users/itechnolabs/Library/Developer/Xcode/DerivedData/Choona-dnghcflyrszrcwfmpfesqspssftx/Build/Intermediates.noindex/Pods.build/Debug-iphonesimulator/React-RCTSettings.build/Objects-normal/arm64/React-RCTSettings.LinkFileList -dependency_info /Users/itechnolabs/Library/Developer/Xcode/DerivedData/Choona-dnghcflyrszrcwfmpfesqspssftx/Build/Intermediates.noindex/Pods.build/Debug-iphonesimulator/React-RCTSettings.build/Objects-normal/arm64/React-RCTSettings_libtool_dependency_info.dat -o /Users/itechnolabs/Library/Developer/Xcode/DerivedData/Choona-dnghcflyrszrcwfmpfesqspssftx/Build/Products/Debug-iphonesimulator/React-RCTSettings/libReact-RCTSettings.a

Libtool /Users/itechnolabs/Library/Developer/Xcode/DerivedData/Choona-dnghcflyrszrcwfmpfesqspssftx/Build/Products/Debug-iphonesimulator/React-RCTNetwork/libReact-RCTNetwork.a normal (in target 'React-RCTNetwork' from project 'Pods')
    cd /Users/itechnolabs/Documents/Vijay/choona/ios/Pods
    /Applications/Xcode.app/Contents/Developer/Toolchains/XcodeDefault.xctoolchain/usr/bin/libtool -static -arch_only arm64 -D -syslibroot /Applications/Xcode.app/Contents/Developer/Platforms/iPhoneSimulator.platform/Developer/SDKs/iPhoneSimulator26.1.sdk -L/Users/itechnolabs/Library/Developer/Xcode/DerivedData/Choona-dnghcflyrszrcwfmpfesqspssftx/Build/Products/Debug-iphonesimulator/React-RCTNetwork -L/Applications/Xcode.app/Contents/Developer/Platforms/iPhoneSimulator.platform/Developer/SDKs/iPhoneSimulator26.1.sdk/usr/lib/swift -L/Applications/Xcode.app/Contents/Developer/Platforms/iPhoneSimulator.platform/Developer/SDKs/iPhoneSimulator26.1.sdk/usr/lib/swift -filelist /Users/itechnolabs/Library/Developer/Xcode/DerivedData/Choona-dnghcflyrszrcwfmpfesqspssftx/Build/Intermediates.noindex/Pods.build/Debug-iphonesimulator/React-RCTNetwork.build/Objects-normal/arm64/React-RCTNetwork.LinkFileList -dependency_info /Users/itechnolabs/Library/Developer/Xcode/DerivedData/Choona-dnghcflyrszrcwfmpfesqspssftx/Build/Intermediates.noindex/Pods.build/Debug-iphonesimulator/React-RCTNetwork.build/Objects-normal/arm64/React-RCTNetwork_libtool_dependency_info.dat -o /Users/itechnolabs/Library/Developer/Xcode/DerivedData/Choona-dnghcflyrszrcwfmpfesqspssftx/Build/Products/Debug-iphonesimulator/React-RCTNetwork/libReact-RCTNetwork.a

Libtool /Users/itechnolabs/Library/Developer/Xcode/DerivedData/Choona-dnghcflyrszrcwfmpfesqspssftx/Build/Products/Debug-iphonesimulator/React-RCTLinking/libReact-RCTLinking.a normal (in target 'React-RCTLinking' from project 'Pods')
    cd /Users/itechnolabs/Documents/Vijay/choona/ios/Pods
    /Applications/Xcode.app/Contents/Developer/Toolchains/XcodeDefault.xctoolchain/usr/bin/libtool -static -arch_only arm64 -D -syslibroot /Applications/Xcode.app/Contents/Developer/Platforms/iPhoneSimulator.platform/Developer/SDKs/iPhoneSimulator26.1.sdk -L/Users/itechnolabs/Library/Developer/Xcode/DerivedData/Choona-dnghcflyrszrcwfmpfesqspssftx/Build/Products/Debug-iphonesimulator/React-RCTLinking -L/Applications/Xcode.app/Contents/Developer/Platforms/iPhoneSimulator.platform/Developer/SDKs/iPhoneSimulator26.1.sdk/usr/lib/swift -L/Applications/Xcode.app/Contents/Developer/Platforms/iPhoneSimulator.platform/Developer/SDKs/iPhoneSimulator26.1.sdk/usr/lib/swift -filelist /Users/itechnolabs/Library/Developer/Xcode/DerivedData/Choona-dnghcflyrszrcwfmpfesqspssftx/Build/Intermediates.noindex/Pods.build/Debug-iphonesimulator/React-RCTLinking.build/Objects-normal/arm64/React-RCTLinking.LinkFileList -dependency_info /Users/itechnolabs/Library/Developer/Xcode/DerivedData/Choona-dnghcflyrszrcwfmpfesqspssftx/Build/Intermediates.noindex/Pods.build/Debug-iphonesimulator/React-RCTLinking.build/Objects-normal/arm64/React-RCTLinking_libtool_dependency_info.dat -o /Users/itechnolabs/Library/Developer/Xcode/DerivedData/Choona-dnghcflyrszrcwfmpfesqspssftx/Build/Products/Debug-iphonesimulator/React-RCTLinking/libReact-RCTLinking.a

Libtool /Users/itechnolabs/Library/Developer/Xcode/DerivedData/Choona-dnghcflyrszrcwfmpfesqspssftx/Build/Products/Debug-iphonesimulator/React-RCTAnimation/libReact-RCTAnimation.a normal (in target 'React-RCTAnimation' from project 'Pods')
    cd /Users/itechnolabs/Documents/Vijay/choona/ios/Pods
    /Applications/Xcode.app/Contents/Developer/Toolchains/XcodeDefault.xctoolchain/usr/bin/libtool -static -arch_only arm64 -D -syslibroot /Applications/Xcode.app/Contents/Developer/Platforms/iPhoneSimulator.platform/Developer/SDKs/iPhoneSimulator26.1.sdk -L/Users/itechnolabs/Library/Developer/Xcode/DerivedData/Choona-dnghcflyrszrcwfmpfesqspssftx/Build/Products/Debug-iphonesimulator/React-RCTAnimation -L/Applications/Xcode.app/Contents/Developer/Platforms/iPhoneSimulator.platform/Developer/SDKs/iPhoneSimulator26.1.sdk/usr/lib/swift -L/Applications/Xcode.app/Contents/Developer/Platforms/iPhoneSimulator.platform/Developer/SDKs/iPhoneSimulator26.1.sdk/usr/lib/swift -filelist /Users/itechnolabs/Library/Developer/Xcode/DerivedData/Choona-dnghcflyrszrcwfmpfesqspssftx/Build/Intermediates.noindex/Pods.build/Debug-iphonesimulator/React-RCTAnimation.build/Objects-normal/arm64/React-RCTAnimation.LinkFileList -dependency_info /Users/itechnolabs/Library/Developer/Xcode/DerivedData/Choona-dnghcflyrszrcwfmpfesqspssftx/Build/Intermediates.noindex/Pods.build/Debug-iphonesimulator/React-RCTAnimation.build/Objects-normal/arm64/React-RCTAnimation_libtool_dependency_info.dat -o /Users/itechnolabs/Library/Developer/Xcode/DerivedData/Choona-dnghcflyrszrcwfmpfesqspssftx/Build/Products/Debug-iphonesimulator/React-RCTAnimation/libReact-RCTAnimation.a

Libtool /Users/itechnolabs/Library/Developer/Xcode/DerivedData/Choona-dnghcflyrszrcwfmpfesqspssftx/Build/Products/Debug-iphonesimulator/React-RCTImage/libReact-RCTImage.a normal (in target 'React-RCTImage' from project 'Pods')
    cd /Users/itechnolabs/Documents/Vijay/choona/ios/Pods
    /Applications/Xcode.app/Contents/Developer/Toolchains/XcodeDefault.xctoolchain/usr/bin/libtool -static -arch_only arm64 -D -syslibroot /Applications/Xcode.app/Contents/Developer/Platforms/iPhoneSimulator.platform/Developer/SDKs/iPhoneSimulator26.1.sdk -L/Users/itechnolabs/Library/Developer/Xcode/DerivedData/Choona-dnghcflyrszrcwfmpfesqspssftx/Build/Products/Debug-iphonesimulator/React-RCTImage -L/Applications/Xcode.app/Contents/Developer/Platforms/iPhoneSimulator.platform/Developer/SDKs/iPhoneSimulator26.1.sdk/usr/lib/swift -L/Applications/Xcode.app/Contents/Developer/Platforms/iPhoneSimulator.platform/Developer/SDKs/iPhoneSimulator26.1.sdk/usr/lib/swift -filelist /Users/itechnolabs/Library/Developer/Xcode/DerivedData/Choona-dnghcflyrszrcwfmpfesqspssftx/Build/Intermediates.noindex/Pods.build/Debug-iphonesimulator/React-RCTImage.build/Objects-normal/arm64/React-RCTImage.LinkFileList -dependency_info /Users/itechnolabs/Library/Developer/Xcode/DerivedData/Choona-dnghcflyrszrcwfmpfesqspssftx/Build/Intermediates.noindex/Pods.build/Debug-iphonesimulator/React-RCTImage.build/Objects-normal/arm64/React-RCTImage_libtool_dependency_info.dat -o /Users/itechnolabs/Library/Developer/Xcode/DerivedData/Choona-dnghcflyrszrcwfmpfesqspssftx/Build/Products/Debug-iphonesimulator/React-RCTImage/libReact-RCTImage.a

Libtool /Users/itechnolabs/Library/Developer/Xcode/DerivedData/Choona-dnghcflyrszrcwfmpfesqspssftx/Build/Products/Debug-iphonesimulator/React-RCTBlob/libReact-RCTBlob.a normal (in target 'React-RCTBlob' from project 'Pods')
    cd /Users/itechnolabs/Documents/Vijay/choona/ios/Pods
    /Applications/Xcode.app/Contents/Developer/Toolchains/XcodeDefault.xctoolchain/usr/bin/libtool -static -arch_only arm64 -D -syslibroot /Applications/Xcode.app/Contents/Developer/Platforms/iPhoneSimulator.platform/Developer/SDKs/iPhoneSimulator26.1.sdk -L/Users/itechnolabs/Library/Developer/Xcode/DerivedData/Choona-dnghcflyrszrcwfmpfesqspssftx/Build/Products/Debug-iphonesimulator/React-RCTBlob -L/Applications/Xcode.app/Contents/Developer/Platforms/iPhoneSimulator.platform/Developer/SDKs/iPhoneSimulator26.1.sdk/usr/lib/swift -L/Applications/Xcode.app/Contents/Developer/Platforms/iPhoneSimulator.platform/Developer/SDKs/iPhoneSimulator26.1.sdk/usr/lib/swift -filelist /Users/itechnolabs/Library/Developer/Xcode/DerivedData/Choona-dnghcflyrszrcwfmpfesqspssftx/Build/Intermediates.noindex/Pods.build/Debug-iphonesimulator/React-RCTBlob.build/Objects-normal/arm64/React-RCTBlob.LinkFileList -dependency_info /Users/itechnolabs/Library/Developer/Xcode/DerivedData/Choona-dnghcflyrszrcwfmpfesqspssftx/Build/Intermediates.noindex/Pods.build/Debug-iphonesimulator/React-RCTBlob.build/Objects-normal/arm64/React-RCTBlob_libtool_dependency_info.dat -o /Users/itechnolabs/Library/Developer/Xcode/DerivedData/Choona-dnghcflyrszrcwfmpfesqspssftx/Build/Products/Debug-iphonesimulator/React-RCTBlob/libReact-RCTBlob.a

Libtool /Users/itechnolabs/Library/Developer/Xcode/DerivedData/Choona-dnghcflyrszrcwfmpfesqspssftx/Build/Products/Debug-iphonesimulator/React-CoreModules/libReact-CoreModules.a normal (in target 'React-CoreModules' from project 'Pods')
    cd /Users/itechnolabs/Documents/Vijay/choona/ios/Pods
    /Applications/Xcode.app/Contents/Developer/Toolchains/XcodeDefault.xctoolchain/usr/bin/libtool -static -arch_only arm64 -D -syslibroot /Applications/Xcode.app/Contents/Developer/Platforms/iPhoneSimulator.platform/Developer/SDKs/iPhoneSimulator26.1.sdk -L/Users/itechnolabs/Library/Developer/Xcode/DerivedData/Choona-dnghcflyrszrcwfmpfesqspssftx/Build/Products/Debug-iphonesimulator/React-CoreModules -L/Applications/Xcode.app/Contents/Developer/Platforms/iPhoneSimulator.platform/Developer/SDKs/iPhoneSimulator26.1.sdk/usr/lib/swift -L/Applications/Xcode.app/Contents/Developer/Platforms/iPhoneSimulator.platform/Developer/SDKs/iPhoneSimulator26.1.sdk/usr/lib/swift -filelist /Users/itechnolabs/Library/Developer/Xcode/DerivedData/Choona-dnghcflyrszrcwfmpfesqspssftx/Build/Intermediates.noindex/Pods.build/Debug-iphonesimulator/React-CoreModules.build/Objects-normal/arm64/React-CoreModules.LinkFileList -dependency_info /Users/itechnolabs/Library/Developer/Xcode/DerivedData/Choona-dnghcflyrszrcwfmpfesqspssftx/Build/Intermediates.noindex/Pods.build/Debug-iphonesimulator/React-CoreModules.build/Objects-normal/arm64/React-CoreModules_libtool_dependency_info.dat -o /Users/itechnolabs/Library/Developer/Xcode/DerivedData/Choona-dnghcflyrszrcwfmpfesqspssftx/Build/Products/Debug-iphonesimulator/React-CoreModules/libReact-CoreModules.a

Libtool /Users/itechnolabs/Library/Developer/Xcode/DerivedData/Choona-dnghcflyrszrcwfmpfesqspssftx/Build/Products/Debug-iphonesimulator/libPods-Choona-ChoonaDev.a normal (in target 'Pods-Choona-ChoonaDev' from project 'Pods')
    cd /Users/itechnolabs/Documents/Vijay/choona/ios/Pods
    /Applications/Xcode.app/Contents/Developer/Toolchains/XcodeDefault.xctoolchain/usr/bin/libtool -static -arch_only arm64 -D -syslibroot /Applications/Xcode.app/Contents/Developer/Platforms/iPhoneSimulator.platform/Developer/SDKs/iPhoneSimulator26.1.sdk -L/Users/itechnolabs/Library/Developer/Xcode/DerivedData/Choona-dnghcflyrszrcwfmpfesqspssftx/Build/Products/Debug-iphonesimulator -L/Users/itechnolabs/Library/Developer/Xcode/DerivedData/Choona-dnghcflyrszrcwfmpfesqspssftx/Build/Products/Debug-iphonesimulator/AppAuth -L/Users/itechnolabs/Library/Developer/Xcode/DerivedData/Choona-dnghcflyrszrcwfmpfesqspssftx/Build/Products/Debug-iphonesimulator/BVLinearGradient -L/Users/itechnolabs/Library/Developer/Xcode/DerivedData/Choona-dnghcflyrszrcwfmpfesqspssftx/Build/Products/Debug-iphonesimulator/DoubleConversion -L/Users/itechnolabs/Library/Developer/Xcode/DerivedData/Choona-dnghcflyrszrcwfmpfesqspssftx/Build/Products/Debug-iphonesimulator/FBReactNativeSpec -L/Users/itechnolabs/Library/Developer/Xcode/DerivedData/Choona-dnghcflyrszrcwfmpfesqspssftx/Build/Products/Debug-iphonesimulator/FirebaseCore -L/Users/itechnolabs/Library/Developer/Xcode/DerivedData/Choona-dnghcflyrszrcwfmpfesqspssftx/Build/Products/Debug-iphonesimulator/FirebaseCoreDiagnostics -L/Users/itechnolabs/Library/Developer/Xcode/DerivedData/Choona-dnghcflyrszrcwfmpfesqspssftx/Build/Products/Debug-iphonesimulator/FirebaseDatabase -L/Users/itechnolabs/Library/Developer/Xcode/DerivedData/Choona-dnghcflyrszrcwfmpfesqspssftx/Build/Products/Debug-iphonesimulator/FirebaseInstallations -L/Users/itechnolabs/Library/Developer/Xcode/DerivedData/Choona-dnghcflyrszrcwfmpfesqspssftx/Build/Products/Debug-iphonesimulator/FirebaseInstanceID -L/Users/itechnolabs/Library/Developer/Xcode/DerivedData/Choona-dnghcflyrszrcwfmpfesqspssftx/Build/Products/Debug-iphonesimulator/FirebaseMessaging -L/Users/itechnolabs/Library/Developer/Xcode/DerivedData/Choona-dnghcflyrszrcwfmpfesqspssftx/Build/Products/Debug-iphonesimulator/GoogleDataTransport -L/Users/itechnolabs/Library/Developer/Xcode/DerivedData/Choona-dnghcflyrszrcwfmpfesqspssftx/Build/Products/Debug-iphonesimulator/GoogleUtilities -L/Users/itechnolabs/Library/Developer/Xcode/DerivedData/Choona-dnghcflyrszrcwfmpfesqspssftx/Build/Products/Debug-iphonesimulator/PromisesObjC -L/Users/itechnolabs/Library/Developer/Xcode/DerivedData/Choona-dnghcflyrszrcwfmpfesqspssftx/Build/Products/Debug-iphonesimulator/Protobuf -L/Users/itechnolabs/Library/Developer/Xcode/DerivedData/Choona-dnghcflyrszrcwfmpfesqspssftx/Build/Products/Debug-iphonesimulator/RCT-Folly -L/Users/itechnolabs/Library/Developer/Xcode/DerivedData/Choona-dnghcflyrszrcwfmpfesqspssftx/Build/Products/Debug-iphonesimulator/RCTTypeSafety -L/Users/itechnolabs/Library/Developer/Xcode/DerivedData/Choona-dnghcflyrszrcwfmpfesqspssftx/Build/Products/Debug-iphonesimulator/RNAppleAuthentication -L/Users/itechnolabs/Library/Developer/Xcode/DerivedData/Choona-dnghcflyrszrcwfmpfesqspssftx/Build/Products/Debug-iphonesimulator/RNCAsyncStorage -L/Users/itechnolabs/Library/Developer/Xcode/DerivedData/Choona-dnghcflyrszrcwfmpfesqspssftx/Build/Products/Debug-iphonesimulator/RNCMaskedView -L/Users/itechnolabs/Library/Developer/Xcode/DerivedData/Choona-dnghcflyrszrcwfmpfesqspssftx/Build/Products/Debug-iphonesimulator/RNDeviceInfo -L/Users/itechnolabs/Library/Developer/Xcode/DerivedData/Choona-dnghcflyrszrcwfmpfesqspssftx/Build/Products/Debug-iphonesimulator/RNFBApp -L/Users/itechnolabs/Library/Developer/Xcode/DerivedData/Choona-dnghcflyrszrcwfmpfesqspssftx/Build/Products/Debug-iphonesimulator/RNFBDatabase -L/Users/itechnolabs/Library/Developer/Xcode/DerivedData/Choona-dnghcflyrszrcwfmpfesqspssftx/Build/Products/Debug-iphonesimulator/RNFBMessaging -L/Users/itechnolabs/Library/Developer/Xcode/DerivedData/Choona-dnghcflyrszrcwfmpfesqspssftx/Build/Products/Debug-iphonesimulator/RNGestureHandler -L/Users/itechnolabs/Library/Developer/Xcode/DerivedData/Choona-dnghcflyrszrcwfmpfesqspssftx/Build/Products/Debug-iphonesimulator/RNImageCropPicker -L/Users/itechnolabs/Library/Developer/Xcode/DerivedData/Choona-dnghcflyrszrcwfmpfesqspssftx/Build/Products/Debug-iphonesimulator/RNPermissions -L/Users/itechnolabs/Library/Developer/Xcode/DerivedData/Choona-dnghcflyrszrcwfmpfesqspssftx/Build/Products/Debug-iphonesimulator/RNReanimated -L/Users/itechnolabs/Library/Developer/Xcode/DerivedData/Choona-dnghcflyrszrcwfmpfesqspssftx/Build/Products/Debug-iphonesimulator/RNScreens -L/Users/itechnolabs/Library/Developer/Xcode/DerivedData/Choona-dnghcflyrszrcwfmpfesqspssftx/Build/Products/Debug-iphonesimulator/RNSound -L/Users/itechnolabs/Library/Developer/Xcode/DerivedData/Choona-dnghcflyrszrcwfmpfesqspssftx/Build/Products/Debug-iphonesimulator/RSKImageCropper -L/Users/itechnolabs/Library/Developer/Xcode/DerivedData/Choona-dnghcflyrszrcwfmpfesqspssftx/Build/Products/Debug-iphonesimulator/React-Core -L/Users/itechnolabs/Library/Developer/Xcode/DerivedData/Choona-dnghcflyrszrcwfmpfesqspssftx/Build/Products/Debug-iphonesimulator/React-CoreModules -L/Users/itechnolabs/Library/Developer/Xcode/DerivedData/Choona-dnghcflyrszrcwfmpfesqspssftx/Build/Products/Debug-iphonesimulator/React-RCTAnimation -L/Users/itechnolabs/Library/Developer/Xcode/DerivedData/Choona-dnghcflyrszrcwfmpfesqspssftx/Build/Products/Debug-iphonesimulator/React-RCTBlob -L/Users/itechnolabs/Library/Developer/Xcode/DerivedData/Choona-dnghcflyrszrcwfmpfesqspssftx/Build/Products/Debug-iphonesimulator/React-RCTImage -L/Users/itechnolabs/Library/Developer/Xcode/DerivedData/Choona-dnghcflyrszrcwfmpfesqspssftx/Build/Products/Debug-iphonesimulator/React-RCTLinking -L/Users/itechnolabs/Library/Developer/Xcode/DerivedData/Choona-dnghcflyrszrcwfmpfesqspssftx/Build/Products/Debug-iphonesimulator/React-RCTNetwork -L/Users/itechnolabs/Library/Developer/Xcode/DerivedData/Choona-dnghcflyrszrcwfmpfesqspssftx/Build/Products/Debug-iphonesimulator/React-RCTSettings -L/Users/itechnolabs/Library/Developer/Xcode/DerivedData/Choona-dnghcflyrszrcwfmpfesqspssftx/Build/Products/Debug-iphonesimulator/React-RCTText -L/Users/itechnolabs/Library/Developer/Xcode/DerivedData/Choona-dnghcflyrszrcwfmpfesqspssftx/Build/Products/Debug-iphonesimulator/React-RCTVibration -L/Users/itechnolabs/Library/Developer/Xcode/DerivedData/Choona-dnghcflyrszrcwfmpfesqspssftx/Build/Products/Debug-iphonesimulator/React-cxxreact -L/Users/itechnolabs/Library/Developer/Xcode/DerivedData/Choona-dnghcflyrszrcwfmpfesqspssftx/Build/Products/Debug-iphonesimulator/React-jsi -L/Users/itechnolabs/Library/Developer/Xcode/DerivedData/Choona-dnghcflyrszrcwfmpfesqspssftx/Build/Products/Debug-iphonesimulator/React-jsiexecutor -L/Users/itechnolabs/Library/Developer/Xcode/DerivedData/Choona-dnghcflyrszrcwfmpfesqspssftx/Build/Products/Debug-iphonesimulator/React-jsinspector -L/Users/itechnolabs/Library/Developer/Xcode/DerivedData/Choona-dnghcflyrszrcwfmpfesqspssftx/Build/Products/Debug-iphonesimulator/React-perflogger -L/Users/itechnolabs/Library/Developer/Xcode/DerivedData/Choona-dnghcflyrszrcwfmpfesqspssftx/Build/Products/Debug-iphonesimulator/ReactCommon -L/Users/itechnolabs/Library/Developer/Xcode/DerivedData/Choona-dnghcflyrszrcwfmpfesqspssftx/Build/Products/Debug-iphonesimulator/Toast -L/Users/itechnolabs/Library/Developer/Xcode/DerivedData/Choona-dnghcflyrszrcwfmpfesqspssftx/Build/Products/Debug-iphonesimulator/Yoga -L/Users/itechnolabs/Library/Developer/Xcode/DerivedData/Choona-dnghcflyrszrcwfmpfesqspssftx/Build/Products/Debug-iphonesimulator/glog -L/Users/itechnolabs/Library/Developer/Xcode/DerivedData/Choona-dnghcflyrszrcwfmpfesqspssftx/Build/Products/Debug-iphonesimulator/leveldb-library -L/Users/itechnolabs/Library/Developer/Xcode/DerivedData/Choona-dnghcflyrszrcwfmpfesqspssftx/Build/Products/Debug-iphonesimulator/nanopb -L/Users/itechnolabs/Library/Developer/Xcode/DerivedData/Choona-dnghcflyrszrcwfmpfesqspssftx/Build/Products/Debug-iphonesimulator/react-native-app-auth -L/Users/itechnolabs/Library/Developer/Xcode/DerivedData/Choona-dnghcflyrszrcwfmpfesqspssftx/Build/Products/Debug-iphonesimulator/react-native-config -L/Users/itechnolabs/Library/Developer/Xcode/DerivedData/Choona-dnghcflyrszrcwfmpfesqspssftx/Build/Products/Debug-iphonesimulator/react-native-contacts -L/Users/itechnolabs/Library/Developer/Xcode/DerivedData/Choona-dnghcflyrszrcwfmpfesqspssftx/Build/Products/Debug-iphonesimulator/react-native-netinfo -L/Users/itechnolabs/Library/Developer/Xcode/DerivedData/Choona-dnghcflyrszrcwfmpfesqspssftx/Build/Products/Debug-iphonesimulator/react-native-onesignal -L/Users/itechnolabs/Library/Developer/Xcode/DerivedData/Choona-dnghcflyrszrcwfmpfesqspssftx/Build/Products/Debug-iphonesimulator/react-native-safe-area-context -L/Users/itechnolabs/Library/Developer/Xcode/DerivedData/Choona-dnghcflyrszrcwfmpfesqspssftx/Build/Products/Debug-iphonesimulator/react-native-simple-toast -L/Users/itechnolabs/Library/Developer/Xcode/DerivedData/Choona-dnghcflyrszrcwfmpfesqspssftx/Build/Products/Debug-iphonesimulator/react-native-version-info -L/Users/itechnolabs/Library/Developer/Xcode/DerivedData/Choona-dnghcflyrszrcwfmpfesqspssftx/Build/Products/Debug-iphonesimulator/react-native-webview -L/Applications/Xcode.app/Contents/Developer/Toolchains/XcodeDefault.xctoolchain/usr/lib/swift/iphonesimulator -L/Applications/Xcode.app/Contents/Developer/Platforms/iPhoneSimulator.platform/Developer/SDKs/iPhoneSimulator26.1.sdk/usr/lib/swift -L/Applications/Xcode.app/Contents/Developer/Platforms/iPhoneSimulator.platform/Developer/SDKs/iPhoneSimulator26.1.sdk/usr/lib/swift -L/Applications/Xcode.app/Contents/Developer/Platforms/iPhoneSimulator.platform/Developer/SDKs/iPhoneSimulator26.1.sdk/usr/lib/swift -filelist /Users/itechnolabs/Library/Developer/Xcode/DerivedData/Choona-dnghcflyrszrcwfmpfesqspssftx/Build/Intermediates.noindex/Pods.build/Debug-iphonesimulator/Pods-Choona-ChoonaDev.build/Objects-normal/arm64/Pods-Choona-ChoonaDev.LinkFileList -dependency_info /Users/itechnolabs/Library/Developer/Xcode/DerivedData/Choona-dnghcflyrszrcwfmpfesqspssftx/Build/Intermediates.noindex/Pods.build/Debug-iphonesimulator/Pods-Choona-ChoonaDev.build/Objects-normal/arm64/Pods-Choona-ChoonaDev_libtool_dependency_info.dat -o /Users/itechnolabs/Library/Developer/Xcode/DerivedData/Choona-dnghcflyrszrcwfmpfesqspssftx/Build/Products/Debug-iphonesimulator/libPods-Choona-ChoonaDev.a

PhaseScriptExecution [CP]\ Check\ Pods\ Manifest.lock /Users/itechnolabs/Library/Developer/Xcode/DerivedData/Choona-dnghcflyrszrcwfmpfesqspssftx/Build/Intermediates.noindex/Choona.build/Debug-iphonesimulator/ChoonaDev.build/Script-7AE8100565541E6842BB73CC.sh (in target 'ChoonaDev' from project 'Choona')
    cd /Users/itechnolabs/Documents/Vijay/choona/ios
    /bin/sh -c /Users/itechnolabs/Library/Developer/Xcode/DerivedData/Choona-dnghcflyrszrcwfmpfesqspssftx/Build/Intermediates.noindex/Choona.build/Debug-iphonesimulator/ChoonaDev.build/Script-7AE8100565541E6842BB73CC.sh

PhaseScriptExecution Start\ Packager /Users/itechnolabs/Library/Developer/Xcode/DerivedData/Choona-dnghcflyrszrcwfmpfesqspssftx/Build/Intermediates.noindex/Choona.build/Debug-iphonesimulator/ChoonaDev.build/Script-0EE0D1D62698464C00B5CFA4.sh (in target 'ChoonaDev' from project 'Choona')
    cd /Users/itechnolabs/Documents/Vijay/choona/ios
    /bin/sh -c /Users/itechnolabs/Library/Developer/Xcode/DerivedData/Choona-dnghcflyrszrcwfmpfesqspssftx/Build/Intermediates.noindex/Choona.build/Debug-iphonesimulator/ChoonaDev.build/Script-0EE0D1D62698464C00B5CFA4.sh
Connection to localhost port 8081 [tcp/sunproxyadmin] succeeded!

PhaseScriptExecution [Fix]\ Strip\ SwiftUI\ from\ GeneratedAssetSymbols /Users/itechnolabs/Library/Developer/Xcode/DerivedData/Choona-dnghcflyrszrcwfmpfesqspssftx/Build/Intermediates.noindex/Choona.build/Debug-iphonesimulator/ChoonaDev.build/Script-2EA70AEABED954A6FC3E0C83.sh (in target 'ChoonaDev' from project 'Choona')
    cd /Users/itechnolabs/Documents/Vijay/choona/ios
    export ACTION\=build
    export AD_HOC_CODE_SIGNING_ALLOWED\=YES
    export AGGREGATE_TRACKED_DOMAINS\=YES
    export ALLOW_BUILD_REQUEST_OVERRIDES\=NO
    export ALLOW_TARGET_PLATFORM_SPECIALIZATION\=NO
    export ALTERNATE_GROUP\=staff
    export ALTERNATE_MODE\=u+w,go-w,a+rX
    export ALTERNATE_OWNER\=itechnolabs
    export ALTERNATIVE_DISTRIBUTION_WEB\=NO
    export ALWAYS_EMBED_SWIFT_STANDARD_LIBRARIES\=YES
    export ALWAYS_SEARCH_USER_PATHS\=NO
    export ALWAYS_USE_SEPARATE_HEADERMAPS\=NO
    export ANDROID_DEPLOYMENT_TARGET\=21.0
    export APPLICATION_EXTENSION_API_ONLY\=NO
    export APPLY_RULES_IN_COPY_FILES\=NO
    export APPLY_RULES_IN_COPY_HEADERS\=NO
    export APP_SHORTCUTS_ENABLE_FLEXIBLE_MATCHING\=YES
    export ARCHS\=arm64
    export ARCHS_STANDARD\=arm64\ x86_64
    export ARCHS_STANDARD_32_64_BIT\=arm64\ x86_64
    export ARCHS_STANDARD_64_BIT\=arm64\ x86_64
    export ARCHS_STANDARD_INCLUDING_64_BIT\=arm64\ x86_64
    export ARCHS_UNIVERSAL_IPHONE_OS\=arm64\ x86_64
    export ASSETCATALOG_COMPILER_APPICON_NAME\=AppIconDev
    export ASSETCATALOG_COMPILER_GENERATE_SWIFT_ASSET_SYMBOLS\=NO
    export ASSETCATALOG_COMPILER_GENERATE_SWIFT_ASSET_SYMBOL_EXTENSIONS\=NO
    export AUTOMATICALLY_MERGE_DEPENDENCIES\=NO
    export AUTOMATION_APPLE_EVENTS\=NO
    export AVAILABLE_PLATFORMS\=android\ appletvos\ appletvsimulator\ driverkit\ iphoneos\ iphonesimulator\ macosx\ qnx\ watchos\ watchsimulator\ webassembly\ xros\ xrsimulator
    export AppIdentifierPrefix\=6DGAY84NFN.
    export BUILD_ACTIVE_RESOURCES_ONLY\=NO
    export BUILD_COMPONENTS\=headers\ build
    export BUILD_DIR\=/Users/itechnolabs/Library/Developer/Xcode/DerivedData/Choona-dnghcflyrszrcwfmpfesqspssftx/Build/Products
    export BUILD_LIBRARY_FOR_DISTRIBUTION\=NO
    export BUILD_ROOT\=/Users/itechnolabs/Library/Developer/Xcode/DerivedData/Choona-dnghcflyrszrcwfmpfesqspssftx/Build/Products
    export BUILD_STYLE\=
    export BUILD_VARIANTS\=normal
    export BUILT_PRODUCTS_DIR\=/Users/itechnolabs/Library/Developer/Xcode/DerivedData/Choona-dnghcflyrszrcwfmpfesqspssftx/Build/Products/Debug-iphonesimulator
    export BUNDLE_CONTENTS_FOLDER_PATH_deep\=Contents/
    export BUNDLE_EXECUTABLE_FOLDER_NAME_deep\=MacOS
    export BUNDLE_EXTENSIONS_FOLDER_PATH\=Extensions
    export BUNDLE_FORMAT\=shallow
    export BUNDLE_FRAMEWORKS_FOLDER_PATH\=Frameworks
    export BUNDLE_PLUGINS_FOLDER_PATH\=PlugIns
    export BUNDLE_PRIVATE_HEADERS_FOLDER_PATH\=PrivateHeaders
    export BUNDLE_PUBLIC_HEADERS_FOLDER_PATH\=Headers
    export CACHE_ROOT\=/var/folders/ff/n1gxxz3133vbjkgtw1p49zgm0000gn/C/com.apple.DeveloperTools/26.1-17B55/Xcode
    export CCHROOT\=/var/folders/ff/n1gxxz3133vbjkgtw1p49zgm0000gn/C/com.apple.DeveloperTools/26.1-17B55/Xcode
    export CHMOD\=/bin/chmod
    export CHOWN\=/usr/sbin/chown
    export CLANG_ANALYZER_LOCALIZABILITY_NONLOCALIZED\=YES
    export CLANG_CACHE_FINE_GRAINED_OUTPUTS\=YES
    export CLANG_CXX_LANGUAGE_STANDARD\=c++14
    export CLANG_CXX_LIBRARY\=libc++
    export CLANG_ENABLE_EXPLICIT_MODULES\=YES
    export CLANG_ENABLE_MODULES\=YES
    export CLANG_ENABLE_OBJC_ARC\=YES
    export CLANG_MODULES_BUILD_SESSION_FILE\=/Users/itechnolabs/Library/Developer/Xcode/DerivedData/ModuleCache.noindex/Session.modulevalidation
    export CLANG_WARN_BLOCK_CAPTURE_AUTORELEASING\=YES
    export CLANG_WARN_BOOL_CONVERSION\=YES
    export CLANG_WARN_COMMA\=YES
    export CLANG_WARN_CONSTANT_CONVERSION\=YES
    export CLANG_WARN_DEPRECATED_OBJC_IMPLEMENTATIONS\=YES
    export CLANG_WARN_DIRECT_OBJC_ISA_USAGE\=YES_ERROR
    export CLANG_WARN_EMPTY_BODY\=YES
    export CLANG_WARN_ENUM_CONVERSION\=YES
    export CLANG_WARN_INFINITE_RECURSION\=YES
    export CLANG_WARN_INT_CONVERSION\=YES
    export CLANG_WARN_NON_LITERAL_NULL_CONVERSION\=YES
    export CLANG_WARN_OBJC_IMPLICIT_RETAIN_SELF\=YES
    export CLANG_WARN_OBJC_LITERAL_CONVERSION\=YES
    export CLANG_WARN_OBJC_ROOT_CLASS\=YES_ERROR
    export CLANG_WARN_QUOTED_INCLUDE_IN_FRAMEWORK_HEADER\=NO
    export CLANG_WARN_RANGE_LOOP_ANALYSIS\=YES
    export CLANG_WARN_STRICT_PROTOTYPES\=YES
    export CLANG_WARN_SUSPICIOUS_MOVE\=YES
    export CLANG_WARN_UNREACHABLE_CODE\=YES
    export CLANG_WARN__DUPLICATE_METHOD_MATCH\=YES
    export CLASS_FILE_DIR\=/Users/itechnolabs/Library/Developer/Xcode/DerivedData/Choona-dnghcflyrszrcwfmpfesqspssftx/Build/Intermediates.noindex/Choona.build/Debug-iphonesimulator/ChoonaDev.build/JavaClasses
    export CLEAN_PRECOMPS\=YES
    export CLONE_HEADERS\=NO
    export CODESIGNING_FOLDER_PATH\=/Users/itechnolabs/Library/Developer/Xcode/DerivedData/Choona-dnghcflyrszrcwfmpfesqspssftx/Build/Products/Debug-iphonesimulator/ChoonaDev.app
    export CODE_SIGNING_ALLOWED\=YES
    export CODE_SIGNING_REQUIRED\=YES
    export CODE_SIGN_CONTEXT_CLASS\=XCiPhoneSimulatorCodeSignContext
    export CODE_SIGN_ENTITLEMENTS\=Choona/Choona.entitlements
    export CODE_SIGN_IDENTITY\=Apple\ Development
    export CODE_SIGN_INJECT_BASE_ENTITLEMENTS\=YES
    export CODE_SIGN_STYLE\=Automatic
    export COLOR_DIAGNOSTICS\=NO
    export COMBINE_HIDPI_IMAGES\=NO
    export COMPILATION_CACHE_CAS_PATH\=/Users/itechnolabs/Library/Developer/Xcode/DerivedData/CompilationCache.noindex
    export COMPILATION_CACHE_KEEP_CAS_DIRECTORY\=YES
    export COMPILER_INDEX_STORE_ENABLE\=Default
    export COMPOSITE_SDK_DIRS\=/Users/itechnolabs/Library/Developer/Xcode/DerivedData/Choona-dnghcflyrszrcwfmpfesqspssftx/Build/Intermediates.noindex/CompositeSDKs
    export COMPRESS_PNG_FILES\=YES
    export CONFIGURATION\=Debug
    export CONFIGURATION_BUILD_DIR\=/Users/itechnolabs/Library/Developer/Xcode/DerivedData/Choona-dnghcflyrszrcwfmpfesqspssftx/Build/Products/Debug-iphonesimulator
    export CONFIGURATION_TEMP_DIR\=/Users/itechnolabs/Library/Developer/Xcode/DerivedData/Choona-dnghcflyrszrcwfmpfesqspssftx/Build/Intermediates.noindex/Choona.build/Debug-iphonesimulator
    export CONTENTS_FOLDER_PATH\=ChoonaDev.app
    export CONTENTS_FOLDER_PATH_SHALLOW_BUNDLE_NO\=ChoonaDev.app/Contents
    export CONTENTS_FOLDER_PATH_SHALLOW_BUNDLE_YES\=ChoonaDev.app
    export COPYING_PRESERVES_HFS_DATA\=NO
    export COPY_HEADERS_RUN_UNIFDEF\=NO
    export COPY_PHASE_STRIP\=NO
    export CORRESPONDING_DEVICE_PLATFORM_DIR\=/Applications/Xcode.app/Contents/Developer/Platforms/iPhoneOS.platform
    export CORRESPONDING_DEVICE_PLATFORM_NAME\=iphoneos
    export CORRESPONDING_DEVICE_SDK_DIR\=/Applications/Xcode.app/Contents/Developer/Platforms/iPhoneOS.platform/Developer/SDKs/iPhoneOS26.1.sdk
    export CORRESPONDING_DEVICE_SDK_NAME\=iphoneos26.1
    export CP\=/bin/cp
    export CREATE_INFOPLIST_SECTION_IN_BINARY\=NO
    export CURRENT_ARCH\=undefined_arch
    export CURRENT_PROJECT_VERSION\=3
    export CURRENT_VARIANT\=normal
    export DEAD_CODE_STRIPPING\=YES
    export DEBUGGING_SYMBOLS\=YES
    export DEBUG_INFORMATION_FORMAT\=dwarf-with-dsym
    export DEBUG_INFORMATION_VERSION\=compiler-default
    export DEFAULT_COMPILER\=com.apple.compilers.llvm.clang.1_0
    export DEFAULT_DEXT_INSTALL_PATH\=/System/Library/DriverExtensions
    export DEFAULT_KEXT_INSTALL_PATH\=/System/Library/Extensions
    export DEFINES_MODULE\=NO
    export DEPLOYMENT_LOCATION\=NO
    export DEPLOYMENT_POSTPROCESSING\=NO
    export DEPLOYMENT_TARGET_SETTING_NAME\=IPHONEOS_DEPLOYMENT_TARGET
    export DEPLOYMENT_TARGET_SUGGESTED_VALUES\=12.0\ 12.1\ 12.2\ 12.3\ 12.4\ 13.0\ 13.1\ 13.2\ 13.3\ 13.4\ 13.5\ 13.6\ 14.0\ 14.1\ 14.2\ 14.3\ 14.4\ 14.5\ 14.6\ 14.7\ 15.0\ 15.1\ 15.2\ 15.3\ 15.4\ 15.5\ 15.6\ 16.0\ 16.1\ 16.2\ 16.3\ 16.4\ 16.5\ 16.6\ 17.0\ 17.1\ 17.2\ 17.3\ 17.4\ 17.5\ 17.6\ 18.0\ 18.1\ 18.2\ 18.3\ 18.4\ 18.5\ 18.6\ 26.0\ 26.1
    export DERIVED_FILES_DIR\=/Users/itechnolabs/Library/Developer/Xcode/DerivedData/Choona-dnghcflyrszrcwfmpfesqspssftx/Build/Intermediates.noindex/Choona.build/Debug-iphonesimulator/ChoonaDev.build/DerivedSources
    export DERIVED_FILE_DIR\=/Users/itechnolabs/Library/Developer/Xcode/DerivedData/Choona-dnghcflyrszrcwfmpfesqspssftx/Build/Intermediates.noindex/Choona.build/Debug-iphonesimulator/ChoonaDev.build/DerivedSources
    export DERIVED_SOURCES_DIR\=/Users/itechnolabs/Library/Developer/Xcode/DerivedData/Choona-dnghcflyrszrcwfmpfesqspssftx/Build/Intermediates.noindex/Choona.build/Debug-iphonesimulator/ChoonaDev.build/DerivedSources
    export DEVELOPER_APPLICATIONS_DIR\=/Applications/Xcode.app/Contents/Developer/Applications
    export DEVELOPER_BIN_DIR\=/Applications/Xcode.app/Contents/Developer/usr/bin
    export DEVELOPER_DIR\=/Applications/Xcode.app/Contents/Developer
    export DEVELOPER_FRAMEWORKS_DIR\=/Applications/Xcode.app/Contents/Developer/Library/Frameworks
    export DEVELOPER_FRAMEWORKS_DIR_QUOTED\=/Applications/Xcode.app/Contents/Developer/Library/Frameworks
    export DEVELOPER_LIBRARY_DIR\=/Applications/Xcode.app/Contents/Developer/Library
    export DEVELOPER_SDK_DIR\=/Applications/Xcode.app/Contents/Developer/Platforms/MacOSX.platform/Developer/SDKs
    export DEVELOPER_TOOLS_DIR\=/Applications/Xcode.app/Contents/Developer/Tools
    export DEVELOPER_USR_DIR\=/Applications/Xcode.app/Contents/Developer/usr
    export DEVELOPMENT_LANGUAGE\=en
    export DEVELOPMENT_TEAM\=6DGAY84NFN
    export DIAGNOSE_MISSING_TARGET_DEPENDENCIES\=YES
    export DIFF\=/usr/bin/diff
    export DOCUMENTATION_FOLDER_PATH\=ChoonaDev.app/en.lproj/Documentation
    export DONT_GENERATE_INFOPLIST_FILE\=NO
    export DSTROOT\=/tmp/Choona.dst
    export DT_TOOLCHAIN_DIR\=/Applications/Xcode.app/Contents/Developer/Toolchains/XcodeDefault.xctoolchain
    export DWARF_DSYM_FILE_NAME\=ChoonaDev.app.dSYM
    export DWARF_DSYM_FILE_SHOULD_ACCOMPANY_PRODUCT\=NO
    export DWARF_DSYM_FOLDER_PATH\=/Users/itechnolabs/Library/Developer/Xcode/DerivedData/Choona-dnghcflyrszrcwfmpfesqspssftx/Build/Products/Debug-iphonesimulator
    export DYNAMIC_LIBRARY_EXTENSION\=dylib
    export EAGER_COMPILATION_ALLOW_SCRIPTS\=NO
    export EAGER_LINKING\=NO
    export EFFECTIVE_PLATFORM_NAME\=-iphonesimulator
    export EMBEDDED_CONTENT_CONTAINS_SWIFT\=NO
    export EMBED_ASSET_PACKS_IN_PRODUCT_BUNDLE\=NO
    export ENABLE_APP_SANDBOX\=NO
    export ENABLE_BITCODE\=NO
    export ENABLE_CODE_COVERAGE\=YES
    export ENABLE_CPLUSPLUS_BOUNDS_SAFE_BUFFERS\=NO
    export ENABLE_C_BOUNDS_SAFETY\=NO
    export ENABLE_DEBUG_DYLIB\=YES
    export ENABLE_DEFAULT_HEADER_SEARCH_PATHS\=YES
    export ENABLE_DEFAULT_SEARCH_PATHS\=YES
    export ENABLE_ENHANCED_SECURITY\=NO
    export ENABLE_HARDENED_RUNTIME\=NO
    export ENABLE_HEADER_DEPENDENCIES\=YES
    export ENABLE_INCOMING_NETWORK_CONNECTIONS\=NO
    export ENABLE_ON_DEMAND_RESOURCES\=YES
    export ENABLE_OUTGOING_NETWORK_CONNECTIONS\=NO
    export ENABLE_POINTER_AUTHENTICATION\=NO
    export ENABLE_PREVIEWS\=NO
    export ENABLE_RESOURCE_ACCESS_AUDIO_INPUT\=NO
    export ENABLE_RESOURCE_ACCESS_BLUETOOTH\=NO
    export ENABLE_RESOURCE_ACCESS_CALENDARS\=NO
    export ENABLE_RESOURCE_ACCESS_CAMERA\=NO
    export ENABLE_RESOURCE_ACCESS_CONTACTS\=NO
    export ENABLE_RESOURCE_ACCESS_LOCATION\=NO
    export ENABLE_RESOURCE_ACCESS_PHOTO_LIBRARY\=NO
    export ENABLE_RESOURCE_ACCESS_PRINTING\=NO
    export ENABLE_RESOURCE_ACCESS_USB\=NO
    export ENABLE_SDK_IMPORTS\=NO
    export ENABLE_SECURITY_COMPILER_WARNINGS\=NO
    export ENABLE_STRICT_OBJC_MSGSEND\=YES
    export ENABLE_TESTABILITY\=YES
    export ENABLE_TESTING_SEARCH_PATHS\=NO
    export ENABLE_USER_SCRIPT_SANDBOXING\=NO
    export ENABLE_XOJIT_PREVIEWS\=YES
    export ENFORCE_VALID_ARCHS\=YES
    export ENTITLEMENTS_ALLOWED\=NO
    export ENTITLEMENTS_DESTINATION\=__entitlements
    export ENTITLEMENTS_REQUIRED\=NO
    export EXCLUDED_INSTALLSRC_SUBDIRECTORY_PATTERNS\=.DS_Store\ .svn\ .git\ .hg\ CVS
    export EXCLUDED_RECURSIVE_SEARCH_PATH_SUBDIRECTORIES\=\*.nib\ \*.lproj\ \*.framework\ \*.gch\ \*.xcode\*\ \*.xcassets\ \*.icon\ \(\*\)\ .DS_Store\ CVS\ .svn\ .git\ .hg\ \*.pbproj\ \*.pbxproj
    export EXECUTABLES_FOLDER_PATH\=ChoonaDev.app/Executables
    export EXECUTABLE_BLANK_INJECTION_DYLIB_PATH\=ChoonaDev.app/__preview.dylib
    export EXECUTABLE_DEBUG_DYLIB_INSTALL_NAME\=@rpath/ChoonaDev.debug.dylib
    export EXECUTABLE_DEBUG_DYLIB_PATH\=ChoonaDev.app/ChoonaDev.debug.dylib
    export EXECUTABLE_FOLDER_PATH\=ChoonaDev.app
    export EXECUTABLE_FOLDER_PATH_SHALLOW_BUNDLE_NO\=ChoonaDev.app/MacOS
    export EXECUTABLE_FOLDER_PATH_SHALLOW_BUNDLE_YES\=ChoonaDev.app
    export EXECUTABLE_NAME\=ChoonaDev
    export EXECUTABLE_PATH\=ChoonaDev.app/ChoonaDev
    export EXPANDED_CODE_SIGN_IDENTITY\=-
    export EXPANDED_CODE_SIGN_IDENTITY_NAME\=Sign\ to\ Run\ Locally
    export EXTENSIONS_FOLDER_PATH\=ChoonaDev.app/Extensions
    export FILE_LIST\=/Users/itechnolabs/Library/Developer/Xcode/DerivedData/Choona-dnghcflyrszrcwfmpfesqspssftx/Build/Intermediates.noindex/Choona.build/Debug-iphonesimulator/ChoonaDev.build/Objects/LinkFileList
    export FIXED_FILES_DIR\=/Users/itechnolabs/Library/Developer/Xcode/DerivedData/Choona-dnghcflyrszrcwfmpfesqspssftx/Build/Intermediates.noindex/Choona.build/Debug-iphonesimulator/ChoonaDev.build/FixedFiles
    export FRAMEWORKS_FOLDER_PATH\=ChoonaDev.app/Frameworks
    export FRAMEWORK_FLAG_PREFIX\=-framework
    export FRAMEWORK_SEARCH_PATHS\=/Users/itechnolabs/Library/Developer/Xcode/DerivedData/Choona-dnghcflyrszrcwfmpfesqspssftx/Build/Products/Debug-iphonesimulator\ \ \"/Users/itechnolabs/Documents/Vijay/choona/ios/Pods/OneSignalXCFramework/iOS_SDK/OneSignalSDK/OneSignal_Core\"\ \"/Users/itechnolabs/Documents/Vijay/choona/ios/Pods/OneSignalXCFramework/iOS_SDK/OneSignalSDK/OneSignal_Extension\"\ \"/Users/itechnolabs/Documents/Vijay/choona/ios/Pods/OneSignalXCFramework/iOS_SDK/OneSignalSDK/OneSignal_Outcomes\"\ \"/Users/itechnolabs/Documents/Vijay/choona/ios/Pods/OneSignalXCFramework/iOS_SDK/OneSignalSDK/OneSignal_XCFramework\"\ \"/Users/itechnolabs/Library/Developer/Xcode/DerivedData/Choona-dnghcflyrszrcwfmpfesqspssftx/Build/Products/Debug-iphonesimulator/XCFrameworkIntermediates/OneSignalXCFramework\"\ \"/Users/itechnolabs/Library/Developer/Xcode/DerivedData/Choona-dnghcflyrszrcwfmpfesqspssftx/Build/Products/Debug-iphonesimulator/XCFrameworkIntermediates/OneSignalXCFramework/OneSignalCore\"\ \"/Users/itechnolabs/Library/Developer/Xcode/DerivedData/Choona-dnghcflyrszrcwfmpfesqspssftx/Build/Products/Debug-iphonesimulator/XCFrameworkIntermediates/OneSignalXCFramework/OneSignalExtension\"\ \"/Users/itechnolabs/Library/Developer/Xcode/DerivedData/Choona-dnghcflyrszrcwfmpfesqspssftx/Build/Products/Debug-iphonesimulator/XCFrameworkIntermediates/OneSignalXCFramework/OneSignalOutcomes\"
    export FRAMEWORK_VERSION\=A
    export FULL_PRODUCT_NAME\=ChoonaDev.app
    export FUSE_BUILD_PHASES\=YES
    export FUSE_BUILD_SCRIPT_PHASES\=NO
    export GCC3_VERSION\=3.3
    export GCC_C_LANGUAGE_STANDARD\=gnu99
    export GCC_DYNAMIC_NO_PIC\=NO
    export GCC_INLINES_ARE_PRIVATE_EXTERN\=YES
    export GCC_NO_COMMON_BLOCKS\=YES
    export GCC_OBJC_LEGACY_DISPATCH\=YES
    export GCC_OPTIMIZATION_LEVEL\=0
    export GCC_PFE_FILE_C_DIALECTS\=c\ objective-c\ c++\ objective-c++
    export GCC_PREPROCESSOR_DEFINITIONS\=DEBUG\=1\ \ COCOAPODS\=1\ DEBUG\=1\ \ GPB_USE_PROTOBUF_FRAMEWORK_IMPORTS\=1\ DEBUG\=1\ \ PB_FIELD_32BIT\=1\ PB_NO_PACKED_STRUCTS\=1\ PB_ENABLE_MALLOC\=1\ FB_SONARKIT_ENABLED\=1
    export GCC_SYMBOLS_PRIVATE_EXTERN\=NO
    export GCC_TREAT_WARNINGS_AS_ERRORS\=NO
    export GCC_VERSION\=com.apple.compilers.llvm.clang.1_0
    export GCC_VERSION_IDENTIFIER\=com_apple_compilers_llvm_clang_1_0
    export GCC_WARN_64_TO_32_BIT_CONVERSION\=YES
    export GCC_WARN_ABOUT_RETURN_TYPE\=YES_ERROR
    export GCC_WARN_UNDECLARED_SELECTOR\=YES
    export GCC_WARN_UNINITIALIZED_AUTOS\=YES_AGGRESSIVE
    export GCC_WARN_UNUSED_FUNCTION\=YES
    export GCC_WARN_UNUSED_VARIABLE\=YES
    export GENERATED_MODULEMAP_DIR\=/Users/itechnolabs/Library/Developer/Xcode/DerivedData/Choona-dnghcflyrszrcwfmpfesqspssftx/Build/Intermediates.noindex/GeneratedModuleMaps-iphonesimulator
    export GENERATE_INFOPLIST_FILE\=NO
    export GENERATE_INTERMEDIATE_TEXT_BASED_STUBS\=YES
    export GENERATE_PKGINFO_FILE\=YES
    export GENERATE_PRELINK_OBJECT_FILE\=NO
    export GENERATE_PROFILING_CODE\=NO
    export GENERATE_TEXT_BASED_STUBS\=NO
    export GID\=20
    export GROUP\=staff
    export HEADERMAP_INCLUDES_FLAT_ENTRIES_FOR_TARGET_BEING_BUILT\=YES
    export HEADERMAP_INCLUDES_FRAMEWORK_ENTRIES_FOR_ALL_PRODUCT_TYPES\=YES
    export HEADERMAP_INCLUDES_FRAMEWORK_ENTRIES_FOR_TARGETS_NOT_BEING_BUILT\=YES
    export HEADERMAP_INCLUDES_NONPUBLIC_NONPRIVATE_HEADERS\=YES
    export HEADERMAP_INCLUDES_PROJECT_HEADERS\=YES
    export HEADERMAP_USES_FRAMEWORK_PREFIX_ENTRIES\=YES
    export HEADERMAP_USES_VFS\=NO
    export HEADER_SEARCH_PATHS\=/Users/itechnolabs/Library/Developer/Xcode/DerivedData/Choona-dnghcflyrszrcwfmpfesqspssftx/Build/Products/Debug-iphonesimulator/include\ \ \"/Users/itechnolabs/Documents/Vijay/choona/ios/Pods/Headers/Public\"\ \"/Users/itechnolabs/Documents/Vijay/choona/ios/Pods/Headers/Public/AppAuth\"\ \"/Users/itechnolabs/Documents/Vijay/choona/ios/Pods/Headers/Public/BVLinearGradient\"\ \"/Users/itechnolabs/Documents/Vijay/choona/ios/Pods/Headers/Public/DoubleConversion\"\ \"/Users/itechnolabs/Documents/Vijay/choona/ios/Pods/Headers/Public/FBLazyVector\"\ \"/Users/itechnolabs/Documents/Vijay/choona/ios/Pods/Headers/Public/FBReactNativeSpec\"\ \"/Users/itechnolabs/Documents/Vijay/choona/ios/Pods/Headers/Public/Firebase\"\ \"/Users/itechnolabs/Documents/Vijay/choona/ios/Pods/Headers/Public/FirebaseCore\"\ \"/Users/itechnolabs/Documents/Vijay/choona/ios/Pods/Headers/Public/FirebaseCoreDiagnostics\"\ \"/Users/itechnolabs/Documents/Vijay/choona/ios/Pods/Headers/Public/FirebaseDatabase\"\ \"/Users/itechnolabs/Documents/Vijay/choona/ios/Pods/Headers/Public/FirebaseInstallations\"\ \"/Users/itechnolabs/Documents/Vijay/choona/ios/Pods/Headers/Public/FirebaseInstanceID\"\ \"/Users/itechnolabs/Documents/Vijay/choona/ios/Pods/Headers/Public/FirebaseMessaging\"\ \"/Users/itechnolabs/Documents/Vijay/choona/ios/Pods/Headers/Public/GoogleDataTransport\"\ \"/Users/itechnolabs/Documents/Vijay/choona/ios/Pods/Headers/Public/GoogleUtilities\"\ \"/Users/itechnolabs/Documents/Vijay/choona/ios/Pods/Headers/Public/PromisesObjC\"\ \"/Users/itechnolabs/Documents/Vijay/choona/ios/Pods/Headers/Public/Protobuf\"\ \"/Users/itechnolabs/Documents/Vijay/choona/ios/Pods/Headers/Public/RCT-Folly\"\ \"/Users/itechnolabs/Documents/Vijay/choona/ios/Pods/Headers/Public/RCTRequired\"\ \"/Users/itechnolabs/Documents/Vijay/choona/ios/Pods/Headers/Public/RCTTypeSafety\"\ \"/Users/itechnolabs/Documents/Vijay/choona/ios/Pods/Headers/Public/RNAppleAuthentication\"\ \"/Users/itechnolabs/Documents/Vijay/choona/ios/Pods/Headers/Public/RNCAsyncStorage\"\ \"/Users/itechnolabs/Documents/Vijay/choona/ios/Pods/Headers/Public/RNCMaskedView\"\ \"/Users/itechnolabs/Documents/Vijay/choona/ios/Pods/Headers/Public/RNDeviceInfo\"\ \"/Users/itechnolabs/Documents/Vijay/choona/ios/Pods/Headers/Public/RNFBApp\"\ \"/Users/itechnolabs/Documents/Vijay/choona/ios/Pods/Headers/Public/RNFBDatabase\"\ \"/Users/itechnolabs/Documents/Vijay/choona/ios/Pods/Headers/Public/RNFBMessaging\"\ \"/Users/itechnolabs/Documents/Vijay/choona/ios/Pods/Headers/Public/RNGestureHandler\"\ \"/Users/itechnolabs/Documents/Vijay/choona/ios/Pods/Headers/Public/RNImageCropPicker\"\ \"/Users/itechnolabs/Documents/Vijay/choona/ios/Pods/Headers/Public/RNPermissions\"\ \"/Users/itechnolabs/Documents/Vijay/choona/ios/Pods/Headers/Public/RNReanimated\"\ \"/Users/itechnolabs/Documents/Vijay/choona/ios/Pods/Headers/Public/RNScreens\"\ \"/Users/itechnolabs/Documents/Vijay/choona/ios/Pods/Headers/Public/RNSound\"\ \"/Users/itechnolabs/Documents/Vijay/choona/ios/Pods/Headers/Public/RSKImageCropper\"\ \"/Users/itechnolabs/Documents/Vijay/choona/ios/Pods/Headers/Public/React-Core\"\ \"/Users/itechnolabs/Documents/Vijay/choona/ios/Pods/Headers/Public/React-RCTBlob\"\ \"/Users/itechnolabs/Documents/Vijay/choona/ios/Pods/Headers/Public/React-RCTText\"\ \"/Users/itechnolabs/Documents/Vijay/choona/ios/Pods/Headers/Public/React-callinvoker\"\ \"/Users/itechnolabs/Documents/Vijay/choona/ios/Pods/Headers/Public/React-cxxreact\"\ \"/Users/itechnolabs/Documents/Vijay/choona/ios/Pods/Headers/Public/React-jsi\"\ \"/Users/itechnolabs/Documents/Vijay/choona/ios/Pods/Headers/Public/React-jsiexecutor\"\ \"/Users/itechnolabs/Documents/Vijay/choona/ios/Pods/Headers/Public/React-jsinspector\"\ \"/Users/itechnolabs/Documents/Vijay/choona/ios/Pods/Headers/Public/React-perflogger\"\ \"/Users/itechnolabs/Documents/Vijay/choona/ios/Pods/Headers/Public/React-runtimeexecutor\"\ \"/Users/itechnolabs/Documents/Vijay/choona/ios/Pods/Headers/Public/ReactCommon\"\ \"/Users/itechnolabs/Documents/Vijay/choona/ios/Pods/Headers/Public/Toast\"\ \"/Users/itechnolabs/Documents/Vijay/choona/ios/Pods/Headers/Public/Yoga\"\ \"/Users/itechnolabs/Documents/Vijay/choona/ios/Pods/Headers/Public/glog\"\ \"/Users/itechnolabs/Documents/Vijay/choona/ios/Pods/Headers/Public/leveldb-library\"\ \"/Users/itechnolabs/Documents/Vijay/choona/ios/Pods/Headers/Public/nanopb\"\ \"/Users/itechnolabs/Documents/Vijay/choona/ios/Pods/Headers/Public/react-native-app-auth\"\ \"/Users/itechnolabs/Documents/Vijay/choona/ios/Pods/Headers/Public/react-native-config\"\ \"/Users/itechnolabs/Documents/Vijay/choona/ios/Pods/Headers/Public/react-native-contacts\"\ \"/Users/itechnolabs/Documents/Vijay/choona/ios/Pods/Headers/Public/react-native-netinfo\"\ \"/Users/itechnolabs/Documents/Vijay/choona/ios/Pods/Headers/Public/react-native-onesignal\"\ \"/Users/itechnolabs/Documents/Vijay/choona/ios/Pods/Headers/Public/react-native-safe-area-context\"\ \"/Users/itechnolabs/Documents/Vijay/choona/ios/Pods/Headers/Public/react-native-version-info\"\ \"/Users/itechnolabs/Documents/Vijay/choona/ios/Pods/Headers/Public/react-native-webview\"\ \ /Users/itechnolabs/Documents/Vijay/choona/ios/Pods/Firebase/CoreOnly/Sources\ \"/Sources/FBLPromises/include\"\ \"/Users/itechnolabs/Documents/Vijay/choona/ios/Pods/boost-for-react-native\"\ \"/Users/itechnolabs/Documents/Vijay/choona/ios/Pods/boost\"\ \"/Users/itechnolabs/Documents/Vijay/choona/ios/Pods/boost-for-react-native\"\ \"/Users/itechnolabs/Documents/Vijay/choona/ios/Pods/glog\"\ \"/Users/itechnolabs/Documents/Vijay/choona/ios/Pods/RCT-Folly\"\ \"/Users/itechnolabs/Documents/Vijay/choona/ios/Pods/Headers/Public/React-hermes\"\ \"/Users/itechnolabs/Documents/Vijay/choona/ios/Pods/Headers/Public/hermes-engine\"\ \"/Users/itechnolabs/Documents/Vijay/choona/ios/Pods/Headers/Private/React-Core\"
    export HOME\=/Users/itechnolabs
    export HOST_ARCH\=arm64
    export HOST_PLATFORM\=macosx
    export ICONV\=/usr/bin/iconv
    export IMPLICIT_DEPENDENCY_DOMAIN\=default
    export INFOPLIST_ENABLE_CFBUNDLEICONS_MERGE\=YES
    export INFOPLIST_EXPAND_BUILD_SETTINGS\=YES
    export INFOPLIST_FILE\=Choona\ copy-Info.plist
    export INFOPLIST_OUTPUT_FORMAT\=binary
    export INFOPLIST_PATH\=ChoonaDev.app/Info.plist
    export INFOPLIST_PREPROCESS\=NO
    export INFOSTRINGS_PATH\=ChoonaDev.app/en.lproj/InfoPlist.strings
    export INLINE_PRIVATE_FRAMEWORKS\=NO
    export INSTALLAPI_IGNORE_SKIP_INSTALL\=YES
    export INSTALLHDRS_COPY_PHASE\=NO
    export INSTALLHDRS_SCRIPT_PHASE\=NO
    export INSTALL_DIR\=/tmp/Choona.dst/Applications
    export INSTALL_GROUP\=staff
    export INSTALL_MODE_FLAG\=u+w,go-w,a+rX
    export INSTALL_OWNER\=itechnolabs
    export INSTALL_PATH\=/Applications
    export INSTALL_ROOT\=/tmp/Choona.dst
    export IPHONEOS_DEPLOYMENT_TARGET\=13.0
    export IS_UNOPTIMIZED_BUILD\=YES
    export JAVAC_DEFAULT_FLAGS\=-J-Xms64m\ -J-XX:NewSize\=4M\ -J-Dfile.encoding\=UTF8
    export JAVA_APP_STUB\=/System/Library/Frameworks/JavaVM.framework/Resources/MacOS/JavaApplicationStub
    export JAVA_ARCHIVE_CLASSES\=YES
    export JAVA_ARCHIVE_TYPE\=JAR
    export JAVA_COMPILER\=/usr/bin/javac
    export JAVA_FOLDER_PATH\=ChoonaDev.app/Java
    export JAVA_FRAMEWORK_RESOURCES_DIRS\=Resources
    export JAVA_JAR_FLAGS\=cv
    export JAVA_SOURCE_SUBDIR\=.
    export JAVA_USE_DEPENDENCIES\=YES
    export JAVA_ZIP_FLAGS\=-urg
    export JIKES_DEFAULT_FLAGS\=+E\ +OLDCSO
    export KEEP_PRIVATE_EXTERNS\=NO
    export LD_DEPENDENCY_INFO_FILE\=/Users/itechnolabs/Library/Developer/Xcode/DerivedData/Choona-dnghcflyrszrcwfmpfesqspssftx/Build/Intermediates.noindex/Choona.build/Debug-iphonesimulator/ChoonaDev.build/Objects-normal/undefined_arch/ChoonaDev_dependency_info.dat
    export LD_ENTITLEMENTS_SECTION\=/Users/itechnolabs/Library/Developer/Xcode/DerivedData/Choona-dnghcflyrszrcwfmpfesqspssftx/Build/Intermediates.noindex/Choona.build/Debug-iphonesimulator/ChoonaDev.build/ChoonaDev.app-Simulated.xcent
    export LD_ENTITLEMENTS_SECTION_DER\=/Users/itechnolabs/Library/Developer/Xcode/DerivedData/Choona-dnghcflyrszrcwfmpfesqspssftx/Build/Intermediates.noindex/Choona.build/Debug-iphonesimulator/ChoonaDev.build/ChoonaDev.app-Simulated.xcent.der
    export LD_EXPORT_SYMBOLS\=YES
    export LD_GENERATE_MAP_FILE\=NO
    export LD_MAP_FILE_PATH\=/Users/itechnolabs/Library/Developer/Xcode/DerivedData/Choona-dnghcflyrszrcwfmpfesqspssftx/Build/Intermediates.noindex/Choona.build/Debug-iphonesimulator/ChoonaDev.build/ChoonaDev-LinkMap-normal-undefined_arch.txt
    export LD_NO_PIE\=NO
    export LD_QUOTE_LINKER_ARGUMENTS_FOR_COMPILER_DRIVER\=YES
    export LD_RUNPATH_SEARCH_PATHS\=/usr/lib/swift\ \ /usr/lib/swift\ \'@executable_path/Frameworks\'\ \'@loader_path/Frameworks\'\ @executable_path/Frameworks\ /usr/lib/swift
    export LD_RUNPATH_SEARCH_PATHS_YES\=@loader_path/../Frameworks
    export LD_SHARED_CACHE_ELIGIBLE\=Automatic
    export LD_WARN_DUPLICATE_LIBRARIES\=NO
    export LD_WARN_UNUSED_DYLIBS\=NO
    export LEGACY_DEVELOPER_DIR\=/Applications/Xcode.app/Contents/PlugIns/Xcode3Core.ideplugin/Contents/SharedSupport/Developer
    export LEX\=lex
    export LIBRARY_DEXT_INSTALL_PATH\=/Library/DriverExtensions
    export LIBRARY_FLAG_NOSPACE\=YES
    export LIBRARY_FLAG_PREFIX\=-l
    export LIBRARY_KEXT_INSTALL_PATH\=/Library/Extensions
    export LIBRARY_SEARCH_PATHS\=/Users/itechnolabs/Library/Developer/Xcode/DerivedData/Choona-dnghcflyrszrcwfmpfesqspssftx/Build/Products/Debug-iphonesimulator\ /Applications/Xcode.app/Contents/Developer/Toolchains/XcodeDefault.xctoolchain/usr/lib/swift/iphonesimulator\ /Applications/Xcode.app/Contents/Developer/Toolchains/XcodeDefault.xctoolchain/usr/lib/swift-5.0/iphonesimulator\ /Users/itechnolabs/Library/Developer/Xcode/DerivedData/Choona-dnghcflyrszrcwfmpfesqspssftx/Build/Products/Debug-iphonesimulator/AppAuth\ /Users/itechnolabs/Library/Developer/Xcode/DerivedData/Choona-dnghcflyrszrcwfmpfesqspssftx/Build/Products/Debug-iphonesimulator/BVLinearGradient\ /Users/itechnolabs/Library/Developer/Xcode/DerivedData/Choona-dnghcflyrszrcwfmpfesqspssftx/Build/Products/Debug-iphonesimulator/DoubleConversion\ /Users/itechnolabs/Library/Developer/Xcode/DerivedData/Choona-dnghcflyrszrcwfmpfesqspssftx/Build/Products/Debug-iphonesimulator/FBReactNativeSpec\ /Users/itechnolabs/Library/Developer/Xcode/DerivedData/Choona-dnghcflyrszrcwfmpfesqspssftx/Build/Products/Debug-iphonesimulator/FirebaseCore\ /Users/itechnolabs/Library/Developer/Xcode/DerivedData/Choona-dnghcflyrszrcwfmpfesqspssftx/Build/Products/Debug-iphonesimulator/FirebaseCoreDiagnostics\ /Users/itechnolabs/Library/Developer/Xcode/DerivedData/Choona-dnghcflyrszrcwfmpfesqspssftx/Build/Products/Debug-iphonesimulator/FirebaseDatabase\ /Users/itechnolabs/Library/Developer/Xcode/DerivedData/Choona-dnghcflyrszrcwfmpfesqspssftx/Build/Products/Debug-iphonesimulator/FirebaseInstallations\ /Users/itechnolabs/Library/Developer/Xcode/DerivedData/Choona-dnghcflyrszrcwfmpfesqspssftx/Build/Products/Debug-iphonesimulator/FirebaseInstanceID\ /Users/itechnolabs/Library/Developer/Xcode/DerivedData/Choona-dnghcflyrszrcwfmpfesqspssftx/Build/Products/Debug-iphonesimulator/FirebaseMessaging\ /Users/itechnolabs/Library/Developer/Xcode/DerivedData/Choona-dnghcflyrszrcwfmpfesqspssftx/Build/Products/Debug-iphonesimulator/GoogleDataTransport\ /Users/itechnolabs/Library/Developer/Xcode/DerivedData/Choona-dnghcflyrszrcwfmpfesqspssftx/Build/Products/Debug-iphonesimulator/GoogleUtilities\ /Users/itechnolabs/Library/Developer/Xcode/DerivedData/Choona-dnghcflyrszrcwfmpfesqspssftx/Build/Products/Debug-iphonesimulator/PromisesObjC\ /Users/itechnolabs/Library/Developer/Xcode/DerivedData/Choona-dnghcflyrszrcwfmpfesqspssftx/Build/Products/Debug-iphonesimulator/Protobuf\ /Users/itechnolabs/Library/Developer/Xcode/DerivedData/Choona-dnghcflyrszrcwfmpfesqspssftx/Build/Products/Debug-iphonesimulator/RCT-Folly\ /Users/itechnolabs/Library/Developer/Xcode/DerivedData/Choona-dnghcflyrszrcwfmpfesqspssftx/Build/Products/Debug-iphonesimulator/RCTTypeSafety\ /Users/itechnolabs/Library/Developer/Xcode/DerivedData/Choona-dnghcflyrszrcwfmpfesqspssftx/Build/Products/Debug-iphonesimulator/RNAppleAuthentication\ /Users/itechnolabs/Library/Developer/Xcode/DerivedData/Choona-dnghcflyrszrcwfmpfesqspssftx/Build/Products/Debug-iphonesimulator/RNCAsyncStorage\ /Users/itechnolabs/Library/Developer/Xcode/DerivedData/Choona-dnghcflyrszrcwfmpfesqspssftx/Build/Products/Debug-iphonesimulator/RNCMaskedView\ /Users/itechnolabs/Library/Developer/Xcode/DerivedData/Choona-dnghcflyrszrcwfmpfesqspssftx/Build/Products/Debug-iphonesimulator/RNDeviceInfo\ /Users/itechnolabs/Library/Developer/Xcode/DerivedData/Choona-dnghcflyrszrcwfmpfesqspssftx/Build/Products/Debug-iphonesimulator/RNFBApp\ /Users/itechnolabs/Library/Developer/Xcode/DerivedData/Choona-dnghcflyrszrcwfmpfesqspssftx/Build/Products/Debug-iphonesimulator/RNFBDatabase\ /Users/itechnolabs/Library/Developer/Xcode/DerivedData/Choona-dnghcflyrszrcwfmpfesqspssftx/Build/Products/Debug-iphonesimulator/RNFBMessaging\ /Users/itechnolabs/Library/Developer/Xcode/DerivedData/Choona-dnghcflyrszrcwfmpfesqspssftx/Build/Products/Debug-iphonesimulator/RNGestureHandler\ /Users/itechnolabs/Library/Developer/Xcode/DerivedData/Choona-dnghcflyrszrcwfmpfesqspssftx/Build/Products/Debug-iphonesimulator/RNImageCropPicker\ /Users/itechnolabs/Library/Developer/Xcode/DerivedData/Choona-dnghcflyrszrcwfmpfesqspssftx/Build/Products/Debug-iphonesimulator/RNPermissions\ /Users/itechnolabs/Library/Developer/Xcode/DerivedData/Choona-dnghcflyrszrcwfmpfesqspssftx/Build/Products/Debug-iphonesimulator/RNReanimated\ /Users/itechnolabs/Library/Developer/Xcode/DerivedData/Choona-dnghcflyrszrcwfmpfesqspssftx/Build/Products/Debug-iphonesimulator/RNScreens\ /Users/itechnolabs/Library/Developer/Xcode/DerivedData/Choona-dnghcflyrszrcwfmpfesqspssftx/Build/Products/Debug-iphonesimulator/RNSound\ /Users/itechnolabs/Library/Developer/Xcode/DerivedData/Choona-dnghcflyrszrcwfmpfesqspssftx/Build/Products/Debug-iphonesimulator/RSKImageCropper\ /Users/itechnolabs/Library/Developer/Xcode/DerivedData/Choona-dnghcflyrszrcwfmpfesqspssftx/Build/Products/Debug-iphonesimulator/React-Core\ /Users/itechnolabs/Library/Developer/Xcode/DerivedData/Choona-dnghcflyrszrcwfmpfesqspssftx/Build/Products/Debug-iphonesimulator/React-CoreModules\ /Users/itechnolabs/Library/Developer/Xcode/DerivedData/Choona-dnghcflyrszrcwfmpfesqspssftx/Build/Products/Debug-iphonesimulator/React-RCTAnimation\ /Users/itechnolabs/Library/Developer/Xcode/DerivedData/Choona-dnghcflyrszrcwfmpfesqspssftx/Build/Products/Debug-iphonesimulator/React-RCTBlob\ /Users/itechnolabs/Library/Developer/Xcode/DerivedData/Choona-dnghcflyrszrcwfmpfesqspssftx/Build/Products/Debug-iphonesimulator/React-RCTImage\ /Users/itechnolabs/Library/Developer/Xcode/DerivedData/Choona-dnghcflyrszrcwfmpfesqspssftx/Build/Products/Debug-iphonesimulator/React-RCTLinking\ /Users/itechnolabs/Library/Developer/Xcode/DerivedData/Choona-dnghcflyrszrcwfmpfesqspssftx/Build/Products/Debug-iphonesimulator/React-RCTNetwork\ /Users/itechnolabs/Library/Developer/Xcode/DerivedData/Choona-dnghcflyrszrcwfmpfesqspssftx/Build/Products/Debug-iphonesimulator/React-RCTSettings\ /Users/itechnolabs/Library/Developer/Xcode/DerivedData/Choona-dnghcflyrszrcwfmpfesqspssftx/Build/Products/Debug-iphonesimulator/React-RCTText\ /Users/itechnolabs/Library/Developer/Xcode/DerivedData/Choona-dnghcflyrszrcwfmpfesqspssftx/Build/Products/Debug-iphonesimulator/React-RCTVibration\ /Users/itechnolabs/Library/Developer/Xcode/DerivedData/Choona-dnghcflyrszrcwfmpfesqspssftx/Build/Products/Debug-iphonesimulator/React-cxxreact\ /Users/itechnolabs/Library/Developer/Xcode/DerivedData/Choona-dnghcflyrszrcwfmpfesqspssftx/Build/Products/Debug-iphonesimulator/React-jsi\ /Users/itechnolabs/Library/Developer/Xcode/DerivedData/Choona-dnghcflyrszrcwfmpfesqspssftx/Build/Products/Debug-iphonesimulator/React-jsiexecutor\ /Users/itechnolabs/Library/Developer/Xcode/DerivedData/Choona-dnghcflyrszrcwfmpfesqspssftx/Build/Products/Debug-iphonesimulator/React-jsinspector\ /Users/itechnolabs/Library/Developer/Xcode/DerivedData/Choona-dnghcflyrszrcwfmpfesqspssftx/Build/Products/Debug-iphonesimulator/React-perflogger\ /Users/itechnolabs/Library/Developer/Xcode/DerivedData/Choona-dnghcflyrszrcwfmpfesqspssftx/Build/Products/Debug-iphonesimulator/ReactCommon\ /Users/itechnolabs/Library/Developer/Xcode/DerivedData/Choona-dnghcflyrszrcwfmpfesqspssftx/Build/Products/Debug-iphonesimulator/Toast\ /Users/itechnolabs/Library/Developer/Xcode/DerivedData/Choona-dnghcflyrszrcwfmpfesqspssftx/Build/Products/Debug-iphonesimulator/Yoga\ /Users/itechnolabs/Library/Developer/Xcode/DerivedData/Choona-dnghcflyrszrcwfmpfesqspssftx/Build/Products/Debug-iphonesimulator/glog\ /Users/itechnolabs/Library/Developer/Xcode/DerivedData/Choona-dnghcflyrszrcwfmpfesqspssftx/Build/Products/Debug-iphonesimulator/leveldb-library\ /Users/itechnolabs/Library/Developer/Xcode/DerivedData/Choona-dnghcflyrszrcwfmpfesqspssftx/Build/Products/Debug-iphonesimulator/nanopb\ /Users/itechnolabs/Library/Developer/Xcode/DerivedData/Choona-dnghcflyrszrcwfmpfesqspssftx/Build/Products/Debug-iphonesimulator/react-native-app-auth\ /Users/itechnolabs/Library/Developer/Xcode/DerivedData/Choona-dnghcflyrszrcwfmpfesqspssftx/Build/Products/Debug-iphonesimulator/react-native-config\ /Users/itechnolabs/Library/Developer/Xcode/DerivedData/Choona-dnghcflyrszrcwfmpfesqspssftx/Build/Products/Debug-iphonesimulator/react-native-contacts\ /Users/itechnolabs/Library/Developer/Xcode/DerivedData/Choona-dnghcflyrszrcwfmpfesqspssftx/Build/Products/Debug-iphonesimulator/react-native-netinfo\ /Users/itechnolabs/Library/Developer/Xcode/DerivedData/Choona-dnghcflyrszrcwfmpfesqspssftx/Build/Products/Debug-iphonesimulator/react-native-onesignal\ /Users/itechnolabs/Library/Developer/Xcode/DerivedData/Choona-dnghcflyrszrcwfmpfesqspssftx/Build/Products/Debug-iphonesimulator/react-native-safe-area-context\ /Users/itechnolabs/Library/Developer/Xcode/DerivedData/Choona-dnghcflyrszrcwfmpfesqspssftx/Build/Products/Debug-iphonesimulator/react-native-simple-toast\ /Users/itechnolabs/Library/Developer/Xcode/DerivedData/Choona-dnghcflyrszrcwfmpfesqspssftx/Build/Products/Debug-iphonesimulator/react-native-version-info\ /Users/itechnolabs/Library/Developer/Xcode/DerivedData/Choona-dnghcflyrszrcwfmpfesqspssftx/Build/Products/Debug-iphonesimulator/react-native-webview\ /Applications/Xcode.app/Contents/Developer/Toolchains/XcodeDefault.xctoolchain/usr/lib/swift/iphonesimulator\ /Applications/Xcode.app/Contents/Developer/Platforms/iPhoneSimulator.platform/Developer/SDKs/iPhoneSimulator26.1.sdk/usr/lib/swift\ /Applications/Xcode.app/Contents/Developer/Platforms/iPhoneSimulator.platform/Developer/SDKs/iPhoneSimulator26.1.sdk/usr/lib/swift\ /Applications/Xcode.app/Contents/Developer/Platforms/iPhoneSimulator.platform/Developer/SDKs/iphonesimulator26.1/usr/lib/swift
    export LINKER_DISPLAYS_MANGLED_NAMES\=NO
    export LINK_FILE_LIST_normal_arm64\=/Users/itechnolabs/Library/Developer/Xcode/DerivedData/Choona-dnghcflyrszrcwfmpfesqspssftx/Build/Intermediates.noindex/Choona.build/Debug-iphonesimulator/ChoonaDev.build/Objects-normal/arm64/ChoonaDev.LinkFileList
    export LINK_OBJC_RUNTIME\=YES
    export LINK_WITH_STANDARD_LIBRARIES\=YES
    export LLVM_TARGET_TRIPLE_OS_VERSION\=ios13.0
    export LLVM_TARGET_TRIPLE_SUFFIX\=-simulator
    export LLVM_TARGET_TRIPLE_VENDOR\=apple
    export LM_AUX_CONST_METADATA_LIST_PATH_normal_arm64\=/Users/itechnolabs/Library/Developer/Xcode/DerivedData/Choona-dnghcflyrszrcwfmpfesqspssftx/Build/Intermediates.noindex/Choona.build/Debug-iphonesimulator/ChoonaDev.build/Objects-normal/arm64/ChoonaDev.SwiftConstValuesFileList
    export LOCALIZATION_EXPORT_SUPPORTED\=YES
    export LOCALIZATION_PREFERS_STRING_CATALOGS\=NO
    export LOCALIZED_RESOURCES_FOLDER_PATH\=ChoonaDev.app/en.lproj
    export LOCALIZED_STRING_MACRO_NAMES\=NSLocalizedString\ CFCopyLocalizedString
    export LOCALIZED_STRING_SWIFTUI_SUPPORT\=YES
    export LOCAL_ADMIN_APPS_DIR\=/Applications/Utilities
    export LOCAL_APPS_DIR\=/Applications
    export LOCAL_DEVELOPER_DIR\=/Library/Developer
    export LOCAL_LIBRARY_DIR\=/Library
    export LOCROOT\=/Users/itechnolabs/Documents/Vijay/choona/ios
    export LOCSYMROOT\=/Users/itechnolabs/Documents/Vijay/choona/ios
    export MACH_O_TYPE\=mh_execute
    export MAC_OS_X_PRODUCT_BUILD_VERSION\=25A362
    export MAC_OS_X_VERSION_ACTUAL\=260001
    export MAC_OS_X_VERSION_MAJOR\=260000
    export MAC_OS_X_VERSION_MINOR\=260000
    export MAKE_MERGEABLE\=NO
    export MARKETING_VERSION\=0.0.0
    export MERGEABLE_LIBRARY\=NO
    export MERGED_BINARY_TYPE\=none
    export MERGE_LINKED_LIBRARIES\=NO
    export METAL_LIBRARY_FILE_BASE\=default
    export METAL_LIBRARY_OUTPUT_DIR\=/Users/itechnolabs/Library/Developer/Xcode/DerivedData/Choona-dnghcflyrszrcwfmpfesqspssftx/Build/Products/Debug-iphonesimulator/ChoonaDev.app
    export MODULES_FOLDER_PATH\=ChoonaDev.app/Modules
    export MODULE_CACHE_DIR\=/Users/itechnolabs/Library/Developer/Xcode/DerivedData/ModuleCache.noindex
    export MTL_ENABLE_DEBUG_INFO\=YES
    export NATIVE_ARCH\=arm64
    export NATIVE_ARCH_32_BIT\=arm
    export NATIVE_ARCH_64_BIT\=arm64
    export NATIVE_ARCH_ACTUAL\=arm64
    export NO_COMMON\=YES
    export OBJC_ABI_VERSION\=2
    export OBJECT_FILE_DIR\=/Users/itechnolabs/Library/Developer/Xcode/DerivedData/Choona-dnghcflyrszrcwfmpfesqspssftx/Build/Intermediates.noindex/Choona.build/Debug-iphonesimulator/ChoonaDev.build/Objects
    export OBJECT_FILE_DIR_normal\=/Users/itechnolabs/Library/Developer/Xcode/DerivedData/Choona-dnghcflyrszrcwfmpfesqspssftx/Build/Intermediates.noindex/Choona.build/Debug-iphonesimulator/ChoonaDev.build/Objects-normal
    export OBJROOT\=/Users/itechnolabs/Library/Developer/Xcode/DerivedData/Choona-dnghcflyrszrcwfmpfesqspssftx/Build/Intermediates.noindex
    export ONLY_ACTIVE_ARCH\=NO
    export OS\=MACOS
    export OSAC\=/usr/bin/osacompile
    export OTHER_CFLAGS\=\ -fmodule-map-file\=\"/Users/itechnolabs/Library/Developer/Xcode/DerivedData/Choona-dnghcflyrszrcwfmpfesqspssftx/Build/Products/Debug-iphonesimulator/Protobuf/Protobuf.modulemap\"\ -fmodule-map-file\=\"/Users/itechnolabs/Documents/Vijay/choona/ios/Pods/Headers/Public/React/React-Core.modulemap\"\ -fmodule-map-file\=\"/Users/itechnolabs/Documents/Vijay/choona/ios/Pods/Headers/Public/yoga/Yoga.modulemap\"\ \ -DFOLLY_NO_CONFIG\ -DFOLLY_MOBILE\=1\ -DFOLLY_USE_LIBCPP\=1\ -DRNVERSION\=64
    export OTHER_CPLUSPLUSFLAGS\=\ -fmodule-map-file\=\"/Users/itechnolabs/Library/Developer/Xcode/DerivedData/Choona-dnghcflyrszrcwfmpfesqspssftx/Build/Products/Debug-iphonesimulator/Protobuf/Protobuf.modulemap\"\ -fmodule-map-file\=\"/Users/itechnolabs/Documents/Vijay/choona/ios/Pods/Headers/Public/React/React-Core.modulemap\"\ -fmodule-map-file\=\"/Users/itechnolabs/Documents/Vijay/choona/ios/Pods/Headers/Public/yoga/Yoga.modulemap\"\ \ -DFOLLY_NO_CONFIG\ -DFOLLY_MOBILE\=1\ -DFOLLY_USE_LIBCPP\=1\ -DRNVERSION\=64
    export OTHER_LDFLAGS\=\ -ObjC\ -l\"AppAuth\"\ -l\"BVLinearGradient\"\ -l\"DoubleConversion\"\ -l\"FBReactNativeSpec\"\ -l\"FirebaseCore\"\ -l\"FirebaseCoreDiagnostics\"\ -l\"FirebaseDatabase\"\ -l\"FirebaseInstallations\"\ -l\"FirebaseInstanceID\"\ -l\"FirebaseMessaging\"\ -l\"GoogleDataTransport\"\ -l\"GoogleUtilities\"\ -l\"PromisesObjC\"\ -l\"Protobuf\"\ -l\"RCT-Folly\"\ -l\"RCTTypeSafety\"\ -l\"RNAppleAuthentication\"\ -l\"RNCAsyncStorage\"\ -l\"RNCMaskedView\"\ -l\"RNDeviceInfo\"\ -l\"RNFBApp\"\ -l\"RNFBDatabase\"\ -l\"RNFBMessaging\"\ -l\"RNGestureHandler\"\ -l\"RNImageCropPicker\"\ -l\"RNPermissions\"\ -l\"RNReanimated\"\ -l\"RNScreens\"\ -l\"RNSound\"\ -l\"RSKImageCropper\"\ -l\"React-Core\"\ -l\"React-CoreModules\"\ -l\"React-RCTAnimation\"\ -l\"React-RCTBlob\"\ -l\"React-RCTImage\"\ -l\"React-RCTLinking\"\ -l\"React-RCTNetwork\"\ -l\"React-RCTSettings\"\ -l\"React-RCTText\"\ -l\"React-RCTVibration\"\ -l\"React-cxxreact\"\ -l\"React-jsi\"\ -l\"React-jsiexecutor\"\ -l\"React-jsinspector\"\ -l\"React-perflogger\"\ -l\"ReactCommon\"\ -l\"Toast\"\ -l\"Yoga\"\ -l\"c++\"\ -l\"glog\"\ -l\"icucore\"\ -l\"leveldb-library\"\ -l\"nanopb\"\ -l\"react-native-app-auth\"\ -l\"react-native-config\"\ -l\"react-native-contacts\"\ -l\"react-native-netinfo\"\ -l\"react-native-onesignal\"\ -l\"react-native-safe-area-context\"\ -l\"react-native-simple-toast\"\ -l\"react-native-version-info\"\ -l\"react-native-webview\"\ -l\"sqlite3\"\ -l\"stdc++\"\ -l\"z\"\ -framework\ \"AudioToolbox\"\ -framework\ \"CFNetwork\"\ -framework\ \"CoreTelephony\"\ -framework\ \"Foundation\"\ -framework\ \"JavaScriptCore\"\ -framework\ \"MobileCoreServices\"\ -framework\ \"OneSignal\"\ -framework\ \"OneSignalCore\"\ -framework\ \"OneSignalExtension\"\ -framework\ \"OneSignalOutcomes\"\ -framework\ \"Photos\"\ -framework\ \"QuartzCore\"\ -framework\ \"SafariServices\"\ -framework\ \"Security\"\ -framework\ \"SystemConfiguration\"\ -framework\ \"UIKit\"\ -weak_framework\ \"AuthenticationServices\"\ -weak_framework\ \"UserNotifications\"\ -lswiftCore\ -lswiftObjectiveC\ -lswiftFoundation\ -lswiftDarwin\ -lswiftDispatch\ -lswiftCoreFoundation\ -lswiftCoreGraphics
    export OTHER_MODULE_VERIFIER_FLAGS\=\ \"-F/Users/itechnolabs/Library/Developer/Xcode/DerivedData/Choona-dnghcflyrszrcwfmpfesqspssftx/Build/Products/Debug-iphonesimulator/AppAuth\"\ \"-F/Users/itechnolabs/Library/Developer/Xcode/DerivedData/Choona-dnghcflyrszrcwfmpfesqspssftx/Build/Products/Debug-iphonesimulator/BVLinearGradient\"\ \"-F/Users/itechnolabs/Library/Developer/Xcode/DerivedData/Choona-dnghcflyrszrcwfmpfesqspssftx/Build/Products/Debug-iphonesimulator/DoubleConversion\"\ \"-F/Users/itechnolabs/Library/Developer/Xcode/DerivedData/Choona-dnghcflyrszrcwfmpfesqspssftx/Build/Products/Debug-iphonesimulator/FBLazyVector\"\ \"-F/Users/itechnolabs/Library/Developer/Xcode/DerivedData/Choona-dnghcflyrszrcwfmpfesqspssftx/Build/Products/Debug-iphonesimulator/FBReactNativeSpec\"\ \"-F/Users/itechnolabs/Library/Developer/Xcode/DerivedData/Choona-dnghcflyrszrcwfmpfesqspssftx/Build/Products/Debug-iphonesimulator/Firebase\"\ \"-F/Users/itechnolabs/Library/Developer/Xcode/DerivedData/Choona-dnghcflyrszrcwfmpfesqspssftx/Build/Products/Debug-iphonesimulator/FirebaseCore\"\ \"-F/Users/itechnolabs/Library/Developer/Xcode/DerivedData/Choona-dnghcflyrszrcwfmpfesqspssftx/Build/Products/Debug-iphonesimulator/FirebaseCoreDiagnostics\"\ \"-F/Users/itechnolabs/Library/Developer/Xcode/DerivedData/Choona-dnghcflyrszrcwfmpfesqspssftx/Build/Products/Debug-iphonesimulator/FirebaseDatabase\"\ \"-F/Users/itechnolabs/Library/Developer/Xcode/DerivedData/Choona-dnghcflyrszrcwfmpfesqspssftx/Build/Products/Debug-iphonesimulator/FirebaseInstallations\"\ \"-F/Users/itechnolabs/Library/Developer/Xcode/DerivedData/Choona-dnghcflyrszrcwfmpfesqspssftx/Build/Products/Debug-iphonesimulator/FirebaseInstanceID\"\ \"-F/Users/itechnolabs/Library/Developer/Xcode/DerivedData/Choona-dnghcflyrszrcwfmpfesqspssftx/Build/Products/Debug-iphonesimulator/FirebaseMessaging\"\ \"-F/Users/itechnolabs/Library/Developer/Xcode/DerivedData/Choona-dnghcflyrszrcwfmpfesqspssftx/Build/Products/Debug-iphonesimulator/GoogleDataTransport\"\ \"-F/Users/itechnolabs/Library/Developer/Xcode/DerivedData/Choona-dnghcflyrszrcwfmpfesqspssftx/Build/Products/Debug-iphonesimulator/GoogleUtilities\"\ \"-F/Users/itechnolabs/Library/Developer/Xcode/DerivedData/Choona-dnghcflyrszrcwfmpfesqspssftx/Build/Products/Debug-iphonesimulator/OneSignalXCFramework\"\ \"-F/Users/itechnolabs/Library/Developer/Xcode/DerivedData/Choona-dnghcflyrszrcwfmpfesqspssftx/Build/Products/Debug-iphonesimulator/PromisesObjC\"\ \"-F/Users/itechnolabs/Library/Developer/Xcode/DerivedData/Choona-dnghcflyrszrcwfmpfesqspssftx/Build/Products/Debug-iphonesimulator/Protobuf\"\ \"-F/Users/itechnolabs/Library/Developer/Xcode/DerivedData/Choona-dnghcflyrszrcwfmpfesqspssftx/Build/Products/Debug-iphonesimulator/RCT-Folly\"\ \"-F/Users/itechnolabs/Library/Developer/Xcode/DerivedData/Choona-dnghcflyrszrcwfmpfesqspssftx/Build/Products/Debug-iphonesimulator/RCTRequired\"\ \"-F/Users/itechnolabs/Library/Developer/Xcode/DerivedData/Choona-dnghcflyrszrcwfmpfesqspssftx/Build/Products/Debug-iphonesimulator/RCTTypeSafety\"\ \"-F/Users/itechnolabs/Library/Developer/Xcode/DerivedData/Choona-dnghcflyrszrcwfmpfesqspssftx/Build/Products/Debug-iphonesimulator/RNAppleAuthentication\"\ \"-F/Users/itechnolabs/Library/Developer/Xcode/DerivedData/Choona-dnghcflyrszrcwfmpfesqspssftx/Build/Products/Debug-iphonesimulator/RNCAsyncStorage\"\ \"-F/Users/itechnolabs/Library/Developer/Xcode/DerivedData/Choona-dnghcflyrszrcwfmpfesqspssftx/Build/Products/Debug-iphonesimulator/RNCMaskedView\"\ \"-F/Users/itechnolabs/Library/Developer/Xcode/DerivedData/Choona-dnghcflyrszrcwfmpfesqspssftx/Build/Products/Debug-iphonesimulator/RNDeviceInfo\"\ \"-F/Users/itechnolabs/Library/Developer/Xcode/DerivedData/Choona-dnghcflyrszrcwfmpfesqspssftx/Build/Products/Debug-iphonesimulator/RNFBApp\"\ \"-F/Users/itechnolabs/Library/Developer/Xcode/DerivedData/Choona-dnghcflyrszrcwfmpfesqspssftx/Build/Products/Debug-iphonesimulator/RNFBDatabase\"\ \"-F/Users/itechnolabs/Library/Developer/Xcode/DerivedData/Choona-dnghcflyrszrcwfmpfesqspssftx/Build/Products/Debug-iphonesimulator/RNFBMessaging\"\ \"-F/Users/itechnolabs/Library/Developer/Xcode/DerivedData/Choona-dnghcflyrszrcwfmpfesqspssftx/Build/Products/Debug-iphonesimulator/RNGestureHandler\"\ \"-F/Users/itechnolabs/Library/Developer/Xcode/DerivedData/Choona-dnghcflyrszrcwfmpfesqspssftx/Build/Products/Debug-iphonesimulator/RNImageCropPicker\"\ \"-F/Users/itechnolabs/Library/Developer/Xcode/DerivedData/Choona-dnghcflyrszrcwfmpfesqspssftx/Build/Products/Debug-iphonesimulator/RNPermissions\"\ \"-F/Users/itechnolabs/Library/Developer/Xcode/DerivedData/Choona-dnghcflyrszrcwfmpfesqspssftx/Build/Products/Debug-iphonesimulator/RNReanimated\"\ \"-F/Users/itechnolabs/Library/Developer/Xcode/DerivedData/Choona-dnghcflyrszrcwfmpfesqspssftx/Build/Products/Debug-iphonesimulator/RNScreens\"\ \"-F/Users/itechnolabs/Library/Developer/Xcode/DerivedData/Choona-dnghcflyrszrcwfmpfesqspssftx/Build/Products/Debug-iphonesimulator/RNSound\"\ \"-F/Users/itechnolabs/Library/Developer/Xcode/DerivedData/Choona-dnghcflyrszrcwfmpfesqspssftx/Build/Products/Debug-iphonesimulator/RSKImageCropper\"\ \"-F/Users/itechnolabs/Library/Developer/Xcode/DerivedData/Choona-dnghcflyrszrcwfmpfesqspssftx/Build/Products/Debug-iphonesimulator/React\"\ \"-F/Users/itechnolabs/Library/Developer/Xcode/DerivedData/Choona-dnghcflyrszrcwfmpfesqspssftx/Build/Products/Debug-iphonesimulator/React-Core\"\ \"-F/Users/itechnolabs/Library/Developer/Xcode/DerivedData/Choona-dnghcflyrszrcwfmpfesqspssftx/Build/Products/Debug-iphonesimulator/React-CoreModules\"\ \"-F/Users/itechnolabs/Library/Developer/Xcode/DerivedData/Choona-dnghcflyrszrcwfmpfesqspssftx/Build/Products/Debug-iphonesimulator/React-RCTActionSheet\"\ \"-F/Users/itechnolabs/Library/Developer/Xcode/DerivedData/Choona-dnghcflyrszrcwfmpfesqspssftx/Build/Products/Debug-iphonesimulator/React-RCTAnimation\"\ \"-F/Users/itechnolabs/Library/Developer/Xcode/DerivedData/Choona-dnghcflyrszrcwfmpfesqspssftx/Build/Products/Debug-iphonesimulator/React-RCTBlob\"\ \"-F/Users/itechnolabs/Library/Developer/Xcode/DerivedData/Choona-dnghcflyrszrcwfmpfesqspssftx/Build/Products/Debug-iphonesimulator/React-RCTImage\"\ \"-F/Users/itechnolabs/Library/Developer/Xcode/DerivedData/Choona-dnghcflyrszrcwfmpfesqspssftx/Build/Products/Debug-iphonesimulator/React-RCTLinking\"\ \"-F/Users/itechnolabs/Library/Developer/Xcode/DerivedData/Choona-dnghcflyrszrcwfmpfesqspssftx/Build/Products/Debug-iphonesimulator/React-RCTNetwork\"\ \"-F/Users/itechnolabs/Library/Developer/Xcode/DerivedData/Choona-dnghcflyrszrcwfmpfesqspssftx/Build/Products/Debug-iphonesimulator/React-RCTSettings\"\ \"-F/Users/itechnolabs/Library/Developer/Xcode/DerivedData/Choona-dnghcflyrszrcwfmpfesqspssftx/Build/Products/Debug-iphonesimulator/React-RCTText\"\ \"-F/Users/itechnolabs/Library/Developer/Xcode/DerivedData/Choona-dnghcflyrszrcwfmpfesqspssftx/Build/Products/Debug-iphonesimulator/React-RCTVibration\"\ \"-F/Users/itechnolabs/Library/Developer/Xcode/DerivedData/Choona-dnghcflyrszrcwfmpfesqspssftx/Build/Products/Debug-iphonesimulator/React-callinvoker\"\ \"-F/Users/itechnolabs/Library/Developer/Xcode/DerivedData/Choona-dnghcflyrszrcwfmpfesqspssftx/Build/Products/Debug-iphonesimulator/React-cxxreact\"\ \"-F/Users/itechnolabs/Library/Developer/Xcode/DerivedData/Choona-dnghcflyrszrcwfmpfesqspssftx/Build/Products/Debug-iphonesimulator/React-jsi\"\ \"-F/Users/itechnolabs/Library/Developer/Xcode/DerivedData/Choona-dnghcflyrszrcwfmpfesqspssftx/Build/Products/Debug-iphonesimulator/React-jsiexecutor\"\ \"-F/Users/itechnolabs/Library/Developer/Xcode/DerivedData/Choona-dnghcflyrszrcwfmpfesqspssftx/Build/Products/Debug-iphonesimulator/React-jsinspector\"\ \"-F/Users/itechnolabs/Library/Developer/Xcode/DerivedData/Choona-dnghcflyrszrcwfmpfesqspssftx/Build/Products/Debug-iphonesimulator/React-perflogger\"\ \"-F/Users/itechnolabs/Library/Developer/Xcode/DerivedData/Choona-dnghcflyrszrcwfmpfesqspssftx/Build/Products/Debug-iphonesimulator/React-runtimeexecutor\"\ \"-F/Users/itechnolabs/Library/Developer/Xcode/DerivedData/Choona-dnghcflyrszrcwfmpfesqspssftx/Build/Products/Debug-iphonesimulator/ReactCommon\"\ \"-F/Users/itechnolabs/Library/Developer/Xcode/DerivedData/Choona-dnghcflyrszrcwfmpfesqspssftx/Build/Products/Debug-iphonesimulator/Toast\"\ \"-F/Users/itechnolabs/Library/Developer/Xcode/DerivedData/Choona-dnghcflyrszrcwfmpfesqspssftx/Build/Products/Debug-iphonesimulator/Yoga\"\ \"-F/Users/itechnolabs/Library/Developer/Xcode/DerivedData/Choona-dnghcflyrszrcwfmpfesqspssftx/Build/Products/Debug-iphonesimulator/boost-for-react-native\"\ \"-F/Users/itechnolabs/Library/Developer/Xcode/DerivedData/Choona-dnghcflyrszrcwfmpfesqspssftx/Build/Products/Debug-iphonesimulator/glog\"\ \"-F/Users/itechnolabs/Library/Developer/Xcode/DerivedData/Choona-dnghcflyrszrcwfmpfesqspssftx/Build/Products/Debug-iphonesimulator/leveldb-library\"\ \"-F/Users/itechnolabs/Library/Developer/Xcode/DerivedData/Choona-dnghcflyrszrcwfmpfesqspssftx/Build/Products/Debug-iphonesimulator/nanopb\"\ \"-F/Users/itechnolabs/Library/Developer/Xcode/DerivedData/Choona-dnghcflyrszrcwfmpfesqspssftx/Build/Products/Debug-iphonesimulator/react-native-app-auth\"\ \"-F/Users/itechnolabs/Library/Developer/Xcode/DerivedData/Choona-dnghcflyrszrcwfmpfesqspssftx/Build/Products/Debug-iphonesimulator/react-native-config\"\ \"-F/Users/itechnolabs/Library/Developer/Xcode/DerivedData/Choona-dnghcflyrszrcwfmpfesqspssftx/Build/Products/Debug-iphonesimulator/react-native-contacts\"\ \"-F/Users/itechnolabs/Library/Developer/Xcode/DerivedData/Choona-dnghcflyrszrcwfmpfesqspssftx/Build/Products/Debug-iphonesimulator/react-native-netinfo\"\ \"-F/Users/itechnolabs/Library/Developer/Xcode/DerivedData/Choona-dnghcflyrszrcwfmpfesqspssftx/Build/Products/Debug-iphonesimulator/react-native-onesignal\"\ \"-F/Users/itechnolabs/Library/Developer/Xcode/DerivedData/Choona-dnghcflyrszrcwfmpfesqspssftx/Build/Products/Debug-iphonesimulator/react-native-safe-area-context\"\ \"-F/Users/itechnolabs/Library/Developer/Xcode/DerivedData/Choona-dnghcflyrszrcwfmpfesqspssftx/Build/Products/Debug-iphonesimulator/react-native-simple-toast\"\ \"-F/Users/itechnolabs/Library/Developer/Xcode/DerivedData/Choona-dnghcflyrszrcwfmpfesqspssftx/Build/Products/Debug-iphonesimulator/react-native-version-info\"\ \"-F/Users/itechnolabs/Library/Developer/Xcode/DerivedData/Choona-dnghcflyrszrcwfmpfesqspssftx/Build/Products/Debug-iphonesimulator/react-native-webview\"
    export OTHER_SWIFT_FLAGS\=\ -D\ COCOAPODS\ -Xcc\ -fmodule-map-file\=\"/Users/itechnolabs/Library/Developer/Xcode/DerivedData/Choona-dnghcflyrszrcwfmpfesqspssftx/Build/Products/Debug-iphonesimulator/Protobuf/Protobuf.modulemap\"\ -Xcc\ -fmodule-map-file\=\"/Users/itechnolabs/Documents/Vijay/choona/ios/Pods/Headers/Public/React/React-Core.modulemap\"\ -Xcc\ -fmodule-map-file\=\"/Users/itechnolabs/Documents/Vijay/choona/ios/Pods/Headers/Public/yoga/Yoga.modulemap\"
    export PACKAGE_TYPE\=com.apple.package-type.wrapper.application
    export PASCAL_STRINGS\=YES
    export PATH\=/Applications/Xcode.app/Contents/SharedFrameworks/SwiftBuild.framework/Versions/A/PlugIns/SWBBuildService.bundle/Contents/PlugIns/SWBUniversalPlatformPlugin.bundle/Contents/Frameworks/SWBUniversalPlatform.framework/Resources:/Applications/Xcode.app/Contents/Developer/Toolchains/XcodeDefault.xctoolchain/usr/bin:/Applications/Xcode.app/Contents/Developer/Toolchains/XcodeDefault.xctoolchain/usr/local/bin:/Applications/Xcode.app/Contents/Developer/Toolchains/XcodeDefault.xctoolchain/usr/libexec:/Applications/Xcode.app/Contents/Developer/Platforms/iPhoneSimulator.platform/usr/bin:/Applications/Xcode.app/Contents/Developer/Platforms/iPhoneSimulator.platform/usr/local/bin:/Applications/Xcode.app/Contents/Developer/Platforms/iPhoneSimulator.platform/Developer/usr/bin:/Applications/Xcode.app/Contents/Developer/Platforms/iPhoneSimulator.platform/Developer/usr/local/bin:/Applications/Xcode.app/Contents/Developer/usr/bin:/Applications/Xcode.app/Contents/Developer/usr/local/bin:/Users/itechnolabs/.antigravity/antigravity/bin:/Users/itechnolabs/.bun/bin:/opt/homebrew/opt/ruby@3.1/bin:/Users/itechnolabs/.yarn/bin:/Users/itechnolabs/.config/yarn/global/node_modules/.bin:/Users/itechnolabs/.nvm/versions/node/v22.21.1/bin:/Library/Frameworks/Python.framework/Versions/3.13/bin:/opt/homebrew/bin:/opt/homebrew/sbin:/Users/itechnolabs/.rbenv/shims:/Users/itechnolabs/.rbenv/bin:/usr/local/bin:/System/Cryptexes/App/usr/bin:/usr/bin:/bin:/usr/sbin:/sbin:/var/run/com.apple.security.cryptexd/codex.system/bootstrap/usr/local/bin:/var/run/com.apple.security.cryptexd/codex.system/bootstrap/usr/bin:/var/run/com.apple.security.cryptexd/codex.system/bootstrap/usr/appleinternal/bin:/opt/X11/bin:/Library/Apple/usr/bin:/Users/itechnolabs/miniconda3/bin:/Users/itechnolabs/miniconda3/condabin:/Users/itechnolabs/Library/Android/sdk/emulator:/Users/itechnolabs/Library/Android/sdk/platform-tools:/Users/itechnolabs/.rvm/bin
    export PATH_PREFIXES_EXCLUDED_FROM_HEADER_DEPENDENCIES\=/usr/include\ /usr/local/include\ /System/Library/Frameworks\ /System/Library/PrivateFrameworks\ /Applications/Xcode.app/Contents/Developer/Headers\ /Applications/Xcode.app/Contents/Developer/SDKs\ /Applications/Xcode.app/Contents/Developer/Platforms
    export PBDEVELOPMENTPLIST_PATH\=ChoonaDev.app/pbdevelopment.plist
    export PER_ARCH_MODULE_FILE_DIR\=/Users/itechnolabs/Library/Developer/Xcode/DerivedData/Choona-dnghcflyrszrcwfmpfesqspssftx/Build/Intermediates.noindex/Choona.build/Debug-iphonesimulator/ChoonaDev.build/Objects-normal/undefined_arch
    export PER_ARCH_OBJECT_FILE_DIR\=/Users/itechnolabs/Library/Developer/Xcode/DerivedData/Choona-dnghcflyrszrcwfmpfesqspssftx/Build/Intermediates.noindex/Choona.build/Debug-iphonesimulator/ChoonaDev.build/Objects-normal/undefined_arch
    export PER_VARIANT_OBJECT_FILE_DIR\=/Users/itechnolabs/Library/Developer/Xcode/DerivedData/Choona-dnghcflyrszrcwfmpfesqspssftx/Build/Intermediates.noindex/Choona.build/Debug-iphonesimulator/ChoonaDev.build/Objects-normal
    export PKGINFO_FILE_PATH\=/Users/itechnolabs/Library/Developer/Xcode/DerivedData/Choona-dnghcflyrszrcwfmpfesqspssftx/Build/Intermediates.noindex/Choona.build/Debug-iphonesimulator/ChoonaDev.build/PkgInfo
    export PKGINFO_PATH\=ChoonaDev.app/PkgInfo
    export PLATFORM_DEVELOPER_APPLICATIONS_DIR\=/Applications/Xcode.app/Contents/Developer/Platforms/iPhoneSimulator.platform/Developer/Applications
    export PLATFORM_DEVELOPER_BIN_DIR\=/Applications/Xcode.app/Contents/Developer/Platforms/iPhoneSimulator.platform/Developer/usr/bin
    export PLATFORM_DEVELOPER_LIBRARY_DIR\=/Applications/Xcode.app/Contents/Developer/Platforms/iPhoneSimulator.platform/Developer/Library
    export PLATFORM_DEVELOPER_SDK_DIR\=/Applications/Xcode.app/Contents/Developer/Platforms/iPhoneSimulator.platform/Developer/SDKs
    export PLATFORM_DEVELOPER_TOOLS_DIR\=/Applications/Xcode.app/Contents/Developer/Platforms/iPhoneSimulator.platform/Developer/Tools
    export PLATFORM_DEVELOPER_USR_DIR\=/Applications/Xcode.app/Contents/Developer/Platforms/iPhoneSimulator.platform/Developer/usr
    export PLATFORM_DIR\=/Applications/Xcode.app/Contents/Developer/Platforms/iPhoneSimulator.platform
    export PLATFORM_DISPLAY_NAME\=iOS\ Simulator
    export PLATFORM_FAMILY_NAME\=iOS
    export PLATFORM_NAME\=iphonesimulator
    export PLATFORM_PREFERRED_ARCH\=x86_64
    export PLATFORM_PRODUCT_BUILD_VERSION\=23B77
    export PLATFORM_REQUIRES_SWIFT_AUTOLINK_EXTRACT\=NO
    export PLATFORM_REQUIRES_SWIFT_MODULEWRAP\=NO
    export PLIST_FILE_OUTPUT_FORMAT\=binary
    export PLUGINS_FOLDER_PATH\=ChoonaDev.app/PlugIns
    export PODS_BUILD_DIR\=/Users/itechnolabs/Library/Developer/Xcode/DerivedData/Choona-dnghcflyrszrcwfmpfesqspssftx/Build/Products
    export PODS_CONFIGURATION_BUILD_DIR\=/Users/itechnolabs/Library/Developer/Xcode/DerivedData/Choona-dnghcflyrszrcwfmpfesqspssftx/Build/Products/Debug-iphonesimulator
    export PODS_PODFILE_DIR_PATH\=/Users/itechnolabs/Documents/Vijay/choona/ios/.
    export PODS_ROOT\=/Users/itechnolabs/Documents/Vijay/choona/ios/Pods
    export PODS_XCFRAMEWORKS_BUILD_DIR\=/Users/itechnolabs/Library/Developer/Xcode/DerivedData/Choona-dnghcflyrszrcwfmpfesqspssftx/Build/Products/Debug-iphonesimulator/XCFrameworkIntermediates
    export PRECOMPS_INCLUDE_HEADERS_FROM_BUILT_PRODUCTS_DIR\=YES
    export PRECOMP_DESTINATION_DIR\=/Users/itechnolabs/Library/Developer/Xcode/DerivedData/Choona-dnghcflyrszrcwfmpfesqspssftx/Build/Intermediates.noindex/Choona.build/Debug-iphonesimulator/ChoonaDev.build/PrefixHeaders
    export PRIVATE_HEADERS_FOLDER_PATH\=ChoonaDev.app/PrivateHeaders
    export PROCESSED_INFOPLIST_PATH\=/Users/itechnolabs/Library/Developer/Xcode/DerivedData/Choona-dnghcflyrszrcwfmpfesqspssftx/Build/Intermediates.noindex/Choona.build/Debug-iphonesimulator/ChoonaDev.build/Objects-normal/undefined_arch/Processed-Info.plist
    export PRODUCT_BUNDLE_IDENTIFIER\=com.choonaco.choona.test
    export PRODUCT_BUNDLE_PACKAGE_TYPE\=APPL
    export PRODUCT_MODULE_NAME\=ChoonaDev
    export PRODUCT_NAME\=ChoonaDev
    export PRODUCT_SETTINGS_PATH\=/Users/itechnolabs/Documents/Vijay/choona/ios/Choona\ copy-Info.plist
    export PRODUCT_TYPE\=com.apple.product-type.application
    export PROFILING_CODE\=NO
    export PROJECT\=Choona
    export PROJECT_DERIVED_FILE_DIR\=/Users/itechnolabs/Library/Developer/Xcode/DerivedData/Choona-dnghcflyrszrcwfmpfesqspssftx/Build/Intermediates.noindex/Choona.build/DerivedSources
    export PROJECT_DIR\=/Users/itechnolabs/Documents/Vijay/choona/ios
    export PROJECT_FILE_PATH\=/Users/itechnolabs/Documents/Vijay/choona/ios/Choona.xcodeproj
    export PROJECT_GUID\=b3333ec9bb56751424aca746aa23e0ca
    export PROJECT_NAME\=Choona
    export PROJECT_TEMP_DIR\=/Users/itechnolabs/Library/Developer/Xcode/DerivedData/Choona-dnghcflyrszrcwfmpfesqspssftx/Build/Intermediates.noindex/Choona.build
    export PROJECT_TEMP_ROOT\=/Users/itechnolabs/Library/Developer/Xcode/DerivedData/Choona-dnghcflyrszrcwfmpfesqspssftx/Build/Intermediates.noindex
    export PROVISIONING_PROFILE_REQUIRED\=NO
    export PROVISIONING_PROFILE_REQUIRED_YES_YES\=YES
    export PROVISIONING_PROFILE_SUPPORTED\=YES
    export PUBLIC_HEADERS_FOLDER_PATH\=ChoonaDev.app/Headers
    export RECOMMENDED_IPHONEOS_DEPLOYMENT_TARGET\=15.0
    export RECURSIVE_SEARCH_PATHS_FOLLOW_SYMLINKS\=YES
    export REMOVE_CVS_FROM_RESOURCES\=YES
    export REMOVE_GIT_FROM_RESOURCES\=YES
    export REMOVE_HEADERS_FROM_EMBEDDED_BUNDLES\=YES
    export REMOVE_HG_FROM_RESOURCES\=YES
    export REMOVE_STATIC_EXECUTABLES_FROM_EMBEDDED_BUNDLES\=YES
    export REMOVE_SVN_FROM_RESOURCES\=YES
    export RESCHEDULE_INDEPENDENT_HEADERS_PHASES\=YES
    export REZ_COLLECTOR_DIR\=/Users/itechnolabs/Library/Developer/Xcode/DerivedData/Choona-dnghcflyrszrcwfmpfesqspssftx/Build/Intermediates.noindex/Choona.build/Debug-iphonesimulator/ChoonaDev.build/ResourceManagerResources
    export REZ_OBJECTS_DIR\=/Users/itechnolabs/Library/Developer/Xcode/DerivedData/Choona-dnghcflyrszrcwfmpfesqspssftx/Build/Intermediates.noindex/Choona.build/Debug-iphonesimulator/ChoonaDev.build/ResourceManagerResources/Objects
    export REZ_SEARCH_PATHS\=/Users/itechnolabs/Library/Developer/Xcode/DerivedData/Choona-dnghcflyrszrcwfmpfesqspssftx/Build/Products/Debug-iphonesimulator\ 
    export RUNTIME_EXCEPTION_ALLOW_DYLD_ENVIRONMENT_VARIABLES\=NO
    export RUNTIME_EXCEPTION_ALLOW_JIT\=NO
    export RUNTIME_EXCEPTION_ALLOW_UNSIGNED_EXECUTABLE_MEMORY\=NO
    export RUNTIME_EXCEPTION_DEBUGGING_TOOL\=NO
    export RUNTIME_EXCEPTION_DISABLE_EXECUTABLE_PAGE_PROTECTION\=NO
    export RUNTIME_EXCEPTION_DISABLE_LIBRARY_VALIDATION\=NO
    export SCAN_ALL_SOURCE_FILES_FOR_INCLUDES\=NO
    export SCRIPTS_FOLDER_PATH\=ChoonaDev.app/Scripts
    export SCRIPT_INPUT_FILE_COUNT\=0
    export SCRIPT_INPUT_FILE_LIST_COUNT\=0
    export SCRIPT_OUTPUT_FILE_COUNT\=0
    export SCRIPT_OUTPUT_FILE_LIST_COUNT\=0
    export SDKROOT\=/Applications/Xcode.app/Contents/Developer/Platforms/iPhoneSimulator.platform/Developer/SDKs/iPhoneSimulator26.1.sdk
    export SDK_DIR\=/Applications/Xcode.app/Contents/Developer/Platforms/iPhoneSimulator.platform/Developer/SDKs/iPhoneSimulator26.1.sdk
    export SDK_DIR_iphonesimulator\=/Applications/Xcode.app/Contents/Developer/Platforms/iPhoneSimulator.platform/Developer/SDKs/iPhoneSimulator26.1.sdk
    export SDK_DIR_iphonesimulator26_1\=/Applications/Xcode.app/Contents/Developer/Platforms/iPhoneSimulator.platform/Developer/SDKs/iPhoneSimulator26.1.sdk
    export SDK_NAME\=iphonesimulator26.1
    export SDK_NAMES\=iphonesimulator26.1
    export SDK_PRODUCT_BUILD_VERSION\=23B77
    export SDK_STAT_CACHE_DIR\=/Users/itechnolabs/Library/Developer/Xcode/DerivedData
    export SDK_STAT_CACHE_ENABLE\=YES
    export SDK_STAT_CACHE_PATH\=/Users/itechnolabs/Library/Developer/Xcode/DerivedData/SDKStatCaches.noindex/iphonesimulator26.1-23B77-90cf18a4295e390e64c810bc6bd7acbc.sdkstatcache
    export SDK_VERSION\=26.1
    export SDK_VERSION_ACTUAL\=260100
    export SDK_VERSION_MAJOR\=260000
    export SDK_VERSION_MINOR\=260100
    export SED\=/usr/bin/sed
    export SEPARATE_STRIP\=NO
    export SEPARATE_SYMBOL_EDIT\=NO
    export SET_DIR_MODE_OWNER_GROUP\=YES
    export SET_FILE_MODE_OWNER_GROUP\=NO
    export SHALLOW_BUNDLE\=YES
    export SHALLOW_BUNDLE_TRIPLE\=ios-simulator
    export SHALLOW_BUNDLE_ios_macabi\=NO
    export SHALLOW_BUNDLE_macos\=NO
    export SHARED_DERIVED_FILE_DIR\=/Users/itechnolabs/Library/Developer/Xcode/DerivedData/Choona-dnghcflyrszrcwfmpfesqspssftx/Build/Products/Debug-iphonesimulator/DerivedSources
    export SHARED_FRAMEWORKS_FOLDER_PATH\=ChoonaDev.app/SharedFrameworks
    export SHARED_PRECOMPS_DIR\=/Users/itechnolabs/Library/Developer/Xcode/DerivedData/Choona-dnghcflyrszrcwfmpfesqspssftx/Build/Intermediates.noindex/PrecompiledHeaders
    export SHARED_SUPPORT_FOLDER_PATH\=ChoonaDev.app/SharedSupport
    export SKIP_INSTALL\=NO
    export SOURCE_ROOT\=/Users/itechnolabs/Documents/Vijay/choona/ios
    export SRCROOT\=/Users/itechnolabs/Documents/Vijay/choona/ios
    export STRINGSDATA_DIR\=/Users/itechnolabs/Library/Developer/Xcode/DerivedData/Choona-dnghcflyrszrcwfmpfesqspssftx/Build/Intermediates.noindex/Choona.build/Debug-iphonesimulator/ChoonaDev.build/Objects-normal/undefined_arch
    export STRINGSDATA_ROOT\=/Users/itechnolabs/Library/Developer/Xcode/DerivedData/Choona-dnghcflyrszrcwfmpfesqspssftx/Build/Intermediates.noindex/Choona.build/Debug-iphonesimulator/ChoonaDev.build
    export STRINGS_FILE_INFOPLIST_RENAME\=YES
    export STRINGS_FILE_OUTPUT_ENCODING\=binary
    export STRING_CATALOG_GENERATE_SYMBOLS\=NO
    export STRIP_BITCODE_FROM_COPIED_FILES\=NO
    export STRIP_INSTALLED_PRODUCT\=NO
    export STRIP_STYLE\=all
    export STRIP_SWIFT_SYMBOLS\=YES
    export SUPPORTED_DEVICE_FAMILIES\=1,2
    export SUPPORTED_PLATFORMS\=iphoneos\ iphonesimulator
    export SUPPORTS_MACCATALYST\=NO
    export SUPPORTS_ON_DEMAND_RESOURCES\=YES
    export SUPPORTS_TEXT_BASED_API\=NO
    export SUPPRESS_WARNINGS\=NO
    export SWIFT_EMIT_CONST_VALUE_PROTOCOLS\=AppIntent\ EntityQuery\ AppEntity\ TransientEntity\ AppEnum\ AppShortcutProviding\ AppShortcutsProvider\ AnyResolverProviding\ AppIntentsPackage\ DynamicOptionsProvider\ _IntentValueRepresentable\ _AssistantIntentsProvider\ _GenerativeFunctionExtractable\ IntentValueQuery\ Resolver\ AppExtension\ ExtensionPointDefining
    export SWIFT_EMIT_LOC_STRINGS\=NO
    export SWIFT_ENABLE_EXPLICIT_MODULES\=YES
    export SWIFT_INCLUDE_PATHS\=/Users/itechnolabs/Library/Developer/Xcode/DerivedData/Choona-dnghcflyrszrcwfmpfesqspssftx/Build/Products/Debug-iphonesimulator\ \ \"/Users/itechnolabs/Library/Developer/Xcode/DerivedData/Choona-dnghcflyrszrcwfmpfesqspssftx/Build/Products/Debug-iphonesimulator/Protobuf\"
    export SWIFT_OBJC_BRIDGING_HEADER\=Choona-Bridging-Header.h
    export SWIFT_OPTIMIZATION_LEVEL\=-Onone
    export SWIFT_PLATFORM_TARGET_PREFIX\=ios
    export SWIFT_RESPONSE_FILE_PATH_normal_arm64\=/Users/itechnolabs/Library/Developer/Xcode/DerivedData/Choona-dnghcflyrszrcwfmpfesqspssftx/Build/Intermediates.noindex/Choona.build/Debug-iphonesimulator/ChoonaDev.build/Objects-normal/arm64/ChoonaDev.SwiftFileList
    export SWIFT_VERSION\=5.0
    export SYMROOT\=/Users/itechnolabs/Library/Developer/Xcode/DerivedData/Choona-dnghcflyrszrcwfmpfesqspssftx/Build/Products
    export SYSTEM_ADMIN_APPS_DIR\=/Applications/Utilities
    export SYSTEM_APPS_DIR\=/Applications
    export SYSTEM_CORE_SERVICES_DIR\=/System/Library/CoreServices
    export SYSTEM_DEMOS_DIR\=/Applications/Extras
    export SYSTEM_DEVELOPER_APPS_DIR\=/Applications/Xcode.app/Contents/Developer/Applications
    export SYSTEM_DEVELOPER_BIN_DIR\=/Applications/Xcode.app/Contents/Developer/usr/bin
    export SYSTEM_DEVELOPER_DEMOS_DIR\=/Applications/Xcode.app/Contents/Developer/Applications/Utilities/Built\ Examples
    export SYSTEM_DEVELOPER_DIR\=/Applications/Xcode.app/Contents/Developer
    export SYSTEM_DEVELOPER_DOC_DIR\=/Applications/Xcode.app/Contents/Developer/ADC\ Reference\ Library
    export SYSTEM_DEVELOPER_GRAPHICS_TOOLS_DIR\=/Applications/Xcode.app/Contents/Developer/Applications/Graphics\ Tools
    export SYSTEM_DEVELOPER_JAVA_TOOLS_DIR\=/Applications/Xcode.app/Contents/Developer/Applications/Java\ Tools
    export SYSTEM_DEVELOPER_PERFORMANCE_TOOLS_DIR\=/Applications/Xcode.app/Contents/Developer/Applications/Performance\ Tools
    export SYSTEM_DEVELOPER_RELEASENOTES_DIR\=/Applications/Xcode.app/Contents/Developer/ADC\ Reference\ Library/releasenotes
    export SYSTEM_DEVELOPER_TOOLS\=/Applications/Xcode.app/Contents/Developer/Tools
    export SYSTEM_DEVELOPER_TOOLS_DOC_DIR\=/Applications/Xcode.app/Contents/Developer/ADC\ Reference\ Library/documentation/DeveloperTools
    export SYSTEM_DEVELOPER_TOOLS_RELEASENOTES_DIR\=/Applications/Xcode.app/Contents/Developer/ADC\ Reference\ Library/releasenotes/DeveloperTools
    export SYSTEM_DEVELOPER_USR_DIR\=/Applications/Xcode.app/Contents/Developer/usr
    export SYSTEM_DEVELOPER_UTILITIES_DIR\=/Applications/Xcode.app/Contents/Developer/Applications/Utilities
    export SYSTEM_DEXT_INSTALL_PATH\=/System/Library/DriverExtensions
    export SYSTEM_DOCUMENTATION_DIR\=/Library/Documentation
    export SYSTEM_EXTENSIONS_FOLDER_PATH\=ChoonaDev.app/SystemExtensions
    export SYSTEM_EXTENSIONS_FOLDER_PATH_SHALLOW_BUNDLE_NO\=ChoonaDev.app/Library/SystemExtensions
    export SYSTEM_EXTENSIONS_FOLDER_PATH_SHALLOW_BUNDLE_YES\=ChoonaDev.app/SystemExtensions
    export SYSTEM_KEXT_INSTALL_PATH\=/System/Library/Extensions
    export SYSTEM_LIBRARY_DIR\=/System/Library
    export TAPI_DEMANGLE\=YES
    export TAPI_ENABLE_PROJECT_HEADERS\=NO
    export TAPI_LANGUAGE\=objective-c
    export TAPI_LANGUAGE_STANDARD\=compiler-default
    export TAPI_USE_SRCROOT\=YES
    export TAPI_VERIFY_MODE\=Pedantic
    export TARGETED_DEVICE_FAMILY\=1
    export TARGETNAME\=ChoonaDev
    export TARGET_BUILD_DIR\=/Users/itechnolabs/Library/Developer/Xcode/DerivedData/Choona-dnghcflyrszrcwfmpfesqspssftx/Build/Products/Debug-iphonesimulator
    export TARGET_NAME\=ChoonaDev
    export TARGET_TEMP_DIR\=/Users/itechnolabs/Library/Developer/Xcode/DerivedData/Choona-dnghcflyrszrcwfmpfesqspssftx/Build/Intermediates.noindex/Choona.build/Debug-iphonesimulator/ChoonaDev.build
    export TEMP_DIR\=/Users/itechnolabs/Library/Developer/Xcode/DerivedData/Choona-dnghcflyrszrcwfmpfesqspssftx/Build/Intermediates.noindex/Choona.build/Debug-iphonesimulator/ChoonaDev.build
    export TEMP_FILES_DIR\=/Users/itechnolabs/Library/Developer/Xcode/DerivedData/Choona-dnghcflyrszrcwfmpfesqspssftx/Build/Intermediates.noindex/Choona.build/Debug-iphonesimulator/ChoonaDev.build
    export TEMP_FILE_DIR\=/Users/itechnolabs/Library/Developer/Xcode/DerivedData/Choona-dnghcflyrszrcwfmpfesqspssftx/Build/Intermediates.noindex/Choona.build/Debug-iphonesimulator/ChoonaDev.build
    export TEMP_ROOT\=/Users/itechnolabs/Library/Developer/Xcode/DerivedData/Choona-dnghcflyrszrcwfmpfesqspssftx/Build/Intermediates.noindex
    export TEMP_SANDBOX_DIR\=/Users/itechnolabs/Library/Developer/Xcode/DerivedData/Choona-dnghcflyrszrcwfmpfesqspssftx/Build/Intermediates.noindex/TemporaryTaskSandboxes
    export TEST_FRAMEWORK_SEARCH_PATHS\=\ /Applications/Xcode.app/Contents/Developer/Platforms/iPhoneSimulator.platform/Developer/Library/Frameworks\ /Applications/Xcode.app/Contents/Developer/Platforms/iPhoneSimulator.platform/Developer/SDKs/iPhoneSimulator26.1.sdk/Developer/Library/Frameworks
    export TEST_LIBRARY_SEARCH_PATHS\=\ /Applications/Xcode.app/Contents/Developer/Platforms/iPhoneSimulator.platform/Developer/usr/lib
    export TOOLCHAINS\=com.apple.dt.toolchain.XcodeDefault
    export TOOLCHAIN_DIR\=/Applications/Xcode.app/Contents/Developer/Toolchains/XcodeDefault.xctoolchain
    export TREAT_MISSING_BASELINES_AS_TEST_FAILURES\=NO
    export TREAT_MISSING_SCRIPT_PHASE_OUTPUTS_AS_ERRORS\=NO
    export TeamIdentifierPrefix\=6DGAY84NFN.
    export UID\=501
    export UNINSTALLED_PRODUCTS_DIR\=/Users/itechnolabs/Library/Developer/Xcode/DerivedData/Choona-dnghcflyrszrcwfmpfesqspssftx/Build/Intermediates.noindex/UninstalledProducts
    export UNLOCALIZED_RESOURCES_FOLDER_PATH\=ChoonaDev.app
    export UNLOCALIZED_RESOURCES_FOLDER_PATH_SHALLOW_BUNDLE_NO\=ChoonaDev.app/Resources
    export UNLOCALIZED_RESOURCES_FOLDER_PATH_SHALLOW_BUNDLE_YES\=ChoonaDev.app
    export UNSTRIPPED_PRODUCT\=NO
    export USER\=itechnolabs
    export USER_APPS_DIR\=/Users/itechnolabs/Applications
    export USER_LIBRARY_DIR\=/Users/itechnolabs/Library
    export USE_DYNAMIC_NO_PIC\=YES
    export USE_HEADERMAP\=YES
    export USE_HEADER_SYMLINKS\=NO
    export USE_RECURSIVE_SCRIPT_INPUTS_IN_SCRIPT_PHASES\=YES
    export VALIDATE_DEVELOPMENT_ASSET_PATHS\=YES_ERROR
    export VALIDATE_PRODUCT\=NO
    export VALID_ARCHS\=arm64\ x86_64
    export VERBOSE_PBXCP\=NO
    export VERSIONING_SYSTEM\=apple-generic
    export VERSIONPLIST_PATH\=ChoonaDev.app/version.plist
    export VERSION_INFO_BUILDER\=itechnolabs
    export VERSION_INFO_FILE\=ChoonaDev_vers.c
    export VERSION_INFO_STRING\=\"@\(\#\)PROGRAM:ChoonaDev\ \ PROJECT:Choona-3\"
    export WORKSPACE_DIR\=/Users/itechnolabs/Documents/Vijay/choona/ios
    export WRAPPER_EXTENSION\=app
    export WRAPPER_NAME\=ChoonaDev.app
    export WRAPPER_SUFFIX\=.app
    export WRAP_ASSET_PACKS_IN_SEPARATE_DIRECTORIES\=NO
    export XCODE_APP_SUPPORT_DIR\=/Applications/Xcode.app/Contents/Developer/Library/Xcode
    export XCODE_PRODUCT_BUILD_VERSION\=17B55
    export XCODE_VERSION_ACTUAL\=2610
    export XCODE_VERSION_MAJOR\=2600
    export XCODE_VERSION_MINOR\=2610
    export XPCSERVICES_FOLDER_PATH\=ChoonaDev.app/XPCServices
    export YACC\=yacc
    export _DISCOVER_COMMAND_LINE_LINKER_INPUTS\=YES
    export _DISCOVER_COMMAND_LINE_LINKER_INPUTS_INCLUDE_WL\=YES
    export _LD_MULTIARCH\=YES
    export _WRAPPER_CONTENTS_DIR_SHALLOW_BUNDLE_NO\=/Contents
    export _WRAPPER_PARENT_PATH_SHALLOW_BUNDLE_NO\=/..
    export _WRAPPER_RESOURCES_DIR_SHALLOW_BUNDLE_NO\=/Resources
    export __DIAGNOSE_DEPRECATED_ARCHS\=YES
    export __IS_NOT_MACOS\=YES
    export __IS_NOT_MACOS_macosx\=NO
    export __IS_NOT_SIMULATOR\=NO
    export __IS_NOT_SIMULATOR_simulator\=NO
    export arch\=undefined_arch
    export variant\=normal
    /bin/sh -c /Users/itechnolabs/Library/Developer/Xcode/DerivedData/Choona-dnghcflyrszrcwfmpfesqspssftx/Build/Intermediates.noindex/Choona.build/Debug-iphonesimulator/ChoonaDev.build/Script-2EA70AEABED954A6FC3E0C83.sh
Stripped SwiftUI from GeneratedAssetSymbols.swift

SwiftDriver ChoonaDev normal arm64 com.apple.xcode.tools.swift.compiler (in target 'ChoonaDev' from project 'Choona')
    cd /Users/itechnolabs/Documents/Vijay/choona/ios
    builtin-SwiftDriver -- /Applications/Xcode.app/Contents/Developer/Toolchains/XcodeDefault.xctoolchain/usr/bin/swiftc -module-name ChoonaDev -Onone -enforce-exclusivity\=checked @/Users/itechnolabs/Library/Developer/Xcode/DerivedData/Choona-dnghcflyrszrcwfmpfesqspssftx/Build/Intermediates.noindex/Choona.build/Debug-iphonesimulator/ChoonaDev.build/Objects-normal/arm64/ChoonaDev.SwiftFileList -D COCOAPODS -Xcc -fmodule-map-file\=/Users/itechnolabs/Library/Developer/Xcode/DerivedData/Choona-dnghcflyrszrcwfmpfesqspssftx/Build/Products/Debug-iphonesimulator/Protobuf/Protobuf.modulemap -Xcc -fmodule-map-file\=/Users/itechnolabs/Documents/Vijay/choona/ios/Pods/Headers/Public/React/React-Core.modulemap -Xcc -fmodule-map-file\=/Users/itechnolabs/Documents/Vijay/choona/ios/Pods/Headers/Public/yoga/Yoga.modulemap -enable-bare-slash-regex -enable-experimental-feature DebugDescriptionMacro -sdk /Applications/Xcode.app/Contents/Developer/Platforms/iPhoneSimulator.platform/Developer/SDKs/iPhoneSimulator26.1.sdk -target arm64-apple-ios13.0-simulator -g -module-cache-path /Users/itechnolabs/Library/Developer/Xcode/DerivedData/ModuleCache.noindex -Xfrontend -serialize-debugging-options -enable-testing -index-store-path /Users/itechnolabs/Library/Developer/Xcode/DerivedData/Choona-dnghcflyrszrcwfmpfesqspssftx/Index.noindex/DataStore -Xcc -D_LIBCPP_HARDENING_MODE\=_LIBCPP_HARDENING_MODE_DEBUG -swift-version 5 -I /Users/itechnolabs/Library/Developer/Xcode/DerivedData/Choona-dnghcflyrszrcwfmpfesqspssftx/Build/Products/Debug-iphonesimulator -I /Users/itechnolabs/Library/Developer/Xcode/DerivedData/Choona-dnghcflyrszrcwfmpfesqspssftx/Build/Products/Debug-iphonesimulator/Protobuf -F /Users/itechnolabs/Library/Developer/Xcode/DerivedData/Choona-dnghcflyrszrcwfmpfesqspssftx/Build/Products/Debug-iphonesimulator -F /Users/itechnolabs/Documents/Vijay/choona/ios/Pods/OneSignalXCFramework/iOS_SDK/OneSignalSDK/OneSignal_Core -F /Users/itechnolabs/Documents/Vijay/choona/ios/Pods/OneSignalXCFramework/iOS_SDK/OneSignalSDK/OneSignal_Extension -F /Users/itechnolabs/Documents/Vijay/choona/ios/Pods/OneSignalXCFramework/iOS_SDK/OneSignalSDK/OneSignal_Outcomes -F /Users/itechnolabs/Documents/Vijay/choona/ios/Pods/OneSignalXCFramework/iOS_SDK/OneSignalSDK/OneSignal_XCFramework -F /Users/itechnolabs/Library/Developer/Xcode/DerivedData/Choona-dnghcflyrszrcwfmpfesqspssftx/Build/Products/Debug-iphonesimulator/XCFrameworkIntermediates/OneSignalXCFramework -F /Users/itechnolabs/Library/Developer/Xcode/DerivedData/Choona-dnghcflyrszrcwfmpfesqspssftx/Build/Products/Debug-iphonesimulator/XCFrameworkIntermediates/OneSignalXCFramework/OneSignalCore -F /Users/itechnolabs/Library/Developer/Xcode/DerivedData/Choona-dnghcflyrszrcwfmpfesqspssftx/Build/Products/Debug-iphonesimulator/XCFrameworkIntermediates/OneSignalXCFramework/OneSignalExtension -F /Users/itechnolabs/Library/Developer/Xcode/DerivedData/Choona-dnghcflyrszrcwfmpfesqspssftx/Build/Products/Debug-iphonesimulator/XCFrameworkIntermediates/OneSignalXCFramework/OneSignalOutcomes -c -j8 -enable-batch-mode -incremental -Xcc -ivfsstatcache -Xcc /Users/itechnolabs/Library/Developer/Xcode/DerivedData/SDKStatCaches.noindex/iphonesimulator26.1-23B77-90cf18a4295e390e64c810bc6bd7acbc.sdkstatcache -output-file-map /Users/itechnolabs/Library/Developer/Xcode/DerivedData/Choona-dnghcflyrszrcwfmpfesqspssftx/Build/Intermediates.noindex/Choona.build/Debug-iphonesimulator/ChoonaDev.build/Objects-normal/arm64/ChoonaDev-OutputFileMap.json -use-frontend-parseable-output -save-temps -no-color-diagnostics -explicit-module-build -module-cache-path /Users/itechnolabs/Library/Developer/Xcode/DerivedData/Choona-dnghcflyrszrcwfmpfesqspssftx/Build/Intermediates.noindex/SwiftExplicitPrecompiledModules -clang-scanner-module-cache-path /Users/itechnolabs/Library/Developer/Xcode/DerivedData/ModuleCache.noindex -sdk-module-cache-path /Users/itechnolabs/Library/Developer/Xcode/DerivedData/ModuleCache.noindex -serialize-diagnostics -emit-dependencies -emit-module -emit-module-path /Users/itechnolabs/Library/Developer/Xcode/DerivedData/Choona-dnghcflyrszrcwfmpfesqspssftx/Build/Intermediates.noindex/Choona.build/Debug-iphonesimulator/ChoonaDev.build/Objects-normal/arm64/ChoonaDev.swiftmodule -validate-clang-modules-once -clang-build-session-file /Users/itechnolabs/Library/Developer/Xcode/DerivedData/ModuleCache.noindex/Session.modulevalidation -Xcc -I/Users/itechnolabs/Library/Developer/Xcode/DerivedData/Choona-dnghcflyrszrcwfmpfesqspssftx/Build/Intermediates.noindex/Choona.build/Debug-iphonesimulator/ChoonaDev.build/swift-overrides.hmap -emit-const-values -Xfrontend -const-gather-protocols-file -Xfrontend /Users/itechnolabs/Library/Developer/Xcode/DerivedData/Choona-dnghcflyrszrcwfmpfesqspssftx/Build/Intermediates.noindex/Choona.build/Debug-iphonesimulator/ChoonaDev.build/Objects-normal/arm64/ChoonaDev_const_extract_protocols.json -Xcc -iquote -Xcc /Users/itechnolabs/Library/Developer/Xcode/DerivedData/Choona-dnghcflyrszrcwfmpfesqspssftx/Build/Intermediates.noindex/Choona.build/Debug-iphonesimulator/ChoonaDev.build/ChoonaDev-generated-files.hmap -Xcc -I/Users/itechnolabs/Library/Developer/Xcode/DerivedData/Choona-dnghcflyrszrcwfmpfesqspssftx/Build/Intermediates.noindex/Choona.build/Debug-iphonesimulator/ChoonaDev.build/ChoonaDev-own-target-headers.hmap -Xcc -I/Users/itechnolabs/Library/Developer/Xcode/DerivedData/Choona-dnghcflyrszrcwfmpfesqspssftx/Build/Intermediates.noindex/Choona.build/Debug-iphonesimulator/ChoonaDev.build/ChoonaDev-all-non-framework-target-headers.hmap -Xcc -ivfsoverlay -Xcc /Users/itechnolabs/Library/Developer/Xcode/DerivedData/Choona-dnghcflyrszrcwfmpfesqspssftx/Build/Intermediates.noindex/Choona.build/Debug-iphonesimulator/Choona-b3333ec9bb56751424aca746aa23e0ca-VFS-iphonesimulator/all-product-headers.yaml -Xcc -iquote -Xcc /Users/itechnolabs/Library/Developer/Xcode/DerivedData/Choona-dnghcflyrszrcwfmpfesqspssftx/Build/Intermediates.noindex/Choona.build/Debug-iphonesimulator/ChoonaDev.build/ChoonaDev-project-headers.hmap -Xcc -I/Users/itechnolabs/Library/Developer/Xcode/DerivedData/Choona-dnghcflyrszrcwfmpfesqspssftx/Build/Products/Debug-iphonesimulator/include -Xcc -I/Users/itechnolabs/Documents/Vijay/choona/ios/Pods/Headers/Public -Xcc -I/Users/itechnolabs/Documents/Vijay/choona/ios/Pods/Headers/Public/AppAuth -Xcc -I/Users/itechnolabs/Documents/Vijay/choona/ios/Pods/Headers/Public/BVLinearGradient -Xcc -I/Users/itechnolabs/Documents/Vijay/choona/ios/Pods/Headers/Public/DoubleConversion -Xcc -I/Users/itechnolabs/Documents/Vijay/choona/ios/Pods/Headers/Public/FBLazyVector -Xcc -I/Users/itechnolabs/Documents/Vijay/choona/ios/Pods/Headers/Public/FBReactNativeSpec -Xcc -I/Users/itechnolabs/Documents/Vijay/choona/ios/Pods/Headers/Public/Firebase -Xcc -I/Users/itechnolabs/Documents/Vijay/choona/ios/Pods/Headers/Public/FirebaseCore -Xcc -I/Users/itechnolabs/Documents/Vijay/choona/ios/Pods/Headers/Public/FirebaseCoreDiagnostics -Xcc -I/Users/itechnolabs/Documents/Vijay/choona/ios/Pods/Headers/Public/FirebaseDatabase -Xcc -I/Users/itechnolabs/Documents/Vijay/choona/ios/Pods/Headers/Public/FirebaseInstallations -Xcc -I/Users/itechnolabs/Documents/Vijay/choona/ios/Pods/Headers/Public/FirebaseInstanceID -Xcc -I/Users/itechnolabs/Documents/Vijay/choona/ios/Pods/Headers/Public/FirebaseMessaging -Xcc -I/Users/itechnolabs/Documents/Vijay/choona/ios/Pods/Headers/Public/GoogleDataTransport -Xcc -I/Users/itechnolabs/Documents/Vijay/choona/ios/Pods/Headers/Public/GoogleUtilities -Xcc -I/Users/itechnolabs/Documents/Vijay/choona/ios/Pods/Headers/Public/PromisesObjC -Xcc -I/Users/itechnolabs/Documents/Vijay/choona/ios/Pods/Headers/Public/Protobuf -Xcc -I/Users/itechnolabs/Documents/Vijay/choona/ios/Pods/Headers/Public/RCT-Folly -Xcc -I/Users/itechnolabs/Documents/Vijay/choona/ios/Pods/Headers/Public/RCTRequired -Xcc -I/Users/itechnolabs/Documents/Vijay/choona/ios/Pods/Headers/Public/RCTTypeSafety -Xcc -I/Users/itechnolabs/Documents/Vijay/choona/ios/Pods/Headers/Public/RNAppleAuthentication -Xcc -I/Users/itechnolabs/Documents/Vijay/choona/ios/Pods/Headers/Public/RNCAsyncStorage -Xcc -I/Users/itechnolabs/Documents/Vijay/choona/ios/Pods/Headers/Public/RNCMaskedView -Xcc -I/Users/itechnolabs/Documents/Vijay/choona/ios/Pods/Headers/Public/RNDeviceInfo -Xcc -I/Users/itechnolabs/Documents/Vijay/choona/ios/Pods/Headers/Public/RNFBApp -Xcc -I/Users/itechnolabs/Documents/Vijay/choona/ios/Pods/Headers/Public/RNFBDatabase -Xcc -I/Users/itechnolabs/Documents/Vijay/choona/ios/Pods/Headers/Public/RNFBMessaging -Xcc -I/Users/itechnolabs/Documents/Vijay/choona/ios/Pods/Headers/Public/RNGestureHandler -Xcc -I/Users/itechnolabs/Documents/Vijay/choona/ios/Pods/Headers/Public/RNImageCropPicker -Xcc -I/Users/itechnolabs/Documents/Vijay/choona/ios/Pods/Headers/Public/RNPermissions -Xcc -I/Users/itechnolabs/Documents/Vijay/choona/ios/Pods/Headers/Public/RNReanimated -Xcc -I/Users/itechnolabs/Documents/Vijay/choona/ios/Pods/Headers/Public/RNScreens -Xcc -I/Users/itechnolabs/Documents/Vijay/choona/ios/Pods/Headers/Public/RNSound -Xcc -I/Users/itechnolabs/Documents/Vijay/choona/ios/Pods/Headers/Public/RSKImageCropper -Xcc -I/Users/itechnolabs/Documents/Vijay/choona/ios/Pods/Headers/Public/React-Core -Xcc -I/Users/itechnolabs/Documents/Vijay/choona/ios/Pods/Headers/Public/React-RCTBlob -Xcc -I/Users/itechnolabs/Documents/Vijay/choona/ios/Pods/Headers/Public/React-RCTText -Xcc -I/Users/itechnolabs/Documents/Vijay/choona/ios/Pods/Headers/Public/React-callinvoker -Xcc -I/Users/itechnolabs/Documents/Vijay/choona/ios/Pods/Headers/Public/React-cxxreact -Xcc -I/Users/itechnolabs/Documents/Vijay/choona/ios/Pods/Headers/Public/React-jsi -Xcc -I/Users/itechnolabs/Documents/Vijay/choona/ios/Pods/Headers/Public/React-jsiexecutor -Xcc -I/Users/itechnolabs/Documents/Vijay/choona/ios/Pods/Headers/Public/React-jsinspector -Xcc -I/Users/itechnolabs/Documents/Vijay/choona/ios/Pods/Headers/Public/React-perflogger -Xcc -I/Users/itechnolabs/Documents/Vijay/choona/ios/Pods/Headers/Public/React-runtimeexecutor -Xcc -I/Users/itechnolabs/Documents/Vijay/choona/ios/Pods/Headers/Public/ReactCommon -Xcc -I/Users/itechnolabs/Documents/Vijay/choona/ios/Pods/Headers/Public/Toast -Xcc -I/Users/itechnolabs/Documents/Vijay/choona/ios/Pods/Headers/Public/Yoga -Xcc -I/Users/itechnolabs/Documents/Vijay/choona/ios/Pods/Headers/Public/glog -Xcc -I/Users/itechnolabs/Documents/Vijay/choona/ios/Pods/Headers/Public/leveldb-library -Xcc -I/Users/itechnolabs/Documents/Vijay/choona/ios/Pods/Headers/Public/nanopb -Xcc -I/Users/itechnolabs/Documents/Vijay/choona/ios/Pods/Headers/Public/react-native-app-auth -Xcc -I/Users/itechnolabs/Documents/Vijay/choona/ios/Pods/Headers/Public/react-native-config -Xcc -I/Users/itechnolabs/Documents/Vijay/choona/ios/Pods/Headers/Public/react-native-contacts -Xcc -I/Users/itechnolabs/Documents/Vijay/choona/ios/Pods/Headers/Public/react-native-netinfo -Xcc -I/Users/itechnolabs/Documents/Vijay/choona/ios/Pods/Headers/Public/react-native-onesignal -Xcc -I/Users/itechnolabs/Documents/Vijay/choona/ios/Pods/Headers/Public/react-native-safe-area-context -Xcc -I/Users/itechnolabs/Documents/Vijay/choona/ios/Pods/Headers/Public/react-native-version-info -Xcc -I/Users/itechnolabs/Documents/Vijay/choona/ios/Pods/Headers/Public/react-native-webview -Xcc -I/Users/itechnolabs/Documents/Vijay/choona/ios/Pods/Firebase/CoreOnly/Sources -Xcc -I/Sources/FBLPromises/include -Xcc -I/Users/itechnolabs/Documents/Vijay/choona/ios/Pods/boost-for-react-native -Xcc -I/Users/itechnolabs/Documents/Vijay/choona/ios/Pods/boost -Xcc -I/Users/itechnolabs/Documents/Vijay/choona/ios/Pods/boost-for-react-native -Xcc -I/Users/itechnolabs/Documents/Vijay/choona/ios/Pods/glog -Xcc -I/Users/itechnolabs/Documents/Vijay/choona/ios/Pods/RCT-Folly -Xcc -I/Users/itechnolabs/Documents/Vijay/choona/ios/Pods/Headers/Public/React-hermes -Xcc -I/Users/itechnolabs/Documents/Vijay/choona/ios/Pods/Headers/Public/hermes-engine -Xcc -I/Users/itechnolabs/Documents/Vijay/choona/ios/Pods/Headers/Private/React-Core -Xcc -I/Users/itechnolabs/Library/Developer/Xcode/DerivedData/Choona-dnghcflyrszrcwfmpfesqspssftx/Build/Intermediates.noindex/Choona.build/Debug-iphonesimulator/ChoonaDev.build/DerivedSources-normal/arm64 -Xcc -I/Users/itechnolabs/Library/Developer/Xcode/DerivedData/Choona-dnghcflyrszrcwfmpfesqspssftx/Build/Intermediates.noindex/Choona.build/Debug-iphonesimulator/ChoonaDev.build/DerivedSources/arm64 -Xcc -I/Users/itechnolabs/Library/Developer/Xcode/DerivedData/Choona-dnghcflyrszrcwfmpfesqspssftx/Build/Intermediates.noindex/Choona.build/Debug-iphonesimulator/ChoonaDev.build/DerivedSources -Xcc -DDEBUG\=1 -Xcc -DCOCOAPODS\=1 -Xcc -DDEBUG\=1 -Xcc -DGPB_USE_PROTOBUF_FRAMEWORK_IMPORTS\=1 -Xcc -DDEBUG\=1 -Xcc -DPB_FIELD_32BIT\=1 -Xcc -DPB_NO_PACKED_STRUCTS\=1 -Xcc -DPB_ENABLE_MALLOC\=1 -Xcc -DFB_SONARKIT_ENABLED\=1 -emit-objc-header -emit-objc-header-path /Users/itechnolabs/Library/Developer/Xcode/DerivedData/Choona-dnghcflyrszrcwfmpfesqspssftx/Build/Intermediates.noindex/Choona.build/Debug-iphonesimulator/ChoonaDev.build/Objects-normal/arm64/ChoonaDev-Swift.h -import-objc-header /Users/itechnolabs/Documents/Vijay/choona/ios/Choona-Bridging-Header.h -working-directory /Users/itechnolabs/Documents/Vijay/choona/ios -experimental-emit-module-separately -disable-cmo

ProcessInfoPlistFile /Users/itechnolabs/Library/Developer/Xcode/DerivedData/Choona-dnghcflyrszrcwfmpfesqspssftx/Build/Products/Debug-iphonesimulator/ChoonaDev.app/Info.plist /Users/itechnolabs/Documents/Vijay/choona/ios/Choona\ copy-Info.plist (in target 'ChoonaDev' from project 'Choona')
    cd /Users/itechnolabs/Documents/Vijay/choona/ios
    builtin-infoPlistUtility /Users/itechnolabs/Documents/Vijay/choona/ios/Choona\ copy-Info.plist -producttype com.apple.product-type.application -genpkginfo /Users/itechnolabs/Library/Developer/Xcode/DerivedData/Choona-dnghcflyrszrcwfmpfesqspssftx/Build/Products/Debug-iphonesimulator/ChoonaDev.app/PkgInfo -expandbuildsettings -format binary -platform iphonesimulator -additionalcontentfile /Users/itechnolabs/Library/Developer/Xcode/DerivedData/Choona-dnghcflyrszrcwfmpfesqspssftx/Build/Intermediates.noindex/Choona.build/Debug-iphonesimulator/ChoonaDev.build/LaunchScreen-SBPartialInfo.plist -additionalcontentfile /Users/itechnolabs/Library/Developer/Xcode/DerivedData/Choona-dnghcflyrszrcwfmpfesqspssftx/Build/Intermediates.noindex/Choona.build/Debug-iphonesimulator/ChoonaDev.build/assetcatalog_generated_info.plist -o /Users/itechnolabs/Library/Developer/Xcode/DerivedData/Choona-dnghcflyrszrcwfmpfesqspssftx/Build/Products/Debug-iphonesimulator/ChoonaDev.app/Info.plist

SwiftGeneratePch normal arm64 Compiling\ bridging\ header (in target 'ChoonaDev' from project 'Choona')

SwiftDriverJobDiscovery normal arm64 Compiling bridging header (in target 'ChoonaDev' from project 'Choona')

SwiftEmitModule normal arm64 Emitting\ module\ for\ ChoonaDev (in target 'ChoonaDev' from project 'Choona')

EmitSwiftModule normal arm64 (in target 'ChoonaDev' from project 'Choona')
    cd /Users/itechnolabs/Documents/Vijay/choona/ios
    

SwiftCompile normal arm64 Compiling\ Empty.swift /Users/itechnolabs/Documents/Vijay/choona/ios/Empty.swift (in target 'ChoonaDev' from project 'Choona')

SwiftCompile normal arm64 /Users/itechnolabs/Documents/Vijay/choona/ios/Empty.swift (in target 'ChoonaDev' from project 'Choona')
    cd /Users/itechnolabs/Documents/Vijay/choona/ios
    

SwiftCompile normal arm64 Compiling\ GeneratedAssetSymbols.swift /Users/itechnolabs/Library/Developer/Xcode/DerivedData/Choona-dnghcflyrszrcwfmpfesqspssftx/Build/Intermediates.noindex/Choona.build/Debug-iphonesimulator/ChoonaDev.build/DerivedSources/GeneratedAssetSymbols.swift (in target 'ChoonaDev' from project 'Choona')
SwiftCompile normal arm64 /Users/itechnolabs/Library/Developer/Xcode/DerivedData/Choona-dnghcflyrszrcwfmpfesqspssftx/Build/Intermediates.noindex/Choona.build/Debug-iphonesimulator/ChoonaDev.build/DerivedSources/GeneratedAssetSymbols.swift (in target 'ChoonaDev' from project 'Choona')
    cd /Users/itechnolabs/Documents/Vijay/choona/ios
    

SwiftDriverJobDiscovery normal arm64 Compiling Empty.swift (in target 'ChoonaDev' from project 'Choona')

SwiftDriverJobDiscovery normal arm64 Emitting module for ChoonaDev (in target 'ChoonaDev' from project 'Choona')

SwiftDriver\ Compilation\ Requirements ChoonaDev normal arm64 com.apple.xcode.tools.swift.compiler (in target 'ChoonaDev' from project 'Choona')
    cd /Users/itechnolabs/Documents/Vijay/choona/ios
    builtin-Swift-Compilation-Requirements -- /Applications/Xcode.app/Contents/Developer/Toolchains/XcodeDefault.xctoolchain/usr/bin/swiftc -module-name ChoonaDev -Onone -enforce-exclusivity\=checked @/Users/itechnolabs/Library/Developer/Xcode/DerivedData/Choona-dnghcflyrszrcwfmpfesqspssftx/Build/Intermediates.noindex/Choona.build/Debug-iphonesimulator/ChoonaDev.build/Objects-normal/arm64/ChoonaDev.SwiftFileList -D COCOAPODS -Xcc -fmodule-map-file\=/Users/itechnolabs/Library/Developer/Xcode/DerivedData/Choona-dnghcflyrszrcwfmpfesqspssftx/Build/Products/Debug-iphonesimulator/Protobuf/Protobuf.modulemap -Xcc -fmodule-map-file\=/Users/itechnolabs/Documents/Vijay/choona/ios/Pods/Headers/Public/React/React-Core.modulemap -Xcc -fmodule-map-file\=/Users/itechnolabs/Documents/Vijay/choona/ios/Pods/Headers/Public/yoga/Yoga.modulemap -enable-bare-slash-regex -enable-experimental-feature DebugDescriptionMacro -sdk /Applications/Xcode.app/Contents/Developer/Platforms/iPhoneSimulator.platform/Developer/SDKs/iPhoneSimulator26.1.sdk -target arm64-apple-ios13.0-simulator -g -module-cache-path /Users/itechnolabs/Library/Developer/Xcode/DerivedData/ModuleCache.noindex -Xfrontend -serialize-debugging-options -enable-testing -index-store-path /Users/itechnolabs/Library/Developer/Xcode/DerivedData/Choona-dnghcflyrszrcwfmpfesqspssftx/Index.noindex/DataStore -Xcc -D_LIBCPP_HARDENING_MODE\=_LIBCPP_HARDENING_MODE_DEBUG -swift-version 5 -I /Users/itechnolabs/Library/Developer/Xcode/DerivedData/Choona-dnghcflyrszrcwfmpfesqspssftx/Build/Products/Debug-iphonesimulator -I /Users/itechnolabs/Library/Developer/Xcode/DerivedData/Choona-dnghcflyrszrcwfmpfesqspssftx/Build/Products/Debug-iphonesimulator/Protobuf -F /Users/itechnolabs/Library/Developer/Xcode/DerivedData/Choona-dnghcflyrszrcwfmpfesqspssftx/Build/Products/Debug-iphonesimulator -F /Users/itechnolabs/Documents/Vijay/choona/ios/Pods/OneSignalXCFramework/iOS_SDK/OneSignalSDK/OneSignal_Core -F /Users/itechnolabs/Documents/Vijay/choona/ios/Pods/OneSignalXCFramework/iOS_SDK/OneSignalSDK/OneSignal_Extension -F /Users/itechnolabs/Documents/Vijay/choona/ios/Pods/OneSignalXCFramework/iOS_SDK/OneSignalSDK/OneSignal_Outcomes -F /Users/itechnolabs/Documents/Vijay/choona/ios/Pods/OneSignalXCFramework/iOS_SDK/OneSignalSDK/OneSignal_XCFramework -F /Users/itechnolabs/Library/Developer/Xcode/DerivedData/Choona-dnghcflyrszrcwfmpfesqspssftx/Build/Products/Debug-iphonesimulator/XCFrameworkIntermediates/OneSignalXCFramework -F /Users/itechnolabs/Library/Developer/Xcode/DerivedData/Choona-dnghcflyrszrcwfmpfesqspssftx/Build/Products/Debug-iphonesimulator/XCFrameworkIntermediates/OneSignalXCFramework/OneSignalCore -F /Users/itechnolabs/Library/Developer/Xcode/DerivedData/Choona-dnghcflyrszrcwfmpfesqspssftx/Build/Products/Debug-iphonesimulator/XCFrameworkIntermediates/OneSignalXCFramework/OneSignalExtension -F /Users/itechnolabs/Library/Developer/Xcode/DerivedData/Choona-dnghcflyrszrcwfmpfesqspssftx/Build/Products/Debug-iphonesimulator/XCFrameworkIntermediates/OneSignalXCFramework/OneSignalOutcomes -c -j8 -enable-batch-mode -incremental -Xcc -ivfsstatcache -Xcc /Users/itechnolabs/Library/Developer/Xcode/DerivedData/SDKStatCaches.noindex/iphonesimulator26.1-23B77-90cf18a4295e390e64c810bc6bd7acbc.sdkstatcache -output-file-map /Users/itechnolabs/Library/Developer/Xcode/DerivedData/Choona-dnghcflyrszrcwfmpfesqspssftx/Build/Intermediates.noindex/Choona.build/Debug-iphonesimulator/ChoonaDev.build/Objects-normal/arm64/ChoonaDev-OutputFileMap.json -use-frontend-parseable-output -save-temps -no-color-diagnostics -explicit-module-build -module-cache-path /Users/itechnolabs/Library/Developer/Xcode/DerivedData/Choona-dnghcflyrszrcwfmpfesqspssftx/Build/Intermediates.noindex/SwiftExplicitPrecompiledModules -clang-scanner-module-cache-path /Users/itechnolabs/Library/Developer/Xcode/DerivedData/ModuleCache.noindex -sdk-module-cache-path /Users/itechnolabs/Library/Developer/Xcode/DerivedData/ModuleCache.noindex -serialize-diagnostics -emit-dependencies -emit-module -emit-module-path /Users/itechnolabs/Library/Developer/Xcode/DerivedData/Choona-dnghcflyrszrcwfmpfesqspssftx/Build/Intermediates.noindex/Choona.build/Debug-iphonesimulator/ChoonaDev.build/Objects-normal/arm64/ChoonaDev.swiftmodule -validate-clang-modules-once -clang-build-session-file /Users/itechnolabs/Library/Developer/Xcode/DerivedData/ModuleCache.noindex/Session.modulevalidation -Xcc -I/Users/itechnolabs/Library/Developer/Xcode/DerivedData/Choona-dnghcflyrszrcwfmpfesqspssftx/Build/Intermediates.noindex/Choona.build/Debug-iphonesimulator/ChoonaDev.build/swift-overrides.hmap -emit-const-values -Xfrontend -const-gather-protocols-file -Xfrontend /Users/itechnolabs/Library/Developer/Xcode/DerivedData/Choona-dnghcflyrszrcwfmpfesqspssftx/Build/Intermediates.noindex/Choona.build/Debug-iphonesimulator/ChoonaDev.build/Objects-normal/arm64/ChoonaDev_const_extract_protocols.json -Xcc -iquote -Xcc /Users/itechnolabs/Library/Developer/Xcode/DerivedData/Choona-dnghcflyrszrcwfmpfesqspssftx/Build/Intermediates.noindex/Choona.build/Debug-iphonesimulator/ChoonaDev.build/ChoonaDev-generated-files.hmap -Xcc -I/Users/itechnolabs/Library/Developer/Xcode/DerivedData/Choona-dnghcflyrszrcwfmpfesqspssftx/Build/Intermediates.noindex/Choona.build/Debug-iphonesimulator/ChoonaDev.build/ChoonaDev-own-target-headers.hmap -Xcc -I/Users/itechnolabs/Library/Developer/Xcode/DerivedData/Choona-dnghcflyrszrcwfmpfesqspssftx/Build/Intermediates.noindex/Choona.build/Debug-iphonesimulator/ChoonaDev.build/ChoonaDev-all-non-framework-target-headers.hmap -Xcc -ivfsoverlay -Xcc /Users/itechnolabs/Library/Developer/Xcode/DerivedData/Choona-dnghcflyrszrcwfmpfesqspssftx/Build/Intermediates.noindex/Choona.build/Debug-iphonesimulator/Choona-b3333ec9bb56751424aca746aa23e0ca-VFS-iphonesimulator/all-product-headers.yaml -Xcc -iquote -Xcc /Users/itechnolabs/Library/Developer/Xcode/DerivedData/Choona-dnghcflyrszrcwfmpfesqspssftx/Build/Intermediates.noindex/Choona.build/Debug-iphonesimulator/ChoonaDev.build/ChoonaDev-project-headers.hmap -Xcc -I/Users/itechnolabs/Library/Developer/Xcode/DerivedData/Choona-dnghcflyrszrcwfmpfesqspssftx/Build/Products/Debug-iphonesimulator/include -Xcc -I/Users/itechnolabs/Documents/Vijay/choona/ios/Pods/Headers/Public -Xcc -I/Users/itechnolabs/Documents/Vijay/choona/ios/Pods/Headers/Public/AppAuth -Xcc -I/Users/itechnolabs/Documents/Vijay/choona/ios/Pods/Headers/Public/BVLinearGradient -Xcc -I/Users/itechnolabs/Documents/Vijay/choona/ios/Pods/Headers/Public/DoubleConversion -Xcc -I/Users/itechnolabs/Documents/Vijay/choona/ios/Pods/Headers/Public/FBLazyVector -Xcc -I/Users/itechnolabs/Documents/Vijay/choona/ios/Pods/Headers/Public/FBReactNativeSpec -Xcc -I/Users/itechnolabs/Documents/Vijay/choona/ios/Pods/Headers/Public/Firebase -Xcc -I/Users/itechnolabs/Documents/Vijay/choona/ios/Pods/Headers/Public/FirebaseCore -Xcc -I/Users/itechnolabs/Documents/Vijay/choona/ios/Pods/Headers/Public/FirebaseCoreDiagnostics -Xcc -I/Users/itechnolabs/Documents/Vijay/choona/ios/Pods/Headers/Public/FirebaseDatabase -Xcc -I/Users/itechnolabs/Documents/Vijay/choona/ios/Pods/Headers/Public/FirebaseInstallations -Xcc -I/Users/itechnolabs/Documents/Vijay/choona/ios/Pods/Headers/Public/FirebaseInstanceID -Xcc -I/Users/itechnolabs/Documents/Vijay/choona/ios/Pods/Headers/Public/FirebaseMessaging -Xcc -I/Users/itechnolabs/Documents/Vijay/choona/ios/Pods/Headers/Public/GoogleDataTransport -Xcc -I/Users/itechnolabs/Documents/Vijay/choona/ios/Pods/Headers/Public/GoogleUtilities -Xcc -I/Users/itechnolabs/Documents/Vijay/choona/ios/Pods/Headers/Public/PromisesObjC -Xcc -I/Users/itechnolabs/Documents/Vijay/choona/ios/Pods/Headers/Public/Protobuf -Xcc -I/Users/itechnolabs/Documents/Vijay/choona/ios/Pods/Headers/Public/RCT-Folly -Xcc -I/Users/itechnolabs/Documents/Vijay/choona/ios/Pods/Headers/Public/RCTRequired -Xcc -I/Users/itechnolabs/Documents/Vijay/choona/ios/Pods/Headers/Public/RCTTypeSafety -Xcc -I/Users/itechnolabs/Documents/Vijay/choona/ios/Pods/Headers/Public/RNAppleAuthentication -Xcc -I/Users/itechnolabs/Documents/Vijay/choona/ios/Pods/Headers/Public/RNCAsyncStorage -Xcc -I/Users/itechnolabs/Documents/Vijay/choona/ios/Pods/Headers/Public/RNCMaskedView -Xcc -I/Users/itechnolabs/Documents/Vijay/choona/ios/Pods/Headers/Public/RNDeviceInfo -Xcc -I/Users/itechnolabs/Documents/Vijay/choona/ios/Pods/Headers/Public/RNFBApp -Xcc -I/Users/itechnolabs/Documents/Vijay/choona/ios/Pods/Headers/Public/RNFBDatabase -Xcc -I/Users/itechnolabs/Documents/Vijay/choona/ios/Pods/Headers/Public/RNFBMessaging -Xcc -I/Users/itechnolabs/Documents/Vijay/choona/ios/Pods/Headers/Public/RNGestureHandler -Xcc -I/Users/itechnolabs/Documents/Vijay/choona/ios/Pods/Headers/Public/RNImageCropPicker -Xcc -I/Users/itechnolabs/Documents/Vijay/choona/ios/Pods/Headers/Public/RNPermissions -Xcc -I/Users/itechnolabs/Documents/Vijay/choona/ios/Pods/Headers/Public/RNReanimated -Xcc -I/Users/itechnolabs/Documents/Vijay/choona/ios/Pods/Headers/Public/RNScreens -Xcc -I/Users/itechnolabs/Documents/Vijay/choona/ios/Pods/Headers/Public/RNSound -Xcc -I/Users/itechnolabs/Documents/Vijay/choona/ios/Pods/Headers/Public/RSKImageCropper -Xcc -I/Users/itechnolabs/Documents/Vijay/choona/ios/Pods/Headers/Public/React-Core -Xcc -I/Users/itechnolabs/Documents/Vijay/choona/ios/Pods/Headers/Public/React-RCTBlob -Xcc -I/Users/itechnolabs/Documents/Vijay/choona/ios/Pods/Headers/Public/React-RCTText -Xcc -I/Users/itechnolabs/Documents/Vijay/choona/ios/Pods/Headers/Public/React-callinvoker -Xcc -I/Users/itechnolabs/Documents/Vijay/choona/ios/Pods/Headers/Public/React-cxxreact -Xcc -I/Users/itechnolabs/Documents/Vijay/choona/ios/Pods/Headers/Public/React-jsi -Xcc -I/Users/itechnolabs/Documents/Vijay/choona/ios/Pods/Headers/Public/React-jsiexecutor -Xcc -I/Users/itechnolabs/Documents/Vijay/choona/ios/Pods/Headers/Public/React-jsinspector -Xcc -I/Users/itechnolabs/Documents/Vijay/choona/ios/Pods/Headers/Public/React-perflogger -Xcc -I/Users/itechnolabs/Documents/Vijay/choona/ios/Pods/Headers/Public/React-runtimeexecutor -Xcc -I/Users/itechnolabs/Documents/Vijay/choona/ios/Pods/Headers/Public/ReactCommon -Xcc -I/Users/itechnolabs/Documents/Vijay/choona/ios/Pods/Headers/Public/Toast -Xcc -I/Users/itechnolabs/Documents/Vijay/choona/ios/Pods/Headers/Public/Yoga -Xcc -I/Users/itechnolabs/Documents/Vijay/choona/ios/Pods/Headers/Public/glog -Xcc -I/Users/itechnolabs/Documents/Vijay/choona/ios/Pods/Headers/Public/leveldb-library -Xcc -I/Users/itechnolabs/Documents/Vijay/choona/ios/Pods/Headers/Public/nanopb -Xcc -I/Users/itechnolabs/Documents/Vijay/choona/ios/Pods/Headers/Public/react-native-app-auth -Xcc -I/Users/itechnolabs/Documents/Vijay/choona/ios/Pods/Headers/Public/react-native-config -Xcc -I/Users/itechnolabs/Documents/Vijay/choona/ios/Pods/Headers/Public/react-native-contacts -Xcc -I/Users/itechnolabs/Documents/Vijay/choona/ios/Pods/Headers/Public/react-native-netinfo -Xcc -I/Users/itechnolabs/Documents/Vijay/choona/ios/Pods/Headers/Public/react-native-onesignal -Xcc -I/Users/itechnolabs/Documents/Vijay/choona/ios/Pods/Headers/Public/react-native-safe-area-context -Xcc -I/Users/itechnolabs/Documents/Vijay/choona/ios/Pods/Headers/Public/react-native-version-info -Xcc -I/Users/itechnolabs/Documents/Vijay/choona/ios/Pods/Headers/Public/react-native-webview -Xcc -I/Users/itechnolabs/Documents/Vijay/choona/ios/Pods/Firebase/CoreOnly/Sources -Xcc -I/Sources/FBLPromises/include -Xcc -I/Users/itechnolabs/Documents/Vijay/choona/ios/Pods/boost-for-react-native -Xcc -I/Users/itechnolabs/Documents/Vijay/choona/ios/Pods/boost -Xcc -I/Users/itechnolabs/Documents/Vijay/choona/ios/Pods/boost-for-react-native -Xcc -I/Users/itechnolabs/Documents/Vijay/choona/ios/Pods/glog -Xcc -I/Users/itechnolabs/Documents/Vijay/choona/ios/Pods/RCT-Folly -Xcc -I/Users/itechnolabs/Documents/Vijay/choona/ios/Pods/Headers/Public/React-hermes -Xcc -I/Users/itechnolabs/Documents/Vijay/choona/ios/Pods/Headers/Public/hermes-engine -Xcc -I/Users/itechnolabs/Documents/Vijay/choona/ios/Pods/Headers/Private/React-Core -Xcc -I/Users/itechnolabs/Library/Developer/Xcode/DerivedData/Choona-dnghcflyrszrcwfmpfesqspssftx/Build/Intermediates.noindex/Choona.build/Debug-iphonesimulator/ChoonaDev.build/DerivedSources-normal/arm64 -Xcc -I/Users/itechnolabs/Library/Developer/Xcode/DerivedData/Choona-dnghcflyrszrcwfmpfesqspssftx/Build/Intermediates.noindex/Choona.build/Debug-iphonesimulator/ChoonaDev.build/DerivedSources/arm64 -Xcc -I/Users/itechnolabs/Library/Developer/Xcode/DerivedData/Choona-dnghcflyrszrcwfmpfesqspssftx/Build/Intermediates.noindex/Choona.build/Debug-iphonesimulator/ChoonaDev.build/DerivedSources -Xcc -DDEBUG\=1 -Xcc -DCOCOAPODS\=1 -Xcc -DDEBUG\=1 -Xcc -DGPB_USE_PROTOBUF_FRAMEWORK_IMPORTS\=1 -Xcc -DDEBUG\=1 -Xcc -DPB_FIELD_32BIT\=1 -Xcc -DPB_NO_PACKED_STRUCTS\=1 -Xcc -DPB_ENABLE_MALLOC\=1 -Xcc -DFB_SONARKIT_ENABLED\=1 -emit-objc-header -emit-objc-header-path /Users/itechnolabs/Library/Developer/Xcode/DerivedData/Choona-dnghcflyrszrcwfmpfesqspssftx/Build/Intermediates.noindex/Choona.build/Debug-iphonesimulator/ChoonaDev.build/Objects-normal/arm64/ChoonaDev-Swift.h -import-objc-header /Users/itechnolabs/Documents/Vijay/choona/ios/Choona-Bridging-Header.h -working-directory /Users/itechnolabs/Documents/Vijay/choona/ios -experimental-emit-module-separately -disable-cmo

Copy /Users/itechnolabs/Library/Developer/Xcode/DerivedData/Choona-dnghcflyrszrcwfmpfesqspssftx/Build/Products/Debug-iphonesimulator/ChoonaDev.swiftmodule/arm64-apple-ios-simulator.swiftmodule /Users/itechnolabs/Library/Developer/Xcode/DerivedData/Choona-dnghcflyrszrcwfmpfesqspssftx/Build/Intermediates.noindex/Choona.build/Debug-iphonesimulator/ChoonaDev.build/Objects-normal/arm64/ChoonaDev.swiftmodule (in target 'ChoonaDev' from project 'Choona')
    cd /Users/itechnolabs/Documents/Vijay/choona/ios
    builtin-copy -exclude .DS_Store -exclude CVS -exclude .svn -exclude .git -exclude .hg -resolve-src-symlinks -rename /Users/itechnolabs/Library/Developer/Xcode/DerivedData/Choona-dnghcflyrszrcwfmpfesqspssftx/Build/Intermediates.noindex/Choona.build/Debug-iphonesimulator/ChoonaDev.build/Objects-normal/arm64/ChoonaDev.swiftmodule /Users/itechnolabs/Library/Developer/Xcode/DerivedData/Choona-dnghcflyrszrcwfmpfesqspssftx/Build/Products/Debug-iphonesimulator/ChoonaDev.swiftmodule/arm64-apple-ios-simulator.swiftmodule

Copy /Users/itechnolabs/Library/Developer/Xcode/DerivedData/Choona-dnghcflyrszrcwfmpfesqspssftx/Build/Products/Debug-iphonesimulator/ChoonaDev.swiftmodule/arm64-apple-ios-simulator.swiftdoc /Users/itechnolabs/Library/Developer/Xcode/DerivedData/Choona-dnghcflyrszrcwfmpfesqspssftx/Build/Intermediates.noindex/Choona.build/Debug-iphonesimulator/ChoonaDev.build/Objects-normal/arm64/ChoonaDev.swiftdoc (in target 'ChoonaDev' from project 'Choona')
    cd /Users/itechnolabs/Documents/Vijay/choona/ios
    builtin-copy -exclude .DS_Store -exclude CVS -exclude .svn -exclude .git -exclude .hg -resolve-src-symlinks -rename /Users/itechnolabs/Library/Developer/Xcode/DerivedData/Choona-dnghcflyrszrcwfmpfesqspssftx/Build/Intermediates.noindex/Choona.build/Debug-iphonesimulator/ChoonaDev.build/Objects-normal/arm64/ChoonaDev.swiftdoc /Users/itechnolabs/Library/Developer/Xcode/DerivedData/Choona-dnghcflyrszrcwfmpfesqspssftx/Build/Products/Debug-iphonesimulator/ChoonaDev.swiftmodule/arm64-apple-ios-simulator.swiftdoc

Copy /Users/itechnolabs/Library/Developer/Xcode/DerivedData/Choona-dnghcflyrszrcwfmpfesqspssftx/Build/Products/Debug-iphonesimulator/ChoonaDev.swiftmodule/arm64-apple-ios-simulator.abi.json /Users/itechnolabs/Library/Developer/Xcode/DerivedData/Choona-dnghcflyrszrcwfmpfesqspssftx/Build/Intermediates.noindex/Choona.build/Debug-iphonesimulator/ChoonaDev.build/Objects-normal/arm64/ChoonaDev.abi.json (in target 'ChoonaDev' from project 'Choona')
    cd /Users/itechnolabs/Documents/Vijay/choona/ios
    builtin-copy -exclude .DS_Store -exclude CVS -exclude .svn -exclude .git -exclude .hg -resolve-src-symlinks -rename /Users/itechnolabs/Library/Developer/Xcode/DerivedData/Choona-dnghcflyrszrcwfmpfesqspssftx/Build/Intermediates.noindex/Choona.build/Debug-iphonesimulator/ChoonaDev.build/Objects-normal/arm64/ChoonaDev.abi.json /Users/itechnolabs/Library/Developer/Xcode/DerivedData/Choona-dnghcflyrszrcwfmpfesqspssftx/Build/Products/Debug-iphonesimulator/ChoonaDev.swiftmodule/arm64-apple-ios-simulator.abi.json

Copy /Users/itechnolabs/Library/Developer/Xcode/DerivedData/Choona-dnghcflyrszrcwfmpfesqspssftx/Build/Products/Debug-iphonesimulator/ChoonaDev.swiftmodule/Project/arm64-apple-ios-simulator.swiftsourceinfo /Users/itechnolabs/Library/Developer/Xcode/DerivedData/Choona-dnghcflyrszrcwfmpfesqspssftx/Build/Intermediates.noindex/Choona.build/Debug-iphonesimulator/ChoonaDev.build/Objects-normal/arm64/ChoonaDev.swiftsourceinfo (in target 'ChoonaDev' from project 'Choona')
    cd /Users/itechnolabs/Documents/Vijay/choona/ios
    builtin-copy -exclude .DS_Store -exclude CVS -exclude .svn -exclude .git -exclude .hg -resolve-src-symlinks -rename /Users/itechnolabs/Library/Developer/Xcode/DerivedData/Choona-dnghcflyrszrcwfmpfesqspssftx/Build/Intermediates.noindex/Choona.build/Debug-iphonesimulator/ChoonaDev.build/Objects-normal/arm64/ChoonaDev.swiftsourceinfo /Users/itechnolabs/Library/Developer/Xcode/DerivedData/Choona-dnghcflyrszrcwfmpfesqspssftx/Build/Products/Debug-iphonesimulator/ChoonaDev.swiftmodule/Project/arm64-apple-ios-simulator.swiftsourceinfo

CompileC /Users/itechnolabs/Library/Developer/Xcode/DerivedData/Choona-dnghcflyrszrcwfmpfesqspssftx/Build/Intermediates.noindex/Choona.build/Debug-iphonesimulator/ChoonaDev.build/Objects-normal/arm64/ChoonaDev_vers.o /Users/itechnolabs/Library/Developer/Xcode/DerivedData/Choona-dnghcflyrszrcwfmpfesqspssftx/Build/Intermediates.noindex/Choona.build/Debug-iphonesimulator/ChoonaDev.build/DerivedSources/ChoonaDev_vers.c normal arm64 c com.apple.compilers.llvm.clang.1_0.compiler (in target 'ChoonaDev' from project 'Choona')
    cd /Users/itechnolabs/Documents/Vijay/choona/ios
    
    Using response file: /Users/itechnolabs/Library/Developer/Xcode/DerivedData/Choona-dnghcflyrszrcwfmpfesqspssftx/Build/Intermediates.noindex/Choona.build/Debug-iphonesimulator/ChoonaDev.build/Objects-normal/arm64/7187679823f38a2a940e0043cdf9d637-common-args.resp
    
    /Applications/Xcode.app/Contents/Developer/Toolchains/XcodeDefault.xctoolchain/usr/bin/clang -x c -ivfsstatcache /Users/itechnolabs/Library/Developer/Xcode/DerivedData/SDKStatCaches.noindex/iphonesimulator26.1-23B77-90cf18a4295e390e64c810bc6bd7acbc.sdkstatcache -fmessage-length\=0 -fdiagnostics-show-note-include-stack -fmacro-backtrace-limit\=0 -fno-color-diagnostics -fmodules-prune-interval\=86400 -fmodules-prune-after\=345600 -fbuild-session-file\=/Users/itechnolabs/Library/Developer/Xcode/DerivedData/ModuleCache.noindex/Session.modulevalidation -fmodules-validate-once-per-build-session -Wnon-modular-include-in-framework-module -Werror\=non-modular-include-in-framework-module -Wno-trigraphs -Wno-missing-field-initializers -Wno-missing-prototypes -Werror\=return-type -Wunreachable-code -Werror\=deprecated-objc-isa-usage -Werror\=objc-root-class -Wno-missing-braces -Wparentheses -Wswitch -Wunused-function -Wno-unused-label -Wno-unused-parameter -Wunused-variable -Wunused-value -Wempty-body -Wuninitialized -Wconditional-uninitialized -Wno-unknown-pragmas -Wno-shadow -Wno-four-char-constants -Wno-conversion -Wconstant-conversion -Wint-conversion -Wbool-conversion -Wenum-conversion -Wno-float-conversion -Wnon-literal-null-conversion -Wobjc-literal-conversion -Wshorten-64-to-32 -Wpointer-sign -Wno-newline-eof -Wno-implicit-fallthrough -fstrict-aliasing -Wdeprecated-declarations -Wno-sign-conversion -Winfinite-recursion -Wcomma -Wblock-capture-autoreleasing -Wstrict-prototypes -Wno-semicolon-before-method-body -index-store-path /Users/itechnolabs/Library/Developer/Xcode/DerivedData/Choona-dnghcflyrszrcwfmpfesqspssftx/Index.noindex/DataStore @/Users/itechnolabs/Library/Developer/Xcode/DerivedData/Choona-dnghcflyrszrcwfmpfesqspssftx/Build/Intermediates.noindex/Choona.build/Debug-iphonesimulator/ChoonaDev.build/Objects-normal/arm64/7187679823f38a2a940e0043cdf9d637-common-args.resp -MMD -MT dependencies -MF /Users/itechnolabs/Library/Developer/Xcode/DerivedData/Choona-dnghcflyrszrcwfmpfesqspssftx/Build/Intermediates.noindex/Choona.build/Debug-iphonesimulator/ChoonaDev.build/Objects-normal/arm64/ChoonaDev_vers.d --serialize-diagnostics /Users/itechnolabs/Library/Developer/Xcode/DerivedData/Choona-dnghcflyrszrcwfmpfesqspssftx/Build/Intermediates.noindex/Choona.build/Debug-iphonesimulator/ChoonaDev.build/Objects-normal/arm64/ChoonaDev_vers.dia -c /Users/itechnolabs/Library/Developer/Xcode/DerivedData/Choona-dnghcflyrszrcwfmpfesqspssftx/Build/Intermediates.noindex/Choona.build/Debug-iphonesimulator/ChoonaDev.build/DerivedSources/ChoonaDev_vers.c -o /Users/itechnolabs/Library/Developer/Xcode/DerivedData/Choona-dnghcflyrszrcwfmpfesqspssftx/Build/Intermediates.noindex/Choona.build/Debug-iphonesimulator/ChoonaDev.build/Objects-normal/arm64/ChoonaDev_vers.o -index-unit-output-path /Choona.build/Debug-iphonesimulator/ChoonaDev.build/Objects-normal/arm64/ChoonaDev_vers.o

CompileC /Users/itechnolabs/Library/Developer/Xcode/DerivedData/Choona-dnghcflyrszrcwfmpfesqspssftx/Build/Intermediates.noindex/Choona.build/Debug-iphonesimulator/ChoonaDev.build/Objects-normal/arm64/main.o /Users/itechnolabs/Documents/Vijay/choona/ios/Choona/main.m normal arm64 objective-c com.apple.compilers.llvm.clang.1_0.compiler (in target 'ChoonaDev' from project 'Choona')
    cd /Users/itechnolabs/Documents/Vijay/choona/ios
    
    Using response file: /Users/itechnolabs/Library/Developer/Xcode/DerivedData/Choona-dnghcflyrszrcwfmpfesqspssftx/Build/Intermediates.noindex/Choona.build/Debug-iphonesimulator/ChoonaDev.build/Objects-normal/arm64/e6072d4f65d7061329687fe24e3d63a7-common-args.resp
    
    /Applications/Xcode.app/Contents/Developer/Toolchains/XcodeDefault.xctoolchain/usr/bin/clang -x objective-c -ivfsstatcache /Users/itechnolabs/Library/Developer/Xcode/DerivedData/SDKStatCaches.noindex/iphonesimulator26.1-23B77-90cf18a4295e390e64c810bc6bd7acbc.sdkstatcache -fmessage-length\=0 -fdiagnostics-show-note-include-stack -fmacro-backtrace-limit\=0 -fno-color-diagnostics -fmodules-prune-interval\=86400 -fmodules-prune-after\=345600 -fbuild-session-file\=/Users/itechnolabs/Library/Developer/Xcode/DerivedData/ModuleCache.noindex/Session.modulevalidation -fmodules-validate-once-per-build-session -Wnon-modular-include-in-framework-module -Werror\=non-modular-include-in-framework-module -Wno-trigraphs -Wno-missing-field-initializers -Wno-missing-prototypes -Werror\=return-type -Wunreachable-code -Wno-implicit-atomic-properties -Werror\=deprecated-objc-isa-usage -Wno-objc-interface-ivars -Werror\=objc-root-class -Wno-arc-repeated-use-of-weak -Wimplicit-retain-self -Wduplicate-method-match -Wno-missing-braces -Wparentheses -Wswitch -Wunused-function -Wno-unused-label -Wno-unused-parameter -Wunused-variable -Wunused-value -Wempty-body -Wuninitialized -Wconditional-uninitialized -Wno-unknown-pragmas -Wno-shadow -Wno-four-char-constants -Wno-conversion -Wconstant-conversion -Wint-conversion -Wbool-conversion -Wenum-conversion -Wno-float-conversion -Wnon-literal-null-conversion -Wobjc-literal-conversion -Wshorten-64-to-32 -Wpointer-sign -Wno-newline-eof -Wno-selector -Wno-strict-selector-match -Wundeclared-selector -Wdeprecated-implementations -Wno-implicit-fallthrough -fstrict-aliasing -Wprotocol -Wdeprecated-declarations -Wno-sign-conversion -Winfinite-recursion -Wcomma -Wblock-capture-autoreleasing -Wstrict-prototypes -Wno-semicolon-before-method-body -index-store-path /Users/itechnolabs/Library/Developer/Xcode/DerivedData/Choona-dnghcflyrszrcwfmpfesqspssftx/Index.noindex/DataStore @/Users/itechnolabs/Library/Developer/Xcode/DerivedData/Choona-dnghcflyrszrcwfmpfesqspssftx/Build/Intermediates.noindex/Choona.build/Debug-iphonesimulator/ChoonaDev.build/Objects-normal/arm64/e6072d4f65d7061329687fe24e3d63a7-common-args.resp -MMD -MT dependencies -MF /Users/itechnolabs/Library/Developer/Xcode/DerivedData/Choona-dnghcflyrszrcwfmpfesqspssftx/Build/Intermediates.noindex/Choona.build/Debug-iphonesimulator/ChoonaDev.build/Objects-normal/arm64/main.d --serialize-diagnostics /Users/itechnolabs/Library/Developer/Xcode/DerivedData/Choona-dnghcflyrszrcwfmpfesqspssftx/Build/Intermediates.noindex/Choona.build/Debug-iphonesimulator/ChoonaDev.build/Objects-normal/arm64/main.dia -c /Users/itechnolabs/Documents/Vijay/choona/ios/Choona/main.m -o /Users/itechnolabs/Library/Developer/Xcode/DerivedData/Choona-dnghcflyrszrcwfmpfesqspssftx/Build/Intermediates.noindex/Choona.build/Debug-iphonesimulator/ChoonaDev.build/Objects-normal/arm64/main.o -index-unit-output-path /Choona.build/Debug-iphonesimulator/ChoonaDev.build/Objects-normal/arm64/main.o

CompileC /Users/itechnolabs/Library/Developer/Xcode/DerivedData/Choona-dnghcflyrszrcwfmpfesqspssftx/Build/Intermediates.noindex/Choona.build/Debug-iphonesimulator/ChoonaDev.build/Objects-normal/arm64/AppleUserToken.o /Users/itechnolabs/Documents/Vijay/choona/ios/AppleUserToken.m normal arm64 objective-c com.apple.compilers.llvm.clang.1_0.compiler (in target 'ChoonaDev' from project 'Choona')
    cd /Users/itechnolabs/Documents/Vijay/choona/ios
    
    Using response file: /Users/itechnolabs/Library/Developer/Xcode/DerivedData/Choona-dnghcflyrszrcwfmpfesqspssftx/Build/Intermediates.noindex/Choona.build/Debug-iphonesimulator/ChoonaDev.build/Objects-normal/arm64/e6072d4f65d7061329687fe24e3d63a7-common-args.resp
    
    /Applications/Xcode.app/Contents/Developer/Toolchains/XcodeDefault.xctoolchain/usr/bin/clang -x objective-c -ivfsstatcache /Users/itechnolabs/Library/Developer/Xcode/DerivedData/SDKStatCaches.noindex/iphonesimulator26.1-23B77-90cf18a4295e390e64c810bc6bd7acbc.sdkstatcache -fmessage-length\=0 -fdiagnostics-show-note-include-stack -fmacro-backtrace-limit\=0 -fno-color-diagnostics -fmodules-prune-interval\=86400 -fmodules-prune-after\=345600 -fbuild-session-file\=/Users/itechnolabs/Library/Developer/Xcode/DerivedData/ModuleCache.noindex/Session.modulevalidation -fmodules-validate-once-per-build-session -Wnon-modular-include-in-framework-module -Werror\=non-modular-include-in-framework-module -Wno-trigraphs -Wno-missing-field-initializers -Wno-missing-prototypes -Werror\=return-type -Wunreachable-code -Wno-implicit-atomic-properties -Werror\=deprecated-objc-isa-usage -Wno-objc-interface-ivars -Werror\=objc-root-class -Wno-arc-repeated-use-of-weak -Wimplicit-retain-self -Wduplicate-method-match -Wno-missing-braces -Wparentheses -Wswitch -Wunused-function -Wno-unused-label -Wno-unused-parameter -Wunused-variable -Wunused-value -Wempty-body -Wuninitialized -Wconditional-uninitialized -Wno-unknown-pragmas -Wno-shadow -Wno-four-char-constants -Wno-conversion -Wconstant-conversion -Wint-conversion -Wbool-conversion -Wenum-conversion -Wno-float-conversion -Wnon-literal-null-conversion -Wobjc-literal-conversion -Wshorten-64-to-32 -Wpointer-sign -Wno-newline-eof -Wno-selector -Wno-strict-selector-match -Wundeclared-selector -Wdeprecated-implementations -Wno-implicit-fallthrough -fstrict-aliasing -Wprotocol -Wdeprecated-declarations -Wno-sign-conversion -Winfinite-recursion -Wcomma -Wblock-capture-autoreleasing -Wstrict-prototypes -Wno-semicolon-before-method-body -index-store-path /Users/itechnolabs/Library/Developer/Xcode/DerivedData/Choona-dnghcflyrszrcwfmpfesqspssftx/Index.noindex/DataStore @/Users/itechnolabs/Library/Developer/Xcode/DerivedData/Choona-dnghcflyrszrcwfmpfesqspssftx/Build/Intermediates.noindex/Choona.build/Debug-iphonesimulator/ChoonaDev.build/Objects-normal/arm64/e6072d4f65d7061329687fe24e3d63a7-common-args.resp -MMD -MT dependencies -MF /Users/itechnolabs/Library/Developer/Xcode/DerivedData/Choona-dnghcflyrszrcwfmpfesqspssftx/Build/Intermediates.noindex/Choona.build/Debug-iphonesimulator/ChoonaDev.build/Objects-normal/arm64/AppleUserToken.d --serialize-diagnostics /Users/itechnolabs/Library/Developer/Xcode/DerivedData/Choona-dnghcflyrszrcwfmpfesqspssftx/Build/Intermediates.noindex/Choona.build/Debug-iphonesimulator/ChoonaDev.build/Objects-normal/arm64/AppleUserToken.dia -c /Users/itechnolabs/Documents/Vijay/choona/ios/AppleUserToken.m -o /Users/itechnolabs/Library/Developer/Xcode/DerivedData/Choona-dnghcflyrszrcwfmpfesqspssftx/Build/Intermediates.noindex/Choona.build/Debug-iphonesimulator/ChoonaDev.build/Objects-normal/arm64/AppleUserToken.o -index-unit-output-path /Choona.build/Debug-iphonesimulator/ChoonaDev.build/Objects-normal/arm64/AppleUserToken.o

CompileC /Users/itechnolabs/Library/Developer/Xcode/DerivedData/Choona-dnghcflyrszrcwfmpfesqspssftx/Build/Intermediates.noindex/Choona.build/Debug-iphonesimulator/ChoonaDev.build/Objects-normal/arm64/AppDelegate.o /Users/itechnolabs/Documents/Vijay/choona/ios/Choona/AppDelegate.m normal arm64 objective-c com.apple.compilers.llvm.clang.1_0.compiler (in target 'ChoonaDev' from project 'Choona')
    cd /Users/itechnolabs/Documents/Vijay/choona/ios
    
    Using response file: /Users/itechnolabs/Library/Developer/Xcode/DerivedData/Choona-dnghcflyrszrcwfmpfesqspssftx/Build/Intermediates.noindex/Choona.build/Debug-iphonesimulator/ChoonaDev.build/Objects-normal/arm64/e6072d4f65d7061329687fe24e3d63a7-common-args.resp
    
    /Applications/Xcode.app/Contents/Developer/Toolchains/XcodeDefault.xctoolchain/usr/bin/clang -x objective-c -ivfsstatcache /Users/itechnolabs/Library/Developer/Xcode/DerivedData/SDKStatCaches.noindex/iphonesimulator26.1-23B77-90cf18a4295e390e64c810bc6bd7acbc.sdkstatcache -fmessage-length\=0 -fdiagnostics-show-note-include-stack -fmacro-backtrace-limit\=0 -fno-color-diagnostics -fmodules-prune-interval\=86400 -fmodules-prune-after\=345600 -fbuild-session-file\=/Users/itechnolabs/Library/Developer/Xcode/DerivedData/ModuleCache.noindex/Session.modulevalidation -fmodules-validate-once-per-build-session -Wnon-modular-include-in-framework-module -Werror\=non-modular-include-in-framework-module -Wno-trigraphs -Wno-missing-field-initializers -Wno-missing-prototypes -Werror\=return-type -Wunreachable-code -Wno-implicit-atomic-properties -Werror\=deprecated-objc-isa-usage -Wno-objc-interface-ivars -Werror\=objc-root-class -Wno-arc-repeated-use-of-weak -Wimplicit-retain-self -Wduplicate-method-match -Wno-missing-braces -Wparentheses -Wswitch -Wunused-function -Wno-unused-label -Wno-unused-parameter -Wunused-variable -Wunused-value -Wempty-body -Wuninitialized -Wconditional-uninitialized -Wno-unknown-pragmas -Wno-shadow -Wno-four-char-constants -Wno-conversion -Wconstant-conversion -Wint-conversion -Wbool-conversion -Wenum-conversion -Wno-float-conversion -Wnon-literal-null-conversion -Wobjc-literal-conversion -Wshorten-64-to-32 -Wpointer-sign -Wno-newline-eof -Wno-selector -Wno-strict-selector-match -Wundeclared-selector -Wdeprecated-implementations -Wno-implicit-fallthrough -fstrict-aliasing -Wprotocol -Wdeprecated-declarations -Wno-sign-conversion -Winfinite-recursion -Wcomma -Wblock-capture-autoreleasing -Wstrict-prototypes -Wno-semicolon-before-method-body -index-store-path /Users/itechnolabs/Library/Developer/Xcode/DerivedData/Choona-dnghcflyrszrcwfmpfesqspssftx/Index.noindex/DataStore @/Users/itechnolabs/Library/Developer/Xcode/DerivedData/Choona-dnghcflyrszrcwfmpfesqspssftx/Build/Intermediates.noindex/Choona.build/Debug-iphonesimulator/ChoonaDev.build/Objects-normal/arm64/e6072d4f65d7061329687fe24e3d63a7-common-args.resp -MMD -MT dependencies -MF /Users/itechnolabs/Library/Developer/Xcode/DerivedData/Choona-dnghcflyrszrcwfmpfesqspssftx/Build/Intermediates.noindex/Choona.build/Debug-iphonesimulator/ChoonaDev.build/Objects-normal/arm64/AppDelegate.d --serialize-diagnostics /Users/itechnolabs/Library/Developer/Xcode/DerivedData/Choona-dnghcflyrszrcwfmpfesqspssftx/Build/Intermediates.noindex/Choona.build/Debug-iphonesimulator/ChoonaDev.build/Objects-normal/arm64/AppDelegate.dia -c /Users/itechnolabs/Documents/Vijay/choona/ios/Choona/AppDelegate.m -o /Users/itechnolabs/Library/Developer/Xcode/DerivedData/Choona-dnghcflyrszrcwfmpfesqspssftx/Build/Intermediates.noindex/Choona.build/Debug-iphonesimulator/ChoonaDev.build/Objects-normal/arm64/AppDelegate.o -index-unit-output-path /Choona.build/Debug-iphonesimulator/ChoonaDev.build/Objects-normal/arm64/AppDelegate.o
In file included from /Users/itechnolabs/Documents/Vijay/choona/ios/Choona/AppDelegate.m:6:
/Users/itechnolabs/Documents/Vijay/choona/ios/Pods/Headers/Public/Firebase/Firebase.h:77:10: warning: "FirebaseAnalytics.framework is not included in your target. Please add the FirebaseAnalytics dependency to your project to ensure Messaging works as intended." [-W#warnings]
   77 |         #warning "FirebaseAnalytics.framework is not included in your target. Please add the \
      |          ^
1 warning generated.

SwiftDriverJobDiscovery normal arm64 Compiling GeneratedAssetSymbols.swift (in target 'ChoonaDev' from project 'Choona')

SwiftDriver\ Compilation ChoonaDev normal arm64 com.apple.xcode.tools.swift.compiler (in target 'ChoonaDev' from project 'Choona')
    cd /Users/itechnolabs/Documents/Vijay/choona/ios
    builtin-Swift-Compilation -- /Applications/Xcode.app/Contents/Developer/Toolchains/XcodeDefault.xctoolchain/usr/bin/swiftc -module-name ChoonaDev -Onone -enforce-exclusivity\=checked @/Users/itechnolabs/Library/Developer/Xcode/DerivedData/Choona-dnghcflyrszrcwfmpfesqspssftx/Build/Intermediates.noindex/Choona.build/Debug-iphonesimulator/ChoonaDev.build/Objects-normal/arm64/ChoonaDev.SwiftFileList -D COCOAPODS -Xcc -fmodule-map-file\=/Users/itechnolabs/Library/Developer/Xcode/DerivedData/Choona-dnghcflyrszrcwfmpfesqspssftx/Build/Products/Debug-iphonesimulator/Protobuf/Protobuf.modulemap -Xcc -fmodule-map-file\=/Users/itechnolabs/Documents/Vijay/choona/ios/Pods/Headers/Public/React/React-Core.modulemap -Xcc -fmodule-map-file\=/Users/itechnolabs/Documents/Vijay/choona/ios/Pods/Headers/Public/yoga/Yoga.modulemap -enable-bare-slash-regex -enable-experimental-feature DebugDescriptionMacro -sdk /Applications/Xcode.app/Contents/Developer/Platforms/iPhoneSimulator.platform/Developer/SDKs/iPhoneSimulator26.1.sdk -target arm64-apple-ios13.0-simulator -g -module-cache-path /Users/itechnolabs/Library/Developer/Xcode/DerivedData/ModuleCache.noindex -Xfrontend -serialize-debugging-options -enable-testing -index-store-path /Users/itechnolabs/Library/Developer/Xcode/DerivedData/Choona-dnghcflyrszrcwfmpfesqspssftx/Index.noindex/DataStore -Xcc -D_LIBCPP_HARDENING_MODE\=_LIBCPP_HARDENING_MODE_DEBUG -swift-version 5 -I /Users/itechnolabs/Library/Developer/Xcode/DerivedData/Choona-dnghcflyrszrcwfmpfesqspssftx/Build/Products/Debug-iphonesimulator -I /Users/itechnolabs/Library/Developer/Xcode/DerivedData/Choona-dnghcflyrszrcwfmpfesqspssftx/Build/Products/Debug-iphonesimulator/Protobuf -F /Users/itechnolabs/Library/Developer/Xcode/DerivedData/Choona-dnghcflyrszrcwfmpfesqspssftx/Build/Products/Debug-iphonesimulator -F /Users/itechnolabs/Documents/Vijay/choona/ios/Pods/OneSignalXCFramework/iOS_SDK/OneSignalSDK/OneSignal_Core -F /Users/itechnolabs/Documents/Vijay/choona/ios/Pods/OneSignalXCFramework/iOS_SDK/OneSignalSDK/OneSignal_Extension -F /Users/itechnolabs/Documents/Vijay/choona/ios/Pods/OneSignalXCFramework/iOS_SDK/OneSignalSDK/OneSignal_Outcomes -F /Users/itechnolabs/Documents/Vijay/choona/ios/Pods/OneSignalXCFramework/iOS_SDK/OneSignalSDK/OneSignal_XCFramework -F /Users/itechnolabs/Library/Developer/Xcode/DerivedData/Choona-dnghcflyrszrcwfmpfesqspssftx/Build/Products/Debug-iphonesimulator/XCFrameworkIntermediates/OneSignalXCFramework -F /Users/itechnolabs/Library/Developer/Xcode/DerivedData/Choona-dnghcflyrszrcwfmpfesqspssftx/Build/Products/Debug-iphonesimulator/XCFrameworkIntermediates/OneSignalXCFramework/OneSignalCore -F /Users/itechnolabs/Library/Developer/Xcode/DerivedData/Choona-dnghcflyrszrcwfmpfesqspssftx/Build/Products/Debug-iphonesimulator/XCFrameworkIntermediates/OneSignalXCFramework/OneSignalExtension -F /Users/itechnolabs/Library/Developer/Xcode/DerivedData/Choona-dnghcflyrszrcwfmpfesqspssftx/Build/Products/Debug-iphonesimulator/XCFrameworkIntermediates/OneSignalXCFramework/OneSignalOutcomes -c -j8 -enable-batch-mode -incremental -Xcc -ivfsstatcache -Xcc /Users/itechnolabs/Library/Developer/Xcode/DerivedData/SDKStatCaches.noindex/iphonesimulator26.1-23B77-90cf18a4295e390e64c810bc6bd7acbc.sdkstatcache -output-file-map /Users/itechnolabs/Library/Developer/Xcode/DerivedData/Choona-dnghcflyrszrcwfmpfesqspssftx/Build/Intermediates.noindex/Choona.build/Debug-iphonesimulator/ChoonaDev.build/Objects-normal/arm64/ChoonaDev-OutputFileMap.json -use-frontend-parseable-output -save-temps -no-color-diagnostics -explicit-module-build -module-cache-path /Users/itechnolabs/Library/Developer/Xcode/DerivedData/Choona-dnghcflyrszrcwfmpfesqspssftx/Build/Intermediates.noindex/SwiftExplicitPrecompiledModules -clang-scanner-module-cache-path /Users/itechnolabs/Library/Developer/Xcode/DerivedData/ModuleCache.noindex -sdk-module-cache-path /Users/itechnolabs/Library/Developer/Xcode/DerivedData/ModuleCache.noindex -serialize-diagnostics -emit-dependencies -emit-module -emit-module-path /Users/itechnolabs/Library/Developer/Xcode/DerivedData/Choona-dnghcflyrszrcwfmpfesqspssftx/Build/Intermediates.noindex/Choona.build/Debug-iphonesimulator/ChoonaDev.build/Objects-normal/arm64/ChoonaDev.swiftmodule -validate-clang-modules-once -clang-build-session-file /Users/itechnolabs/Library/Developer/Xcode/DerivedData/ModuleCache.noindex/Session.modulevalidation -Xcc -I/Users/itechnolabs/Library/Developer/Xcode/DerivedData/Choona-dnghcflyrszrcwfmpfesqspssftx/Build/Intermediates.noindex/Choona.build/Debug-iphonesimulator/ChoonaDev.build/swift-overrides.hmap -emit-const-values -Xfrontend -const-gather-protocols-file -Xfrontend /Users/itechnolabs/Library/Developer/Xcode/DerivedData/Choona-dnghcflyrszrcwfmpfesqspssftx/Build/Intermediates.noindex/Choona.build/Debug-iphonesimulator/ChoonaDev.build/Objects-normal/arm64/ChoonaDev_const_extract_protocols.json -Xcc -iquote -Xcc /Users/itechnolabs/Library/Developer/Xcode/DerivedData/Choona-dnghcflyrszrcwfmpfesqspssftx/Build/Intermediates.noindex/Choona.build/Debug-iphonesimulator/ChoonaDev.build/ChoonaDev-generated-files.hmap -Xcc -I/Users/itechnolabs/Library/Developer/Xcode/DerivedData/Choona-dnghcflyrszrcwfmpfesqspssftx/Build/Intermediates.noindex/Choona.build/Debug-iphonesimulator/ChoonaDev.build/ChoonaDev-own-target-headers.hmap -Xcc -I/Users/itechnolabs/Library/Developer/Xcode/DerivedData/Choona-dnghcflyrszrcwfmpfesqspssftx/Build/Intermediates.noindex/Choona.build/Debug-iphonesimulator/ChoonaDev.build/ChoonaDev-all-non-framework-target-headers.hmap -Xcc -ivfsoverlay -Xcc /Users/itechnolabs/Library/Developer/Xcode/DerivedData/Choona-dnghcflyrszrcwfmpfesqspssftx/Build/Intermediates.noindex/Choona.build/Debug-iphonesimulator/Choona-b3333ec9bb56751424aca746aa23e0ca-VFS-iphonesimulator/all-product-headers.yaml -Xcc -iquote -Xcc /Users/itechnolabs/Library/Developer/Xcode/DerivedData/Choona-dnghcflyrszrcwfmpfesqspssftx/Build/Intermediates.noindex/Choona.build/Debug-iphonesimulator/ChoonaDev.build/ChoonaDev-project-headers.hmap -Xcc -I/Users/itechnolabs/Library/Developer/Xcode/DerivedData/Choona-dnghcflyrszrcwfmpfesqspssftx/Build/Products/Debug-iphonesimulator/include -Xcc -I/Users/itechnolabs/Documents/Vijay/choona/ios/Pods/Headers/Public -Xcc -I/Users/itechnolabs/Documents/Vijay/choona/ios/Pods/Headers/Public/AppAuth -Xcc -I/Users/itechnolabs/Documents/Vijay/choona/ios/Pods/Headers/Public/BVLinearGradient -Xcc -I/Users/itechnolabs/Documents/Vijay/choona/ios/Pods/Headers/Public/DoubleConversion -Xcc -I/Users/itechnolabs/Documents/Vijay/choona/ios/Pods/Headers/Public/FBLazyVector -Xcc -I/Users/itechnolabs/Documents/Vijay/choona/ios/Pods/Headers/Public/FBReactNativeSpec -Xcc -I/Users/itechnolabs/Documents/Vijay/choona/ios/Pods/Headers/Public/Firebase -Xcc -I/Users/itechnolabs/Documents/Vijay/choona/ios/Pods/Headers/Public/FirebaseCore -Xcc -I/Users/itechnolabs/Documents/Vijay/choona/ios/Pods/Headers/Public/FirebaseCoreDiagnostics -Xcc -I/Users/itechnolabs/Documents/Vijay/choona/ios/Pods/Headers/Public/FirebaseDatabase -Xcc -I/Users/itechnolabs/Documents/Vijay/choona/ios/Pods/Headers/Public/FirebaseInstallations -Xcc -I/Users/itechnolabs/Documents/Vijay/choona/ios/Pods/Headers/Public/FirebaseInstanceID -Xcc -I/Users/itechnolabs/Documents/Vijay/choona/ios/Pods/Headers/Public/FirebaseMessaging -Xcc -I/Users/itechnolabs/Documents/Vijay/choona/ios/Pods/Headers/Public/GoogleDataTransport -Xcc -I/Users/itechnolabs/Documents/Vijay/choona/ios/Pods/Headers/Public/GoogleUtilities -Xcc -I/Users/itechnolabs/Documents/Vijay/choona/ios/Pods/Headers/Public/PromisesObjC -Xcc -I/Users/itechnolabs/Documents/Vijay/choona/ios/Pods/Headers/Public/Protobuf -Xcc -I/Users/itechnolabs/Documents/Vijay/choona/ios/Pods/Headers/Public/RCT-Folly -Xcc -I/Users/itechnolabs/Documents/Vijay/choona/ios/Pods/Headers/Public/RCTRequired -Xcc -I/Users/itechnolabs/Documents/Vijay/choona/ios/Pods/Headers/Public/RCTTypeSafety -Xcc -I/Users/itechnolabs/Documents/Vijay/choona/ios/Pods/Headers/Public/RNAppleAuthentication -Xcc -I/Users/itechnolabs/Documents/Vijay/choona/ios/Pods/Headers/Public/RNCAsyncStorage -Xcc -I/Users/itechnolabs/Documents/Vijay/choona/ios/Pods/Headers/Public/RNCMaskedView -Xcc -I/Users/itechnolabs/Documents/Vijay/choona/ios/Pods/Headers/Public/RNDeviceInfo -Xcc -I/Users/itechnolabs/Documents/Vijay/choona/ios/Pods/Headers/Public/RNFBApp -Xcc -I/Users/itechnolabs/Documents/Vijay/choona/ios/Pods/Headers/Public/RNFBDatabase -Xcc -I/Users/itechnolabs/Documents/Vijay/choona/ios/Pods/Headers/Public/RNFBMessaging -Xcc -I/Users/itechnolabs/Documents/Vijay/choona/ios/Pods/Headers/Public/RNGestureHandler -Xcc -I/Users/itechnolabs/Documents/Vijay/choona/ios/Pods/Headers/Public/RNImageCropPicker -Xcc -I/Users/itechnolabs/Documents/Vijay/choona/ios/Pods/Headers/Public/RNPermissions -Xcc -I/Users/itechnolabs/Documents/Vijay/choona/ios/Pods/Headers/Public/RNReanimated -Xcc -I/Users/itechnolabs/Documents/Vijay/choona/ios/Pods/Headers/Public/RNScreens -Xcc -I/Users/itechnolabs/Documents/Vijay/choona/ios/Pods/Headers/Public/RNSound -Xcc -I/Users/itechnolabs/Documents/Vijay/choona/ios/Pods/Headers/Public/RSKImageCropper -Xcc -I/Users/itechnolabs/Documents/Vijay/choona/ios/Pods/Headers/Public/React-Core -Xcc -I/Users/itechnolabs/Documents/Vijay/choona/ios/Pods/Headers/Public/React-RCTBlob -Xcc -I/Users/itechnolabs/Documents/Vijay/choona/ios/Pods/Headers/Public/React-RCTText -Xcc -I/Users/itechnolabs/Documents/Vijay/choona/ios/Pods/Headers/Public/React-callinvoker -Xcc -I/Users/itechnolabs/Documents/Vijay/choona/ios/Pods/Headers/Public/React-cxxreact -Xcc -I/Users/itechnolabs/Documents/Vijay/choona/ios/Pods/Headers/Public/React-jsi -Xcc -I/Users/itechnolabs/Documents/Vijay/choona/ios/Pods/Headers/Public/React-jsiexecutor -Xcc -I/Users/itechnolabs/Documents/Vijay/choona/ios/Pods/Headers/Public/React-jsinspector -Xcc -I/Users/itechnolabs/Documents/Vijay/choona/ios/Pods/Headers/Public/React-perflogger -Xcc -I/Users/itechnolabs/Documents/Vijay/choona/ios/Pods/Headers/Public/React-runtimeexecutor -Xcc -I/Users/itechnolabs/Documents/Vijay/choona/ios/Pods/Headers/Public/ReactCommon -Xcc -I/Users/itechnolabs/Documents/Vijay/choona/ios/Pods/Headers/Public/Toast -Xcc -I/Users/itechnolabs/Documents/Vijay/choona/ios/Pods/Headers/Public/Yoga -Xcc -I/Users/itechnolabs/Documents/Vijay/choona/ios/Pods/Headers/Public/glog -Xcc -I/Users/itechnolabs/Documents/Vijay/choona/ios/Pods/Headers/Public/leveldb-library -Xcc -I/Users/itechnolabs/Documents/Vijay/choona/ios/Pods/Headers/Public/nanopb -Xcc -I/Users/itechnolabs/Documents/Vijay/choona/ios/Pods/Headers/Public/react-native-app-auth -Xcc -I/Users/itechnolabs/Documents/Vijay/choona/ios/Pods/Headers/Public/react-native-config -Xcc -I/Users/itechnolabs/Documents/Vijay/choona/ios/Pods/Headers/Public/react-native-contacts -Xcc -I/Users/itechnolabs/Documents/Vijay/choona/ios/Pods/Headers/Public/react-native-netinfo -Xcc -I/Users/itechnolabs/Documents/Vijay/choona/ios/Pods/Headers/Public/react-native-onesignal -Xcc -I/Users/itechnolabs/Documents/Vijay/choona/ios/Pods/Headers/Public/react-native-safe-area-context -Xcc -I/Users/itechnolabs/Documents/Vijay/choona/ios/Pods/Headers/Public/react-native-version-info -Xcc -I/Users/itechnolabs/Documents/Vijay/choona/ios/Pods/Headers/Public/react-native-webview -Xcc -I/Users/itechnolabs/Documents/Vijay/choona/ios/Pods/Firebase/CoreOnly/Sources -Xcc -I/Sources/FBLPromises/include -Xcc -I/Users/itechnolabs/Documents/Vijay/choona/ios/Pods/boost-for-react-native -Xcc -I/Users/itechnolabs/Documents/Vijay/choona/ios/Pods/boost -Xcc -I/Users/itechnolabs/Documents/Vijay/choona/ios/Pods/boost-for-react-native -Xcc -I/Users/itechnolabs/Documents/Vijay/choona/ios/Pods/glog -Xcc -I/Users/itechnolabs/Documents/Vijay/choona/ios/Pods/RCT-Folly -Xcc -I/Users/itechnolabs/Documents/Vijay/choona/ios/Pods/Headers/Public/React-hermes -Xcc -I/Users/itechnolabs/Documents/Vijay/choona/ios/Pods/Headers/Public/hermes-engine -Xcc -I/Users/itechnolabs/Documents/Vijay/choona/ios/Pods/Headers/Private/React-Core -Xcc -I/Users/itechnolabs/Library/Developer/Xcode/DerivedData/Choona-dnghcflyrszrcwfmpfesqspssftx/Build/Intermediates.noindex/Choona.build/Debug-iphonesimulator/ChoonaDev.build/DerivedSources-normal/arm64 -Xcc -I/Users/itechnolabs/Library/Developer/Xcode/DerivedData/Choona-dnghcflyrszrcwfmpfesqspssftx/Build/Intermediates.noindex/Choona.build/Debug-iphonesimulator/ChoonaDev.build/DerivedSources/arm64 -Xcc -I/Users/itechnolabs/Library/Developer/Xcode/DerivedData/Choona-dnghcflyrszrcwfmpfesqspssftx/Build/Intermediates.noindex/Choona.build/Debug-iphonesimulator/ChoonaDev.build/DerivedSources -Xcc -DDEBUG\=1 -Xcc -DCOCOAPODS\=1 -Xcc -DDEBUG\=1 -Xcc -DGPB_USE_PROTOBUF_FRAMEWORK_IMPORTS\=1 -Xcc -DDEBUG\=1 -Xcc -DPB_FIELD_32BIT\=1 -Xcc -DPB_NO_PACKED_STRUCTS\=1 -Xcc -DPB_ENABLE_MALLOC\=1 -Xcc -DFB_SONARKIT_ENABLED\=1 -emit-objc-header -emit-objc-header-path /Users/itechnolabs/Library/Developer/Xcode/DerivedData/Choona-dnghcflyrszrcwfmpfesqspssftx/Build/Intermediates.noindex/Choona.build/Debug-iphonesimulator/ChoonaDev.build/Objects-normal/arm64/ChoonaDev-Swift.h -import-objc-header /Users/itechnolabs/Documents/Vijay/choona/ios/Choona-Bridging-Header.h -working-directory /Users/itechnolabs/Documents/Vijay/choona/ios -experimental-emit-module-separately -disable-cmo

Ld /Users/itechnolabs/Library/Developer/Xcode/DerivedData/Choona-dnghcflyrszrcwfmpfesqspssftx/Build/Products/Debug-iphonesimulator/ChoonaDev.app/ChoonaDev.debug.dylib normal (in target 'ChoonaDev' from project 'Choona')
    cd /Users/itechnolabs/Documents/Vijay/choona/ios
    /Applications/Xcode.app/Contents/Developer/Toolchains/XcodeDefault.xctoolchain/usr/bin/clang -Xlinker -reproducible -target arm64-apple-ios13.0-simulator -dynamiclib -isysroot /Applications/Xcode.app/Contents/Developer/Platforms/iPhoneSimulator.platform/Developer/SDKs/iPhoneSimulator26.1.sdk -O0 -L/Users/itechnolabs/Library/Developer/Xcode/DerivedData/Choona-dnghcflyrszrcwfmpfesqspssftx/Build/Intermediates.noindex/EagerLinkingTBDs/Debug-iphonesimulator -L/Users/itechnolabs/Library/Developer/Xcode/DerivedData/Choona-dnghcflyrszrcwfmpfesqspssftx/Build/Products/Debug-iphonesimulator -L/Applications/Xcode.app/Contents/Developer/Toolchains/XcodeDefault.xctoolchain/usr/lib/swift/iphonesimulator -L/Applications/Xcode.app/Contents/Developer/Toolchains/XcodeDefault.xctoolchain/usr/lib/swift-5.0/iphonesimulator -L/Users/itechnolabs/Library/Developer/Xcode/DerivedData/Choona-dnghcflyrszrcwfmpfesqspssftx/Build/Products/Debug-iphonesimulator/AppAuth -L/Users/itechnolabs/Library/Developer/Xcode/DerivedData/Choona-dnghcflyrszrcwfmpfesqspssftx/Build/Products/Debug-iphonesimulator/BVLinearGradient -L/Users/itechnolabs/Library/Developer/Xcode/DerivedData/Choona-dnghcflyrszrcwfmpfesqspssftx/Build/Products/Debug-iphonesimulator/DoubleConversion -L/Users/itechnolabs/Library/Developer/Xcode/DerivedData/Choona-dnghcflyrszrcwfmpfesqspssftx/Build/Products/Debug-iphonesimulator/FBReactNativeSpec -L/Users/itechnolabs/Library/Developer/Xcode/DerivedData/Choona-dnghcflyrszrcwfmpfesqspssftx/Build/Products/Debug-iphonesimulator/FirebaseCore -L/Users/itechnolabs/Library/Developer/Xcode/DerivedData/Choona-dnghcflyrszrcwfmpfesqspssftx/Build/Products/Debug-iphonesimulator/FirebaseCoreDiagnostics -L/Users/itechnolabs/Library/Developer/Xcode/DerivedData/Choona-dnghcflyrszrcwfmpfesqspssftx/Build/Products/Debug-iphonesimulator/FirebaseDatabase -L/Users/itechnolabs/Library/Developer/Xcode/DerivedData/Choona-dnghcflyrszrcwfmpfesqspssftx/Build/Products/Debug-iphonesimulator/FirebaseInstallations -L/Users/itechnolabs/Library/Developer/Xcode/DerivedData/Choona-dnghcflyrszrcwfmpfesqspssftx/Build/Products/Debug-iphonesimulator/FirebaseInstanceID -L/Users/itechnolabs/Library/Developer/Xcode/DerivedData/Choona-dnghcflyrszrcwfmpfesqspssftx/Build/Products/Debug-iphonesimulator/FirebaseMessaging -L/Users/itechnolabs/Library/Developer/Xcode/DerivedData/Choona-dnghcflyrszrcwfmpfesqspssftx/Build/Products/Debug-iphonesimulator/GoogleDataTransport -L/Users/itechnolabs/Library/Developer/Xcode/DerivedData/Choona-dnghcflyrszrcwfmpfesqspssftx/Build/Products/Debug-iphonesimulator/GoogleUtilities -L/Users/itechnolabs/Library/Developer/Xcode/DerivedData/Choona-dnghcflyrszrcwfmpfesqspssftx/Build/Products/Debug-iphonesimulator/PromisesObjC -L/Users/itechnolabs/Library/Developer/Xcode/DerivedData/Choona-dnghcflyrszrcwfmpfesqspssftx/Build/Products/Debug-iphonesimulator/Protobuf -L/Users/itechnolabs/Library/Developer/Xcode/DerivedData/Choona-dnghcflyrszrcwfmpfesqspssftx/Build/Products/Debug-iphonesimulator/RCT-Folly -L/Users/itechnolabs/Library/Developer/Xcode/DerivedData/Choona-dnghcflyrszrcwfmpfesqspssftx/Build/Products/Debug-iphonesimulator/RCTTypeSafety -L/Users/itechnolabs/Library/Developer/Xcode/DerivedData/Choona-dnghcflyrszrcwfmpfesqspssftx/Build/Products/Debug-iphonesimulator/RNAppleAuthentication -L/Users/itechnolabs/Library/Developer/Xcode/DerivedData/Choona-dnghcflyrszrcwfmpfesqspssftx/Build/Products/Debug-iphonesimulator/RNCAsyncStorage -L/Users/itechnolabs/Library/Developer/Xcode/DerivedData/Choona-dnghcflyrszrcwfmpfesqspssftx/Build/Products/Debug-iphonesimulator/RNCMaskedView -L/Users/itechnolabs/Library/Developer/Xcode/DerivedData/Choona-dnghcflyrszrcwfmpfesqspssftx/Build/Products/Debug-iphonesimulator/RNDeviceInfo -L/Users/itechnolabs/Library/Developer/Xcode/DerivedData/Choona-dnghcflyrszrcwfmpfesqspssftx/Build/Products/Debug-iphonesimulator/RNFBApp -L/Users/itechnolabs/Library/Developer/Xcode/DerivedData/Choona-dnghcflyrszrcwfmpfesqspssftx/Build/Products/Debug-iphonesimulator/RNFBDatabase -L/Users/itechnolabs/Library/Developer/Xcode/DerivedData/Choona-dnghcflyrszrcwfmpfesqspssftx/Build/Products/Debug-iphonesimulator/RNFBMessaging -L/Users/itechnolabs/Library/Developer/Xcode/DerivedData/Choona-dnghcflyrszrcwfmpfesqspssftx/Build/Products/Debug-iphonesimulator/RNGestureHandler -L/Users/itechnolabs/Library/Developer/Xcode/DerivedData/Choona-dnghcflyrszrcwfmpfesqspssftx/Build/Products/Debug-iphonesimulator/RNImageCropPicker -L/Users/itechnolabs/Library/Developer/Xcode/DerivedData/Choona-dnghcflyrszrcwfmpfesqspssftx/Build/Products/Debug-iphonesimulator/RNPermissions -L/Users/itechnolabs/Library/Developer/Xcode/DerivedData/Choona-dnghcflyrszrcwfmpfesqspssftx/Build/Products/Debug-iphonesimulator/RNReanimated -L/Users/itechnolabs/Library/Developer/Xcode/DerivedData/Choona-dnghcflyrszrcwfmpfesqspssftx/Build/Products/Debug-iphonesimulator/RNScreens -L/Users/itechnolabs/Library/Developer/Xcode/DerivedData/Choona-dnghcflyrszrcwfmpfesqspssftx/Build/Products/Debug-iphonesimulator/RNSound -L/Users/itechnolabs/Library/Developer/Xcode/DerivedData/Choona-dnghcflyrszrcwfmpfesqspssftx/Build/Products/Debug-iphonesimulator/RSKImageCropper -L/Users/itechnolabs/Library/Developer/Xcode/DerivedData/Choona-dnghcflyrszrcwfmpfesqspssftx/Build/Products/Debug-iphonesimulator/React-Core -L/Users/itechnolabs/Library/Developer/Xcode/DerivedData/Choona-dnghcflyrszrcwfmpfesqspssftx/Build/Products/Debug-iphonesimulator/React-CoreModules -L/Users/itechnolabs/Library/Developer/Xcode/DerivedData/Choona-dnghcflyrszrcwfmpfesqspssftx/Build/Products/Debug-iphonesimulator/React-RCTAnimation -L/Users/itechnolabs/Library/Developer/Xcode/DerivedData/Choona-dnghcflyrszrcwfmpfesqspssftx/Build/Products/Debug-iphonesimulator/React-RCTBlob -L/Users/itechnolabs/Library/Developer/Xcode/DerivedData/Choona-dnghcflyrszrcwfmpfesqspssftx/Build/Products/Debug-iphonesimulator/React-RCTImage -L/Users/itechnolabs/Library/Developer/Xcode/DerivedData/Choona-dnghcflyrszrcwfmpfesqspssftx/Build/Products/Debug-iphonesimulator/React-RCTLinking -L/Users/itechnolabs/Library/Developer/Xcode/DerivedData/Choona-dnghcflyrszrcwfmpfesqspssftx/Build/Products/Debug-iphonesimulator/React-RCTNetwork -L/Users/itechnolabs/Library/Developer/Xcode/DerivedData/Choona-dnghcflyrszrcwfmpfesqspssftx/Build/Products/Debug-iphonesimulator/React-RCTSettings -L/Users/itechnolabs/Library/Developer/Xcode/DerivedData/Choona-dnghcflyrszrcwfmpfesqspssftx/Build/Products/Debug-iphonesimulator/React-RCTText -L/Users/itechnolabs/Library/Developer/Xcode/DerivedData/Choona-dnghcflyrszrcwfmpfesqspssftx/Build/Products/Debug-iphonesimulator/React-RCTVibration -L/Users/itechnolabs/Library/Developer/Xcode/DerivedData/Choona-dnghcflyrszrcwfmpfesqspssftx/Build/Products/Debug-iphonesimulator/React-cxxreact -L/Users/itechnolabs/Library/Developer/Xcode/DerivedData/Choona-dnghcflyrszrcwfmpfesqspssftx/Build/Products/Debug-iphonesimulator/React-jsi -L/Users/itechnolabs/Library/Developer/Xcode/DerivedData/Choona-dnghcflyrszrcwfmpfesqspssftx/Build/Products/Debug-iphonesimulator/React-jsiexecutor -L/Users/itechnolabs/Library/Developer/Xcode/DerivedData/Choona-dnghcflyrszrcwfmpfesqspssftx/Build/Products/Debug-iphonesimulator/React-jsinspector -L/Users/itechnolabs/Library/Developer/Xcode/DerivedData/Choona-dnghcflyrszrcwfmpfesqspssftx/Build/Products/Debug-iphonesimulator/React-perflogger -L/Users/itechnolabs/Library/Developer/Xcode/DerivedData/Choona-dnghcflyrszrcwfmpfesqspssftx/Build/Products/Debug-iphonesimulator/ReactCommon -L/Users/itechnolabs/Library/Developer/Xcode/DerivedData/Choona-dnghcflyrszrcwfmpfesqspssftx/Build/Products/Debug-iphonesimulator/Toast -L/Users/itechnolabs/Library/Developer/Xcode/DerivedData/Choona-dnghcflyrszrcwfmpfesqspssftx/Build/Products/Debug-iphonesimulator/Yoga -L/Users/itechnolabs/Library/Developer/Xcode/DerivedData/Choona-dnghcflyrszrcwfmpfesqspssftx/Build/Products/Debug-iphonesimulator/glog -L/Users/itechnolabs/Library/Developer/Xcode/DerivedData/Choona-dnghcflyrszrcwfmpfesqspssftx/Build/Products/Debug-iphonesimulator/leveldb-library -L/Users/itechnolabs/Library/Developer/Xcode/DerivedData/Choona-dnghcflyrszrcwfmpfesqspssftx/Build/Products/Debug-iphonesimulator/nanopb -L/Users/itechnolabs/Library/Developer/Xcode/DerivedData/Choona-dnghcflyrszrcwfmpfesqspssftx/Build/Products/Debug-iphonesimulator/react-native-app-auth -L/Users/itechnolabs/Library/Developer/Xcode/DerivedData/Choona-dnghcflyrszrcwfmpfesqspssftx/Build/Products/Debug-iphonesimulator/react-native-config -L/Users/itechnolabs/Library/Developer/Xcode/DerivedData/Choona-dnghcflyrszrcwfmpfesqspssftx/Build/Products/Debug-iphonesimulator/react-native-contacts -L/Users/itechnolabs/Library/Developer/Xcode/DerivedData/Choona-dnghcflyrszrcwfmpfesqspssftx/Build/Products/Debug-iphonesimulator/react-native-netinfo -L/Users/itechnolabs/Library/Developer/Xcode/DerivedData/Choona-dnghcflyrszrcwfmpfesqspssftx/Build/Products/Debug-iphonesimulator/react-native-onesignal -L/Users/itechnolabs/Library/Developer/Xcode/DerivedData/Choona-dnghcflyrszrcwfmpfesqspssftx/Build/Products/Debug-iphonesimulator/react-native-safe-area-context -L/Users/itechnolabs/Library/Developer/Xcode/DerivedData/Choona-dnghcflyrszrcwfmpfesqspssftx/Build/Products/Debug-iphonesimulator/react-native-simple-toast -L/Users/itechnolabs/Library/Developer/Xcode/DerivedData/Choona-dnghcflyrszrcwfmpfesqspssftx/Build/Products/Debug-iphonesimulator/react-native-version-info -L/Users/itechnolabs/Library/Developer/Xcode/DerivedData/Choona-dnghcflyrszrcwfmpfesqspssftx/Build/Products/Debug-iphonesimulator/react-native-webview -L/Applications/Xcode.app/Contents/Developer/Toolchains/XcodeDefault.xctoolchain/usr/lib/swift/iphonesimulator -L/Applications/Xcode.app/Contents/Developer/Platforms/iPhoneSimulator.platform/Developer/SDKs/iPhoneSimulator26.1.sdk/usr/lib/swift -L/Applications/Xcode.app/Contents/Developer/Platforms/iPhoneSimulator.platform/Developer/SDKs/iPhoneSimulator26.1.sdk/usr/lib/swift -L/Applications/Xcode.app/Contents/Developer/Platforms/iPhoneSimulator.platform/Developer/SDKs/iphonesimulator26.1/usr/lib/swift -F/Users/itechnolabs/Library/Developer/Xcode/DerivedData/Choona-dnghcflyrszrcwfmpfesqspssftx/Build/Intermediates.noindex/EagerLinkingTBDs/Debug-iphonesimulator -F/Users/itechnolabs/Library/Developer/Xcode/DerivedData/Choona-dnghcflyrszrcwfmpfesqspssftx/Build/Products/Debug-iphonesimulator -F/Users/itechnolabs/Documents/Vijay/choona/ios/Pods/OneSignalXCFramework/iOS_SDK/OneSignalSDK/OneSignal_Core -F/Users/itechnolabs/Documents/Vijay/choona/ios/Pods/OneSignalXCFramework/iOS_SDK/OneSignalSDK/OneSignal_Extension -F/Users/itechnolabs/Documents/Vijay/choona/ios/Pods/OneSignalXCFramework/iOS_SDK/OneSignalSDK/OneSignal_Outcomes -F/Users/itechnolabs/Documents/Vijay/choona/ios/Pods/OneSignalXCFramework/iOS_SDK/OneSignalSDK/OneSignal_XCFramework -F/Users/itechnolabs/Library/Developer/Xcode/DerivedData/Choona-dnghcflyrszrcwfmpfesqspssftx/Build/Products/Debug-iphonesimulator/XCFrameworkIntermediates/OneSignalXCFramework -F/Users/itechnolabs/Library/Developer/Xcode/DerivedData/Choona-dnghcflyrszrcwfmpfesqspssftx/Build/Products/Debug-iphonesimulator/XCFrameworkIntermediates/OneSignalXCFramework/OneSignalCore -F/Users/itechnolabs/Library/Developer/Xcode/DerivedData/Choona-dnghcflyrszrcwfmpfesqspssftx/Build/Products/Debug-iphonesimulator/XCFrameworkIntermediates/OneSignalXCFramework/OneSignalExtension -F/Users/itechnolabs/Library/Developer/Xcode/DerivedData/Choona-dnghcflyrszrcwfmpfesqspssftx/Build/Products/Debug-iphonesimulator/XCFrameworkIntermediates/OneSignalXCFramework/OneSignalOutcomes -filelist /Users/itechnolabs/Library/Developer/Xcode/DerivedData/Choona-dnghcflyrszrcwfmpfesqspssftx/Build/Intermediates.noindex/Choona.build/Debug-iphonesimulator/ChoonaDev.build/Objects-normal/arm64/ChoonaDev.LinkFileList -install_name @rpath/ChoonaDev.debug.dylib -Xlinker -rpath -Xlinker /usr/lib/swift -Xlinker -rpath -Xlinker @executable_path/Frameworks -Xlinker -rpath -Xlinker @loader_path/Frameworks -dead_strip -Xlinker -object_path_lto -Xlinker /Users/itechnolabs/Library/Developer/Xcode/DerivedData/Choona-dnghcflyrszrcwfmpfesqspssftx/Build/Intermediates.noindex/Choona.build/Debug-iphonesimulator/ChoonaDev.build/Objects-normal/arm64/ChoonaDev_lto.o -rdynamic -Xlinker -no_deduplicate -Xlinker -objc_abi_version -Xlinker 2 -Xlinker -dependency_info -Xlinker /Users/itechnolabs/Library/Developer/Xcode/DerivedData/Choona-dnghcflyrszrcwfmpfesqspssftx/Build/Intermediates.noindex/Choona.build/Debug-iphonesimulator/ChoonaDev.build/Objects-normal/arm64/ChoonaDev_dependency_info.dat -fobjc-arc -fobjc-link-runtime -L/Applications/Xcode.app/Contents/Developer/Toolchains/XcodeDefault.xctoolchain/usr/lib/swift/iphonesimulator -L/usr/lib/swift -Xlinker -add_ast_path -Xlinker /Users/itechnolabs/Library/Developer/Xcode/DerivedData/Choona-dnghcflyrszrcwfmpfesqspssftx/Build/Intermediates.noindex/Choona.build/Debug-iphonesimulator/ChoonaDev.build/Objects-normal/arm64/ChoonaDev.swiftmodule @/Users/itechnolabs/Library/Developer/Xcode/DerivedData/Choona-dnghcflyrszrcwfmpfesqspssftx/Build/Intermediates.noindex/Choona.build/Debug-iphonesimulator/ChoonaDev.build/Objects-normal/arm64/ChoonaDev-linker-args.resp -ObjC -lAppAuth -lBVLinearGradient -lDoubleConversion -lFBReactNativeSpec -lFirebaseCore -lFirebaseCoreDiagnostics -lFirebaseDatabase -lFirebaseInstallations -lFirebaseInstanceID -lFirebaseMessaging -lGoogleDataTransport -lGoogleUtilities -lPromisesObjC -lProtobuf -lRCT-Folly -lRCTTypeSafety -lRNAppleAuthentication -lRNCAsyncStorage -lRNCMaskedView -lRNDeviceInfo -lRNFBApp -lRNFBDatabase -lRNFBMessaging -lRNGestureHandler -lRNImageCropPicker -lRNPermissions -lRNReanimated -lRNScreens -lRNSound -lRSKImageCropper -lReact-Core -lReact-CoreModules -lReact-RCTAnimation -lReact-RCTBlob -lReact-RCTImage -lReact-RCTLinking -lReact-RCTNetwork -lReact-RCTSettings -lReact-RCTText -lReact-RCTVibration -lReact-cxxreact -lReact-jsi -lReact-jsiexecutor -lReact-jsinspector -lReact-perflogger -lReactCommon -lToast -lYoga -lc++ -lglog -licucore -lleveldb-library -lnanopb -lreact-native-app-auth -lreact-native-config -lreact-native-contacts -lreact-native-netinfo -lreact-native-onesignal -lreact-native-safe-area-context -lreact-native-simple-toast -lreact-native-version-info -lreact-native-webview -lsqlite3 -lstdc++ -lz -framework AudioToolbox -framework CFNetwork -framework CoreTelephony -framework Foundation -framework JavaScriptCore -framework MobileCoreServices -framework OneSignal -framework OneSignalCore -framework OneSignalExtension -framework OneSignalOutcomes -framework Photos -framework QuartzCore -framework SafariServices -framework Security -framework SystemConfiguration -framework UIKit -weak_framework AuthenticationServices -weak_framework UserNotifications -lswiftCore -lswiftObjectiveC -lswiftFoundation -lswiftDarwin -lswiftDispatch -lswiftCoreFoundation -lswiftCoreGraphics -Xlinker -alias -Xlinker _main -Xlinker ___debug_main_executable_dylib_entry_point -lPods-Choona-ChoonaDev -weak_framework SwiftUI -Xlinker -no_adhoc_codesign -o /Users/itechnolabs/Library/Developer/Xcode/DerivedData/Choona-dnghcflyrszrcwfmpfesqspssftx/Build/Products/Debug-iphonesimulator/ChoonaDev.app/ChoonaDev.debug.dylib
ld: warning: ignoring duplicate libraries: '-lc++'
ld: warning: search path '/Applications/Xcode.app/Contents/Developer/Platforms/iPhoneSimulator.platform/Developer/SDKs/iphonesimulator26.1/usr/lib/swift' not found
ld: warning: ignoring file '/Applications/Xcode.app/Contents/Developer/Toolchains/XcodeDefault.xctoolchain/usr/lib/swift-5.0/iphonesimulator/libswiftObjectiveC.dylib': found architecture 'x86_64', required architecture 'arm64'
ld: warning: ignoring file '/Applications/Xcode.app/Contents/Developer/Toolchains/XcodeDefault.xctoolchain/usr/lib/swift-5.0/iphonesimulator/libswiftCore.dylib': found architecture 'x86_64', required architecture 'arm64'
ld: warning: ignoring file '/Applications/Xcode.app/Contents/Developer/Toolchains/XcodeDefault.xctoolchain/usr/lib/swift-5.0/iphonesimulator/libswiftFoundation.dylib': found architecture 'x86_64', required architecture 'arm64'
ld: warning: ignoring file '/Applications/Xcode.app/Contents/Developer/Toolchains/XcodeDefault.xctoolchain/usr/lib/swift-5.0/iphonesimulator/libswiftDarwin.dylib': found architecture 'x86_64', required architecture 'arm64'
ld: warning: ignoring file '/Applications/Xcode.app/Contents/Developer/Toolchains/XcodeDefault.xctoolchain/usr/lib/swift-5.0/iphonesimulator/libswiftDispatch.dylib': found architecture 'x86_64', required architecture 'arm64'
ld: warning: ignoring file '/Applications/Xcode.app/Contents/Developer/Toolchains/XcodeDefault.xctoolchain/usr/lib/swift-5.0/iphonesimulator/libswiftCoreFoundation.dylib': found architecture 'x86_64', required architecture 'arm64'
ld: warning: ignoring file '/Applications/Xcode.app/Contents/Developer/Toolchains/XcodeDefault.xctoolchain/usr/lib/swift-5.0/iphonesimulator/libswiftCoreGraphics.dylib': found architecture 'x86_64', required architecture 'arm64'
ld: warning: ignoring file '/Applications/Xcode.app/Contents/Developer/Toolchains/XcodeDefault.xctoolchain/usr/lib/swift-5.0/iphonesimulator/libswiftCoreImage.dylib': found architecture 'x86_64', required architecture 'arm64'
ld: warning: ignoring file '/Applications/Xcode.app/Contents/Developer/Toolchains/XcodeDefault.xctoolchain/usr/lib/swift-5.0/iphonesimulator/libswiftMetal.dylib': found architecture 'x86_64', required architecture 'arm64'
ld: warning: ignoring file '/Applications/Xcode.app/Contents/Developer/Toolchains/XcodeDefault.xctoolchain/usr/lib/swift-5.0/iphonesimulator/libswiftQuartzCore.dylib': found architecture 'x86_64', required architecture 'arm64'
ld: warning: ignoring file '/Applications/Xcode.app/Contents/Developer/Toolchains/XcodeDefault.xctoolchain/usr/lib/swift-5.0/iphonesimulator/libswiftSwiftOnoneSupport.dylib': found architecture 'x86_64', required architecture 'arm64'
ld: warning: ignoring file '/Applications/Xcode.app/Contents/Developer/Toolchains/XcodeDefault.xctoolchain/usr/lib/swift-5.0/iphonesimulator/libswiftUIKit.dylib': found architecture 'x86_64', required architecture 'arm64'
ld: warning: ignoring file '/Applications/Xcode.app/Contents/Developer/Toolchains/XcodeDefault.xctoolchain/usr/lib/swift-5.0/iphonesimulator/libswiftos.dylib': found architecture 'x86_64', required architecture 'arm64'
ld: warning: Could not find or use auto-linked framework 'CoreAudioTypes': framework 'CoreAudioTypes' not found
ld: warning: Could not find or use auto-linked framework 'UIUtilities': framework 'UIUtilities' not found
ld: warning: Could not parse or use implicit file '/Applications/Xcode.app/Contents/Developer/Platforms/iPhoneSimulator.platform/Developer/SDKs/iPhoneSimulator.sdk/System/Library/Frameworks/SwiftUICore.framework/SwiftUICore.tbd': cannot link directly with 'SwiftUICore' because product being built is not an allowed client of it
Undefined symbols for architecture arm64:
  "value witness table for Builtin.NativeObject", referenced from:
      full type metadata for ChoonaDev.(ResourceBundleClass in _0DC6479ED08AD00CE4F90C1DBA0E3E60) in GeneratedAssetSymbols.o
  "method descriptor for Swift.Hashable._rawHashValue(seed: Swift.Int) -> Swift.Int", referenced from:
      l_got.$sSH13_rawHashValue4seedS2i_tFTq in GeneratedAssetSymbols.o
  "method descriptor for Swift.Hashable.hash(into: inout Swift.Hasher) -> ()", referenced from:
      l_got.$sSH4hash4intoys6HasherVz_tFTq in GeneratedAssetSymbols.o
  "method descriptor for Swift.Hashable.hashValue.getter : Swift.Int", referenced from:
      l_got.$sSH9hashValueSivgTq in GeneratedAssetSymbols.o
  "protocol descriptor for Swift.Hashable", referenced from:
      l_got.$sSHMp in GeneratedAssetSymbols.o
  "base conformance descriptor for Swift.Hashable: Swift.Equatable", referenced from:
      l_got.$sSHSQTb in GeneratedAssetSymbols.o
  "(extension in Swift):Swift.Hashable._rawHashValue(seed: Swift.Int) -> Swift.Int", referenced from:
      protocol witness for Swift.Hashable._rawHashValue(seed: Swift.Int) -> Swift.Int in conformance ChoonaDev.ColorResource : Swift.Hashable in ChoonaDev in GeneratedAssetSymbols.o
      protocol witness for Swift.Hashable._rawHashValue(seed: Swift.Int) -> Swift.Int in conformance ChoonaDev.ImageResource : Swift.Hashable in ChoonaDev in GeneratedAssetSymbols.o
  "method descriptor for static Swift.Equatable.== infix(A, A) -> Swift.Bool", referenced from:
      l_got.$sSQ2eeoiySbx_xtFZTq in GeneratedAssetSymbols.o
  "protocol descriptor for Swift.Equatable", referenced from:
      l_got.$sSQMp in GeneratedAssetSymbols.o
  "static Swift.String.== infix(Swift.String, Swift.String) -> Swift.Bool", referenced from:
      static ChoonaDev.ColorResource.__derived_struct_equals(ChoonaDev.ColorResource, ChoonaDev.ColorResource) -> Swift.Bool in GeneratedAssetSymbols.o
      static ChoonaDev.ImageResource.__derived_struct_equals(ChoonaDev.ImageResource, ChoonaDev.ImageResource) -> Swift.Bool in GeneratedAssetSymbols.o
  "type metadata for Swift.String", referenced from:
      ChoonaDev.ColorResource.hash(into: inout Swift.Hasher) -> () in GeneratedAssetSymbols.o
      ChoonaDev.ImageResource.hash(into: inout Swift.Hasher) -> () in GeneratedAssetSymbols.o
  "protocol witness table for Swift.String : Swift.Hashable in Swift", referenced from:
      ChoonaDev.ColorResource.hash(into: inout Swift.Hasher) -> () in GeneratedAssetSymbols.o
      ChoonaDev.ImageResource.hash(into: inout Swift.Hasher) -> () in GeneratedAssetSymbols.o
  "static (extension in ObjectiveC):__C.NSObject.== infix(__C.NSObject, __C.NSObject) -> Swift.Bool", referenced from:
      static ChoonaDev.ColorResource.__derived_struct_equals(ChoonaDev.ColorResource, ChoonaDev.ColorResource) -> Swift.Bool in GeneratedAssetSymbols.o
      static ChoonaDev.ImageResource.__derived_struct_equals(ChoonaDev.ImageResource, ChoonaDev.ImageResource) -> Swift.Bool in GeneratedAssetSymbols.o
  "protocol conformance descriptor for __C.NSObject : Swift.Hashable in ObjectiveC", referenced from:
      lazy protocol witness table accessor for type __C.NSBundle and conformance __C.NSObject : Swift.Hashable in ObjectiveC in GeneratedAssetSymbols.o
  "Swift._hashValue<A where A: Swift.Hashable>(for: A) -> Swift.Int", referenced from:
      ChoonaDev.ColorResource.hashValue.getter : Swift.Int in GeneratedAssetSymbols.o
      ChoonaDev.ImageResource.hashValue.getter : Swift.Int in GeneratedAssetSymbols.o
  "Swift._assertionFailure(_: Swift.StaticString, _: Swift.StaticString, file: Swift.StaticString, line: Swift.UInt, flags: Swift.UInt32) -> Swift.Never", referenced from:
      (extension in ChoonaDev):__C.UIColor.init(resource: ChoonaDev.ColorResource) -> __C.UIColor in GeneratedAssetSymbols.o
      (extension in ChoonaDev):__C.UIImage.init(resource: ChoonaDev.ImageResource) -> __C.UIImage in GeneratedAssetSymbols.o
  "Swift.Hasher.combine<A where A: Swift.Hashable>(A) -> ()", referenced from:
      ChoonaDev.ColorResource.hash(into: inout Swift.Hasher) -> () in GeneratedAssetSymbols.o
      ChoonaDev.ColorResource.hash(into: inout Swift.Hasher) -> () in GeneratedAssetSymbols.o
      ChoonaDev.ImageResource.hash(into: inout Swift.Hasher) -> () in GeneratedAssetSymbols.o
      ChoonaDev.ImageResource.hash(into: inout Swift.Hasher) -> () in GeneratedAssetSymbols.o
  "_OBJC_CLASS_$__TtCs12_SwiftObject", referenced from:
      full type metadata for ChoonaDev.(ResourceBundleClass in _0DC6479ED08AD00CE4F90C1DBA0E3E60) in GeneratedAssetSymbols.o
  "_OBJC_METACLASS_$__TtCs12_SwiftObject", referenced from:
      metaclass for ChoonaDev.(ResourceBundleClass in _0DC6479ED08AD00CE4F90C1DBA0E3E60) in GeneratedAssetSymbols.o
      metaclass for ChoonaDev.(ResourceBundleClass in _0DC6479ED08AD00CE4F90C1DBA0E3E60) in GeneratedAssetSymbols.o
  "__swift_FORCE_LOAD_$_swiftCoreFoundation", referenced from:
      __swift_FORCE_LOAD_$_swiftCoreFoundation_$_ChoonaDev in Empty.o
  "__swift_FORCE_LOAD_$_swiftCoreImage", referenced from:
      __swift_FORCE_LOAD_$_swiftCoreImage_$_ChoonaDev in Empty.o
  "__swift_FORCE_LOAD_$_swiftDispatch", referenced from:
      __swift_FORCE_LOAD_$_swiftDispatch_$_ChoonaDev in Empty.o
  "__swift_FORCE_LOAD_$_swiftMetal", referenced from:
      __swift_FORCE_LOAD_$_swiftMetal_$_ChoonaDev in Empty.o
  "__swift_FORCE_LOAD_$_swiftObjectiveC", referenced from:
      __swift_FORCE_LOAD_$_swiftObjectiveC_$_ChoonaDev in Empty.o
  "__swift_FORCE_LOAD_$_swiftQuartzCore", referenced from:
      __swift_FORCE_LOAD_$_swiftQuartzCore_$_ChoonaDev in Empty.o
  "__swift_FORCE_LOAD_$_swiftos", referenced from:
      __swift_FORCE_LOAD_$_swiftos_$_ChoonaDev in Empty.o
  "__swift_stdlib_operatingSystemVersion", referenced from:
      _initializeVouchersDisabled(void*) in libswiftCompatibility56.a[arm64][11](Actor.cpp.o)
  "_swift_allocObject", referenced from:
      ChoonaDev.(ResourceBundleClass in _0DC6479ED08AD00CE4F90C1DBA0E3E60).__allocating_init() -> ChoonaDev.(ResourceBundleClass in _0DC6479ED08AD00CE4F90C1DBA0E3E60) in GeneratedAssetSymbols.o
  "_swift_bridgeObjectRelease", referenced from:
      ChoonaDev.ColorResource.init(name: Swift.String, bundle: __C.NSBundle) -> ChoonaDev.ColorResource in GeneratedAssetSymbols.o
      outlined destroy of ChoonaDev.ColorResource in GeneratedAssetSymbols.o
      static ChoonaDev.ColorResource.__derived_struct_equals(ChoonaDev.ColorResource, ChoonaDev.ColorResource) -> Swift.Bool in GeneratedAssetSymbols.o
      static ChoonaDev.ColorResource.__derived_struct_equals(ChoonaDev.ColorResource, ChoonaDev.ColorResource) -> Swift.Bool in GeneratedAssetSymbols.o
      outlined destroy of Swift.String in GeneratedAssetSymbols.o
      ChoonaDev.ImageResource.init(name: Swift.String, bundle: __C.NSBundle) -> ChoonaDev.ImageResource in GeneratedAssetSymbols.o
      outlined destroy of ChoonaDev.ImageResource in GeneratedAssetSymbols.o
      ...
  "_swift_bridgeObjectRetain", referenced from:
      ChoonaDev.ColorResource.(name in _0DC6479ED08AD00CE4F90C1DBA0E3E60).getter : Swift.String in GeneratedAssetSymbols.o
      ChoonaDev.ColorResource.init(name: Swift.String, bundle: __C.NSBundle) -> ChoonaDev.ColorResource in GeneratedAssetSymbols.o
      ChoonaDev.ColorResource.init(name: Swift.String, bundle: __C.NSBundle) -> ChoonaDev.ColorResource in GeneratedAssetSymbols.o
      static ChoonaDev.ColorResource.__derived_struct_equals(ChoonaDev.ColorResource, ChoonaDev.ColorResource) -> Swift.Bool in GeneratedAssetSymbols.o
      static ChoonaDev.ColorResource.__derived_struct_equals(ChoonaDev.ColorResource, ChoonaDev.ColorResource) -> Swift.Bool in GeneratedAssetSymbols.o
      ChoonaDev.ColorResource.hash(into: inout Swift.Hasher) -> () in GeneratedAssetSymbols.o
      ChoonaDev.ImageResource.(name in _0DC6479ED08AD00CE4F90C1DBA0E3E60).getter : Swift.String in GeneratedAssetSymbols.o
      ...
  "_swift_deallocClassInstance", referenced from:
      ChoonaDev.(ResourceBundleClass in _0DC6479ED08AD00CE4F90C1DBA0E3E60).__deallocating_deinit in GeneratedAssetSymbols.o
  "_swift_errorRetain", referenced from:
      swift::swift56override_swift_task_future_wait_throwing(swift::OpaqueValue*, swift::AsyncContext*, swift::AsyncTask*, void (swift::AsyncContext* swift_async_context, void* swift_context) swiftasynccall*, swift::AsyncContext*, void (swift::OpaqueValue*, swift::AsyncContext* swift_async_context, swift::AsyncTask*, void* swift_context, swift::AsyncContext*) swiftasynccall*) in libswiftCompatibility56.a[arm64][7](Task.cpp.o)
  "_swift_getObjCClassFromMetadata", referenced from:
      @nonobjc __C.NSBundle.__allocating_init(for: Swift.AnyObject.Type) -> __C.NSBundle in GeneratedAssetSymbols.o
      @nonobjc __C.NSBundle.__allocating_init(for: Swift.AnyObject.Type) -> __C.NSBundle in GeneratedAssetSymbols.o
      (extension in ChoonaDev):__C.UIColor.init(resource: ChoonaDev.ColorResource) -> __C.UIColor in GeneratedAssetSymbols.o
      (extension in ChoonaDev):__C.UIImage.init(resource: ChoonaDev.ImageResource) -> __C.UIImage in GeneratedAssetSymbols.o
  "_swift_getObjCClassMetadata", referenced from:
      type metadata accessor for __C.NSObject in GeneratedAssetSymbols.o
      type metadata accessor for __C.NSBundle in GeneratedAssetSymbols.o
  "_swift_getWitnessTable", referenced from:
      lazy protocol witness table accessor for type __C.NSBundle and conformance __C.NSObject : Swift.Hashable in ObjectiveC in GeneratedAssetSymbols.o
      lazy protocol witness table accessor for type ChoonaDev.ColorResource and conformance ChoonaDev.ColorResource : Swift.Hashable in ChoonaDev in GeneratedAssetSymbols.o
      lazy protocol witness table accessor for type ChoonaDev.ImageResource and conformance ChoonaDev.ImageResource : Swift.Hashable in ChoonaDev in GeneratedAssetSymbols.o
      lazy protocol witness table accessor for type ChoonaDev.ColorResource and conformance ChoonaDev.ColorResource : Swift.Equatable in ChoonaDev in GeneratedAssetSymbols.o
      lazy protocol witness table accessor for type ChoonaDev.ImageResource and conformance ChoonaDev.ImageResource : Swift.Equatable in ChoonaDev in GeneratedAssetSymbols.o
  "_swift_once", referenced from:
      ChoonaDev.(resourceBundle in _0DC6479ED08AD00CE4F90C1DBA0E3E60).unsafeMutableAddressor : __C.NSBundle in GeneratedAssetSymbols.o
      swift::restoreTaskVoucher(swift::AsyncTask*) in libswiftCompatibility56.a[arm64][11](Actor.cpp.o)
      swift::VoucherManager::swapToJob(swift::Job*) in libswiftCompatibility56.a[arm64][11](Actor.cpp.o)
ld: symbol(s) not found for architecture arm64
clang: error: linker command failed with exit code 1 (use -v to see invocation)

** BUILD FAILED **


The following build commands failed:
	Ld /Users/itechnolabs/Library/Developer/Xcode/DerivedData/Choona-dnghcflyrszrcwfmpfesqspssftx/Build/Products/Debug-iphonesimulator/ChoonaDev.app/ChoonaDev.debug.dylib normal (in target 'ChoonaDev' from project 'Choona')
	Building workspace Choona with scheme ChoonaDev and configuration Debug
(2 failures)
